
> optiplan360-project@1.0.0 test:ci
> npm --prefix frontend run test:ci --reporter=dot


> frontend@1.0.0 test:ci
> vitest --run

The CJS build of Vite's Node API is deprecated. See https://vite.dev/guide/troubleshooting.html#vite-cjs-node-api-deprecated for more details.

[1m[46m RUN [49m[22m [36mv3.2.4 [39m[90mC:/optiplan360_project/frontend[39m

stderr | src/components/Layout/__tests__/SpotlightSearch.test.tsx
Warning: React.jsx: type is invalid -- expected a string (for built-in components) or a class/function (for composite components) but got: undefined. You likely forgot to export your component from the file it's defined in, or you might have mixed up default and named imports.

Check your code at SpotlightSearch.tsx:61.
Warning: React.jsx: type is invalid -- expected a string (for built-in components) or a class/function (for composite components) but got: undefined. You likely forgot to export your component from the file it's defined in, or you might have mixed up default and named imports.

Check your code at SpotlightSearch.tsx:71.
Warning: React.jsx: type is invalid -- expected a string (for built-in components) or a class/function (for composite components) but got: undefined. You likely forgot to export your component from the file it's defined in, or you might have mixed up default and named imports.

Check your code at SpotlightSearch.tsx:71.

 [32mÔ£ô[39m src/components/Layout/__tests__/WindowsRibbonBar.test.tsx [2m([22m[2m4 tests[22m[2m)[22m[32m 119[2mms[22m[39m
stderr | src/features/CardManagement/CariKartiPage.test.tsx > CariKartiPage > coklu adres ve yetkili blokajlarini sayfa seviyesinde gosterir
Warning: React.jsx: type is invalid -- expected a string (for built-in components) or a class/function (for composite components) but got: undefined. You likely forgot to export your component from the file it's defined in, or you might have mixed up default and named imports.

Check your code at ModuleSurfacePanels.tsx:56.
    at ModuleSurfacePanelCard (C:\optiplan360_project\frontend\src\components\Shared\ModuleSurfacePanels.tsx:8:3)
    at div
    at ModuleSurfaceBlockerList (C:\optiplan360_project\frontend\src\components\Shared\ModuleSurfacePanels.tsx:95:37)
    at div
    at div
    at CariKartiPage
Error: Uncaught [Error: Element type is invalid: expected a string (for built-in components) or a class/function (for composite components) but got: undefined. You likely forgot to export your component from the file it's defined in, or you might have mixed up default and named imports.

Check the render method of `ModuleSurfacePanelCard`.]
    at reportException (C:\optiplan360_project\frontend\node_modules\jsdom\lib\jsdom\living\helpers\runtime-script-errors.js:66:24)
    at innerInvokeEventListeners (C:\optiplan360_project\frontend\node_modules\jsdom\lib\jsdom\living\events\EventTarget-impl.js:353:9)
    at invokeEventListeners (C:\optiplan360_project\frontend\node_modules\jsdom\lib\jsdom\living\events\EventTarget-impl.js:286:3)
    at HTMLUnknownElementImpl._dispatch (C:\optiplan360_project\frontend\node_modules\jsdom\lib\jsdom\living\events\EventTarget-impl.js:233:9)
    at HTMLUnknownElementImpl.dispatchEvent (C:\optiplan360_project\frontend\node_modules\jsdom\lib\jsdom\living\events\EventTarget-impl.js:104:17)
    at HTMLUnknownElement.dispatchEvent (C:\optiplan360_project\frontend\node_modules\jsdom\lib\jsdom\living\generated\EventTarget.js:241:34)
    at Object.invokeGuardedCallbackDev (C:\optiplan360_project\frontend\node_modules\react-dom\cjs\react-dom.development.js:4213:16)
    at invokeGuardedCallback (C:\optiplan360_project\frontend\node_modules\react-dom\cjs\react-dom.development.js:4277:31)
    at beginWork$1 (C:\optiplan360_project\frontend\node_modules\react-dom\cjs\react-dom.development.js:27490:7)
    at performUnitOfWork (C:\optiplan360_project\frontend\node_modules\react-dom\cjs\react-dom.development.js:26599:12) Error: Element type is invalid: expected a string (for built-in components) or a class/function (for composite components) but got: undefined. You likely forgot to export your component from the file it's defined in, or you might have mixed up default and named imports.

Check the render method of `ModuleSurfacePanelCard`.
    at createFiberFromTypeAndProps (C:\optiplan360_project\frontend\node_modules\react-dom\cjs\react-dom.development.js:28478:17)
    at createFiberFromElement (C:\optiplan360_project\frontend\node_modules\react-dom\cjs\react-dom.development.js:28504:15)
    at reconcileSingleElement (C:\optiplan360_project\frontend\node_modules\react-dom\cjs\react-dom.development.js:13986:23)
    at reconcileChildFibers (C:\optiplan360_project\frontend\node_modules\react-dom\cjs\react-dom.development.js:14044:35)
    at reconcileChildren (C:\optiplan360_project\frontend\node_modules\react-dom\cjs\react-dom.development.js:19186:28)
    at updateHostComponent (C:\optiplan360_project\frontend\node_modules\react-dom\cjs\react-dom.development.js:19953:3)
    at beginWork (C:\optiplan360_project\frontend\node_modules\react-dom\cjs\react-dom.development.js:21657:14)
    at HTMLUnknownElement.callCallback (C:\optiplan360_project\frontend\node_modules\react-dom\cjs\react-dom.development.js:4164:14)
    at HTMLUnknownElement.callTheUserObjectsOperation (C:\optiplan360_project\frontend\node_modules\jsdom\lib\jsdom\living\generated\EventListener.js:26:30)
    at innerInvokeEventListeners (C:\optiplan360_project\frontend\node_modules\jsdom\lib\jsdom\living\events\EventTarget-impl.js:350:25)
Warning: React.jsx: type is invalid -- expected a string (for built-in components) or a class/function (for composite components) but got: undefined. You likely forgot to export your component from the file it's defined in, or you might have mixed up default and named imports.

Check your code at ModuleSurfacePanels.tsx:56.
    at ModuleSurfacePanelCard (C:\optiplan360_project\frontend\src\components\Shared\ModuleSurfacePanels.tsx:8:3)
    at div
    at ModuleSurfaceBlockerList (C:\optiplan360_project\frontend\src\components\Shared\ModuleSurfacePanels.tsx:95:37)
    at div
    at div
    at CariKartiPage
Error: Uncaught [Error: Element type is invalid: expected a string (for built-in components) or a class/function (for composite components) but got: undefined. You likely forgot to export your component from the file it's defined in, or you might have mixed up default and named imports.

Check the render method of `ModuleSurfacePanelCard`.]
    at reportException (C:\optiplan360_project\frontend\node_modules\jsdom\lib\jsdom\living\helpers\runtime-script-errors.js:66:24)
    at innerInvokeEventListeners (C:\optiplan360_project\frontend\node_modules\jsdom\lib\jsdom\living\events\EventTarget-impl.js:353:9)
    at invokeEventListeners (C:\optiplan360_project\frontend\node_modules\jsdom\lib\jsdom\living\events\EventTarget-impl.js:286:3)
    at HTMLUnknownElementImpl._dispatch (C:\optiplan360_project\frontend\node_modules\jsdom\lib\jsdom\living\events\EventTarget-impl.js:233:9)
    at HTMLUnknownElementImpl.dispatchEvent (C:\optiplan360_project\frontend\node_modules\jsdom\lib\jsdom\living\events\EventTarget-impl.js:104:17)
    at HTMLUnknownElement.dispatchEvent (C:\optiplan360_project\frontend\node_modules\jsdom\lib\jsdom\living\generated\EventTarget.js:241:34)
    at Object.invokeGuardedCallbackDev (C:\optiplan360_project\frontend\node_modules\react-dom\cjs\react-dom.development.js:4213:16)
    at invokeGuardedCallback (C:\optiplan360_project\frontend\node_modules\react-dom\cjs\react-dom.development.js:4277:31)
    at beginWork$1 (C:\optiplan360_project\frontend\node_modules\react-dom\cjs\react-dom.development.js:27490:7)
    at performUnitOfWork (C:\optiplan360_project\frontend\node_modules\react-dom\cjs\react-dom.development.js:26599:12) Error: Element type is invalid: expected a string (for built-in components) or a class/function (for composite components) but got: undefined. You likely forgot to export your component from the file it's defined in, or you might have mixed up default and named imports.

Check the render method of `ModuleSurfacePanelCard`.
    at createFiberFromTypeAndProps (C:\optiplan360_project\frontend\node_modules\react-dom\cjs\react-dom.development.js:28478:17)
    at createFiberFromElement (C:\optiplan360_project\frontend\node_modules\react-dom\cjs\react-dom.development.js:28504:15)
    at reconcileSingleElement (C:\optiplan360_project\frontend\node_modules\react-dom\cjs\react-dom.development.js:13986:23)
    at reconcileChildFibers (C:\optiplan360_project\frontend\node_modules\react-dom\cjs\react-dom.development.js:14044:35)
    at reconcileChildren (C:\optiplan360_project\frontend\node_modules\react-dom\cjs\react-dom.development.js:19186:28)
    at updateHostComponent (C:\optiplan360_project\frontend\node_modules\react-dom\cjs\react-dom.development.js:19953:3)
    at beginWork (C:\optiplan360_project\frontend\node_modules\react-dom\cjs\react-dom.development.js:21657:14)
    at HTMLUnknownElement.callCallback (C:\optiplan360_project\frontend\node_modules\react-dom\cjs\react-dom.development.js:4164:14)
    at HTMLUnknownElement.callTheUserObjectsOperation (C:\optiplan360_project\frontend\node_modules\jsdom\lib\jsdom\living\generated\EventListener.js:26:30)
    at innerInvokeEventListeners (C:\optiplan360_project\frontend\node_modules\jsdom\lib\jsdom\living\events\EventTarget-impl.js:350:25)
The above error occurred in the <div> component:

    at div
    at div
    at div
    at div
    at Card (C:\optiplan360_project\frontend\src\components\Shared\Card.tsx:8:3)
    at ModuleSurfacePanelCard (C:\optiplan360_project\frontend\src\components\Shared\ModuleSurfacePanels.tsx:8:3)
    at div
    at ModuleSurfaceBlockerList (C:\optiplan360_project\frontend\src\components\Shared\ModuleSurfacePanels.tsx:95:37)
    at div
    at div
    at CariKartiPage

Consider adding an error boundary to your tree to customize error handling behavior.
Visit https://reactjs.org/link/error-boundaries to learn more about error boundaries.

stderr | src/components/Layout/__tests__/SpotlightSearch.test.tsx > SpotlightSearch > hizli erisim sonucunda siparis teklif stok cari sirasini korur
Error: Uncaught [Error: Element type is invalid: expected a string (for built-in components) or a class/function (for composite components) but got: undefined. You likely forgot to export your component from the file it's defined in, or you might have mixed up default and named imports.]
    at reportException (C:\optiplan360_project\frontend\node_modules\jsdom\lib\jsdom\living\helpers\runtime-script-errors.js:66:24)
    at innerInvokeEventListeners (C:\optiplan360_project\frontend\node_modules\jsdom\lib\jsdom\living\events\EventTarget-impl.js:353:9)
    at invokeEventListeners (C:\optiplan360_project\frontend\node_modules\jsdom\lib\jsdom\living\events\EventTarget-impl.js:286:3)
    at HTMLUnknownElementImpl._dispatch (C:\optiplan360_project\frontend\node_modules\jsdom\lib\jsdom\living\events\EventTarget-impl.js:233:9)
    at HTMLUnknownElementImpl.dispatchEvent (C:\optiplan360_project\frontend\node_modules\jsdom\lib\jsdom\living\events\EventTarget-impl.js:104:17)
    at HTMLUnknownElement.dispatchEvent (C:\optiplan360_project\frontend\node_modules\jsdom\lib\jsdom\living\generated\EventTarget.js:241:34)
    at Object.invokeGuardedCallbackDev (C:\optiplan360_project\frontend\node_modules\react-dom\cjs\react-dom.development.js:4213:16)
    at invokeGuardedCallback (C:\optiplan360_project\frontend\node_modules\react-dom\cjs\react-dom.development.js:4277:31)
    at beginWork$1 (C:\optiplan360_project\frontend\node_modules\react-dom\cjs\react-dom.development.js:27490:7)
    at performUnitOfWork (C:\optiplan360_project\frontend\node_modules\react-dom\cjs\react-dom.development.js:26599:12) Error: Element type is invalid: expected a string (for built-in components) or a class/function (for composite components) but got: undefined. You likely forgot to export your component from the file it's defined in, or you might have mixed up default and named imports.
    at createFiberFromTypeAndProps (C:\optiplan360_project\frontend\node_modules\react-dom\cjs\react-dom.development.js:28478:17)
    at createFiberFromElement (C:\optiplan360_project\frontend\node_modules\react-dom\cjs\react-dom.development.js:28504:15)
    at reconcileSingleElement (C:\optiplan360_project\frontend\node_modules\react-dom\cjs\react-dom.development.js:13986:23)
    at reconcileChildFibers (C:\optiplan360_project\frontend\node_modules\react-dom\cjs\react-dom.development.js:14044:35)
    at reconcileChildren (C:\optiplan360_project\frontend\node_modules\react-dom\cjs\react-dom.development.js:19186:28)
    at updateHostComponent (C:\optiplan360_project\frontend\node_modules\react-dom\cjs\react-dom.development.js:19953:3)
    at beginWork (C:\optiplan360_project\frontend\node_modules\react-dom\cjs\react-dom.development.js:21657:14)
    at HTMLUnknownElement.callCallback (C:\optiplan360_project\frontend\node_modules\react-dom\cjs\react-dom.development.js:4164:14)
    at HTMLUnknownElement.callTheUserObjectsOperation (C:\optiplan360_project\frontend\node_modules\jsdom\lib\jsdom\living\generated\EventListener.js:26:30)
    at innerInvokeEventListeners (C:\optiplan360_project\frontend\node_modules\jsdom\lib\jsdom\living\events\EventTarget-impl.js:350:25)
Error: Uncaught [Error: Element type is invalid: expected a string (for built-in components) or a class/function (for composite components) but got: undefined. You likely forgot to export your component from the file it's defined in, or you might have mixed up default and named imports.]
    at reportException (C:\optiplan360_project\frontend\node_modules\jsdom\lib\jsdom\living\helpers\runtime-script-errors.js:66:24)
    at innerInvokeEventListeners (C:\optiplan360_project\frontend\node_modules\jsdom\lib\jsdom\living\events\EventTarget-impl.js:353:9)
    at invokeEventListeners (C:\optiplan360_project\frontend\node_modules\jsdom\lib\jsdom\living\events\EventTarget-impl.js:286:3)
    at HTMLUnknownElementImpl._dispatch (C:\optiplan360_project\frontend\node_modules\jsdom\lib\jsdom\living\events\EventTarget-impl.js:233:9)
    at HTMLUnknownElementImpl.dispatchEvent (C:\optiplan360_project\frontend\node_modules\jsdom\lib\jsdom\living\events\EventTarget-impl.js:104:17)
    at HTMLUnknownElement.dispatchEvent (C:\optiplan360_project\frontend\node_modules\jsdom\lib\jsdom\living\generated\EventTarget.js:241:34)
    at Object.invokeGuardedCallbackDev (C:\optiplan360_project\frontend\node_modules\react-dom\cjs\react-dom.development.js:4213:16)
    at invokeGuardedCallback (C:\optiplan360_project\frontend\node_modules\react-dom\cjs\react-dom.development.js:4277:31)
    at beginWork$1 (C:\optiplan360_project\frontend\node_modules\react-dom\cjs\react-dom.development.js:27490:7)
    at performUnitOfWork (C:\optiplan360_project\frontend\node_modules\react-dom\cjs\react-dom.development.js:26599:12) Error: Element type is invalid: expected a string (for built-in components) or a class/function (for composite components) but got: undefined. You likely forgot to export your component from the file it's defined in, or you might have mixed up default and named imports.
    at createFiberFromTypeAndProps (C:\optiplan360_project\frontend\node_modules\react-dom\cjs\react-dom.development.js:28478:17)
    at createFiberFromElement (C:\optiplan360_project\frontend\node_modules\react-dom\cjs\react-dom.development.js:28504:15)
    at reconcileSingleElement (C:\optiplan360_project\frontend\node_modules\react-dom\cjs\react-dom.development.js:13986:23)
    at reconcileChildFibers (C:\optiplan360_project\frontend\node_modules\react-dom\cjs\react-dom.development.js:14044:35)
    at reconcileChildren (C:\optiplan360_project\frontend\node_modules\react-dom\cjs\react-dom.development.js:19186:28)
    at updateHostComponent (C:\optiplan360_project\frontend\node_modules\react-dom\cjs\react-dom.development.js:19953:3)
    at beginWork (C:\optiplan360_project\frontend\node_modules\react-dom\cjs\react-dom.development.js:21657:14)
    at HTMLUnknownElement.callCallback (C:\optiplan360_project\frontend\node_modules\react-dom\cjs\react-dom.development.js:4164:14)
    at HTMLUnknownElement.callTheUserObjectsOperation (C:\optiplan360_project\frontend\node_modules\jsdom\lib\jsdom\living\generated\EventListener.js:26:30)
    at innerInvokeEventListeners (C:\optiplan360_project\frontend\node_modules\jsdom\lib\jsdom\living\events\EventTarget-impl.js:350:25)
Error: Uncaught [Error: Element type is invalid: expected a string (for built-in components) or a class/function (for composite components) but got: undefined. You likely forgot to export your component from the file it's defined in, or you might have mixed up default and named imports.]
    at reportException (C:\optiplan360_project\frontend\node_modules\jsdom\lib\jsdom\living\helpers\runtime-script-errors.js:66:24)
    at innerInvokeEventListeners (C:\optiplan360_project\frontend\node_modules\jsdom\lib\jsdom\living\events\EventTarget-impl.js:353:9)
    at invokeEventListeners (C:\optiplan360_project\frontend\node_modules\jsdom\lib\jsdom\living\events\EventTarget-impl.js:286:3)
    at HTMLUnknownElementImpl._dispatch (C:\optiplan360_project\frontend\node_modules\jsdom\lib\jsdom\living\events\EventTarget-impl.js:233:9)
    at HTMLUnknownElementImpl.dispatchEvent (C:\optiplan360_project\frontend\node_modules\jsdom\lib\jsdom\living\events\EventTarget-impl.js:104:17)
    at HTMLUnknownElement.dispatchEvent (C:\optiplan360_project\frontend\node_modules\jsdom\lib\jsdom\living\generated\EventTarget.js:241:34)
    at Object.invokeGuardedCallbackDev (C:\optiplan360_project\frontend\node_modules\react-dom\cjs\react-dom.development.js:4213:16)
    at invokeGuardedCallback (C:\optiplan360_project\frontend\node_modules\react-dom\cjs\react-dom.development.js:4277:31)
    at beginWork$1 (C:\optiplan360_project\frontend\node_modules\react-dom\cjs\react-dom.development.js:27490:7)
    at performUnitOfWork (C:\optiplan360_project\frontend\node_modules\react-dom\cjs\react-dom.development.js:26599:12) Error: Element type is invalid: expected a string (for built-in components) or a class/function (for composite components) but got: undefined. You likely forgot to export your component from the file it's defined in, or you might have mixed up default and named imports.
    at createFiberFromTypeAndProps (C:\optiplan360_project\frontend\node_modules\react-dom\cjs\react-dom.development.js:28478:17)
    at createFiberFromElement (C:\optiplan360_project\frontend\node_modules\react-dom\cjs\react-dom.development.js:28504:15)
    at reconcileSingleElement (C:\optiplan360_project\frontend\node_modules\react-dom\cjs\react-dom.development.js:13986:23)
    at reconcileChildFibers (C:\optiplan360_project\frontend\node_modules\react-dom\cjs\react-dom.development.js:14044:35)
    at reconcileChildren (C:\optiplan360_project\frontend\node_modules\react-dom\cjs\react-dom.development.js:19186:28)
    at updateHostComponent (C:\optiplan360_project\frontend\node_modules\react-dom\cjs\react-dom.development.js:19953:3)
    at beginWork (C:\optiplan360_project\frontend\node_modules\react-dom\cjs\react-dom.development.js:21657:14)
    at HTMLUnknownElement.callCallback (C:\optiplan360_project\frontend\node_modules\react-dom\cjs\react-dom.development.js:4164:14)
    at HTMLUnknownElement.callTheUserObjectsOperation (C:\optiplan360_project\frontend\node_modules\jsdom\lib\jsdom\living\generated\EventListener.js:26:30)
    at innerInvokeEventListeners (C:\optiplan360_project\frontend\node_modules\jsdom\lib\jsdom\living\events\EventTarget-impl.js:350:25)
Error: Uncaught [Error: Element type is invalid: expected a string (for built-in components) or a class/function (for composite components) but got: undefined. You likely forgot to export your component from the file it's defined in, or you might have mixed up default and named imports.]
    at reportException (C:\optiplan360_project\frontend\node_modules\jsdom\lib\jsdom\living\helpers\runtime-script-errors.js:66:24)
    at innerInvokeEventListeners (C:\optiplan360_project\frontend\node_modules\jsdom\lib\jsdom\living\events\EventTarget-impl.js:353:9)
    at invokeEventListeners (C:\optiplan360_project\frontend\node_modules\jsdom\lib\jsdom\living\events\EventTarget-impl.js:286:3)
    at HTMLUnknownElementImpl._dispatch (C:\optiplan360_project\frontend\node_modules\jsdom\lib\jsdom\living\events\EventTarget-impl.js:233:9)
    at HTMLUnknownElementImpl.dispatchEvent (C:\optiplan360_project\frontend\node_modules\jsdom\lib\jsdom\living\events\EventTarget-impl.js:104:17)
    at HTMLUnknownElement.dispatchEvent (C:\optiplan360_project\frontend\node_modules\jsdom\lib\jsdom\living\generated\EventTarget.js:241:34)
    at Object.invokeGuardedCallbackDev (C:\optiplan360_project\frontend\node_modules\react-dom\cjs\react-dom.development.js:4213:16)
    at invokeGuardedCallback (C:\optiplan360_project\frontend\node_modules\react-dom\cjs\react-dom.development.js:4277:31)
    at beginWork$1 (C:\optiplan360_project\frontend\node_modules\react-dom\cjs\react-dom.development.js:27490:7)
    at performUnitOfWork (C:\optiplan360_project\frontend\node_modules\react-dom\cjs\react-dom.development.js:26599:12) Error: Element type is invalid: expected a string (for built-in components) or a class/function (for composite components) but got: undefined. You likely forgot to export your component from the file it's defined in, or you might have mixed up default and named imports.
    at createFiberFromTypeAndProps (C:\optiplan360_project\frontend\node_modules\react-dom\cjs\react-dom.development.js:28478:17)
    at createFiberFromElement (C:\optiplan360_project\frontend\node_modules\react-dom\cjs\react-dom.development.js:28504:15)
    at reconcileSingleElement (C:\optiplan360_project\frontend\node_modules\react-dom\cjs\react-dom.development.js:13986:23)
    at reconcileChildFibers (C:\optiplan360_project\frontend\node_modules\react-dom\cjs\react-dom.development.js:14044:35)
    at reconcileChildren (C:\optiplan360_project\frontend\node_modules\react-dom\cjs\react-dom.development.js:19186:28)
    at updateHostComponent (C:\optiplan360_project\frontend\node_modules\react-dom\cjs\react-dom.development.js:19953:3)
    at beginWork (C:\optiplan360_project\frontend\node_modules\react-dom\cjs\react-dom.development.js:21657:14)
    at HTMLUnknownElement.callCallback (C:\optiplan360_project\frontend\node_modules\react-dom\cjs\react-dom.development.js:4164:14)
    at HTMLUnknownElement.callTheUserObjectsOperation (C:\optiplan360_project\frontend\node_modules\jsdom\lib\jsdom\living\generated\EventListener.js:26:30)
    at innerInvokeEventListeners (C:\optiplan360_project\frontend\node_modules\jsdom\lib\jsdom\living\events\EventTarget-impl.js:350:25)
Error: Uncaught [Error: Element type is invalid: expected a string (for built-in components) or a class/function (for composite components) but got: undefined. You likely forgot to export your component from the file it's defined in, or you might have mixed up default and named imports.]
    at reportException (C:\optiplan360_project\frontend\node_modules\jsdom\lib\jsdom\living\helpers\runtime-script-errors.js:66:24)
    at innerInvokeEventListeners (C:\optiplan360_project\frontend\node_modules\jsdom\lib\jsdom\living\events\EventTarget-impl.js:353:9)
    at invokeEventListeners (C:\optiplan360_project\frontend\node_modules\jsdom\lib\jsdom\living\events\EventTarget-impl.js:286:3)
    at HTMLUnknownElementImpl._dispatch (C:\optiplan360_project\frontend\node_modules\jsdom\lib\jsdom\living\events\EventTarget-impl.js:233:9)
    at HTMLUnknownElementImpl.dispatchEvent (C:\optiplan360_project\frontend\node_modules\jsdom\lib\jsdom\living\events\EventTarget-impl.js:104:17)
    at HTMLUnknownElement.dispatchEvent (C:\optiplan360_project\frontend\node_modules\jsdom\lib\jsdom\living\generated\EventTarget.js:241:34)
    at Object.invokeGuardedCallbackDev (C:\optiplan360_project\frontend\node_modules\react-dom\cjs\react-dom.development.js:4213:16)
    at invokeGuardedCallback (C:\optiplan360_project\frontend\node_modules\react-dom\cjs\react-dom.development.js:4277:31)
    at beginWork$1 (C:\optiplan360_project\frontend\node_modules\react-dom\cjs\react-dom.development.js:27490:7)
    at performUnitOfWork (C:\optiplan360_project\frontend\node_modules\react-dom\cjs\react-dom.development.js:26599:12) Error: Element type is invalid: expected a string (for built-in components) or a class/function (for composite components) but got: undefined. You likely forgot to export your component from the file it's defined in, or you might have mixed up default and named imports.
    at createFiberFromTypeAndProps (C:\optiplan360_project\frontend\node_modules\react-dom\cjs\react-dom.development.js:28478:17)
    at createFiberFromElement (C:\optiplan360_project\frontend\node_modules\react-dom\cjs\react-dom.development.js:28504:15)
    at reconcileSingleElement (C:\optiplan360_project\frontend\node_modules\react-dom\cjs\react-dom.development.js:13986:23)
    at reconcileChildFibers (C:\optiplan360_project\frontend\node_modules\react-dom\cjs\react-dom.development.js:14044:35)
    at reconcileChildren (C:\optiplan360_project\frontend\node_modules\react-dom\cjs\react-dom.development.js:19186:28)
    at updateHostComponent (C:\optiplan360_project\frontend\node_modules\react-dom\cjs\react-dom.development.js:19953:3)
    at beginWork (C:\optiplan360_project\frontend\node_modules\react-dom\cjs\react-dom.development.js:21657:14)
    at HTMLUnknownElement.callCallback (C:\optiplan360_project\frontend\node_modules\react-dom\cjs\react-dom.development.js:4164:14)
    at HTMLUnknownElement.callTheUserObjectsOperation (C:\optiplan360_project\frontend\node_modules\jsdom\lib\jsdom\living\generated\EventListener.js:26:30)
    at innerInvokeEventListeners (C:\optiplan360_project\frontend\node_modules\jsdom\lib\jsdom\living\events\EventTarget-impl.js:350:25)
Error: Uncaught [Error: Element type is invalid: expected a string (for built-in components) or a class/function (for composite components) but got: undefined. You likely forgot to export your component from the file it's defined in, or you might have mixed up default and named imports.]
    at reportException (C:\optiplan360_project\frontend\node_modules\jsdom\lib\jsdom\living\helpers\runtime-script-errors.js:66:24)
    at innerInvokeEventListeners (C:\optiplan360_project\frontend\node_modules\jsdom\lib\jsdom\living\events\EventTarget-impl.js:353:9)
    at invokeEventListeners (C:\optiplan360_project\frontend\node_modules\jsdom\lib\jsdom\living\events\EventTarget-impl.js:286:3)
    at HTMLUnknownElementImpl._dispatch (C:\optiplan360_project\frontend\node_modules\jsdom\lib\jsdom\living\events\EventTarget-impl.js:233:9)
    at HTMLUnknownElementImpl.dispatchEvent (C:\optiplan360_project\frontend\node_modules\jsdom\lib\jsdom\living\events\EventTarget-impl.js:104:17)
    at HTMLUnknownElement.dispatchEvent (C:\optiplan360_project\frontend\node_modules\jsdom\lib\jsdom\living\generated\EventTarget.js:241:34)
    at Object.invokeGuardedCallbackDev (C:\optiplan360_project\frontend\node_modules\react-dom\cjs\react-dom.development.js:4213:16)
    at invokeGuardedCallback (C:\optiplan360_project\frontend\node_modules\react-dom\cjs\react-dom.development.js:4277:31)
    at beginWork$1 (C:\optiplan360_project\frontend\node_modules\react-dom\cjs\react-dom.development.js:27490:7)
    at performUnitOfWork (C:\optiplan360_project\frontend\node_modules\react-dom\cjs\react-dom.development.js:26599:12) Error: Element type is invalid: expected a string (for built-in components) or a class/function (for composite components) but got: undefined. You likely forgot to export your component from the file it's defined in, or you might have mixed up default and named imports.
    at createFiberFromTypeAndProps (C:\optiplan360_project\frontend\node_modules\react-dom\cjs\react-dom.development.js:28478:17)
    at createFiberFromElement (C:\optiplan360_project\frontend\node_modules\react-dom\cjs\react-dom.development.js:28504:15)
    at reconcileSingleElement (C:\optiplan360_project\frontend\node_modules\react-dom\cjs\react-dom.development.js:13986:23)
    at reconcileChildFibers (C:\optiplan360_project\frontend\node_modules\react-dom\cjs\react-dom.development.js:14044:35)
    at reconcileChildren (C:\optiplan360_project\frontend\node_modules\react-dom\cjs\react-dom.development.js:19186:28)
    at updateHostComponent (C:\optiplan360_project\frontend\node_modules\react-dom\cjs\react-dom.development.js:19953:3)
    at beginWork (C:\optiplan360_project\frontend\node_modules\react-dom\cjs\react-dom.development.js:21657:14)
    at HTMLUnknownElement.callCallback (C:\optiplan360_project\frontend\node_modules\react-dom\cjs\react-dom.development.js:4164:14)
    at HTMLUnknownElement.callTheUserObjectsOperation (C:\optiplan360_project\frontend\node_modules\jsdom\lib\jsdom\living\generated\EventListener.js:26:30)
    at innerInvokeEventListeners (C:\optiplan360_project\frontend\node_modules\jsdom\lib\jsdom\living\events\EventTarget-impl.js:350:25)
The above error occurred in the <div> component:

    at div
    at button
    at div
    at div
    at div
    at SpotlightSearch (C:\optiplan360_project\frontend\src\components\Layout\SpotlightSearch.tsx:343:28)

Consider adding an error boundary to your tree to customize error handling behavior.
Visit https://reactjs.org/link/error-boundaries to learn more about error boundaries.
The above error occurred in the <div> component:

    at div
    at button
    at div
    at div
    at div
    at SpotlightSearch (C:\optiplan360_project\frontend\src\components\Layout\SpotlightSearch.tsx:343:28)

Consider adding an error boundary to your tree to customize error handling behavior.
Visit https://reactjs.org/link/error-boundaries to learn more about error boundaries.
The above error occurred in the <div> component:

    at div
    at button
    at div
    at div
    at div
    at SpotlightSearch (C:\optiplan360_project\frontend\src\components\Layout\SpotlightSearch.tsx:343:28)

Consider adding an error boundary to your tree to customize error handling behavior.
Visit https://reactjs.org/link/error-boundaries to learn more about error boundaries.

stderr | src/features/CardManagement/CariKartiPage.test.tsx > CariKartiPage > 6-state durum secicisi render edilir
Warning: React.jsx: type is invalid -- expected a string (for built-in components) or a class/function (for composite components) but got: undefined. You likely forgot to export your component from the file it's defined in, or you might have mixed up default and named imports.

Check your code at ModuleSurfacePanels.tsx:56.
    at ModuleSurfacePanelCard (C:\optiplan360_project\frontend\src\components\Shared\ModuleSurfacePanels.tsx:8:3)
    at div
    at ModuleSurfaceBlockerList (C:\optiplan360_project\frontend\src\components\Shared\ModuleSurfacePanels.tsx:95:37)
    at div
    at div
    at CariKartiPage
Error: Uncaught [Error: Element type is invalid: expected a string (for built-in components) or a class/function (for composite components) but got: undefined. You likely forgot to export your component from the file it's defined in, or you might have mixed up default and named imports.

Check the render method of `ModuleSurfacePanelCard`.]
    at reportException (C:\optiplan360_project\frontend\node_modules\jsdom\lib\jsdom\living\helpers\runtime-script-errors.js:66:24)
    at innerInvokeEventListeners (C:\optiplan360_project\frontend\node_modules\jsdom\lib\jsdom\living\events\EventTarget-impl.js:353:9)
    at invokeEventListeners (C:\optiplan360_project\frontend\node_modules\jsdom\lib\jsdom\living\events\EventTarget-impl.js:286:3)
    at HTMLUnknownElementImpl._dispatch (C:\optiplan360_project\frontend\node_modules\jsdom\lib\jsdom\living\events\EventTarget-impl.js:233:9)
    at HTMLUnknownElementImpl.dispatchEvent (C:\optiplan360_project\frontend\node_modules\jsdom\lib\jsdom\living\events\EventTarget-impl.js:104:17)
    at HTMLUnknownElement.dispatchEvent (C:\optiplan360_project\frontend\node_modules\jsdom\lib\jsdom\living\generated\EventTarget.js:241:34)
    at Object.invokeGuardedCallbackDev (C:\optiplan360_project\frontend\node_modules\react-dom\cjs\react-dom.development.js:4213:16)
    at invokeGuardedCallback (C:\optiplan360_project\frontend\node_modules\react-dom\cjs\react-dom.development.js:4277:31)
    at beginWork$1 (C:\optiplan360_project\frontend\node_modules\react-dom\cjs\react-dom.development.js:27490:7)
    at performUnitOfWork (C:\optiplan360_project\frontend\node_modules\react-dom\cjs\react-dom.development.js:26599:12) Error: Element type is invalid: expected a string (for built-in components) or a class/function (for composite components) but got: undefined. You likely forgot to export your component from the file it's defined in, or you might have mixed up default and named imports.

Check the render method of `ModuleSurfacePanelCard`.
    at createFiberFromTypeAndProps (C:\optiplan360_project\frontend\node_modules\react-dom\cjs\react-dom.development.js:28478:17)
    at createFiberFromElement (C:\optiplan360_project\frontend\node_modules\react-dom\cjs\react-dom.development.js:28504:15)
    at reconcileSingleElement (C:\optiplan360_project\frontend\node_modules\react-dom\cjs\react-dom.development.js:13986:23)
    at reconcileChildFibers (C:\optiplan360_project\frontend\node_modules\react-dom\cjs\react-dom.development.js:14044:35)
    at reconcileChildren (C:\optiplan360_project\frontend\node_modules\react-dom\cjs\react-dom.development.js:19186:28)
    at updateHostComponent (C:\optiplan360_project\frontend\node_modules\react-dom\cjs\react-dom.development.js:19953:3)
    at beginWork (C:\optiplan360_project\frontend\node_modules\react-dom\cjs\react-dom.development.js:21657:14)
    at HTMLUnknownElement.callCallback (C:\optiplan360_project\frontend\node_modules\react-dom\cjs\react-dom.development.js:4164:14)
    at HTMLUnknownElement.callTheUserObjectsOperation (C:\optiplan360_project\frontend\node_modules\jsdom\lib\jsdom\living\generated\EventListener.js:26:30)
    at innerInvokeEventListeners (C:\optiplan360_project\frontend\node_modules\jsdom\lib\jsdom\living\events\EventTarget-impl.js:350:25)
Warning: React.jsx: type is invalid -- expected a string (for built-in components) or a class/function (for composite components) but got: undefined. You likely forgot to export your component from the file it's defined in, or you might have mixed up default and named imports.

Check your code at ModuleSurfacePanels.tsx:56.
    at ModuleSurfacePanelCard (C:\optiplan360_project\frontend\src\components\Shared\ModuleSurfacePanels.tsx:8:3)
    at div
    at ModuleSurfaceBlockerList (C:\optiplan360_project\frontend\src\components\Shared\ModuleSurfacePanels.tsx:95:37)
    at div
    at div
    at CariKartiPage
Error: Uncaught [Error: Element type is invalid: expected a string (for built-in components) or a class/function (for composite components) but got: undefined. You likely forgot to export your component from the file it's defined in, or you might have mixed up default and named imports.

Check the render method of `ModuleSurfacePanelCard`.]
    at reportException (C:\optiplan360_project\frontend\node_modules\jsdom\lib\jsdom\living\helpers\runtime-script-errors.js:66:24)
    at innerInvokeEventListeners (C:\optiplan360_project\frontend\node_modules\jsdom\lib\jsdom\living\events\EventTarget-impl.js:353:9)
    at invokeEventListeners (C:\optiplan360_project\frontend\node_modules\jsdom\lib\jsdom\living\events\EventTarget-impl.js:286:3)
    at HTMLUnknownElementImpl._dispatch (C:\optiplan360_project\frontend\node_modules\jsdom\lib\jsdom\living\events\EventTarget-impl.js:233:9)
    at HTMLUnknownElementImpl.dispatchEvent (C:\optiplan360_project\frontend\node_modules\jsdom\lib\jsdom\living\events\EventTarget-impl.js:104:17)
    at HTMLUnknownElement.dispatchEvent (C:\optiplan360_project\frontend\node_modules\jsdom\lib\jsdom\living\generated\EventTarget.js:241:34)
    at Object.invokeGuardedCallbackDev (C:\optiplan360_project\frontend\node_modules\react-dom\cjs\react-dom.development.js:4213:16)
    at invokeGuardedCallback (C:\optiplan360_project\frontend\node_modules\react-dom\cjs\react-dom.development.js:4277:31)
    at beginWork$1 (C:\optiplan360_project\frontend\node_modules\react-dom\cjs\react-dom.development.js:27490:7)
    at performUnitOfWork (C:\optiplan360_project\frontend\node_modules\react-dom\cjs\react-dom.development.js:26599:12) Error: Element type is invalid: expected a string (for built-in components) or a class/function (for composite components) but got: undefined. You likely forgot to export your component from the file it's defined in, or you might have mixed up default and named imports.

Check the render method of `ModuleSurfacePanelCard`.
    at createFiberFromTypeAndProps (C:\optiplan360_project\frontend\node_modules\react-dom\cjs\react-dom.development.js:28478:17)
    at createFiberFromElement (C:\optiplan360_project\frontend\node_modules\react-dom\cjs\react-dom.development.js:28504:15)
    at reconcileSingleElement (C:\optiplan360_project\frontend\node_modules\react-dom\cjs\react-dom.development.js:13986:23)
    at reconcileChildFibers (C:\optiplan360_project\frontend\node_modules\react-dom\cjs\react-dom.development.js:14044:35)
    at reconcileChildren (C:\optiplan360_project\frontend\node_modules\react-dom\cjs\react-dom.development.js:19186:28)
    at updateHostComponent (C:\optiplan360_project\frontend\node_modules\react-dom\cjs\react-dom.development.js:19953:3)
    at beginWork (C:\optiplan360_project\frontend\node_modules\react-dom\cjs\react-dom.development.js:21657:14)
    at HTMLUnknownElement.callCallback (C:\optiplan360_project\frontend\node_modules\react-dom\cjs\react-dom.development.js:4164:14)
    at HTMLUnknownElement.callTheUserObjectsOperation (C:\optiplan360_project\frontend\node_modules\jsdom\lib\jsdom\living\generated\EventListener.js:26:30)
    at innerInvokeEventListeners (C:\optiplan360_project\frontend\node_modules\jsdom\lib\jsdom\living\events\EventTarget-impl.js:350:25)
The above error occurred in the <div> component:

    at div
    at div
    at div
    at div
    at Card (C:\optiplan360_project\frontend\src\components\Shared\Card.tsx:8:3)
    at ModuleSurfacePanelCard (C:\optiplan360_project\frontend\src\components\Shared\ModuleSurfacePanels.tsx:8:3)
    at div
    at ModuleSurfaceBlockerList (C:\optiplan360_project\frontend\src\components\Shared\ModuleSurfacePanels.tsx:95:37)
    at div
    at div
    at CariKartiPage

Consider adding an error boundary to your tree to customize error handling behavior.
Visit https://reactjs.org/link/error-boundaries to learn more about error boundaries.

stderr | src/features/CardManagement/CariKartiPage.test.tsx > CariKartiPage > Pasife Al butonu render edilir
Warning: React.jsx: type is invalid -- expected a string (for built-in components) or a class/function (for composite components) but got: undefined. You likely forgot to export your component from the file it's defined in, or you might have mixed up default and named imports.

Check your code at ModuleSurfacePanels.tsx:56.
    at ModuleSurfacePanelCard (C:\optiplan360_project\frontend\src\components\Shared\ModuleSurfacePanels.tsx:8:3)
    at div
    at ModuleSurfaceBlockerList (C:\optiplan360_project\frontend\src\components\Shared\ModuleSurfacePanels.tsx:95:37)
    at div
    at div
    at CariKartiPage
Error: Uncaught [Error: Element type is invalid: expected a string (for built-in components) or a class/function (for composite components) but got: undefined. You likely forgot to export your component from the file it's defined in, or you might have mixed up default and named imports.

Check the render method of `ModuleSurfacePanelCard`.]
    at reportException (C:\optiplan360_project\frontend\node_modules\jsdom\lib\jsdom\living\helpers\runtime-script-errors.js:66:24)
    at innerInvokeEventListeners (C:\optiplan360_project\frontend\node_modules\jsdom\lib\jsdom\living\events\EventTarget-impl.js:353:9)
    at invokeEventListeners (C:\optiplan360_project\frontend\node_modules\jsdom\lib\jsdom\living\events\EventTarget-impl.js:286:3)
    at HTMLUnknownElementImpl._dispatch (C:\optiplan360_project\frontend\node_modules\jsdom\lib\jsdom\living\events\EventTarget-impl.js:233:9)
    at HTMLUnknownElementImpl.dispatchEvent (C:\optiplan360_project\frontend\node_modules\jsdom\lib\jsdom\living\events\EventTarget-impl.js:104:17)
    at HTMLUnknownElement.dispatchEvent (C:\optiplan360_project\frontend\node_modules\jsdom\lib\jsdom\living\generated\EventTarget.js:241:34)
    at Object.invokeGuardedCallbackDev (C:\optiplan360_project\frontend\node_modules\react-dom\cjs\react-dom.development.js:4213:16)
    at invokeGuardedCallback (C:\optiplan360_project\frontend\node_modules\react-dom\cjs\react-dom.development.js:4277:31)
    at beginWork$1 (C:\optiplan360_project\frontend\node_modules\react-dom\cjs\react-dom.development.js:27490:7)
    at performUnitOfWork (C:\optiplan360_project\frontend\node_modules\react-dom\cjs\react-dom.development.js:26599:12) Error: Element type is invalid: expected a string (for built-in components) or a class/function (for composite components) but got: undefined. You likely forgot to export your component from the file it's defined in, or you might have mixed up default and named imports.

Check the render method of `ModuleSurfacePanelCard`.
    at createFiberFromTypeAndProps (C:\optiplan360_project\frontend\node_modules\react-dom\cjs\react-dom.development.js:28478:17)
    at createFiberFromElement (C:\optiplan360_project\frontend\node_modules\react-dom\cjs\react-dom.development.js:28504:15)
    at reconcileSingleElement (C:\optiplan360_project\frontend\node_modules\react-dom\cjs\react-dom.development.js:13986:23)
    at reconcileChildFibers (C:\optiplan360_project\frontend\node_modules\react-dom\cjs\react-dom.development.js:14044:35)
    at reconcileChildren (C:\optiplan360_project\frontend\node_modules\react-dom\cjs\react-dom.development.js:19186:28)
    at updateHostComponent (C:\optiplan360_project\frontend\node_modules\react-dom\cjs\react-dom.development.js:19953:3)
    at beginWork (C:\optiplan360_project\frontend\node_modules\react-dom\cjs\react-dom.development.js:21657:14)
    at HTMLUnknownElement.callCallback (C:\optiplan360_project\frontend\node_modules\react-dom\cjs\react-dom.development.js:4164:14)
    at HTMLUnknownElement.callTheUserObjectsOperation (C:\optiplan360_project\frontend\node_modules\jsdom\lib\jsdom\living\generated\EventListener.js:26:30)
    at innerInvokeEventListeners (C:\optiplan360_project\frontend\node_modules\jsdom\lib\jsdom\living\events\EventTarget-impl.js:350:25)
Warning: React.jsx: type is invalid -- expected a string (for built-in components) or a class/function (for composite components) but got: undefined. You likely forgot to export your component from the file it's defined in, or you might have mixed up default and named imports.

Check your code at ModuleSurfacePanels.tsx:56.
    at ModuleSurfacePanelCard (C:\optiplan360_project\frontend\src\components\Shared\ModuleSurfacePanels.tsx:8:3)
    at div
    at ModuleSurfaceBlockerList (C:\optiplan360_project\frontend\src\components\Shared\ModuleSurfacePanels.tsx:95:37)
    at div
    at div
    at CariKartiPage
Error: Uncaught [Error: Element type is invalid: expected a string (for built-in components) or a class/function (for composite components) but got: undefined. You likely forgot to export your component from the file it's defined in, or you might have mixed up default and named imports.

Check the render method of `ModuleSurfacePanelCard`.]
    at reportException (C:\optiplan360_project\frontend\node_modules\jsdom\lib\jsdom\living\helpers\runtime-script-errors.js:66:24)
    at innerInvokeEventListeners (C:\optiplan360_project\frontend\node_modules\jsdom\lib\jsdom\living\events\EventTarget-impl.js:353:9)
    at invokeEventListeners (C:\optiplan360_project\frontend\node_modules\jsdom\lib\jsdom\living\events\EventTarget-impl.js:286:3)
    at HTMLUnknownElementImpl._dispatch (C:\optiplan360_project\frontend\node_modules\jsdom\lib\jsdom\living\events\EventTarget-impl.js:233:9)
    at HTMLUnknownElementImpl.dispatchEvent (C:\optiplan360_project\frontend\node_modules\jsdom\lib\jsdom\living\events\EventTarget-impl.js:104:17)
    at HTMLUnknownElement.dispatchEvent (C:\optiplan360_project\frontend\node_modules\jsdom\lib\jsdom\living\generated\EventTarget.js:241:34)
    at Object.invokeGuardedCallbackDev (C:\optiplan360_project\frontend\node_modules\react-dom\cjs\react-dom.development.js:4213:16)
    at invokeGuardedCallback (C:\optiplan360_project\frontend\node_modules\react-dom\cjs\react-dom.development.js:4277:31)
    at beginWork$1 (C:\optiplan360_project\frontend\node_modules\react-dom\cjs\react-dom.development.js:27490:7)
    at performUnitOfWork (C:\optiplan360_project\frontend\node_modules\react-dom\cjs\react-dom.development.js:26599:12) Error: Element type is invalid: expected a string (for built-in components) or a class/function (for composite components) but got: undefined. You likely forgot to export your component from the file it's defined in, or you might have mixed up default and named imports.

Check the render method of `ModuleSurfacePanelCard`.
    at createFiberFromTypeAndProps (C:\optiplan360_project\frontend\node_modules\react-dom\cjs\react-dom.development.js:28478:17)
    at createFiberFromElement (C:\optiplan360_project\frontend\node_modules\react-dom\cjs\react-dom.development.js:28504:15)
    at reconcileSingleElement (C:\optiplan360_project\frontend\node_modules\react-dom\cjs\react-dom.development.js:13986:23)
    at reconcileChildFibers (C:\optiplan360_project\frontend\node_modules\react-dom\cjs\react-dom.development.js:14044:35)
    at reconcileChildren (C:\optiplan360_project\frontend\node_modules\react-dom\cjs\react-dom.development.js:19186:28)
    at updateHostComponent (C:\optiplan360_project\frontend\node_modules\react-dom\cjs\react-dom.development.js:19953:3)
    at beginWork (C:\optiplan360_project\frontend\node_modules\react-dom\cjs\react-dom.development.js:21657:14)
    at HTMLUnknownElement.callCallback (C:\optiplan360_project\frontend\node_modules\react-dom\cjs\react-dom.development.js:4164:14)
    at HTMLUnknownElement.callTheUserObjectsOperation (C:\optiplan360_project\frontend\node_modules\jsdom\lib\jsdom\living\generated\EventListener.js:26:30)
    at innerInvokeEventListeners (C:\optiplan360_project\frontend\node_modules\jsdom\lib\jsdom\living\events\EventTarget-impl.js:350:25)
The above error occurred in the <div> component:

    at div
    at div
    at div
    at div
    at Card (C:\optiplan360_project\frontend\src\components\Shared\Card.tsx:8:3)
    at ModuleSurfacePanelCard (C:\optiplan360_project\frontend\src\components\Shared\ModuleSurfacePanels.tsx:8:3)
    at div
    at ModuleSurfaceBlockerList (C:\optiplan360_project\frontend\src\components\Shared\ModuleSurfacePanels.tsx:95:37)
    at div
    at div
    at CariKartiPage

Consider adding an error boundary to your tree to customize error handling behavior.
Visit https://reactjs.org/link/error-boundaries to learn more about error boundaries.

 [32mÔ£ô[39m src/features/CardManagement/StokKartiPage.test.tsx [2m([22m[2m1 test[22m[2m)[22m[32m 79[2mms[22m[39m
stderr | src/components/Layout/__tests__/SpotlightSearch.test.tsx > SpotlightSearch > siparisler sonucunu liste rotasina yonlendirir
Error: Uncaught [Error: Element type is invalid: expected a string (for built-in components) or a class/function (for composite components) but got: undefined. You likely forgot to export your component from the file it's defined in, or you might have mixed up default and named imports.]
    at reportException (C:\optiplan360_project\frontend\node_modules\jsdom\lib\jsdom\living\helpers\runtime-script-errors.js:66:24)
    at innerInvokeEventListeners (C:\optiplan360_project\frontend\node_modules\jsdom\lib\jsdom\living\events\EventTarget-impl.js:353:9)
    at invokeEventListeners (C:\optiplan360_project\frontend\node_modules\jsdom\lib\jsdom\living\events\EventTarget-impl.js:286:3)
    at HTMLUnknownElementImpl._dispatch (C:\optiplan360_project\frontend\node_modules\jsdom\lib\jsdom\living\events\EventTarget-impl.js:233:9)
    at HTMLUnknownElementImpl.dispatchEvent (C:\optiplan360_project\frontend\node_modules\jsdom\lib\jsdom\living\events\EventTarget-impl.js:104:17)
    at HTMLUnknownElement.dispatchEvent (C:\optiplan360_project\frontend\node_modules\jsdom\lib\jsdom\living\generated\EventTarget.js:241:34)
    at Object.invokeGuardedCallbackDev (C:\optiplan360_project\frontend\node_modules\react-dom\cjs\react-dom.development.js:4213:16)
    at invokeGuardedCallback (C:\optiplan360_project\frontend\node_modules\react-dom\cjs\react-dom.development.js:4277:31)
    at beginWork$1 (C:\optiplan360_project\frontend\node_modules\react-dom\cjs\react-dom.development.js:27490:7)
    at performUnitOfWork (C:\optiplan360_project\frontend\node_modules\react-dom\cjs\react-dom.development.js:26599:12) Error: Element type is invalid: expected a string (for built-in components) or a class/function (for composite components) but got: undefined. You likely forgot to export your component from the file it's defined in, or you might have mixed up default and named imports.
    at createFiberFromTypeAndProps (C:\optiplan360_project\frontend\node_modules\react-dom\cjs\react-dom.development.js:28478:17)
    at createFiberFromElement (C:\optiplan360_project\frontend\node_modules\react-dom\cjs\react-dom.development.js:28504:15)
    at reconcileSingleElement (C:\optiplan360_project\frontend\node_modules\react-dom\cjs\react-dom.development.js:13986:23)
    at reconcileChildFibers (C:\optiplan360_project\frontend\node_modules\react-dom\cjs\react-dom.development.js:14044:35)
    at reconcileChildren (C:\optiplan360_project\frontend\node_modules\react-dom\cjs\react-dom.development.js:19186:28)
    at updateHostComponent (C:\optiplan360_project\frontend\node_modules\react-dom\cjs\react-dom.development.js:19953:3)
    at beginWork (C:\optiplan360_project\frontend\node_modules\react-dom\cjs\react-dom.development.js:21657:14)
    at HTMLUnknownElement.callCallback (C:\optiplan360_project\frontend\node_modules\react-dom\cjs\react-dom.development.js:4164:14)
    at HTMLUnknownElement.callTheUserObjectsOperation (C:\optiplan360_project\frontend\node_modules\jsdom\lib\jsdom\living\generated\EventListener.js:26:30)
    at innerInvokeEventListeners (C:\optiplan360_project\frontend\node_modules\jsdom\lib\jsdom\living\events\EventTarget-impl.js:350:25)
Error: Uncaught [Error: Element type is invalid: expected a string (for built-in components) or a class/function (for composite components) but got: undefined. You likely forgot to export your component from the file it's defined in, or you might have mixed up default and named imports.]
    at reportException (C:\optiplan360_project\frontend\node_modules\jsdom\lib\jsdom\living\helpers\runtime-script-errors.js:66:24)
    at innerInvokeEventListeners (C:\optiplan360_project\frontend\node_modules\jsdom\lib\jsdom\living\events\EventTarget-impl.js:353:9)
    at invokeEventListeners (C:\optiplan360_project\frontend\node_modules\jsdom\lib\jsdom\living\events\EventTarget-impl.js:286:3)
    at HTMLUnknownElementImpl._dispatch (C:\optiplan360_project\frontend\node_modules\jsdom\lib\jsdom\living\events\EventTarget-impl.js:233:9)
    at HTMLUnknownElementImpl.dispatchEvent (C:\optiplan360_project\frontend\node_modules\jsdom\lib\jsdom\living\events\EventTarget-impl.js:104:17)
    at HTMLUnknownElement.dispatchEvent (C:\optiplan360_project\frontend\node_modules\jsdom\lib\jsdom\living\generated\EventTarget.js:241:34)
    at Object.invokeGuardedCallbackDev (C:\optiplan360_project\frontend\node_modules\react-dom\cjs\react-dom.development.js:4213:16)
    at invokeGuardedCallback (C:\optiplan360_project\frontend\node_modules\react-dom\cjs\react-dom.development.js:4277:31)
    at beginWork$1 (C:\optiplan360_project\frontend\node_modules\react-dom\cjs\react-dom.development.js:27490:7)
    at performUnitOfWork (C:\optiplan360_project\frontend\node_modules\react-dom\cjs\react-dom.development.js:26599:12) Error: Element type is invalid: expected a string (for built-in components) or a class/function (for composite components) but got: undefined. You likely forgot to export your component from the file it's defined in, or you might have mixed up default and named imports.
    at createFiberFromTypeAndProps (C:\optiplan360_project\frontend\node_modules\react-dom\cjs\react-dom.development.js:28478:17)
    at createFiberFromElement (C:\optiplan360_project\frontend\node_modules\react-dom\cjs\react-dom.development.js:28504:15)
    at reconcileSingleElement (C:\optiplan360_project\frontend\node_modules\react-dom\cjs\react-dom.development.js:13986:23)
    at reconcileChildFibers (C:\optiplan360_project\frontend\node_modules\react-dom\cjs\react-dom.development.js:14044:35)
    at reconcileChildren (C:\optiplan360_project\frontend\node_modules\react-dom\cjs\react-dom.development.js:19186:28)
    at updateHostComponent (C:\optiplan360_project\frontend\node_modules\react-dom\cjs\react-dom.development.js:19953:3)
    at beginWork (C:\optiplan360_project\frontend\node_modules\react-dom\cjs\react-dom.development.js:21657:14)
    at HTMLUnknownElement.callCallback (C:\optiplan360_project\frontend\node_modules\react-dom\cjs\react-dom.development.js:4164:14)
    at HTMLUnknownElement.callTheUserObjectsOperation (C:\optiplan360_project\frontend\node_modules\jsdom\lib\jsdom\living\generated\EventListener.js:26:30)
    at innerInvokeEventListeners (C:\optiplan360_project\frontend\node_modules\jsdom\lib\jsdom\living\events\EventTarget-impl.js:350:25)
Error: Uncaught [Error: Element type is invalid: expected a string (for built-in components) or a class/function (for composite components) but got: undefined. You likely forgot to export your component from the file it's defined in, or you might have mixed up default and named imports.]
    at reportException (C:\optiplan360_project\frontend\node_modules\jsdom\lib\jsdom\living\helpers\runtime-script-errors.js:66:24)
    at innerInvokeEventListeners (C:\optiplan360_project\frontend\node_modules\jsdom\lib\jsdom\living\events\EventTarget-impl.js:353:9)
    at invokeEventListeners (C:\optiplan360_project\frontend\node_modules\jsdom\lib\jsdom\living\events\EventTarget-impl.js:286:3)
    at HTMLUnknownElementImpl._dispatch (C:\optiplan360_project\frontend\node_modules\jsdom\lib\jsdom\living\events\EventTarget-impl.js:233:9)
    at HTMLUnknownElementImpl.dispatchEvent (C:\optiplan360_project\frontend\node_modules\jsdom\lib\jsdom\living\events\EventTarget-impl.js:104:17)
    at HTMLUnknownElement.dispatchEvent (C:\optiplan360_project\frontend\node_modules\jsdom\lib\jsdom\living\generated\EventTarget.js:241:34)
    at Object.invokeGuardedCallbackDev (C:\optiplan360_project\frontend\node_modules\react-dom\cjs\react-dom.development.js:4213:16)
    at invokeGuardedCallback (C:\optiplan360_project\frontend\node_modules\react-dom\cjs\react-dom.development.js:4277:31)
    at beginWork$1 (C:\optiplan360_project\frontend\node_modules\react-dom\cjs\react-dom.development.js:27490:7)
    at performUnitOfWork (C:\optiplan360_project\frontend\node_modules\react-dom\cjs\react-dom.development.js:26599:12) Error: Element type is invalid: expected a string (for built-in components) or a class/function (for composite components) but got: undefined. You likely forgot to export your component from the file it's defined in, or you might have mixed up default and named imports.
    at createFiberFromTypeAndProps (C:\optiplan360_project\frontend\node_modules\react-dom\cjs\react-dom.development.js:28478:17)
    at createFiberFromElement (C:\optiplan360_project\frontend\node_modules\react-dom\cjs\react-dom.development.js:28504:15)
    at reconcileSingleElement (C:\optiplan360_project\frontend\node_modules\react-dom\cjs\react-dom.development.js:13986:23)
    at reconcileChildFibers (C:\optiplan360_project\frontend\node_modules\react-dom\cjs\react-dom.development.js:14044:35)
    at reconcileChildren (C:\optiplan360_project\frontend\node_modules\react-dom\cjs\react-dom.development.js:19186:28)
    at updateHostComponent (C:\optiplan360_project\frontend\node_modules\react-dom\cjs\react-dom.development.js:19953:3)
    at beginWork (C:\optiplan360_project\frontend\node_modules\react-dom\cjs\react-dom.development.js:21657:14)
    at HTMLUnknownElement.callCallback (C:\optiplan360_project\frontend\node_modules\react-dom\cjs\react-dom.development.js:4164:14)
    at HTMLUnknownElement.callTheUserObjectsOperation (C:\optiplan360_project\frontend\node_modules\jsdom\lib\jsdom\living\generated\EventListener.js:26:30)
    at innerInvokeEventListeners (C:\optiplan360_project\frontend\node_modules\jsdom\lib\jsdom\living\events\EventTarget-impl.js:350:25)
Error: Uncaught [Error: Element type is invalid: expected a string (for built-in components) or a class/function (for composite components) but got: undefined. You likely forgot to export your component from the file it's defined in, or you might have mixed up default and named imports.]
    at reportException (C:\optiplan360_project\frontend\node_modules\jsdom\lib\jsdom\living\helpers\runtime-script-errors.js:66:24)
    at innerInvokeEventListeners (C:\optiplan360_project\frontend\node_modules\jsdom\lib\jsdom\living\events\EventTarget-impl.js:353:9)
    at invokeEventListeners (C:\optiplan360_project\frontend\node_modules\jsdom\lib\jsdom\living\events\EventTarget-impl.js:286:3)
    at HTMLUnknownElementImpl._dispatch (C:\optiplan360_project\frontend\node_modules\jsdom\lib\jsdom\living\events\EventTarget-impl.js:233:9)
    at HTMLUnknownElementImpl.dispatchEvent (C:\optiplan360_project\frontend\node_modules\jsdom\lib\jsdom\living\events\EventTarget-impl.js:104:17)
    at HTMLUnknownElement.dispatchEvent (C:\optiplan360_project\frontend\node_modules\jsdom\lib\jsdom\living\generated\EventTarget.js:241:34)
    at Object.invokeGuardedCallbackDev (C:\optiplan360_project\frontend\node_modules\react-dom\cjs\react-dom.development.js:4213:16)
    at invokeGuardedCallback (C:\optiplan360_project\frontend\node_modules\react-dom\cjs\react-dom.development.js:4277:31)
    at beginWork$1 (C:\optiplan360_project\frontend\node_modules\react-dom\cjs\react-dom.development.js:27490:7)
    at performUnitOfWork (C:\optiplan360_project\frontend\node_modules\react-dom\cjs\react-dom.development.js:26599:12) Error: Element type is invalid: expected a string (for built-in components) or a class/function (for composite components) but got: undefined. You likely forgot to export your component from the file it's defined in, or you might have mixed up default and named imports.
    at createFiberFromTypeAndProps (C:\optiplan360_project\frontend\node_modules\react-dom\cjs\react-dom.development.js:28478:17)
    at createFiberFromElement (C:\optiplan360_project\frontend\node_modules\react-dom\cjs\react-dom.development.js:28504:15)
    at reconcileSingleElement (C:\optiplan360_project\frontend\node_modules\react-dom\cjs\react-dom.development.js:13986:23)
    at reconcileChildFibers (C:\optiplan360_project\frontend\node_modules\react-dom\cjs\react-dom.development.js:14044:35)
    at reconcileChildren (C:\optiplan360_project\frontend\node_modules\react-dom\cjs\react-dom.development.js:19186:28)
    at updateHostComponent (C:\optiplan360_project\frontend\node_modules\react-dom\cjs\react-dom.development.js:19953:3)
    at beginWork (C:\optiplan360_project\frontend\node_modules\react-dom\cjs\react-dom.development.js:21657:14)
    at HTMLUnknownElement.callCallback (C:\optiplan360_project\frontend\node_modules\react-dom\cjs\react-dom.development.js:4164:14)
    at HTMLUnknownElement.callTheUserObjectsOperation (C:\optiplan360_project\frontend\node_modules\jsdom\lib\jsdom\living\generated\EventListener.js:26:30)
    at innerInvokeEventListeners (C:\optiplan360_project\frontend\node_modules\jsdom\lib\jsdom\living\events\EventTarget-impl.js:350:25)
Error: Uncaught [Error: Element type is invalid: expected a string (for built-in components) or a class/function (for composite components) but got: undefined. You likely forgot to export your component from the file it's defined in, or you might have mixed up default and named imports.]
    at reportException (C:\optiplan360_project\frontend\node_modules\jsdom\lib\jsdom\living\helpers\runtime-script-errors.js:66:24)
    at innerInvokeEventListeners (C:\optiplan360_project\frontend\node_modules\jsdom\lib\jsdom\living\events\EventTarget-impl.js:353:9)
    at invokeEventListeners (C:\optiplan360_project\frontend\node_modules\jsdom\lib\jsdom\living\events\EventTarget-impl.js:286:3)
    at HTMLUnknownElementImpl._dispatch (C:\optiplan360_project\frontend\node_modules\jsdom\lib\jsdom\living\events\EventTarget-impl.js:233:9)
    at HTMLUnknownElementImpl.dispatchEvent (C:\optiplan360_project\frontend\node_modules\jsdom\lib\jsdom\living\events\EventTarget-impl.js:104:17)
    at HTMLUnknownElement.dispatchEvent (C:\optiplan360_project\frontend\node_modules\jsdom\lib\jsdom\living\generated\EventTarget.js:241:34)
    at Object.invokeGuardedCallbackDev (C:\optiplan360_project\frontend\node_modules\react-dom\cjs\react-dom.development.js:4213:16)
    at invokeGuardedCallback (C:\optiplan360_project\frontend\node_modules\react-dom\cjs\react-dom.development.js:4277:31)
    at beginWork$1 (C:\optiplan360_project\frontend\node_modules\react-dom\cjs\react-dom.development.js:27490:7)
    at performUnitOfWork (C:\optiplan360_project\frontend\node_modules\react-dom\cjs\react-dom.development.js:26599:12) Error: Element type is invalid: expected a string (for built-in components) or a class/function (for composite components) but got: undefined. You likely forgot to export your component from the file it's defined in, or you might have mixed up default and named imports.
    at createFiberFromTypeAndProps (C:\optiplan360_project\frontend\node_modules\react-dom\cjs\react-dom.development.js:28478:17)
    at createFiberFromElement (C:\optiplan360_project\frontend\node_modules\react-dom\cjs\react-dom.development.js:28504:15)
    at reconcileSingleElement (C:\optiplan360_project\frontend\node_modules\react-dom\cjs\react-dom.development.js:13986:23)
    at reconcileChildFibers (C:\optiplan360_project\frontend\node_modules\react-dom\cjs\react-dom.development.js:14044:35)
    at reconcileChildren (C:\optiplan360_project\frontend\node_modules\react-dom\cjs\react-dom.development.js:19186:28)
    at updateHostComponent (C:\optiplan360_project\frontend\node_modules\react-dom\cjs\react-dom.development.js:19953:3)
    at beginWork (C:\optiplan360_project\frontend\node_modules\react-dom\cjs\react-dom.development.js:21657:14)
    at HTMLUnknownElement.callCallback (C:\optiplan360_project\frontend\node_modules\react-dom\cjs\react-dom.development.js:4164:14)
    at HTMLUnknownElement.callTheUserObjectsOperation (C:\optiplan360_project\frontend\node_modules\jsdom\lib\jsdom\living\generated\EventListener.js:26:30)
    at innerInvokeEventListeners (C:\optiplan360_project\frontend\node_modules\jsdom\lib\jsdom\living\events\EventTarget-impl.js:350:25)
Error: Uncaught [Error: Element type is invalid: expected a string (for built-in components) or a class/function (for composite components) but got: undefined. You likely forgot to export your component from the file it's defined in, or you might have mixed up default and named imports.]
    at reportException (C:\optiplan360_project\frontend\node_modules\jsdom\lib\jsdom\living\helpers\runtime-script-errors.js:66:24)
    at innerInvokeEventListeners (C:\optiplan360_project\frontend\node_modules\jsdom\lib\jsdom\living\events\EventTarget-impl.js:353:9)
    at invokeEventListeners (C:\optiplan360_project\frontend\node_modules\jsdom\lib\jsdom\living\events\EventTarget-impl.js:286:3)
    at HTMLUnknownElementImpl._dispatch (C:\optiplan360_project\frontend\node_modules\jsdom\lib\jsdom\living\events\EventTarget-impl.js:233:9)
    at HTMLUnknownElementImpl.dispatchEvent (C:\optiplan360_project\frontend\node_modules\jsdom\lib\jsdom\living\events\EventTarget-impl.js:104:17)
    at HTMLUnknownElement.dispatchEvent (C:\optiplan360_project\frontend\node_modules\jsdom\lib\jsdom\living\generated\EventTarget.js:241:34)
    at Object.invokeGuardedCallbackDev (C:\optiplan360_project\frontend\node_modules\react-dom\cjs\react-dom.development.js:4213:16)
    at invokeGuardedCallback (C:\optiplan360_project\frontend\node_modules\react-dom\cjs\react-dom.development.js:4277:31)
    at beginWork$1 (C:\optiplan360_project\frontend\node_modules\react-dom\cjs\react-dom.development.js:27490:7)
    at performUnitOfWork (C:\optiplan360_project\frontend\node_modules\react-dom\cjs\react-dom.development.js:26599:12) Error: Element type is invalid: expected a string (for built-in components) or a class/function (for composite components) but got: undefined. You likely forgot to export your component from the file it's defined in, or you might have mixed up default and named imports.
    at createFiberFromTypeAndProps (C:\optiplan360_project\frontend\node_modules\react-dom\cjs\react-dom.development.js:28478:17)
    at createFiberFromElement (C:\optiplan360_project\frontend\node_modules\react-dom\cjs\react-dom.development.js:28504:15)
    at reconcileSingleElement (C:\optiplan360_project\frontend\node_modules\react-dom\cjs\react-dom.development.js:13986:23)
    at reconcileChildFibers (C:\optiplan360_project\frontend\node_modules\react-dom\cjs\react-dom.development.js:14044:35)
    at reconcileChildren (C:\optiplan360_project\frontend\node_modules\react-dom\cjs\react-dom.development.js:19186:28)
    at updateHostComponent (C:\optiplan360_project\frontend\node_modules\react-dom\cjs\react-dom.development.js:19953:3)
    at beginWork (C:\optiplan360_project\frontend\node_modules\react-dom\cjs\react-dom.development.js:21657:14)
    at HTMLUnknownElement.callCallback (C:\optiplan360_project\frontend\node_modules\react-dom\cjs\react-dom.development.js:4164:14)
    at HTMLUnknownElement.callTheUserObjectsOperation (C:\optiplan360_project\frontend\node_modules\jsdom\lib\jsdom\living\generated\EventListener.js:26:30)
    at innerInvokeEventListeners (C:\optiplan360_project\frontend\node_modules\jsdom\lib\jsdom\living\events\EventTarget-impl.js:350:25)
The above error occurred in the <div> component:

    at div
    at button
    at div
    at div
    at div
    at SpotlightSearch (C:\optiplan360_project\frontend\src\components\Layout\SpotlightSearch.tsx:343:28)

Consider adding an error boundary to your tree to customize error handling behavior.
Visit https://reactjs.org/link/error-boundaries to learn more about error boundaries.
The above error occurred in the <div> component:

    at div
    at button
    at div
    at div
    at div
    at SpotlightSearch (C:\optiplan360_project\frontend\src\components\Layout\SpotlightSearch.tsx:343:28)

Consider adding an error boundary to your tree to customize error handling behavior.
Visit https://reactjs.org/link/error-boundaries to learn more about error boundaries.
The above error occurred in the <div> component:

    at div
    at button
    at div
    at div
    at div
    at SpotlightSearch (C:\optiplan360_project\frontend\src\components\Layout\SpotlightSearch.tsx:343:28)

Consider adding an error boundary to your tree to customize error handling behavior.
Visit https://reactjs.org/link/error-boundaries to learn more about error boundaries.

stderr | src/features/CardManagement/CariKartiPage.test.tsx > CariKartiPage > Tarihce butonu render edilir
Warning: React.jsx: type is invalid -- expected a string (for built-in components) or a class/function (for composite components) but got: undefined. You likely forgot to export your component from the file it's defined in, or you might have mixed up default and named imports.

Check your code at ModuleSurfacePanels.tsx:56.
    at ModuleSurfacePanelCard (C:\optiplan360_project\frontend\src\components\Shared\ModuleSurfacePanels.tsx:8:3)
    at div
    at ModuleSurfaceBlockerList (C:\optiplan360_project\frontend\src\components\Shared\ModuleSurfacePanels.tsx:95:37)
    at div
    at div
    at CariKartiPage
Error: Uncaught [Error: Element type is invalid: expected a string (for built-in components) or a class/function (for composite components) but got: undefined. You likely forgot to export your component from the file it's defined in, or you might have mixed up default and named imports.

Check the render method of `ModuleSurfacePanelCard`.]
    at reportException (C:\optiplan360_project\frontend\node_modules\jsdom\lib\jsdom\living\helpers\runtime-script-errors.js:66:24)
    at innerInvokeEventListeners (C:\optiplan360_project\frontend\node_modules\jsdom\lib\jsdom\living\events\EventTarget-impl.js:353:9)
    at invokeEventListeners (C:\optiplan360_project\frontend\node_modules\jsdom\lib\jsdom\living\events\EventTarget-impl.js:286:3)
    at HTMLUnknownElementImpl._dispatch (C:\optiplan360_project\frontend\node_modules\jsdom\lib\jsdom\living\events\EventTarget-impl.js:233:9)
    at HTMLUnknownElementImpl.dispatchEvent (C:\optiplan360_project\frontend\node_modules\jsdom\lib\jsdom\living\events\EventTarget-impl.js:104:17)
    at HTMLUnknownElement.dispatchEvent (C:\optiplan360_project\frontend\node_modules\jsdom\lib\jsdom\living\generated\EventTarget.js:241:34)
    at Object.invokeGuardedCallbackDev (C:\optiplan360_project\frontend\node_modules\react-dom\cjs\react-dom.development.js:4213:16)
    at invokeGuardedCallback (C:\optiplan360_project\frontend\node_modules\react-dom\cjs\react-dom.development.js:4277:31)
    at beginWork$1 (C:\optiplan360_project\frontend\node_modules\react-dom\cjs\react-dom.development.js:27490:7)
    at performUnitOfWork (C:\optiplan360_project\frontend\node_modules\react-dom\cjs\react-dom.development.js:26599:12) Error: Element type is invalid: expected a string (for built-in components) or a class/function (for composite components) but got: undefined. You likely forgot to export your component from the file it's defined in, or you might have mixed up default and named imports.

Check the render method of `ModuleSurfacePanelCard`.
    at createFiberFromTypeAndProps (C:\optiplan360_project\frontend\node_modules\react-dom\cjs\react-dom.development.js:28478:17)
    at createFiberFromElement (C:\optiplan360_project\frontend\node_modules\react-dom\cjs\react-dom.development.js:28504:15)
    at reconcileSingleElement (C:\optiplan360_project\frontend\node_modules\react-dom\cjs\react-dom.development.js:13986:23)
    at reconcileChildFibers (C:\optiplan360_project\frontend\node_modules\react-dom\cjs\react-dom.development.js:14044:35)
    at reconcileChildren (C:\optiplan360_project\frontend\node_modules\react-dom\cjs\react-dom.development.js:19186:28)
    at updateHostComponent (C:\optiplan360_project\frontend\node_modules\react-dom\cjs\react-dom.development.js:19953:3)
    at beginWork (C:\optiplan360_project\frontend\node_modules\react-dom\cjs\react-dom.development.js:21657:14)
    at HTMLUnknownElement.callCallback (C:\optiplan360_project\frontend\node_modules\react-dom\cjs\react-dom.development.js:4164:14)
    at HTMLUnknownElement.callTheUserObjectsOperation (C:\optiplan360_project\frontend\node_modules\jsdom\lib\jsdom\living\generated\EventListener.js:26:30)
    at innerInvokeEventListeners (C:\optiplan360_project\frontend\node_modules\jsdom\lib\jsdom\living\events\EventTarget-impl.js:350:25)
Warning: React.jsx: type is invalid -- expected a string (for built-in components) or a class/function (for composite components) but got: undefined. You likely forgot to export your component from the file it's defined in, or you might have mixed up default and named imports.

Check your code at ModuleSurfacePanels.tsx:56.
    at ModuleSurfacePanelCard (C:\optiplan360_project\frontend\src\components\Shared\ModuleSurfacePanels.tsx:8:3)
    at div
    at ModuleSurfaceBlockerList (C:\optiplan360_project\frontend\src\components\Shared\ModuleSurfacePanels.tsx:95:37)
    at div
    at div
    at CariKartiPage
Error: Uncaught [Error: Element type is invalid: expected a string (for built-in components) or a class/function (for composite components) but got: undefined. You likely forgot to export your component from the file it's defined in, or you might have mixed up default and named imports.

Check the render method of `ModuleSurfacePanelCard`.]
    at reportException (C:\optiplan360_project\frontend\node_modules\jsdom\lib\jsdom\living\helpers\runtime-script-errors.js:66:24)
    at innerInvokeEventListeners (C:\optiplan360_project\frontend\node_modules\jsdom\lib\jsdom\living\events\EventTarget-impl.js:353:9)
    at invokeEventListeners (C:\optiplan360_project\frontend\node_modules\jsdom\lib\jsdom\living\events\EventTarget-impl.js:286:3)
    at HTMLUnknownElementImpl._dispatch (C:\optiplan360_project\frontend\node_modules\jsdom\lib\jsdom\living\events\EventTarget-impl.js:233:9)
    at HTMLUnknownElementImpl.dispatchEvent (C:\optiplan360_project\frontend\node_modules\jsdom\lib\jsdom\living\events\EventTarget-impl.js:104:17)
    at HTMLUnknownElement.dispatchEvent (C:\optiplan360_project\frontend\node_modules\jsdom\lib\jsdom\living\generated\EventTarget.js:241:34)
    at Object.invokeGuardedCallbackDev (C:\optiplan360_project\frontend\node_modules\react-dom\cjs\react-dom.development.js:4213:16)
    at invokeGuardedCallback (C:\optiplan360_project\frontend\node_modules\react-dom\cjs\react-dom.development.js:4277:31)
    at beginWork$1 (C:\optiplan360_project\frontend\node_modules\react-dom\cjs\react-dom.development.js:27490:7)
    at performUnitOfWork (C:\optiplan360_project\frontend\node_modules\react-dom\cjs\react-dom.development.js:26599:12) Error: Element type is invalid: expected a string (for built-in components) or a class/function (for composite components) but got: undefined. You likely forgot to export your component from the file it's defined in, or you might have mixed up default and named imports.

Check the render method of `ModuleSurfacePanelCard`.
    at createFiberFromTypeAndProps (C:\optiplan360_project\frontend\node_modules\react-dom\cjs\react-dom.development.js:28478:17)
    at createFiberFromElement (C:\optiplan360_project\frontend\node_modules\react-dom\cjs\react-dom.development.js:28504:15)
    at reconcileSingleElement (C:\optiplan360_project\frontend\node_modules\react-dom\cjs\react-dom.development.js:13986:23)
    at reconcileChildFibers (C:\optiplan360_project\frontend\node_modules\react-dom\cjs\react-dom.development.js:14044:35)
    at reconcileChildren (C:\optiplan360_project\frontend\node_modules\react-dom\cjs\react-dom.development.js:19186:28)
    at updateHostComponent (C:\optiplan360_project\frontend\node_modules\react-dom\cjs\react-dom.development.js:19953:3)
    at beginWork (C:\optiplan360_project\frontend\node_modules\react-dom\cjs\react-dom.development.js:21657:14)
    at HTMLUnknownElement.callCallback (C:\optiplan360_project\frontend\node_modules\react-dom\cjs\react-dom.development.js:4164:14)
    at HTMLUnknownElement.callTheUserObjectsOperation (C:\optiplan360_project\frontend\node_modules\jsdom\lib\jsdom\living\generated\EventListener.js:26:30)
    at innerInvokeEventListeners (C:\optiplan360_project\frontend\node_modules\jsdom\lib\jsdom\living\events\EventTarget-impl.js:350:25)
The above error occurred in the <div> component:

    at div
    at div
    at div
    at div
    at Card (C:\optiplan360_project\frontend\src\components\Shared\Card.tsx:8:3)
    at ModuleSurfacePanelCard (C:\optiplan360_project\frontend\src\components\Shared\ModuleSurfacePanels.tsx:8:3)
    at div
    at ModuleSurfaceBlockerList (C:\optiplan360_project\frontend\src\components\Shared\ModuleSurfacePanels.tsx:95:37)
    at div
    at div
    at CariKartiPage

Consider adding an error boundary to your tree to customize error handling behavior.
Visit https://reactjs.org/link/error-boundaries to learn more about error boundaries.

 [31mÔØ»[39m src/features/CardManagement/CariKartiPage.test.tsx [2m([22m[2m4 tests[22m[2m | [22m[31m4 failed[39m[2m)[22m[32m 107[2mms[22m[39m
[31m   [31m├ù[31m CariKartiPage[2m > [22mcoklu adres ve yetkili blokajlarini sayfa seviyesinde gosterir[39m[32m 67[2mms[22m[39m
[31m     ÔåÆ Element type is invalid: expected a string (for built-in components) or a class/function (for composite components) but got: undefined. You likely forgot to export your component from the file it's defined in, or you might have mixed up default and named imports.

Check the render method of `ModuleSurfacePanelCard`.[39m
[31m   [31m├ù[31m CariKartiPage[2m > [22m6-state durum secicisi render edilir[39m[32m 10[2mms[22m[39m
[31m     ÔåÆ Element type is invalid: expected a string (for built-in components) or a class/function (for composite components) but got: undefined. You likely forgot to export your component from the file it's defined in, or you might have mixed up default and named imports.

Check the render method of `ModuleSurfacePanelCard`.[39m
[31m   [31m├ù[31m CariKartiPage[2m > [22mPasife Al butonu render edilir[39m[32m 16[2mms[22m[39m
[31m     ÔåÆ Element type is invalid: expected a string (for built-in components) or a class/function (for composite components) but got: undefined. You likely forgot to export your component from the file it's defined in, or you might have mixed up default and named imports.

Check the render method of `ModuleSurfacePanelCard`.[39m
[31m   [31m├ù[31m CariKartiPage[2m > [22mTarihce butonu render edilir[39m[32m 12[2mms[22m[39m
[31m     ÔåÆ Element type is invalid: expected a string (for built-in components) or a class/function (for composite components) but got: undefined. You likely forgot to export your component from the file it's defined in, or you might have mixed up default and named imports.

Check the render method of `ModuleSurfacePanelCard`.[39m
stderr | src/components/Layout/__tests__/SpotlightSearch.test.tsx > SpotlightSearch > teklif fisini bagimsiz modul rotasina yonlendirir
Error: Uncaught [Error: Element type is invalid: expected a string (for built-in components) or a class/function (for composite components) but got: undefined. You likely forgot to export your component from the file it's defined in, or you might have mixed up default and named imports.]
    at reportException (C:\optiplan360_project\frontend\node_modules\jsdom\lib\jsdom\living\helpers\runtime-script-errors.js:66:24)
    at innerInvokeEventListeners (C:\optiplan360_project\frontend\node_modules\jsdom\lib\jsdom\living\events\EventTarget-impl.js:353:9)
    at invokeEventListeners (C:\optiplan360_project\frontend\node_modules\jsdom\lib\jsdom\living\events\EventTarget-impl.js:286:3)
    at HTMLUnknownElementImpl._dispatch (C:\optiplan360_project\frontend\node_modules\jsdom\lib\jsdom\living\events\EventTarget-impl.js:233:9)
    at HTMLUnknownElementImpl.dispatchEvent (C:\optiplan360_project\frontend\node_modules\jsdom\lib\jsdom\living\events\EventTarget-impl.js:104:17)
    at HTMLUnknownElement.dispatchEvent (C:\optiplan360_project\frontend\node_modules\jsdom\lib\jsdom\living\generated\EventTarget.js:241:34)
    at Object.invokeGuardedCallbackDev (C:\optiplan360_project\frontend\node_modules\react-dom\cjs\react-dom.development.js:4213:16)
    at invokeGuardedCallback (C:\optiplan360_project\frontend\node_modules\react-dom\cjs\react-dom.development.js:4277:31)
    at beginWork$1 (C:\optiplan360_project\frontend\node_modules\react-dom\cjs\react-dom.development.js:27490:7)
    at performUnitOfWork (C:\optiplan360_project\frontend\node_modules\react-dom\cjs\react-dom.development.js:26599:12) Error: Element type is invalid: expected a string (for built-in components) or a class/function (for composite components) but got: undefined. You likely forgot to export your component from the file it's defined in, or you might have mixed up default and named imports.
    at createFiberFromTypeAndProps (C:\optiplan360_project\frontend\node_modules\react-dom\cjs\react-dom.development.js:28478:17)
    at createFiberFromElement (C:\optiplan360_project\frontend\node_modules\react-dom\cjs\react-dom.development.js:28504:15)
    at reconcileSingleElement (C:\optiplan360_project\frontend\node_modules\react-dom\cjs\react-dom.development.js:13986:23)
    at reconcileChildFibers (C:\optiplan360_project\frontend\node_modules\react-dom\cjs\react-dom.development.js:14044:35)
    at reconcileChildren (C:\optiplan360_project\frontend\node_modules\react-dom\cjs\react-dom.development.js:19186:28)
    at updateHostComponent (C:\optiplan360_project\frontend\node_modules\react-dom\cjs\react-dom.development.js:19953:3)
    at beginWork (C:\optiplan360_project\frontend\node_modules\react-dom\cjs\react-dom.development.js:21657:14)
    at HTMLUnknownElement.callCallback (C:\optiplan360_project\frontend\node_modules\react-dom\cjs\react-dom.development.js:4164:14)
    at HTMLUnknownElement.callTheUserObjectsOperation (C:\optiplan360_project\frontend\node_modules\jsdom\lib\jsdom\living\generated\EventListener.js:26:30)
    at innerInvokeEventListeners (C:\optiplan360_project\frontend\node_modules\jsdom\lib\jsdom\living\events\EventTarget-impl.js:350:25)
Error: Uncaught [Error: Element type is invalid: expected a string (for built-in components) or a class/function (for composite components) but got: undefined. You likely forgot to export your component from the file it's defined in, or you might have mixed up default and named imports.]
    at reportException (C:\optiplan360_project\frontend\node_modules\jsdom\lib\jsdom\living\helpers\runtime-script-errors.js:66:24)
    at innerInvokeEventListeners (C:\optiplan360_project\frontend\node_modules\jsdom\lib\jsdom\living\events\EventTarget-impl.js:353:9)
    at invokeEventListeners (C:\optiplan360_project\frontend\node_modules\jsdom\lib\jsdom\living\events\EventTarget-impl.js:286:3)
    at HTMLUnknownElementImpl._dispatch (C:\optiplan360_project\frontend\node_modules\jsdom\lib\jsdom\living\events\EventTarget-impl.js:233:9)
    at HTMLUnknownElementImpl.dispatchEvent (C:\optiplan360_project\frontend\node_modules\jsdom\lib\jsdom\living\events\EventTarget-impl.js:104:17)
    at HTMLUnknownElement.dispatchEvent (C:\optiplan360_project\frontend\node_modules\jsdom\lib\jsdom\living\generated\EventTarget.js:241:34)
    at Object.invokeGuardedCallbackDev (C:\optiplan360_project\frontend\node_modules\react-dom\cjs\react-dom.development.js:4213:16)
    at invokeGuardedCallback (C:\optiplan360_project\frontend\node_modules\react-dom\cjs\react-dom.development.js:4277:31)
    at beginWork$1 (C:\optiplan360_project\frontend\node_modules\react-dom\cjs\react-dom.development.js:27490:7)
    at performUnitOfWork (C:\optiplan360_project\frontend\node_modules\react-dom\cjs\react-dom.development.js:26599:12) Error: Element type is invalid: expected a string (for built-in components) or a class/function (for composite components) but got: undefined. You likely forgot to export your component from the file it's defined in, or you might have mixed up default and named imports.
    at createFiberFromTypeAndProps (C:\optiplan360_project\frontend\node_modules\react-dom\cjs\react-dom.development.js:28478:17)
    at createFiberFromElement (C:\optiplan360_project\frontend\node_modules\react-dom\cjs\react-dom.development.js:28504:15)
    at reconcileSingleElement (C:\optiplan360_project\frontend\node_modules\react-dom\cjs\react-dom.development.js:13986:23)
    at reconcileChildFibers (C:\optiplan360_project\frontend\node_modules\react-dom\cjs\react-dom.development.js:14044:35)
    at reconcileChildren (C:\optiplan360_project\frontend\node_modules\react-dom\cjs\react-dom.development.js:19186:28)
    at updateHostComponent (C:\optiplan360_project\frontend\node_modules\react-dom\cjs\react-dom.development.js:19953:3)
    at beginWork (C:\optiplan360_project\frontend\node_modules\react-dom\cjs\react-dom.development.js:21657:14)
    at HTMLUnknownElement.callCallback (C:\optiplan360_project\frontend\node_modules\react-dom\cjs\react-dom.development.js:4164:14)
    at HTMLUnknownElement.callTheUserObjectsOperation (C:\optiplan360_project\frontend\node_modules\jsdom\lib\jsdom\living\generated\EventListener.js:26:30)
    at innerInvokeEventListeners (C:\optiplan360_project\frontend\node_modules\jsdom\lib\jsdom\living\events\EventTarget-impl.js:350:25)
Error: Uncaught [Error: Element type is invalid: expected a string (for built-in components) or a class/function (for composite components) but got: undefined. You likely forgot to export your component from the file it's defined in, or you might have mixed up default and named imports.]
    at reportException (C:\optiplan360_project\frontend\node_modules\jsdom\lib\jsdom\living\helpers\runtime-script-errors.js:66:24)
    at innerInvokeEventListeners (C:\optiplan360_project\frontend\node_modules\jsdom\lib\jsdom\living\events\EventTarget-impl.js:353:9)
    at invokeEventListeners (C:\optiplan360_project\frontend\node_modules\jsdom\lib\jsdom\living\events\EventTarget-impl.js:286:3)
    at HTMLUnknownElementImpl._dispatch (C:\optiplan360_project\frontend\node_modules\jsdom\lib\jsdom\living\events\EventTarget-impl.js:233:9)
    at HTMLUnknownElementImpl.dispatchEvent (C:\optiplan360_project\frontend\node_modules\jsdom\lib\jsdom\living\events\EventTarget-impl.js:104:17)
    at HTMLUnknownElement.dispatchEvent (C:\optiplan360_project\frontend\node_modules\jsdom\lib\jsdom\living\generated\EventTarget.js:241:34)
    at Object.invokeGuardedCallbackDev (C:\optiplan360_project\frontend\node_modules\react-dom\cjs\react-dom.development.js:4213:16)
    at invokeGuardedCallback (C:\optiplan360_project\frontend\node_modules\react-dom\cjs\react-dom.development.js:4277:31)
    at beginWork$1 (C:\optiplan360_project\frontend\node_modules\react-dom\cjs\react-dom.development.js:27490:7)
    at performUnitOfWork (C:\optiplan360_project\frontend\node_modules\react-dom\cjs\react-dom.development.js:26599:12) Error: Element type is invalid: expected a string (for built-in components) or a class/function (for composite components) but got: undefined. You likely forgot to export your component from the file it's defined in, or you might have mixed up default and named imports.
    at createFiberFromTypeAndProps (C:\optiplan360_project\frontend\node_modules\react-dom\cjs\react-dom.development.js:28478:17)
    at createFiberFromElement (C:\optiplan360_project\frontend\node_modules\react-dom\cjs\react-dom.development.js:28504:15)
    at reconcileSingleElement (C:\optiplan360_project\frontend\node_modules\react-dom\cjs\react-dom.development.js:13986:23)
    at reconcileChildFibers (C:\optiplan360_project\frontend\node_modules\react-dom\cjs\react-dom.development.js:14044:35)
    at reconcileChildren (C:\optiplan360_project\frontend\node_modules\react-dom\cjs\react-dom.development.js:19186:28)
    at updateHostComponent (C:\optiplan360_project\frontend\node_modules\react-dom\cjs\react-dom.development.js:19953:3)
    at beginWork (C:\optiplan360_project\frontend\node_modules\react-dom\cjs\react-dom.development.js:21657:14)
    at HTMLUnknownElement.callCallback (C:\optiplan360_project\frontend\node_modules\react-dom\cjs\react-dom.development.js:4164:14)
    at HTMLUnknownElement.callTheUserObjectsOperation (C:\optiplan360_project\frontend\node_modules\jsdom\lib\jsdom\living\generated\EventListener.js:26:30)
    at innerInvokeEventListeners (C:\optiplan360_project\frontend\node_modules\jsdom\lib\jsdom\living\events\EventTarget-impl.js:350:25)
Error: Uncaught [Error: Element type is invalid: expected a string (for built-in components) or a class/function (for composite components) but got: undefined. You likely forgot to export your component from the file it's defined in, or you might have mixed up default and named imports.]
    at reportException (C:\optiplan360_project\frontend\node_modules\jsdom\lib\jsdom\living\helpers\runtime-script-errors.js:66:24)
    at innerInvokeEventListeners (C:\optiplan360_project\frontend\node_modules\jsdom\lib\jsdom\living\events\EventTarget-impl.js:353:9)
    at invokeEventListeners (C:\optiplan360_project\frontend\node_modules\jsdom\lib\jsdom\living\events\EventTarget-impl.js:286:3)
    at HTMLUnknownElementImpl._dispatch (C:\optiplan360_project\frontend\node_modules\jsdom\lib\jsdom\living\events\EventTarget-impl.js:233:9)
    at HTMLUnknownElementImpl.dispatchEvent (C:\optiplan360_project\frontend\node_modules\jsdom\lib\jsdom\living\events\EventTarget-impl.js:104:17)
    at HTMLUnknownElement.dispatchEvent (C:\optiplan360_project\frontend\node_modules\jsdom\lib\jsdom\living\generated\EventTarget.js:241:34)
    at Object.invokeGuardedCallbackDev (C:\optiplan360_project\frontend\node_modules\react-dom\cjs\react-dom.development.js:4213:16)
    at invokeGuardedCallback (C:\optiplan360_project\frontend\node_modules\react-dom\cjs\react-dom.development.js:4277:31)
    at beginWork$1 (C:\optiplan360_project\frontend\node_modules\react-dom\cjs\react-dom.development.js:27490:7)
    at performUnitOfWork (C:\optiplan360_project\frontend\node_modules\react-dom\cjs\react-dom.development.js:26599:12) Error: Element type is invalid: expected a string (for built-in components) or a class/function (for composite components) but got: undefined. You likely forgot to export your component from the file it's defined in, or you might have mixed up default and named imports.
    at createFiberFromTypeAndProps (C:\optiplan360_project\frontend\node_modules\react-dom\cjs\react-dom.development.js:28478:17)
    at createFiberFromElement (C:\optiplan360_project\frontend\node_modules\react-dom\cjs\react-dom.development.js:28504:15)
    at reconcileSingleElement (C:\optiplan360_project\frontend\node_modules\react-dom\cjs\react-dom.development.js:13986:23)
    at reconcileChildFibers (C:\optiplan360_project\frontend\node_modules\react-dom\cjs\react-dom.development.js:14044:35)
    at reconcileChildren (C:\optiplan360_project\frontend\node_modules\react-dom\cjs\react-dom.development.js:19186:28)
    at updateHostComponent (C:\optiplan360_project\frontend\node_modules\react-dom\cjs\react-dom.development.js:19953:3)
    at beginWork (C:\optiplan360_project\frontend\node_modules\react-dom\cjs\react-dom.development.js:21657:14)
    at HTMLUnknownElement.callCallback (C:\optiplan360_project\frontend\node_modules\react-dom\cjs\react-dom.development.js:4164:14)
    at HTMLUnknownElement.callTheUserObjectsOperation (C:\optiplan360_project\frontend\node_modules\jsdom\lib\jsdom\living\generated\EventListener.js:26:30)
    at innerInvokeEventListeners (C:\optiplan360_project\frontend\node_modules\jsdom\lib\jsdom\living\events\EventTarget-impl.js:350:25)
Error: Uncaught [Error: Element type is invalid: expected a string (for built-in components) or a class/function (for composite components) but got: undefined. You likely forgot to export your component from the file it's defined in, or you might have mixed up default and named imports.]
    at reportException (C:\optiplan360_project\frontend\node_modules\jsdom\lib\jsdom\living\helpers\runtime-script-errors.js:66:24)
    at innerInvokeEventListeners (C:\optiplan360_project\frontend\node_modules\jsdom\lib\jsdom\living\events\EventTarget-impl.js:353:9)
    at invokeEventListeners (C:\optiplan360_project\frontend\node_modules\jsdom\lib\jsdom\living\events\EventTarget-impl.js:286:3)
    at HTMLUnknownElementImpl._dispatch (C:\optiplan360_project\frontend\node_modules\jsdom\lib\jsdom\living\events\EventTarget-impl.js:233:9)
    at HTMLUnknownElementImpl.dispatchEvent (C:\optiplan360_project\frontend\node_modules\jsdom\lib\jsdom\living\events\EventTarget-impl.js:104:17)
    at HTMLUnknownElement.dispatchEvent (C:\optiplan360_project\frontend\node_modules\jsdom\lib\jsdom\living\generated\EventTarget.js:241:34)
    at Object.invokeGuardedCallbackDev (C:\optiplan360_project\frontend\node_modules\react-dom\cjs\react-dom.development.js:4213:16)
    at invokeGuardedCallback (C:\optiplan360_project\frontend\node_modules\react-dom\cjs\react-dom.development.js:4277:31)
    at beginWork$1 (C:\optiplan360_project\frontend\node_modules\react-dom\cjs\react-dom.development.js:27490:7)
    at performUnitOfWork (C:\optiplan360_project\frontend\node_modules\react-dom\cjs\react-dom.development.js:26599:12) Error: Element type is invalid: expected a string (for built-in components) or a class/function (for composite components) but got: undefined. You likely forgot to export your component from the file it's defined in, or you might have mixed up default and named imports.
    at createFiberFromTypeAndProps (C:\optiplan360_project\frontend\node_modules\react-dom\cjs\react-dom.development.js:28478:17)
    at createFiberFromElement (C:\optiplan360_project\frontend\node_modules\react-dom\cjs\react-dom.development.js:28504:15)
    at reconcileSingleElement (C:\optiplan360_project\frontend\node_modules\react-dom\cjs\react-dom.development.js:13986:23)
    at reconcileChildFibers (C:\optiplan360_project\frontend\node_modules\react-dom\cjs\react-dom.development.js:14044:35)
    at reconcileChildren (C:\optiplan360_project\frontend\node_modules\react-dom\cjs\react-dom.development.js:19186:28)
    at updateHostComponent (C:\optiplan360_project\frontend\node_modules\react-dom\cjs\react-dom.development.js:19953:3)
    at beginWork (C:\optiplan360_project\frontend\node_modules\react-dom\cjs\react-dom.development.js:21657:14)
    at HTMLUnknownElement.callCallback (C:\optiplan360_project\frontend\node_modules\react-dom\cjs\react-dom.development.js:4164:14)
    at HTMLUnknownElement.callTheUserObjectsOperation (C:\optiplan360_project\frontend\node_modules\jsdom\lib\jsdom\living\generated\EventListener.js:26:30)
    at innerInvokeEventListeners (C:\optiplan360_project\frontend\node_modules\jsdom\lib\jsdom\living\events\EventTarget-impl.js:350:25)
Error: Uncaught [Error: Element type is invalid: expected a string (for built-in components) or a class/function (for composite components) but got: undefined. You likely forgot to export your component from the file it's defined in, or you might have mixed up default and named imports.]
    at reportException (C:\optiplan360_project\frontend\node_modules\jsdom\lib\jsdom\living\helpers\runtime-script-errors.js:66:24)
    at innerInvokeEventListeners (C:\optiplan360_project\frontend\node_modules\jsdom\lib\jsdom\living\events\EventTarget-impl.js:353:9)
    at invokeEventListeners (C:\optiplan360_project\frontend\node_modules\jsdom\lib\jsdom\living\events\EventTarget-impl.js:286:3)
    at HTMLUnknownElementImpl._dispatch (C:\optiplan360_project\frontend\node_modules\jsdom\lib\jsdom\living\events\EventTarget-impl.js:233:9)
    at HTMLUnknownElementImpl.dispatchEvent (C:\optiplan360_project\frontend\node_modules\jsdom\lib\jsdom\living\events\EventTarget-impl.js:104:17)
    at HTMLUnknownElement.dispatchEvent (C:\optiplan360_project\frontend\node_modules\jsdom\lib\jsdom\living\generated\EventTarget.js:241:34)
    at Object.invokeGuardedCallbackDev (C:\optiplan360_project\frontend\node_modules\react-dom\cjs\react-dom.development.js:4213:16)
    at invokeGuardedCallback (C:\optiplan360_project\frontend\node_modules\react-dom\cjs\react-dom.development.js:4277:31)
    at beginWork$1 (C:\optiplan360_project\frontend\node_modules\react-dom\cjs\react-dom.development.js:27490:7)
    at performUnitOfWork (C:\optiplan360_project\frontend\node_modules\react-dom\cjs\react-dom.development.js:26599:12) Error: Element type is invalid: expected a string (for built-in components) or a class/function (for composite components) but got: undefined. You likely forgot to export your component from the file it's defined in, or you might have mixed up default and named imports.
    at createFiberFromTypeAndProps (C:\optiplan360_project\frontend\node_modules\react-dom\cjs\react-dom.development.js:28478:17)
    at createFiberFromElement (C:\optiplan360_project\frontend\node_modules\react-dom\cjs\react-dom.development.js:28504:15)
    at reconcileSingleElement (C:\optiplan360_project\frontend\node_modules\react-dom\cjs\react-dom.development.js:13986:23)
    at reconcileChildFibers (C:\optiplan360_project\frontend\node_modules\react-dom\cjs\react-dom.development.js:14044:35)
    at reconcileChildren (C:\optiplan360_project\frontend\node_modules\react-dom\cjs\react-dom.development.js:19186:28)
    at updateHostComponent (C:\optiplan360_project\frontend\node_modules\react-dom\cjs\react-dom.development.js:19953:3)
    at beginWork (C:\optiplan360_project\frontend\node_modules\react-dom\cjs\react-dom.development.js:21657:14)
    at HTMLUnknownElement.callCallback (C:\optiplan360_project\frontend\node_modules\react-dom\cjs\react-dom.development.js:4164:14)
    at HTMLUnknownElement.callTheUserObjectsOperation (C:\optiplan360_project\frontend\node_modules\jsdom\lib\jsdom\living\generated\EventListener.js:26:30)
    at innerInvokeEventListeners (C:\optiplan360_project\frontend\node_modules\jsdom\lib\jsdom\living\events\EventTarget-impl.js:350:25)
The above error occurred in the <div> component:

    at div
    at button
    at div
    at div
    at div
    at SpotlightSearch (C:\optiplan360_project\frontend\src\components\Layout\SpotlightSearch.tsx:343:28)

Consider adding an error boundary to your tree to customize error handling behavior.
Visit https://reactjs.org/link/error-boundaries to learn more about error boundaries.
The above error occurred in the <div> component:

    at div
    at button
    at div
    at div
    at div
    at SpotlightSearch (C:\optiplan360_project\frontend\src\components\Layout\SpotlightSearch.tsx:343:28)

Consider adding an error boundary to your tree to customize error handling behavior.
Visit https://reactjs.org/link/error-boundaries to learn more about error boundaries.
The above error occurred in the <div> component:

    at div
    at button
    at div
    at div
    at div
    at SpotlightSearch (C:\optiplan360_project\frontend\src\components\Layout\SpotlightSearch.tsx:343:28)

Consider adding an error boundary to your tree to customize error handling behavior.
Visit https://reactjs.org/link/error-boundaries to learn more about error boundaries.

stderr | src/components/Layout/__tests__/SpotlightSearch.test.tsx > SpotlightSearch > workflow ve optiplan job kayitlarini ortak katalogdan aratir
Error: Uncaught [Error: Element type is invalid: expected a string (for built-in components) or a class/function (for composite components) but got: undefined. You likely forgot to export your component from the file it's defined in, or you might have mixed up default and named imports.]
    at reportException (C:\optiplan360_project\frontend\node_modules\jsdom\lib\jsdom\living\helpers\runtime-script-errors.js:66:24)
    at innerInvokeEventListeners (C:\optiplan360_project\frontend\node_modules\jsdom\lib\jsdom\living\events\EventTarget-impl.js:353:9)
    at invokeEventListeners (C:\optiplan360_project\frontend\node_modules\jsdom\lib\jsdom\living\events\EventTarget-impl.js:286:3)
    at HTMLUnknownElementImpl._dispatch (C:\optiplan360_project\frontend\node_modules\jsdom\lib\jsdom\living\events\EventTarget-impl.js:233:9)
    at HTMLUnknownElementImpl.dispatchEvent (C:\optiplan360_project\frontend\node_modules\jsdom\lib\jsdom\living\events\EventTarget-impl.js:104:17)
    at HTMLUnknownElement.dispatchEvent (C:\optiplan360_project\frontend\node_modules\jsdom\lib\jsdom\living\generated\EventTarget.js:241:34)
    at Object.invokeGuardedCallbackDev (C:\optiplan360_project\frontend\node_modules\react-dom\cjs\react-dom.development.js:4213:16)
    at invokeGuardedCallback (C:\optiplan360_project\frontend\node_modules\react-dom\cjs\react-dom.development.js:4277:31)
    at beginWork$1 (C:\optiplan360_project\frontend\node_modules\react-dom\cjs\react-dom.development.js:27490:7)
    at performUnitOfWork (C:\optiplan360_project\frontend\node_modules\react-dom\cjs\react-dom.development.js:26599:12) Error: Element type is invalid: expected a string (for built-in components) or a class/function (for composite components) but got: undefined. You likely forgot to export your component from the file it's defined in, or you might have mixed up default and named imports.
    at createFiberFromTypeAndProps (C:\optiplan360_project\frontend\node_modules\react-dom\cjs\react-dom.development.js:28478:17)
    at createFiberFromElement (C:\optiplan360_project\frontend\node_modules\react-dom\cjs\react-dom.development.js:28504:15)
    at reconcileSingleElement (C:\optiplan360_project\frontend\node_modules\react-dom\cjs\react-dom.development.js:13986:23)
    at reconcileChildFibers (C:\optiplan360_project\frontend\node_modules\react-dom\cjs\react-dom.development.js:14044:35)
    at reconcileChildren (C:\optiplan360_project\frontend\node_modules\react-dom\cjs\react-dom.development.js:19186:28)
    at updateHostComponent (C:\optiplan360_project\frontend\node_modules\react-dom\cjs\react-dom.development.js:19953:3)
    at beginWork (C:\optiplan360_project\frontend\node_modules\react-dom\cjs\react-dom.development.js:21657:14)
    at HTMLUnknownElement.callCallback (C:\optiplan360_project\frontend\node_modules\react-dom\cjs\react-dom.development.js:4164:14)
    at HTMLUnknownElement.callTheUserObjectsOperation (C:\optiplan360_project\frontend\node_modules\jsdom\lib\jsdom\living\generated\EventListener.js:26:30)
    at innerInvokeEventListeners (C:\optiplan360_project\frontend\node_modules\jsdom\lib\jsdom\living\events\EventTarget-impl.js:350:25)
Error: Uncaught [Error: Element type is invalid: expected a string (for built-in components) or a class/function (for composite components) but got: undefined. You likely forgot to export your component from the file it's defined in, or you might have mixed up default and named imports.]
    at reportException (C:\optiplan360_project\frontend\node_modules\jsdom\lib\jsdom\living\helpers\runtime-script-errors.js:66:24)
    at innerInvokeEventListeners (C:\optiplan360_project\frontend\node_modules\jsdom\lib\jsdom\living\events\EventTarget-impl.js:353:9)
    at invokeEventListeners (C:\optiplan360_project\frontend\node_modules\jsdom\lib\jsdom\living\events\EventTarget-impl.js:286:3)
    at HTMLUnknownElementImpl._dispatch (C:\optiplan360_project\frontend\node_modules\jsdom\lib\jsdom\living\events\EventTarget-impl.js:233:9)
    at HTMLUnknownElementImpl.dispatchEvent (C:\optiplan360_project\frontend\node_modules\jsdom\lib\jsdom\living\events\EventTarget-impl.js:104:17)
    at HTMLUnknownElement.dispatchEvent (C:\optiplan360_project\frontend\node_modules\jsdom\lib\jsdom\living\generated\EventTarget.js:241:34)
    at Object.invokeGuardedCallbackDev (C:\optiplan360_project\frontend\node_modules\react-dom\cjs\react-dom.development.js:4213:16)
    at invokeGuardedCallback (C:\optiplan360_project\frontend\node_modules\react-dom\cjs\react-dom.development.js:4277:31)
    at beginWork$1 (C:\optiplan360_project\frontend\node_modules\react-dom\cjs\react-dom.development.js:27490:7)
    at performUnitOfWork (C:\optiplan360_project\frontend\node_modules\react-dom\cjs\react-dom.development.js:26599:12) Error: Element type is invalid: expected a string (for built-in components) or a class/function (for composite components) but got: undefined. You likely forgot to export your component from the file it's defined in, or you might have mixed up default and named imports.
    at createFiberFromTypeAndProps (C:\optiplan360_project\frontend\node_modules\react-dom\cjs\react-dom.development.js:28478:17)
    at createFiberFromElement (C:\optiplan360_project\frontend\node_modules\react-dom\cjs\react-dom.development.js:28504:15)
    at reconcileSingleElement (C:\optiplan360_project\frontend\node_modules\react-dom\cjs\react-dom.development.js:13986:23)
    at reconcileChildFibers (C:\optiplan360_project\frontend\node_modules\react-dom\cjs\react-dom.development.js:14044:35)
    at reconcileChildren (C:\optiplan360_project\frontend\node_modules\react-dom\cjs\react-dom.development.js:19186:28)
    at updateHostComponent (C:\optiplan360_project\frontend\node_modules\react-dom\cjs\react-dom.development.js:19953:3)
    at beginWork (C:\optiplan360_project\frontend\node_modules\react-dom\cjs\react-dom.development.js:21657:14)
    at HTMLUnknownElement.callCallback (C:\optiplan360_project\frontend\node_modules\react-dom\cjs\react-dom.development.js:4164:14)
    at HTMLUnknownElement.callTheUserObjectsOperation (C:\optiplan360_project\frontend\node_modules\jsdom\lib\jsdom\living\generated\EventListener.js:26:30)
    at innerInvokeEventListeners (C:\optiplan360_project\frontend\node_modules\jsdom\lib\jsdom\living\events\EventTarget-impl.js:350:25)
Error: Uncaught [Error: Element type is invalid: expected a string (for built-in components) or a class/function (for composite components) but got: undefined. You likely forgot to export your component from the file it's defined in, or you might have mixed up default and named imports.]
    at reportException (C:\optiplan360_project\frontend\node_modules\jsdom\lib\jsdom\living\helpers\runtime-script-errors.js:66:24)
    at innerInvokeEventListeners (C:\optiplan360_project\frontend\node_modules\jsdom\lib\jsdom\living\events\EventTarget-impl.js:353:9)
    at invokeEventListeners (C:\optiplan360_project\frontend\node_modules\jsdom\lib\jsdom\living\events\EventTarget-impl.js:286:3)
    at HTMLUnknownElementImpl._dispatch (C:\optiplan360_project\frontend\node_modules\jsdom\lib\jsdom\living\events\EventTarget-impl.js:233:9)
    at HTMLUnknownElementImpl.dispatchEvent (C:\optiplan360_project\frontend\node_modules\jsdom\lib\jsdom\living\events\EventTarget-impl.js:104:17)
    at HTMLUnknownElement.dispatchEvent (C:\optiplan360_project\frontend\node_modules\jsdom\lib\jsdom\living\generated\EventTarget.js:241:34)
    at Object.invokeGuardedCallbackDev (C:\optiplan360_project\frontend\node_modules\react-dom\cjs\react-dom.development.js:4213:16)
    at invokeGuardedCallback (C:\optiplan360_project\frontend\node_modules\react-dom\cjs\react-dom.development.js:4277:31)
    at beginWork$1 (C:\optiplan360_project\frontend\node_modules\react-dom\cjs\react-dom.development.js:27490:7)
    at performUnitOfWork (C:\optiplan360_project\frontend\node_modules\react-dom\cjs\react-dom.development.js:26599:12) Error: Element type is invalid: expected a string (for built-in components) or a class/function (for composite components) but got: undefined. You likely forgot to export your component from the file it's defined in, or you might have mixed up default and named imports.
    at createFiberFromTypeAndProps (C:\optiplan360_project\frontend\node_modules\react-dom\cjs\react-dom.development.js:28478:17)
    at createFiberFromElement (C:\optiplan360_project\frontend\node_modules\react-dom\cjs\react-dom.development.js:28504:15)
    at reconcileSingleElement (C:\optiplan360_project\frontend\node_modules\react-dom\cjs\react-dom.development.js:13986:23)
    at reconcileChildFibers (C:\optiplan360_project\frontend\node_modules\react-dom\cjs\react-dom.development.js:14044:35)
    at reconcileChildren (C:\optiplan360_project\frontend\node_modules\react-dom\cjs\react-dom.development.js:19186:28)
    at updateHostComponent (C:\optiplan360_project\frontend\node_modules\react-dom\cjs\react-dom.development.js:19953:3)
    at beginWork (C:\optiplan360_project\frontend\node_modules\react-dom\cjs\react-dom.development.js:21657:14)
    at HTMLUnknownElement.callCallback (C:\optiplan360_project\frontend\node_modules\react-dom\cjs\react-dom.development.js:4164:14)
    at HTMLUnknownElement.callTheUserObjectsOperation (C:\optiplan360_project\frontend\node_modules\jsdom\lib\jsdom\living\generated\EventListener.js:26:30)
    at innerInvokeEventListeners (C:\optiplan360_project\frontend\node_modules\jsdom\lib\jsdom\living\events\EventTarget-impl.js:350:25)
Error: Uncaught [Error: Element type is invalid: expected a string (for built-in components) or a class/function (for composite components) but got: undefined. You likely forgot to export your component from the file it's defined in, or you might have mixed up default and named imports.]
    at reportException (C:\optiplan360_project\frontend\node_modules\jsdom\lib\jsdom\living\helpers\runtime-script-errors.js:66:24)
    at innerInvokeEventListeners (C:\optiplan360_project\frontend\node_modules\jsdom\lib\jsdom\living\events\EventTarget-impl.js:353:9)
    at invokeEventListeners (C:\optiplan360_project\frontend\node_modules\jsdom\lib\jsdom\living\events\EventTarget-impl.js:286:3)
    at HTMLUnknownElementImpl._dispatch (C:\optiplan360_project\frontend\node_modules\jsdom\lib\jsdom\living\events\EventTarget-impl.js:233:9)
    at HTMLUnknownElementImpl.dispatchEvent (C:\optiplan360_project\frontend\node_modules\jsdom\lib\jsdom\living\events\EventTarget-impl.js:104:17)
    at HTMLUnknownElement.dispatchEvent (C:\optiplan360_project\frontend\node_modules\jsdom\lib\jsdom\living\generated\EventTarget.js:241:34)
    at Object.invokeGuardedCallbackDev (C:\optiplan360_project\frontend\node_modules\react-dom\cjs\react-dom.development.js:4213:16)
    at invokeGuardedCallback (C:\optiplan360_project\frontend\node_modules\react-dom\cjs\react-dom.development.js:4277:31)
    at beginWork$1 (C:\optiplan360_project\frontend\node_modules\react-dom\cjs\react-dom.development.js:27490:7)
    at performUnitOfWork (C:\optiplan360_project\frontend\node_modules\react-dom\cjs\react-dom.development.js:26599:12) Error: Element type is invalid: expected a string (for built-in components) or a class/function (for composite components) but got: undefined. You likely forgot to export your component from the file it's defined in, or you might have mixed up default and named imports.
    at createFiberFromTypeAndProps (C:\optiplan360_project\frontend\node_modules\react-dom\cjs\react-dom.development.js:28478:17)
    at createFiberFromElement (C:\optiplan360_project\frontend\node_modules\react-dom\cjs\react-dom.development.js:28504:15)
    at reconcileSingleElement (C:\optiplan360_project\frontend\node_modules\react-dom\cjs\react-dom.development.js:13986:23)
    at reconcileChildFibers (C:\optiplan360_project\frontend\node_modules\react-dom\cjs\react-dom.development.js:14044:35)
    at reconcileChildren (C:\optiplan360_project\frontend\node_modules\react-dom\cjs\react-dom.development.js:19186:28)
    at updateHostComponent (C:\optiplan360_project\frontend\node_modules\react-dom\cjs\react-dom.development.js:19953:3)
    at beginWork (C:\optiplan360_project\frontend\node_modules\react-dom\cjs\react-dom.development.js:21657:14)
    at HTMLUnknownElement.callCallback (C:\optiplan360_project\frontend\node_modules\react-dom\cjs\react-dom.development.js:4164:14)
    at HTMLUnknownElement.callTheUserObjectsOperation (C:\optiplan360_project\frontend\node_modules\jsdom\lib\jsdom\living\generated\EventListener.js:26:30)
    at innerInvokeEventListeners (C:\optiplan360_project\frontend\node_modules\jsdom\lib\jsdom\living\events\EventTarget-impl.js:350:25)
Error: Uncaught [Error: Element type is invalid: expected a string (for built-in components) or a class/function (for composite components) but got: undefined. You likely forgot to export your component from the file it's defined in, or you might have mixed up default and named imports.]
    at reportException (C:\optiplan360_project\frontend\node_modules\jsdom\lib\jsdom\living\helpers\runtime-script-errors.js:66:24)
    at innerInvokeEventListeners (C:\optiplan360_project\frontend\node_modules\jsdom\lib\jsdom\living\events\EventTarget-impl.js:353:9)
    at invokeEventListeners (C:\optiplan360_project\frontend\node_modules\jsdom\lib\jsdom\living\events\EventTarget-impl.js:286:3)
    at HTMLUnknownElementImpl._dispatch (C:\optiplan360_project\frontend\node_modules\jsdom\lib\jsdom\living\events\EventTarget-impl.js:233:9)
    at HTMLUnknownElementImpl.dispatchEvent (C:\optiplan360_project\frontend\node_modules\jsdom\lib\jsdom\living\events\EventTarget-impl.js:104:17)
    at HTMLUnknownElement.dispatchEvent (C:\optiplan360_project\frontend\node_modules\jsdom\lib\jsdom\living\generated\EventTarget.js:241:34)
    at Object.invokeGuardedCallbackDev (C:\optiplan360_project\frontend\node_modules\react-dom\cjs\react-dom.development.js:4213:16)
    at invokeGuardedCallback (C:\optiplan360_project\frontend\node_modules\react-dom\cjs\react-dom.development.js:4277:31)
    at beginWork$1 (C:\optiplan360_project\frontend\node_modules\react-dom\cjs\react-dom.development.js:27490:7)
    at performUnitOfWork (C:\optiplan360_project\frontend\node_modules\react-dom\cjs\react-dom.development.js:26599:12) Error: Element type is invalid: expected a string (for built-in components) or a class/function (for composite components) but got: undefined. You likely forgot to export your component from the file it's defined in, or you might have mixed up default and named imports.
    at createFiberFromTypeAndProps (C:\optiplan360_project\frontend\node_modules\react-dom\cjs\react-dom.development.js:28478:17)
    at createFiberFromElement (C:\optiplan360_project\frontend\node_modules\react-dom\cjs\react-dom.development.js:28504:15)
    at reconcileSingleElement (C:\optiplan360_project\frontend\node_modules\react-dom\cjs\react-dom.development.js:13986:23)
    at reconcileChildFibers (C:\optiplan360_project\frontend\node_modules\react-dom\cjs\react-dom.development.js:14044:35)
    at reconcileChildren (C:\optiplan360_project\frontend\node_modules\react-dom\cjs\react-dom.development.js:19186:28)
    at updateHostComponent (C:\optiplan360_project\frontend\node_modules\react-dom\cjs\react-dom.development.js:19953:3)
    at beginWork (C:\optiplan360_project\frontend\node_modules\react-dom\cjs\react-dom.development.js:21657:14)
    at HTMLUnknownElement.callCallback (C:\optiplan360_project\frontend\node_modules\react-dom\cjs\react-dom.development.js:4164:14)
    at HTMLUnknownElement.callTheUserObjectsOperation (C:\optiplan360_project\frontend\node_modules\jsdom\lib\jsdom\living\generated\EventListener.js:26:30)
    at innerInvokeEventListeners (C:\optiplan360_project\frontend\node_modules\jsdom\lib\jsdom\living\events\EventTarget-impl.js:350:25)
Error: Uncaught [Error: Element type is invalid: expected a string (for built-in components) or a class/function (for composite components) but got: undefined. You likely forgot to export your component from the file it's defined in, or you might have mixed up default and named imports.]
    at reportException (C:\optiplan360_project\frontend\node_modules\jsdom\lib\jsdom\living\helpers\runtime-script-errors.js:66:24)
    at innerInvokeEventListeners (C:\optiplan360_project\frontend\node_modules\jsdom\lib\jsdom\living\events\EventTarget-impl.js:353:9)
    at invokeEventListeners (C:\optiplan360_project\frontend\node_modules\jsdom\lib\jsdom\living\events\EventTarget-impl.js:286:3)
    at HTMLUnknownElementImpl._dispatch (C:\optiplan360_project\frontend\node_modules\jsdom\lib\jsdom\living\events\EventTarget-impl.js:233:9)
    at HTMLUnknownElementImpl.dispatchEvent (C:\optiplan360_project\frontend\node_modules\jsdom\lib\jsdom\living\events\EventTarget-impl.js:104:17)
    at HTMLUnknownElement.dispatchEvent (C:\optiplan360_project\frontend\node_modules\jsdom\lib\jsdom\living\generated\EventTarget.js:241:34)
    at Object.invokeGuardedCallbackDev (C:\optiplan360_project\frontend\node_modules\react-dom\cjs\react-dom.development.js:4213:16)
    at invokeGuardedCallback (C:\optiplan360_project\frontend\node_modules\react-dom\cjs\react-dom.development.js:4277:31)
    at beginWork$1 (C:\optiplan360_project\frontend\node_modules\react-dom\cjs\react-dom.development.js:27490:7)
    at performUnitOfWork (C:\optiplan360_project\frontend\node_modules\react-dom\cjs\react-dom.development.js:26599:12) Error: Element type is invalid: expected a string (for built-in components) or a class/function (for composite components) but got: undefined. You likely forgot to export your component from the file it's defined in, or you might have mixed up default and named imports.
    at createFiberFromTypeAndProps (C:\optiplan360_project\frontend\node_modules\react-dom\cjs\react-dom.development.js:28478:17)
    at createFiberFromElement (C:\optiplan360_project\frontend\node_modules\react-dom\cjs\react-dom.development.js:28504:15)
    at reconcileSingleElement (C:\optiplan360_project\frontend\node_modules\react-dom\cjs\react-dom.development.js:13986:23)
    at reconcileChildFibers (C:\optiplan360_project\frontend\node_modules\react-dom\cjs\react-dom.development.js:14044:35)
    at reconcileChildren (C:\optiplan360_project\frontend\node_modules\react-dom\cjs\react-dom.development.js:19186:28)
    at updateHostComponent (C:\optiplan360_project\frontend\node_modules\react-dom\cjs\react-dom.development.js:19953:3)
    at beginWork (C:\optiplan360_project\frontend\node_modules\react-dom\cjs\react-dom.development.js:21657:14)
    at HTMLUnknownElement.callCallback (C:\optiplan360_project\frontend\node_modules\react-dom\cjs\react-dom.development.js:4164:14)
    at HTMLUnknownElement.callTheUserObjectsOperation (C:\optiplan360_project\frontend\node_modules\jsdom\lib\jsdom\living\generated\EventListener.js:26:30)
    at innerInvokeEventListeners (C:\optiplan360_project\frontend\node_modules\jsdom\lib\jsdom\living\events\EventTarget-impl.js:350:25)
The above error occurred in the <div> component:

    at div
    at button
    at div
    at div
    at div
    at SpotlightSearch (C:\optiplan360_project\frontend\src\components\Layout\SpotlightSearch.tsx:343:28)

Consider adding an error boundary to your tree to customize error handling behavior.
Visit https://reactjs.org/link/error-boundaries to learn more about error boundaries.
The above error occurred in the <div> component:

    at div
    at button
    at div
    at div
    at div
    at SpotlightSearch (C:\optiplan360_project\frontend\src\components\Layout\SpotlightSearch.tsx:343:28)

Consider adding an error boundary to your tree to customize error handling behavior.
Visit https://reactjs.org/link/error-boundaries to learn more about error boundaries.
The above error occurred in the <div> component:

    at div
    at button
    at div
    at div
    at div
    at SpotlightSearch (C:\optiplan360_project\frontend\src\components\Layout\SpotlightSearch.tsx:343:28)

Consider adding an error boundary to your tree to customize error handling behavior.
Visit https://reactjs.org/link/error-boundaries to learn more about error boundaries.

stderr | src/features/OptiPlanWorkflow/SiparisKontrolPage.test.tsx > SiparisKontrolPage > y├╝kleme s─▒ras─▒nda spinner metni g├Âsterir
Warning: An update to SiparisKontrolPage inside a test was not wrapped in act(...).

When testing, code that causes React state updates should be wrapped into act(...):

act(() => {
  /* fire events that update state */
});
/* assert on the output */

This ensures that you're testing the behavior the user would see in the browser. Learn more at https://reactjs.org/link/wrap-tests-with-act
    at SiparisKontrolPage (C:\optiplan360_project\frontend\src\features\OptiPlanWorkflow\SiparisKontrolPage.tsx:22:69)
Warning: An update to SiparisKontrolPage inside a test was not wrapped in act(...).

When testing, code that causes React state updates should be wrapped into act(...):

act(() => {
  /* fire events that update state */
});
/* assert on the output */

This ensures that you're testing the behavior the user would see in the browser. Learn more at https://reactjs.org/link/wrap-tests-with-act
    at SiparisKontrolPage (C:\optiplan360_project\frontend\src\features\OptiPlanWorkflow\SiparisKontrolPage.tsx:22:69)
Warning: An update to SiparisKontrolPage inside a test was not wrapped in act(...).

When testing, code that causes React state updates should be wrapped into act(...):

act(() => {
  /* fire events that update state */
});
/* assert on the output */

This ensures that you're testing the behavior the user would see in the browser. Learn more at https://reactjs.org/link/wrap-tests-with-act
    at SiparisKontrolPage (C:\optiplan360_project\frontend\src\features\OptiPlanWorkflow\SiparisKontrolPage.tsx:22:69)
Warning: An update to SiparisKontrolPage inside a test was not wrapped in act(...).

When testing, code that causes React state updates should be wrapped into act(...):

act(() => {
  /* fire events that update state */
});
/* assert on the output */

This ensures that you're testing the behavior the user would see in the browser. Learn more at https://reactjs.org/link/wrap-tests-with-act
    at SiparisKontrolPage (C:\optiplan360_project\frontend\src\features\OptiPlanWorkflow\SiparisKontrolPage.tsx:22:69)
Warning: An update to SiparisKontrolPage inside a test was not wrapped in act(...).

When testing, code that causes React state updates should be wrapped into act(...):

act(() => {
  /* fire events that update state */
});
/* assert on the output */

This ensures that you're testing the behavior the user would see in the browser. Learn more at https://reactjs.org/link/wrap-tests-with-act
    at SiparisKontrolPage (C:\optiplan360_project\frontend\src\features\OptiPlanWorkflow\SiparisKontrolPage.tsx:22:69)
Warning: An update to SiparisKontrolPage inside a test was not wrapped in act(...).

When testing, code that causes React state updates should be wrapped into act(...):

act(() => {
  /* fire events that update state */
});
/* assert on the output */

This ensures that you're testing the behavior the user would see in the browser. Learn more at https://reactjs.org/link/wrap-tests-with-act
    at SiparisKontrolPage (C:\optiplan360_project\frontend\src\features\OptiPlanWorkflow\SiparisKontrolPage.tsx:22:69)
Warning: An update to SiparisKontrolPage inside a test was not wrapped in act(...).

When testing, code that causes React state updates should be wrapped into act(...):

act(() => {
  /* fire events that update state */
});
/* assert on the output */

This ensures that you're testing the behavior the user would see in the browser. Learn more at https://reactjs.org/link/wrap-tests-with-act
    at SiparisKontrolPage (C:\optiplan360_project\frontend\src\features\OptiPlanWorkflow\SiparisKontrolPage.tsx:22:69)
Warning: An update to SiparisKontrolPage inside a test was not wrapped in act(...).

When testing, code that causes React state updates should be wrapped into act(...):

act(() => {
  /* fire events that update state */
});
/* assert on the output */

This ensures that you're testing the behavior the user would see in the browser. Learn more at https://reactjs.org/link/wrap-tests-with-act
    at SiparisKontrolPage (C:\optiplan360_project\frontend\src\features\OptiPlanWorkflow\SiparisKontrolPage.tsx:22:69)
Warning: An update to SiparisKontrolPage inside a test was not wrapped in act(...).

When testing, code that causes React state updates should be wrapped into act(...):

act(() => {
  /* fire events that update state */
});
/* assert on the output */

This ensures that you're testing the behavior the user would see in the browser. Learn more at https://reactjs.org/link/wrap-tests-with-act
    at SiparisKontrolPage (C:\optiplan360_project\frontend\src\features\OptiPlanWorkflow\SiparisKontrolPage.tsx:22:69)

 [32mÔ£ô[39m src/components/Layout/__tests__/Sidebar.test.tsx [2m([22m[2m5 tests[22m[2m)[22m[32m 266[2mms[22m[39m
stderr | src/components/Layout/__tests__/SpotlightSearch.test.tsx > SpotlightSearch > yeni siparis aksiyonunu order-editor rotasina baglar
Error: Uncaught [Error: Element type is invalid: expected a string (for built-in components) or a class/function (for composite components) but got: undefined. You likely forgot to export your component from the file it's defined in, or you might have mixed up default and named imports.]
    at reportException (C:\optiplan360_project\frontend\node_modules\jsdom\lib\jsdom\living\helpers\runtime-script-errors.js:66:24)
    at innerInvokeEventListeners (C:\optiplan360_project\frontend\node_modules\jsdom\lib\jsdom\living\events\EventTarget-impl.js:353:9)
    at invokeEventListeners (C:\optiplan360_project\frontend\node_modules\jsdom\lib\jsdom\living\events\EventTarget-impl.js:286:3)
    at HTMLUnknownElementImpl._dispatch (C:\optiplan360_project\frontend\node_modules\jsdom\lib\jsdom\living\events\EventTarget-impl.js:233:9)
    at HTMLUnknownElementImpl.dispatchEvent (C:\optiplan360_project\frontend\node_modules\jsdom\lib\jsdom\living\events\EventTarget-impl.js:104:17)
    at HTMLUnknownElement.dispatchEvent (C:\optiplan360_project\frontend\node_modules\jsdom\lib\jsdom\living\generated\EventTarget.js:241:34)
    at Object.invokeGuardedCallbackDev (C:\optiplan360_project\frontend\node_modules\react-dom\cjs\react-dom.development.js:4213:16)
    at invokeGuardedCallback (C:\optiplan360_project\frontend\node_modules\react-dom\cjs\react-dom.development.js:4277:31)
    at beginWork$1 (C:\optiplan360_project\frontend\node_modules\react-dom\cjs\react-dom.development.js:27490:7)
    at performUnitOfWork (C:\optiplan360_project\frontend\node_modules\react-dom\cjs\react-dom.development.js:26599:12) Error: Element type is invalid: expected a string (for built-in components) or a class/function (for composite components) but got: undefined. You likely forgot to export your component from the file it's defined in, or you might have mixed up default and named imports.
    at createFiberFromTypeAndProps (C:\optiplan360_project\frontend\node_modules\react-dom\cjs\react-dom.development.js:28478:17)
    at createFiberFromElement (C:\optiplan360_project\frontend\node_modules\react-dom\cjs\react-dom.development.js:28504:15)
    at reconcileSingleElement (C:\optiplan360_project\frontend\node_modules\react-dom\cjs\react-dom.development.js:13986:23)
    at reconcileChildFibers (C:\optiplan360_project\frontend\node_modules\react-dom\cjs\react-dom.development.js:14044:35)
    at reconcileChildren (C:\optiplan360_project\frontend\node_modules\react-dom\cjs\react-dom.development.js:19186:28)
    at updateHostComponent (C:\optiplan360_project\frontend\node_modules\react-dom\cjs\react-dom.development.js:19953:3)
    at beginWork (C:\optiplan360_project\frontend\node_modules\react-dom\cjs\react-dom.development.js:21657:14)
    at HTMLUnknownElement.callCallback (C:\optiplan360_project\frontend\node_modules\react-dom\cjs\react-dom.development.js:4164:14)
    at HTMLUnknownElement.callTheUserObjectsOperation (C:\optiplan360_project\frontend\node_modules\jsdom\lib\jsdom\living\generated\EventListener.js:26:30)
    at innerInvokeEventListeners (C:\optiplan360_project\frontend\node_modules\jsdom\lib\jsdom\living\events\EventTarget-impl.js:350:25)
Error: Uncaught [Error: Element type is invalid: expected a string (for built-in components) or a class/function (for composite components) but got: undefined. You likely forgot to export your component from the file it's defined in, or you might have mixed up default and named imports.]
    at reportException (C:\optiplan360_project\frontend\node_modules\jsdom\lib\jsdom\living\helpers\runtime-script-errors.js:66:24)
    at innerInvokeEventListeners (C:\optiplan360_project\frontend\node_modules\jsdom\lib\jsdom\living\events\EventTarget-impl.js:353:9)
    at invokeEventListeners (C:\optiplan360_project\frontend\node_modules\jsdom\lib\jsdom\living\events\EventTarget-impl.js:286:3)
    at HTMLUnknownElementImpl._dispatch (C:\optiplan360_project\frontend\node_modules\jsdom\lib\jsdom\living\events\EventTarget-impl.js:233:9)
    at HTMLUnknownElementImpl.dispatchEvent (C:\optiplan360_project\frontend\node_modules\jsdom\lib\jsdom\living\events\EventTarget-impl.js:104:17)
    at HTMLUnknownElement.dispatchEvent (C:\optiplan360_project\frontend\node_modules\jsdom\lib\jsdom\living\generated\EventTarget.js:241:34)
    at Object.invokeGuardedCallbackDev (C:\optiplan360_project\frontend\node_modules\react-dom\cjs\react-dom.development.js:4213:16)
    at invokeGuardedCallback (C:\optiplan360_project\frontend\node_modules\react-dom\cjs\react-dom.development.js:4277:31)
    at beginWork$1 (C:\optiplan360_project\frontend\node_modules\react-dom\cjs\react-dom.development.js:27490:7)
    at performUnitOfWork (C:\optiplan360_project\frontend\node_modules\react-dom\cjs\react-dom.development.js:26599:12) Error: Element type is invalid: expected a string (for built-in components) or a class/function (for composite components) but got: undefined. You likely forgot to export your component from the file it's defined in, or you might have mixed up default and named imports.
    at createFiberFromTypeAndProps (C:\optiplan360_project\frontend\node_modules\react-dom\cjs\react-dom.development.js:28478:17)
    at createFiberFromElement (C:\optiplan360_project\frontend\node_modules\react-dom\cjs\react-dom.development.js:28504:15)
    at reconcileSingleElement (C:\optiplan360_project\frontend\node_modules\react-dom\cjs\react-dom.development.js:13986:23)
    at reconcileChildFibers (C:\optiplan360_project\frontend\node_modules\react-dom\cjs\react-dom.development.js:14044:35)
    at reconcileChildren (C:\optiplan360_project\frontend\node_modules\react-dom\cjs\react-dom.development.js:19186:28)
    at updateHostComponent (C:\optiplan360_project\frontend\node_modules\react-dom\cjs\react-dom.development.js:19953:3)
    at beginWork (C:\optiplan360_project\frontend\node_modules\react-dom\cjs\react-dom.development.js:21657:14)
    at HTMLUnknownElement.callCallback (C:\optiplan360_project\frontend\node_modules\react-dom\cjs\react-dom.development.js:4164:14)
    at HTMLUnknownElement.callTheUserObjectsOperation (C:\optiplan360_project\frontend\node_modules\jsdom\lib\jsdom\living\generated\EventListener.js:26:30)
    at innerInvokeEventListeners (C:\optiplan360_project\frontend\node_modules\jsdom\lib\jsdom\living\events\EventTarget-impl.js:350:25)
Error: Uncaught [Error: Element type is invalid: expected a string (for built-in components) or a class/function (for composite components) but got: undefined. You likely forgot to export your component from the file it's defined in, or you might have mixed up default and named imports.]
    at reportException (C:\optiplan360_project\frontend\node_modules\jsdom\lib\jsdom\living\helpers\runtime-script-errors.js:66:24)
    at innerInvokeEventListeners (C:\optiplan360_project\frontend\node_modules\jsdom\lib\jsdom\living\events\EventTarget-impl.js:353:9)
    at invokeEventListeners (C:\optiplan360_project\frontend\node_modules\jsdom\lib\jsdom\living\events\EventTarget-impl.js:286:3)
    at HTMLUnknownElementImpl._dispatch (C:\optiplan360_project\frontend\node_modules\jsdom\lib\jsdom\living\events\EventTarget-impl.js:233:9)
    at HTMLUnknownElementImpl.dispatchEvent (C:\optiplan360_project\frontend\node_modules\jsdom\lib\jsdom\living\events\EventTarget-impl.js:104:17)
    at HTMLUnknownElement.dispatchEvent (C:\optiplan360_project\frontend\node_modules\jsdom\lib\jsdom\living\generated\EventTarget.js:241:34)
    at Object.invokeGuardedCallbackDev (C:\optiplan360_project\frontend\node_modules\react-dom\cjs\react-dom.development.js:4213:16)
    at invokeGuardedCallback (C:\optiplan360_project\frontend\node_modules\react-dom\cjs\react-dom.development.js:4277:31)
    at beginWork$1 (C:\optiplan360_project\frontend\node_modules\react-dom\cjs\react-dom.development.js:27490:7)
    at performUnitOfWork (C:\optiplan360_project\frontend\node_modules\react-dom\cjs\react-dom.development.js:26599:12) Error: Element type is invalid: expected a string (for built-in components) or a class/function (for composite components) but got: undefined. You likely forgot to export your component from the file it's defined in, or you might have mixed up default and named imports.
    at createFiberFromTypeAndProps (C:\optiplan360_project\frontend\node_modules\react-dom\cjs\react-dom.development.js:28478:17)
    at createFiberFromElement (C:\optiplan360_project\frontend\node_modules\react-dom\cjs\react-dom.development.js:28504:15)
    at reconcileSingleElement (C:\optiplan360_project\frontend\node_modules\react-dom\cjs\react-dom.development.js:13986:23)
    at reconcileChildFibers (C:\optiplan360_project\frontend\node_modules\react-dom\cjs\react-dom.development.js:14044:35)
    at reconcileChildren (C:\optiplan360_project\frontend\node_modules\react-dom\cjs\react-dom.development.js:19186:28)
    at updateHostComponent (C:\optiplan360_project\frontend\node_modules\react-dom\cjs\react-dom.development.js:19953:3)
    at beginWork (C:\optiplan360_project\frontend\node_modules\react-dom\cjs\react-dom.development.js:21657:14)
    at HTMLUnknownElement.callCallback (C:\optiplan360_project\frontend\node_modules\react-dom\cjs\react-dom.development.js:4164:14)
    at HTMLUnknownElement.callTheUserObjectsOperation (C:\optiplan360_project\frontend\node_modules\jsdom\lib\jsdom\living\generated\EventListener.js:26:30)
    at innerInvokeEventListeners (C:\optiplan360_project\frontend\node_modules\jsdom\lib\jsdom\living\events\EventTarget-impl.js:350:25)
Error: Uncaught [Error: Element type is invalid: expected a string (for built-in components) or a class/function (for composite components) but got: undefined. You likely forgot to export your component from the file it's defined in, or you might have mixed up default and named imports.]
    at reportException (C:\optiplan360_project\frontend\node_modules\jsdom\lib\jsdom\living\helpers\runtime-script-errors.js:66:24)
    at innerInvokeEventListeners (C:\optiplan360_project\frontend\node_modules\jsdom\lib\jsdom\living\events\EventTarget-impl.js:353:9)
    at invokeEventListeners (C:\optiplan360_project\frontend\node_modules\jsdom\lib\jsdom\living\events\EventTarget-impl.js:286:3)
    at HTMLUnknownElementImpl._dispatch (C:\optiplan360_project\frontend\node_modules\jsdom\lib\jsdom\living\events\EventTarget-impl.js:233:9)
    at HTMLUnknownElementImpl.dispatchEvent (C:\optiplan360_project\frontend\node_modules\jsdom\lib\jsdom\living\events\EventTarget-impl.js:104:17)
    at HTMLUnknownElement.dispatchEvent (C:\optiplan360_project\frontend\node_modules\jsdom\lib\jsdom\living\generated\EventTarget.js:241:34)
    at Object.invokeGuardedCallbackDev (C:\optiplan360_project\frontend\node_modules\react-dom\cjs\react-dom.development.js:4213:16)
    at invokeGuardedCallback (C:\optiplan360_project\frontend\node_modules\react-dom\cjs\react-dom.development.js:4277:31)
    at beginWork$1 (C:\optiplan360_project\frontend\node_modules\react-dom\cjs\react-dom.development.js:27490:7)
    at performUnitOfWork (C:\optiplan360_project\frontend\node_modules\react-dom\cjs\react-dom.development.js:26599:12) Error: Element type is invalid: expected a string (for built-in components) or a class/function (for composite components) but got: undefined. You likely forgot to export your component from the file it's defined in, or you might have mixed up default and named imports.
    at createFiberFromTypeAndProps (C:\optiplan360_project\frontend\node_modules\react-dom\cjs\react-dom.development.js:28478:17)
    at createFiberFromElement (C:\optiplan360_project\frontend\node_modules\react-dom\cjs\react-dom.development.js:28504:15)
    at reconcileSingleElement (C:\optiplan360_project\frontend\node_modules\react-dom\cjs\react-dom.development.js:13986:23)
    at reconcileChildFibers (C:\optiplan360_project\frontend\node_modules\react-dom\cjs\react-dom.development.js:14044:35)
    at reconcileChildren (C:\optiplan360_project\frontend\node_modules\react-dom\cjs\react-dom.development.js:19186:28)
    at updateHostComponent (C:\optiplan360_project\frontend\node_modules\react-dom\cjs\react-dom.development.js:19953:3)
    at beginWork (C:\optiplan360_project\frontend\node_modules\react-dom\cjs\react-dom.development.js:21657:14)
    at HTMLUnknownElement.callCallback (C:\optiplan360_project\frontend\node_modules\react-dom\cjs\react-dom.development.js:4164:14)
    at HTMLUnknownElement.callTheUserObjectsOperation (C:\optiplan360_project\frontend\node_modules\jsdom\lib\jsdom\living\generated\EventListener.js:26:30)
    at innerInvokeEventListeners (C:\optiplan360_project\frontend\node_modules\jsdom\lib\jsdom\living\events\EventTarget-impl.js:350:25)
Error: Uncaught [Error: Element type is invalid: expected a string (for built-in components) or a class/function (for composite components) but got: undefined. You likely forgot to export your component from the file it's defined in, or you might have mixed up default and named imports.]
    at reportException (C:\optiplan360_project\frontend\node_modules\jsdom\lib\jsdom\living\helpers\runtime-script-errors.js:66:24)
    at innerInvokeEventListeners (C:\optiplan360_project\frontend\node_modules\jsdom\lib\jsdom\living\events\EventTarget-impl.js:353:9)
    at invokeEventListeners (C:\optiplan360_project\frontend\node_modules\jsdom\lib\jsdom\living\events\EventTarget-impl.js:286:3)
    at HTMLUnknownElementImpl._dispatch (C:\optiplan360_project\frontend\node_modules\jsdom\lib\jsdom\living\events\EventTarget-impl.js:233:9)
    at HTMLUnknownElementImpl.dispatchEvent (C:\optiplan360_project\frontend\node_modules\jsdom\lib\jsdom\living\events\EventTarget-impl.js:104:17)
    at HTMLUnknownElement.dispatchEvent (C:\optiplan360_project\frontend\node_modules\jsdom\lib\jsdom\living\generated\EventTarget.js:241:34)
    at Object.invokeGuardedCallbackDev (C:\optiplan360_project\frontend\node_modules\react-dom\cjs\react-dom.development.js:4213:16)
    at invokeGuardedCallback (C:\optiplan360_project\frontend\node_modules\react-dom\cjs\react-dom.development.js:4277:31)
    at beginWork$1 (C:\optiplan360_project\frontend\node_modules\react-dom\cjs\react-dom.development.js:27490:7)
    at performUnitOfWork (C:\optiplan360_project\frontend\node_modules\react-dom\cjs\react-dom.development.js:26599:12) Error: Element type is invalid: expected a string (for built-in components) or a class/function (for composite components) but got: undefined. You likely forgot to export your component from the file it's defined in, or you might have mixed up default and named imports.
    at createFiberFromTypeAndProps (C:\optiplan360_project\frontend\node_modules\react-dom\cjs\react-dom.development.js:28478:17)
    at createFiberFromElement (C:\optiplan360_project\frontend\node_modules\react-dom\cjs\react-dom.development.js:28504:15)
    at reconcileSingleElement (C:\optiplan360_project\frontend\node_modules\react-dom\cjs\react-dom.development.js:13986:23)
    at reconcileChildFibers (C:\optiplan360_project\frontend\node_modules\react-dom\cjs\react-dom.development.js:14044:35)
    at reconcileChildren (C:\optiplan360_project\frontend\node_modules\react-dom\cjs\react-dom.development.js:19186:28)
    at updateHostComponent (C:\optiplan360_project\frontend\node_modules\react-dom\cjs\react-dom.development.js:19953:3)
    at beginWork (C:\optiplan360_project\frontend\node_modules\react-dom\cjs\react-dom.development.js:21657:14)
    at HTMLUnknownElement.callCallback (C:\optiplan360_project\frontend\node_modules\react-dom\cjs\react-dom.development.js:4164:14)
    at HTMLUnknownElement.callTheUserObjectsOperation (C:\optiplan360_project\frontend\node_modules\jsdom\lib\jsdom\living\generated\EventListener.js:26:30)
    at innerInvokeEventListeners (C:\optiplan360_project\frontend\node_modules\jsdom\lib\jsdom\living\events\EventTarget-impl.js:350:25)
Error: Uncaught [Error: Element type is invalid: expected a string (for built-in components) or a class/function (for composite components) but got: undefined. You likely forgot to export your component from the file it's defined in, or you might have mixed up default and named imports.]
    at reportException (C:\optiplan360_project\frontend\node_modules\jsdom\lib\jsdom\living\helpers\runtime-script-errors.js:66:24)
    at innerInvokeEventListeners (C:\optiplan360_project\frontend\node_modules\jsdom\lib\jsdom\living\events\EventTarget-impl.js:353:9)
    at invokeEventListeners (C:\optiplan360_project\frontend\node_modules\jsdom\lib\jsdom\living\events\EventTarget-impl.js:286:3)
    at HTMLUnknownElementImpl._dispatch (C:\optiplan360_project\frontend\node_modules\jsdom\lib\jsdom\living\events\EventTarget-impl.js:233:9)
    at HTMLUnknownElementImpl.dispatchEvent (C:\optiplan360_project\frontend\node_modules\jsdom\lib\jsdom\living\events\EventTarget-impl.js:104:17)
    at HTMLUnknownElement.dispatchEvent (C:\optiplan360_project\frontend\node_modules\jsdom\lib\jsdom\living\generated\EventTarget.js:241:34)
    at Object.invokeGuardedCallbackDev (C:\optiplan360_project\frontend\node_modules\react-dom\cjs\react-dom.development.js:4213:16)
    at invokeGuardedCallback (C:\optiplan360_project\frontend\node_modules\react-dom\cjs\react-dom.development.js:4277:31)
    at beginWork$1 (C:\optiplan360_project\frontend\node_modules\react-dom\cjs\react-dom.development.js:27490:7)
    at performUnitOfWork (C:\optiplan360_project\frontend\node_modules\react-dom\cjs\react-dom.development.js:26599:12) Error: Element type is invalid: expected a string (for built-in components) or a class/function (for composite components) but got: undefined. You likely forgot to export your component from the file it's defined in, or you might have mixed up default and named imports.
    at createFiberFromTypeAndProps (C:\optiplan360_project\frontend\node_modules\react-dom\cjs\react-dom.development.js:28478:17)
    at createFiberFromElement (C:\optiplan360_project\frontend\node_modules\react-dom\cjs\react-dom.development.js:28504:15)
    at reconcileSingleElement (C:\optiplan360_project\frontend\node_modules\react-dom\cjs\react-dom.development.js:13986:23)
    at reconcileChildFibers (C:\optiplan360_project\frontend\node_modules\react-dom\cjs\react-dom.development.js:14044:35)
    at reconcileChildren (C:\optiplan360_project\frontend\node_modules\react-dom\cjs\react-dom.development.js:19186:28)
    at updateHostComponent (C:\optiplan360_project\frontend\node_modules\react-dom\cjs\react-dom.development.js:19953:3)
    at beginWork (C:\optiplan360_project\frontend\node_modules\react-dom\cjs\react-dom.development.js:21657:14)
    at HTMLUnknownElement.callCallback (C:\optiplan360_project\frontend\node_modules\react-dom\cjs\react-dom.development.js:4164:14)
    at HTMLUnknownElement.callTheUserObjectsOperation (C:\optiplan360_project\frontend\node_modules\jsdom\lib\jsdom\living\generated\EventListener.js:26:30)
    at innerInvokeEventListeners (C:\optiplan360_project\frontend\node_modules\jsdom\lib\jsdom\living\events\EventTarget-impl.js:350:25)
The above error occurred in the <div> component:

    at div
    at button
    at div
    at div
    at div
    at SpotlightSearch (C:\optiplan360_project\frontend\src\components\Layout\SpotlightSearch.tsx:343:28)

Consider adding an error boundary to your tree to customize error handling behavior.
Visit https://reactjs.org/link/error-boundaries to learn more about error boundaries.
The above error occurred in the <div> component:

    at div
    at button
    at div
    at div
    at div
    at SpotlightSearch (C:\optiplan360_project\frontend\src\components\Layout\SpotlightSearch.tsx:343:28)

Consider adding an error boundary to your tree to customize error handling behavior.
Visit https://reactjs.org/link/error-boundaries to learn more about error boundaries.
The above error occurred in the <div> component:

    at div
    at button
    at div
    at div
    at div
    at SpotlightSearch (C:\optiplan360_project\frontend\src\components\Layout\SpotlightSearch.tsx:343:28)

Consider adding an error boundary to your tree to customize error handling behavior.
Visit https://reactjs.org/link/error-boundaries to learn more about error boundaries.

 [31mÔØ»[39m src/components/Layout/__tests__/SpotlightSearch.test.tsx [2m([22m[2m5 tests[22m[2m | [22m[31m5 failed[39m[2m)[22m[32m 273[2mms[22m[39m
[31m   [31m├ù[31m SpotlightSearch[2m > [22mhizli erisim sonucunda siparis teklif stok cari sirasini korur[39m[32m 80[2mms[22m[39m
[31m     ÔåÆ Element type is invalid: expected a string (for built-in components) or a class/function (for composite components) but got: undefined. You likely forgot to export your component from the file it's defined in, or you might have mixed up default and named imports.[39m
[31m   [31m├ù[31m SpotlightSearch[2m > [22msiparisler sonucunu liste rotasina yonlendirir[39m[32m 33[2mms[22m[39m
[31m     ÔåÆ Element type is invalid: expected a string (for built-in components) or a class/function (for composite components) but got: undefined. You likely forgot to export your component from the file it's defined in, or you might have mixed up default and named imports.[39m
[31m   [31m├ù[31m SpotlightSearch[2m > [22mteklif fisini bagimsiz modul rotasina yonlendirir[39m[32m 53[2mms[22m[39m
[31m     ÔåÆ Element type is invalid: expected a string (for built-in components) or a class/function (for composite components) but got: undefined. You likely forgot to export your component from the file it's defined in, or you might have mixed up default and named imports.[39m
[31m   [31m├ù[31m SpotlightSearch[2m > [22mworkflow ve optiplan job kayitlarini ortak katalogdan aratir[39m[32m 57[2mms[22m[39m
[31m     ÔåÆ Element type is invalid: expected a string (for built-in components) or a class/function (for composite components) but got: undefined. You likely forgot to export your component from the file it's defined in, or you might have mixed up default and named imports.[39m
[31m   [31m├ù[31m SpotlightSearch[2m > [22myeni siparis aksiyonunu order-editor rotasina baglar[39m[32m 48[2mms[22m[39m
[31m     ÔåÆ Element type is invalid: expected a string (for built-in components) or a class/function (for composite components) but got: undefined. You likely forgot to export your component from the file it's defined in, or you might have mixed up default and named imports.[39m
 [32mÔ£ô[39m src/features/SystemBackbone/SystemBackbonePage.test.tsx [2m([22m[2m7 tests[22m[2m)[22m[33m 503[2mms[22m[39m
 [32mÔ£ô[39m src/app/AppShell.route.test.tsx [2m([22m[2m6 tests[22m[2m)[22m[33m 312[2mms[22m[39m
 [32mÔ£ô[39m src/components/Shared/IntegrationReadonlyPanel.test.tsx [2m([22m[2m3 tests[22m[2m)[22m[32m 283[2mms[22m[39m
 [32mÔ£ô[39m src/components/Layout/__tests__/MenuBar.test.tsx [2m([22m[2m2 tests[22m[2m)[22m[32m 139[2mms[22m[39m
stderr | src/features/CRM/QuotesTab.test.tsx
Teklifler y├╝klenemedi: Error: Sunucuya baglanilamadi. API servisinin calistigini kontrol edin.
    at Module.apiRequest (C:\optiplan360_project\frontend\src\services\apiClient.ts:522:11)
    at processTicksAndRejections (node:internal/process/task_queues:95:5)
    at Object.listQuotes (C:\optiplan360_project\frontend\src\services\crmService.ts:1297:21)
    at loadQuotes (C:\optiplan360_project\frontend\src\features\CRM\CRMPage.tsx:2154:20)

 [31mÔØ»[39m src/features/CRM/QuotesTab.test.tsx [2m([22m[2m1 test[22m[2m | [22m[31m1 failed[39m[2m)[22m[32m 64[2mms[22m[39m
[31m   [31m├ù[31m QuotesTab[2m > [22mteklif tekrar yuzeyini kapatip kullaniciyi bagimsiz Teklif Fisi mod├╝l├╝ne yonlendirir[39m[32m 62[2mms[22m[39m
[31m     ÔåÆ Unable to find an element with the text: Teklif Yuzeyi Tekillestirildi. This could be because the text is broken up by multiple elements. In this case, you can provide a function for your text matcher to make your matcher more flexible.

Ignored nodes: comments, script, style
[36m<body>[31m
  [36m<div>[31m
    [36m<div[31m
      [33mclass[31m=[32m"shared-card"[31m
    [36m>[31m
      [36m<div[31m
        [33mclass[31m=[32m"shared-card-header"[31m
      [36m>[31m
        [36m<div[31m
          [33mclass[31m=[32m"shared-card-heading"[31m
        [36m>[31m
          [36m<div[31m
            [33mclass[31m=[32m"shared-card-title-wrap"[31m
          [36m>[31m
            [36m<span[31m
              [33mclass[31m=[32m"shared-card-title"[31m
            [36m>[31m
              [0mTeklifler[0m
            [36m</span>[31m
          [36m</div>[31m
        [36m</div>[31m
      [36m</div>[31m
      [36m<div[31m
        [33mclass[31m=[32m"shared-card-body has-header"[31m
      [36m>[31m
        [36m<div[31m
          [33mstyle[31m=[32m"padding: 20px;"[31m
        [36m>[31m
          [0mY├╝kleniyor...[0m
        [36m</div>[31m
      [36m</div>[31m
    [36m</div>[31m
  [36m</div>[31m
[36m</body>[31m[39m
 [32mÔ£ô[39m src/features/Payment/ReminderPanel.test.tsx [2m([22m[2m1 test[22m[2m)[22m[32m 227[2mms[22m[39m
 [32mÔ£ô[39m src/features/Dashboard/SimpleDashboard.test.tsx [2m([22m[2m2 tests[22m[2m)[22m[32m 248[2mms[22m[39m
 [32mÔ£ô[39m src/features/Admin/shared/TelemetryFiltersBar.test.tsx [2m([22m[2m4 tests[22m[2m)[22m[32m 255[2mms[22m[39m
 [31mÔØ»[39m src/features/Integration/IntegrationHealth.test.tsx [2m([22m[2m1 test[22m[2m | [22m[31m1 failed[39m[2m)[22m[32m 227[2mms[22m[39m
[31m   [31m├ù[31m IntegrationHealth[2m > [22mread-only entegrasyon hatasini ve hata kodunu gorunur kilir[39m[32m 225[2mms[22m[39m
[31m     ÔåÆ expected 'margin-top: 4px; padding: 8px; borderÔÇĞ' to contain 'color: rgb(243, 244, 246)'[39m
stderr | src/features/CRM/TeklifFisiPage.test.tsx > TeklifFisiPage > bagimsiz teklif fisi sayfasini, quote detayini ve teknik aktarim panelini gosterir
Warning: React.jsx: type is invalid -- expected a string (for built-in components) or a class/function (for composite components) but got: undefined. You likely forgot to export your component from the file it's defined in, or you might have mixed up default and named imports.

Check your code at ModuleSurfacePanels.tsx:56.
    at ModuleSurfacePanelCard (C:\optiplan360_project\frontend\src\components\Shared\ModuleSurfacePanels.tsx:8:3)
    at div
    at ModuleSurfaceInsightGrid (C:\optiplan360_project\frontend\src\components\Shared\ModuleSurfacePanels.tsx:83:37)
    at div
    at div
    at TeklifFisiPage
Error: Uncaught [Error: Element type is invalid: expected a string (for built-in components) or a class/function (for composite components) but got: undefined. You likely forgot to export your component from the file it's defined in, or you might have mixed up default and named imports.

Check the render method of `ModuleSurfacePanelCard`.]
    at reportException (C:\optiplan360_project\frontend\node_modules\jsdom\lib\jsdom\living\helpers\runtime-script-errors.js:66:24)
    at innerInvokeEventListeners (C:\optiplan360_project\frontend\node_modules\jsdom\lib\jsdom\living\events\EventTarget-impl.js:353:9)
    at invokeEventListeners (C:\optiplan360_project\frontend\node_modules\jsdom\lib\jsdom\living\events\EventTarget-impl.js:286:3)
    at HTMLUnknownElementImpl._dispatch (C:\optiplan360_project\frontend\node_modules\jsdom\lib\jsdom\living\events\EventTarget-impl.js:233:9)
    at HTMLUnknownElementImpl.dispatchEvent (C:\optiplan360_project\frontend\node_modules\jsdom\lib\jsdom\living\events\EventTarget-impl.js:104:17)
    at HTMLUnknownElement.dispatchEvent (C:\optiplan360_project\frontend\node_modules\jsdom\lib\jsdom\living\generated\EventTarget.js:241:34)
    at Object.invokeGuardedCallbackDev (C:\optiplan360_project\frontend\node_modules\react-dom\cjs\react-dom.development.js:4213:16)
    at invokeGuardedCallback (C:\optiplan360_project\frontend\node_modules\react-dom\cjs\react-dom.development.js:4277:31)
    at beginWork$1 (C:\optiplan360_project\frontend\node_modules\react-dom\cjs\react-dom.development.js:27490:7)
    at performUnitOfWork (C:\optiplan360_project\frontend\node_modules\react-dom\cjs\react-dom.development.js:26599:12) Error: Element type is invalid: expected a string (for built-in components) or a class/function (for composite components) but got: undefined. You likely forgot to export your component from the file it's defined in, or you might have mixed up default and named imports.

Check the render method of `ModuleSurfacePanelCard`.
    at createFiberFromTypeAndProps (C:\optiplan360_project\frontend\node_modules\react-dom\cjs\react-dom.development.js:28478:17)
    at createFiberFromElement (C:\optiplan360_project\frontend\node_modules\react-dom\cjs\react-dom.development.js:28504:15)
    at reconcileSingleElement (C:\optiplan360_project\frontend\node_modules\react-dom\cjs\react-dom.development.js:13986:23)
    at reconcileChildFibers (C:\optiplan360_project\frontend\node_modules\react-dom\cjs\react-dom.development.js:14044:35)
    at reconcileChildren (C:\optiplan360_project\frontend\node_modules\react-dom\cjs\react-dom.development.js:19186:28)
    at updateHostComponent (C:\optiplan360_project\frontend\node_modules\react-dom\cjs\react-dom.development.js:19953:3)
    at beginWork (C:\optiplan360_project\frontend\node_modules\react-dom\cjs\react-dom.development.js:21657:14)
    at HTMLUnknownElement.callCallback (C:\optiplan360_project\frontend\node_modules\react-dom\cjs\react-dom.development.js:4164:14)
    at HTMLUnknownElement.callTheUserObjectsOperation (C:\optiplan360_project\frontend\node_modules\jsdom\lib\jsdom\living\generated\EventListener.js:26:30)
    at innerInvokeEventListeners (C:\optiplan360_project\frontend\node_modules\jsdom\lib\jsdom\living\events\EventTarget-impl.js:350:25)
Warning: React.jsx: type is invalid -- expected a string (for built-in components) or a class/function (for composite components) but got: undefined. You likely forgot to export your component from the file it's defined in, or you might have mixed up default and named imports.

Check your code at ModuleSurfacePanels.tsx:56.
    at ModuleSurfacePanelCard (C:\optiplan360_project\frontend\src\components\Shared\ModuleSurfacePanels.tsx:8:3)
    at div
    at ModuleSurfaceInsightGrid (C:\optiplan360_project\frontend\src\components\Shared\ModuleSurfacePanels.tsx:83:37)
    at div
    at div
    at TeklifFisiPage
Error: Uncaught [Error: Element type is invalid: expected a string (for built-in components) or a class/function (for composite components) but got: undefined. You likely forgot to export your component from the file it's defined in, or you might have mixed up default and named imports.

Check the render method of `ModuleSurfacePanelCard`.]
    at reportException (C:\optiplan360_project\frontend\node_modules\jsdom\lib\jsdom\living\helpers\runtime-script-errors.js:66:24)
    at innerInvokeEventListeners (C:\optiplan360_project\frontend\node_modules\jsdom\lib\jsdom\living\events\EventTarget-impl.js:353:9)
    at invokeEventListeners (C:\optiplan360_project\frontend\node_modules\jsdom\lib\jsdom\living\events\EventTarget-impl.js:286:3)
    at HTMLUnknownElementImpl._dispatch (C:\optiplan360_project\frontend\node_modules\jsdom\lib\jsdom\living\events\EventTarget-impl.js:233:9)
    at HTMLUnknownElementImpl.dispatchEvent (C:\optiplan360_project\frontend\node_modules\jsdom\lib\jsdom\living\events\EventTarget-impl.js:104:17)
    at HTMLUnknownElement.dispatchEvent (C:\optiplan360_project\frontend\node_modules\jsdom\lib\jsdom\living\generated\EventTarget.js:241:34)
    at Object.invokeGuardedCallbackDev (C:\optiplan360_project\frontend\node_modules\react-dom\cjs\react-dom.development.js:4213:16)
    at invokeGuardedCallback (C:\optiplan360_project\frontend\node_modules\react-dom\cjs\react-dom.development.js:4277:31)
    at beginWork$1 (C:\optiplan360_project\frontend\node_modules\react-dom\cjs\react-dom.development.js:27490:7)
    at performUnitOfWork (C:\optiplan360_project\frontend\node_modules\react-dom\cjs\react-dom.development.js:26599:12) Error: Element type is invalid: expected a string (for built-in components) or a class/function (for composite components) but got: undefined. You likely forgot to export your component from the file it's defined in, or you might have mixed up default and named imports.

Check the render method of `ModuleSurfacePanelCard`.
    at createFiberFromTypeAndProps (C:\optiplan360_project\frontend\node_modules\react-dom\cjs\react-dom.development.js:28478:17)
    at createFiberFromElement (C:\optiplan360_project\frontend\node_modules\react-dom\cjs\react-dom.development.js:28504:15)
    at reconcileSingleElement (C:\optiplan360_project\frontend\node_modules\react-dom\cjs\react-dom.development.js:13986:23)
    at reconcileChildFibers (C:\optiplan360_project\frontend\node_modules\react-dom\cjs\react-dom.development.js:14044:35)
    at reconcileChildren (C:\optiplan360_project\frontend\node_modules\react-dom\cjs\react-dom.development.js:19186:28)
    at updateHostComponent (C:\optiplan360_project\frontend\node_modules\react-dom\cjs\react-dom.development.js:19953:3)
    at beginWork (C:\optiplan360_project\frontend\node_modules\react-dom\cjs\react-dom.development.js:21657:14)
    at HTMLUnknownElement.callCallback (C:\optiplan360_project\frontend\node_modules\react-dom\cjs\react-dom.development.js:4164:14)
    at HTMLUnknownElement.callTheUserObjectsOperation (C:\optiplan360_project\frontend\node_modules\jsdom\lib\jsdom\living\generated\EventListener.js:26:30)
    at innerInvokeEventListeners (C:\optiplan360_project\frontend\node_modules\jsdom\lib\jsdom\living\events\EventTarget-impl.js:350:25)
The above error occurred in the <div> component:

    at div
    at div
    at div
    at div
    at Card (C:\optiplan360_project\frontend\src\components\Shared\Card.tsx:8:3)
    at ModuleSurfacePanelCard (C:\optiplan360_project\frontend\src\components\Shared\ModuleSurfacePanels.tsx:8:3)
    at div
    at ModuleSurfaceInsightGrid (C:\optiplan360_project\frontend\src\components\Shared\ModuleSurfacePanels.tsx:83:37)
    at div
    at div
    at TeklifFisiPage

Consider adding an error boundary to your tree to customize error handling behavior.
Visit https://reactjs.org/link/error-boundaries to learn more about error boundaries.

stderr | src/features/CRM/TeklifFisiPage.test.tsx > TeklifFisiPage > teklif detayinda gecerlilik, bos satir ve cari esleme uyarilarini gorunur tasir
Warning: React.jsx: type is invalid -- expected a string (for built-in components) or a class/function (for composite components) but got: undefined. You likely forgot to export your component from the file it's defined in, or you might have mixed up default and named imports.

Check your code at ModuleSurfacePanels.tsx:56.
    at ModuleSurfacePanelCard (C:\optiplan360_project\frontend\src\components\Shared\ModuleSurfacePanels.tsx:8:3)
    at div
    at ModuleSurfaceInsightGrid (C:\optiplan360_project\frontend\src\components\Shared\ModuleSurfacePanels.tsx:83:37)
    at div
    at div
    at TeklifFisiPage
Error: Uncaught [Error: Element type is invalid: expected a string (for built-in components) or a class/function (for composite components) but got: undefined. You likely forgot to export your component from the file it's defined in, or you might have mixed up default and named imports.

Check the render method of `ModuleSurfacePanelCard`.]
    at reportException (C:\optiplan360_project\frontend\node_modules\jsdom\lib\jsdom\living\helpers\runtime-script-errors.js:66:24)
    at innerInvokeEventListeners (C:\optiplan360_project\frontend\node_modules\jsdom\lib\jsdom\living\events\EventTarget-impl.js:353:9)
    at invokeEventListeners (C:\optiplan360_project\frontend\node_modules\jsdom\lib\jsdom\living\events\EventTarget-impl.js:286:3)
    at HTMLUnknownElementImpl._dispatch (C:\optiplan360_project\frontend\node_modules\jsdom\lib\jsdom\living\events\EventTarget-impl.js:233:9)
    at HTMLUnknownElementImpl.dispatchEvent (C:\optiplan360_project\frontend\node_modules\jsdom\lib\jsdom\living\events\EventTarget-impl.js:104:17)
    at HTMLUnknownElement.dispatchEvent (C:\optiplan360_project\frontend\node_modules\jsdom\lib\jsdom\living\generated\EventTarget.js:241:34)
    at Object.invokeGuardedCallbackDev (C:\optiplan360_project\frontend\node_modules\react-dom\cjs\react-dom.development.js:4213:16)
    at invokeGuardedCallback (C:\optiplan360_project\frontend\node_modules\react-dom\cjs\react-dom.development.js:4277:31)
    at beginWork$1 (C:\optiplan360_project\frontend\node_modules\react-dom\cjs\react-dom.development.js:27490:7)
    at performUnitOfWork (C:\optiplan360_project\frontend\node_modules\react-dom\cjs\react-dom.development.js:26599:12) Error: Element type is invalid: expected a string (for built-in components) or a class/function (for composite components) but got: undefined. You likely forgot to export your component from the file it's defined in, or you might have mixed up default and named imports.

Check the render method of `ModuleSurfacePanelCard`.
    at createFiberFromTypeAndProps (C:\optiplan360_project\frontend\node_modules\react-dom\cjs\react-dom.development.js:28478:17)
    at createFiberFromElement (C:\optiplan360_project\frontend\node_modules\react-dom\cjs\react-dom.development.js:28504:15)
    at reconcileSingleElement (C:\optiplan360_project\frontend\node_modules\react-dom\cjs\react-dom.development.js:13986:23)
    at reconcileChildFibers (C:\optiplan360_project\frontend\node_modules\react-dom\cjs\react-dom.development.js:14044:35)
    at reconcileChildren (C:\optiplan360_project\frontend\node_modules\react-dom\cjs\react-dom.development.js:19186:28)
    at updateHostComponent (C:\optiplan360_project\frontend\node_modules\react-dom\cjs\react-dom.development.js:19953:3)
    at beginWork (C:\optiplan360_project\frontend\node_modules\react-dom\cjs\react-dom.development.js:21657:14)
    at HTMLUnknownElement.callCallback (C:\optiplan360_project\frontend\node_modules\react-dom\cjs\react-dom.development.js:4164:14)
    at HTMLUnknownElement.callTheUserObjectsOperation (C:\optiplan360_project\frontend\node_modules\jsdom\lib\jsdom\living\generated\EventListener.js:26:30)
    at innerInvokeEventListeners (C:\optiplan360_project\frontend\node_modules\jsdom\lib\jsdom\living\events\EventTarget-impl.js:350:25)
Warning: React.jsx: type is invalid -- expected a string (for built-in components) or a class/function (for composite components) but got: undefined. You likely forgot to export your component from the file it's defined in, or you might have mixed up default and named imports.

Check your code at ModuleSurfacePanels.tsx:56.
    at ModuleSurfacePanelCard (C:\optiplan360_project\frontend\src\components\Shared\ModuleSurfacePanels.tsx:8:3)
    at div
    at ModuleSurfaceInsightGrid (C:\optiplan360_project\frontend\src\components\Shared\ModuleSurfacePanels.tsx:83:37)
    at div
    at div
    at TeklifFisiPage
Error: Uncaught [Error: Element type is invalid: expected a string (for built-in components) or a class/function (for composite components) but got: undefined. You likely forgot to export your component from the file it's defined in, or you might have mixed up default and named imports.

Check the render method of `ModuleSurfacePanelCard`.]
    at reportException (C:\optiplan360_project\frontend\node_modules\jsdom\lib\jsdom\living\helpers\runtime-script-errors.js:66:24)
    at innerInvokeEventListeners (C:\optiplan360_project\frontend\node_modules\jsdom\lib\jsdom\living\events\EventTarget-impl.js:353:9)
    at invokeEventListeners (C:\optiplan360_project\frontend\node_modules\jsdom\lib\jsdom\living\events\EventTarget-impl.js:286:3)
    at HTMLUnknownElementImpl._dispatch (C:\optiplan360_project\frontend\node_modules\jsdom\lib\jsdom\living\events\EventTarget-impl.js:233:9)
    at HTMLUnknownElementImpl.dispatchEvent (C:\optiplan360_project\frontend\node_modules\jsdom\lib\jsdom\living\events\EventTarget-impl.js:104:17)
    at HTMLUnknownElement.dispatchEvent (C:\optiplan360_project\frontend\node_modules\jsdom\lib\jsdom\living\generated\EventTarget.js:241:34)
    at Object.invokeGuardedCallbackDev (C:\optiplan360_project\frontend\node_modules\react-dom\cjs\react-dom.development.js:4213:16)
    at invokeGuardedCallback (C:\optiplan360_project\frontend\node_modules\react-dom\cjs\react-dom.development.js:4277:31)
    at beginWork$1 (C:\optiplan360_project\frontend\node_modules\react-dom\cjs\react-dom.development.js:27490:7)
    at performUnitOfWork (C:\optiplan360_project\frontend\node_modules\react-dom\cjs\react-dom.development.js:26599:12) Error: Element type is invalid: expected a string (for built-in components) or a class/function (for composite components) but got: undefined. You likely forgot to export your component from the file it's defined in, or you might have mixed up default and named imports.

Check the render method of `ModuleSurfacePanelCard`.
    at createFiberFromTypeAndProps (C:\optiplan360_project\frontend\node_modules\react-dom\cjs\react-dom.development.js:28478:17)
    at createFiberFromElement (C:\optiplan360_project\frontend\node_modules\react-dom\cjs\react-dom.development.js:28504:15)
    at reconcileSingleElement (C:\optiplan360_project\frontend\node_modules\react-dom\cjs\react-dom.development.js:13986:23)
    at reconcileChildFibers (C:\optiplan360_project\frontend\node_modules\react-dom\cjs\react-dom.development.js:14044:35)
    at reconcileChildren (C:\optiplan360_project\frontend\node_modules\react-dom\cjs\react-dom.development.js:19186:28)
    at updateHostComponent (C:\optiplan360_project\frontend\node_modules\react-dom\cjs\react-dom.development.js:19953:3)
    at beginWork (C:\optiplan360_project\frontend\node_modules\react-dom\cjs\react-dom.development.js:21657:14)
    at HTMLUnknownElement.callCallback (C:\optiplan360_project\frontend\node_modules\react-dom\cjs\react-dom.development.js:4164:14)
    at HTMLUnknownElement.callTheUserObjectsOperation (C:\optiplan360_project\frontend\node_modules\jsdom\lib\jsdom\living\generated\EventListener.js:26:30)
    at innerInvokeEventListeners (C:\optiplan360_project\frontend\node_modules\jsdom\lib\jsdom\living\events\EventTarget-impl.js:350:25)
The above error occurred in the <div> component:

    at div
    at div
    at div
    at div
    at Card (C:\optiplan360_project\frontend\src\components\Shared\Card.tsx:8:3)
    at ModuleSurfacePanelCard (C:\optiplan360_project\frontend\src\components\Shared\ModuleSurfacePanels.tsx:8:3)
    at div
    at ModuleSurfaceInsightGrid (C:\optiplan360_project\frontend\src\components\Shared\ModuleSurfacePanels.tsx:83:37)
    at div
    at div
    at TeklifFisiPage

Consider adding an error boundary to your tree to customize error handling behavior.
Visit https://reactjs.org/link/error-boundaries to learn more about error boundaries.

 [32mÔ£ô[39m src/__tests__/CRMPage.real.test.tsx [2m([22m[2m9 tests[22m[2m)[22m[33m 349[2mms[22m[39m
stderr | src/features/CRM/TeklifFisiPage.test.tsx > TeklifFisiPage > teknik panelde entegrasyon hata kodunu ve retry oranini gosterir
Warning: React.jsx: type is invalid -- expected a string (for built-in components) or a class/function (for composite components) but got: undefined. You likely forgot to export your component from the file it's defined in, or you might have mixed up default and named imports.

Check your code at ModuleSurfacePanels.tsx:56.
    at ModuleSurfacePanelCard (C:\optiplan360_project\frontend\src\components\Shared\ModuleSurfacePanels.tsx:8:3)
    at div
    at ModuleSurfaceInsightGrid (C:\optiplan360_project\frontend\src\components\Shared\ModuleSurfacePanels.tsx:83:37)
    at div
    at div
    at TeklifFisiPage
Error: Uncaught [Error: Element type is invalid: expected a string (for built-in components) or a class/function (for composite components) but got: undefined. You likely forgot to export your component from the file it's defined in, or you might have mixed up default and named imports.

Check the render method of `ModuleSurfacePanelCard`.]
    at reportException (C:\optiplan360_project\frontend\node_modules\jsdom\lib\jsdom\living\helpers\runtime-script-errors.js:66:24)
    at innerInvokeEventListeners (C:\optiplan360_project\frontend\node_modules\jsdom\lib\jsdom\living\events\EventTarget-impl.js:353:9)
    at invokeEventListeners (C:\optiplan360_project\frontend\node_modules\jsdom\lib\jsdom\living\events\EventTarget-impl.js:286:3)
    at HTMLUnknownElementImpl._dispatch (C:\optiplan360_project\frontend\node_modules\jsdom\lib\jsdom\living\events\EventTarget-impl.js:233:9)
    at HTMLUnknownElementImpl.dispatchEvent (C:\optiplan360_project\frontend\node_modules\jsdom\lib\jsdom\living\events\EventTarget-impl.js:104:17)
    at HTMLUnknownElement.dispatchEvent (C:\optiplan360_project\frontend\node_modules\jsdom\lib\jsdom\living\generated\EventTarget.js:241:34)
    at Object.invokeGuardedCallbackDev (C:\optiplan360_project\frontend\node_modules\react-dom\cjs\react-dom.development.js:4213:16)
    at invokeGuardedCallback (C:\optiplan360_project\frontend\node_modules\react-dom\cjs\react-dom.development.js:4277:31)
    at beginWork$1 (C:\optiplan360_project\frontend\node_modules\react-dom\cjs\react-dom.development.js:27490:7)
    at performUnitOfWork (C:\optiplan360_project\frontend\node_modules\react-dom\cjs\react-dom.development.js:26599:12) Error: Element type is invalid: expected a string (for built-in components) or a class/function (for composite components) but got: undefined. You likely forgot to export your component from the file it's defined in, or you might have mixed up default and named imports.

Check the render method of `ModuleSurfacePanelCard`.
    at createFiberFromTypeAndProps (C:\optiplan360_project\frontend\node_modules\react-dom\cjs\react-dom.development.js:28478:17)
    at createFiberFromElement (C:\optiplan360_project\frontend\node_modules\react-dom\cjs\react-dom.development.js:28504:15)
    at reconcileSingleElement (C:\optiplan360_project\frontend\node_modules\react-dom\cjs\react-dom.development.js:13986:23)
    at reconcileChildFibers (C:\optiplan360_project\frontend\node_modules\react-dom\cjs\react-dom.development.js:14044:35)
    at reconcileChildren (C:\optiplan360_project\frontend\node_modules\react-dom\cjs\react-dom.development.js:19186:28)
    at updateHostComponent (C:\optiplan360_project\frontend\node_modules\react-dom\cjs\react-dom.development.js:19953:3)
    at beginWork (C:\optiplan360_project\frontend\node_modules\react-dom\cjs\react-dom.development.js:21657:14)
    at HTMLUnknownElement.callCallback (C:\optiplan360_project\frontend\node_modules\react-dom\cjs\react-dom.development.js:4164:14)
    at HTMLUnknownElement.callTheUserObjectsOperation (C:\optiplan360_project\frontend\node_modules\jsdom\lib\jsdom\living\generated\EventListener.js:26:30)
    at innerInvokeEventListeners (C:\optiplan360_project\frontend\node_modules\jsdom\lib\jsdom\living\events\EventTarget-impl.js:350:25)
Warning: React.jsx: type is invalid -- expected a string (for built-in components) or a class/function (for composite components) but got: undefined. You likely forgot to export your component from the file it's defined in, or you might have mixed up default and named imports.

Check your code at ModuleSurfacePanels.tsx:56.
    at ModuleSurfacePanelCard (C:\optiplan360_project\frontend\src\components\Shared\ModuleSurfacePanels.tsx:8:3)
    at div
    at ModuleSurfaceInsightGrid (C:\optiplan360_project\frontend\src\components\Shared\ModuleSurfacePanels.tsx:83:37)
    at div
    at div
    at TeklifFisiPage
Error: Uncaught [Error: Element type is invalid: expected a string (for built-in components) or a class/function (for composite components) but got: undefined. You likely forgot to export your component from the file it's defined in, or you might have mixed up default and named imports.

Check the render method of `ModuleSurfacePanelCard`.]
    at reportException (C:\optiplan360_project\frontend\node_modules\jsdom\lib\jsdom\living\helpers\runtime-script-errors.js:66:24)
    at innerInvokeEventListeners (C:\optiplan360_project\frontend\node_modules\jsdom\lib\jsdom\living\events\EventTarget-impl.js:353:9)
    at invokeEventListeners (C:\optiplan360_project\frontend\node_modules\jsdom\lib\jsdom\living\events\EventTarget-impl.js:286:3)
    at HTMLUnknownElementImpl._dispatch (C:\optiplan360_project\frontend\node_modules\jsdom\lib\jsdom\living\events\EventTarget-impl.js:233:9)
    at HTMLUnknownElementImpl.dispatchEvent (C:\optiplan360_project\frontend\node_modules\jsdom\lib\jsdom\living\events\EventTarget-impl.js:104:17)
    at HTMLUnknownElement.dispatchEvent (C:\optiplan360_project\frontend\node_modules\jsdom\lib\jsdom\living\generated\EventTarget.js:241:34)
    at Object.invokeGuardedCallbackDev (C:\optiplan360_project\frontend\node_modules\react-dom\cjs\react-dom.development.js:4213:16)
    at invokeGuardedCallback (C:\optiplan360_project\frontend\node_modules\react-dom\cjs\react-dom.development.js:4277:31)
    at beginWork$1 (C:\optiplan360_project\frontend\node_modules\react-dom\cjs\react-dom.development.js:27490:7)
    at performUnitOfWork (C:\optiplan360_project\frontend\node_modules\react-dom\cjs\react-dom.development.js:26599:12) Error: Element type is invalid: expected a string (for built-in components) or a class/function (for composite components) but got: undefined. You likely forgot to export your component from the file it's defined in, or you might have mixed up default and named imports.

Check the render method of `ModuleSurfacePanelCard`.
    at createFiberFromTypeAndProps (C:\optiplan360_project\frontend\node_modules\react-dom\cjs\react-dom.development.js:28478:17)
    at createFiberFromElement (C:\optiplan360_project\frontend\node_modules\react-dom\cjs\react-dom.development.js:28504:15)
    at reconcileSingleElement (C:\optiplan360_project\frontend\node_modules\react-dom\cjs\react-dom.development.js:13986:23)
    at reconcileChildFibers (C:\optiplan360_project\frontend\node_modules\react-dom\cjs\react-dom.development.js:14044:35)
    at reconcileChildren (C:\optiplan360_project\frontend\node_modules\react-dom\cjs\react-dom.development.js:19186:28)
    at updateHostComponent (C:\optiplan360_project\frontend\node_modules\react-dom\cjs\react-dom.development.js:19953:3)
    at beginWork (C:\optiplan360_project\frontend\node_modules\react-dom\cjs\react-dom.development.js:21657:14)
    at HTMLUnknownElement.callCallback (C:\optiplan360_project\frontend\node_modules\react-dom\cjs\react-dom.development.js:4164:14)
    at HTMLUnknownElement.callTheUserObjectsOperation (C:\optiplan360_project\frontend\node_modules\jsdom\lib\jsdom\living\generated\EventListener.js:26:30)
    at innerInvokeEventListeners (C:\optiplan360_project\frontend\node_modules\jsdom\lib\jsdom\living\events\EventTarget-impl.js:350:25)
The above error occurred in the <div> component:

    at div
    at div
    at div
    at div
    at Card (C:\optiplan360_project\frontend\src\components\Shared\Card.tsx:8:3)
    at ModuleSurfacePanelCard (C:\optiplan360_project\frontend\src\components\Shared\ModuleSurfacePanels.tsx:8:3)
    at div
    at ModuleSurfaceInsightGrid (C:\optiplan360_project\frontend\src\components\Shared\ModuleSurfacePanels.tsx:83:37)
    at div
    at div
    at TeklifFisiPage

Consider adding an error boundary to your tree to customize error handling behavior.
Visit https://reactjs.org/link/error-boundaries to learn more about error boundaries.

stderr | src/features/CRM/TeklifFisiPage.test.tsx > TeklifFisiPage > teklif listesinde durum filtresini dogrulanmis status sozlugune gore uygular
Warning: React.jsx: type is invalid -- expected a string (for built-in components) or a class/function (for composite components) but got: undefined. You likely forgot to export your component from the file it's defined in, or you might have mixed up default and named imports.

Check your code at ModuleSurfacePanels.tsx:56.
    at ModuleSurfacePanelCard (C:\optiplan360_project\frontend\src\components\Shared\ModuleSurfacePanels.tsx:8:3)
    at div
    at ModuleSurfaceInsightGrid (C:\optiplan360_project\frontend\src\components\Shared\ModuleSurfacePanels.tsx:83:37)
    at div
    at div
    at TeklifFisiPage
Error: Uncaught [Error: Element type is invalid: expected a string (for built-in components) or a class/function (for composite components) but got: undefined. You likely forgot to export your component from the file it's defined in, or you might have mixed up default and named imports.

Check the render method of `ModuleSurfacePanelCard`.]
    at reportException (C:\optiplan360_project\frontend\node_modules\jsdom\lib\jsdom\living\helpers\runtime-script-errors.js:66:24)
    at innerInvokeEventListeners (C:\optiplan360_project\frontend\node_modules\jsdom\lib\jsdom\living\events\EventTarget-impl.js:353:9)
    at invokeEventListeners (C:\optiplan360_project\frontend\node_modules\jsdom\lib\jsdom\living\events\EventTarget-impl.js:286:3)
    at HTMLUnknownElementImpl._dispatch (C:\optiplan360_project\frontend\node_modules\jsdom\lib\jsdom\living\events\EventTarget-impl.js:233:9)
    at HTMLUnknownElementImpl.dispatchEvent (C:\optiplan360_project\frontend\node_modules\jsdom\lib\jsdom\living\events\EventTarget-impl.js:104:17)
    at HTMLUnknownElement.dispatchEvent (C:\optiplan360_project\frontend\node_modules\jsdom\lib\jsdom\living\generated\EventTarget.js:241:34)
    at Object.invokeGuardedCallbackDev (C:\optiplan360_project\frontend\node_modules\react-dom\cjs\react-dom.development.js:4213:16)
    at invokeGuardedCallback (C:\optiplan360_project\frontend\node_modules\react-dom\cjs\react-dom.development.js:4277:31)
    at beginWork$1 (C:\optiplan360_project\frontend\node_modules\react-dom\cjs\react-dom.development.js:27490:7)
    at performUnitOfWork (C:\optiplan360_project\frontend\node_modules\react-dom\cjs\react-dom.development.js:26599:12) Error: Element type is invalid: expected a string (for built-in components) or a class/function (for composite components) but got: undefined. You likely forgot to export your component from the file it's defined in, or you might have mixed up default and named imports.

Check the render method of `ModuleSurfacePanelCard`.
    at createFiberFromTypeAndProps (C:\optiplan360_project\frontend\node_modules\react-dom\cjs\react-dom.development.js:28478:17)
    at createFiberFromElement (C:\optiplan360_project\frontend\node_modules\react-dom\cjs\react-dom.development.js:28504:15)
    at reconcileSingleElement (C:\optiplan360_project\frontend\node_modules\react-dom\cjs\react-dom.development.js:13986:23)
    at reconcileChildFibers (C:\optiplan360_project\frontend\node_modules\react-dom\cjs\react-dom.development.js:14044:35)
    at reconcileChildren (C:\optiplan360_project\frontend\node_modules\react-dom\cjs\react-dom.development.js:19186:28)
    at updateHostComponent (C:\optiplan360_project\frontend\node_modules\react-dom\cjs\react-dom.development.js:19953:3)
    at beginWork (C:\optiplan360_project\frontend\node_modules\react-dom\cjs\react-dom.development.js:21657:14)
    at HTMLUnknownElement.callCallback (C:\optiplan360_project\frontend\node_modules\react-dom\cjs\react-dom.development.js:4164:14)
    at HTMLUnknownElement.callTheUserObjectsOperation (C:\optiplan360_project\frontend\node_modules\jsdom\lib\jsdom\living\generated\EventListener.js:26:30)
    at innerInvokeEventListeners (C:\optiplan360_project\frontend\node_modules\jsdom\lib\jsdom\living\events\EventTarget-impl.js:350:25)
Warning: React.jsx: type is invalid -- expected a string (for built-in components) or a class/function (for composite components) but got: undefined. You likely forgot to export your component from the file it's defined in, or you might have mixed up default and named imports.

Check your code at ModuleSurfacePanels.tsx:56.
    at ModuleSurfacePanelCard (C:\optiplan360_project\frontend\src\components\Shared\ModuleSurfacePanels.tsx:8:3)
    at div
    at ModuleSurfaceInsightGrid (C:\optiplan360_project\frontend\src\components\Shared\ModuleSurfacePanels.tsx:83:37)
    at div
    at div
    at TeklifFisiPage
Error: Uncaught [Error: Element type is invalid: expected a string (for built-in components) or a class/function (for composite components) but got: undefined. You likely forgot to export your component from the file it's defined in, or you might have mixed up default and named imports.

Check the render method of `ModuleSurfacePanelCard`.]
    at reportException (C:\optiplan360_project\frontend\node_modules\jsdom\lib\jsdom\living\helpers\runtime-script-errors.js:66:24)
    at innerInvokeEventListeners (C:\optiplan360_project\frontend\node_modules\jsdom\lib\jsdom\living\events\EventTarget-impl.js:353:9)
    at invokeEventListeners (C:\optiplan360_project\frontend\node_modules\jsdom\lib\jsdom\living\events\EventTarget-impl.js:286:3)
    at HTMLUnknownElementImpl._dispatch (C:\optiplan360_project\frontend\node_modules\jsdom\lib\jsdom\living\events\EventTarget-impl.js:233:9)
    at HTMLUnknownElementImpl.dispatchEvent (C:\optiplan360_project\frontend\node_modules\jsdom\lib\jsdom\living\events\EventTarget-impl.js:104:17)
    at HTMLUnknownElement.dispatchEvent (C:\optiplan360_project\frontend\node_modules\jsdom\lib\jsdom\living\generated\EventTarget.js:241:34)
    at Object.invokeGuardedCallbackDev (C:\optiplan360_project\frontend\node_modules\react-dom\cjs\react-dom.development.js:4213:16)
    at invokeGuardedCallback (C:\optiplan360_project\frontend\node_modules\react-dom\cjs\react-dom.development.js:4277:31)
    at beginWork$1 (C:\optiplan360_project\frontend\node_modules\react-dom\cjs\react-dom.development.js:27490:7)
    at performUnitOfWork (C:\optiplan360_project\frontend\node_modules\react-dom\cjs\react-dom.development.js:26599:12) Error: Element type is invalid: expected a string (for built-in components) or a class/function (for composite components) but got: undefined. You likely forgot to export your component from the file it's defined in, or you might have mixed up default and named imports.

Check the render method of `ModuleSurfacePanelCard`.
    at createFiberFromTypeAndProps (C:\optiplan360_project\frontend\node_modules\react-dom\cjs\react-dom.development.js:28478:17)
    at createFiberFromElement (C:\optiplan360_project\frontend\node_modules\react-dom\cjs\react-dom.development.js:28504:15)
    at reconcileSingleElement (C:\optiplan360_project\frontend\node_modules\react-dom\cjs\react-dom.development.js:13986:23)
    at reconcileChildFibers (C:\optiplan360_project\frontend\node_modules\react-dom\cjs\react-dom.development.js:14044:35)
    at reconcileChildren (C:\optiplan360_project\frontend\node_modules\react-dom\cjs\react-dom.development.js:19186:28)
    at updateHostComponent (C:\optiplan360_project\frontend\node_modules\react-dom\cjs\react-dom.development.js:19953:3)
    at beginWork (C:\optiplan360_project\frontend\node_modules\react-dom\cjs\react-dom.development.js:21657:14)
    at HTMLUnknownElement.callCallback (C:\optiplan360_project\frontend\node_modules\react-dom\cjs\react-dom.development.js:4164:14)
    at HTMLUnknownElement.callTheUserObjectsOperation (C:\optiplan360_project\frontend\node_modules\jsdom\lib\jsdom\living\generated\EventListener.js:26:30)
    at innerInvokeEventListeners (C:\optiplan360_project\frontend\node_modules\jsdom\lib\jsdom\living\events\EventTarget-impl.js:350:25)
The above error occurred in the <div> component:

    at div
    at div
    at div
    at div
    at Card (C:\optiplan360_project\frontend\src\components\Shared\Card.tsx:8:3)
    at ModuleSurfacePanelCard (C:\optiplan360_project\frontend\src\components\Shared\ModuleSurfacePanels.tsx:8:3)
    at div
    at ModuleSurfaceInsightGrid (C:\optiplan360_project\frontend\src\components\Shared\ModuleSurfacePanels.tsx:83:37)
    at div
    at div
    at TeklifFisiPage

Consider adding an error boundary to your tree to customize error handling behavior.
Visit https://reactjs.org/link/error-boundaries to learn more about error boundaries.

 [32mÔ£ô[39m src/__tests__/IntroScreens.test.tsx [2m([22m[2m4 tests[22m[2m)[22m[33m 458[2mms[22m[39m
stderr | src/features/OptiPlanWorkflow/OCRKontrolPage.test.tsx > OCRKontrolPage > Phase 2 kay─▒tlar─▒ listeler ve ilk kayd─▒ se├ğer
Error: Not implemented: HTMLCanvasElement.prototype.getContext (without installing the canvas npm package)
    at module.exports (C:\optiplan360_project\frontend\node_modules\jsdom\lib\jsdom\browser\not-implemented.js:9:17)
    at HTMLCanvasElementImpl.getContext (C:\optiplan360_project\frontend\node_modules\jsdom\lib\jsdom\living\nodes\HTMLCanvasElement-impl.js:42:5)
    at HTMLCanvasElement.getContext (C:\optiplan360_project\frontend\node_modules\jsdom\lib\jsdom\living\generated\HTMLCanvasElement.js:131:58)
    at C:\optiplan360_project\frontend\src\features\OptiPlanWorkflow\OCRKontrolPage.tsx:517:24
    at commitHookEffectListMount (C:\optiplan360_project\frontend\node_modules\react-dom\cjs\react-dom.development.js:23189:26)
    at commitPassiveMountOnFiber (C:\optiplan360_project\frontend\node_modules\react-dom\cjs\react-dom.development.js:24970:11)
    at commitPassiveMountEffects_complete (C:\optiplan360_project\frontend\node_modules\react-dom\cjs\react-dom.development.js:24930:9)
    at commitPassiveMountEffects_begin (C:\optiplan360_project\frontend\node_modules\react-dom\cjs\react-dom.development.js:24917:7)
    at commitPassiveMountEffects (C:\optiplan360_project\frontend\node_modules\react-dom\cjs\react-dom.development.js:24905:3)
    at flushPassiveEffectsImpl (C:\optiplan360_project\frontend\node_modules\react-dom\cjs\react-dom.development.js:27078:3) undefined

stderr | src/features/CRM/TeklifFisiPage.test.tsx > TeklifFisiPage > teklif olusturma secicisi cari teknik kodunu yuzey etiketi olarak gostermez
Warning: React.jsx: type is invalid -- expected a string (for built-in components) or a class/function (for composite components) but got: undefined. You likely forgot to export your component from the file it's defined in, or you might have mixed up default and named imports.

Check your code at ModuleSurfacePanels.tsx:56.
    at ModuleSurfacePanelCard (C:\optiplan360_project\frontend\src\components\Shared\ModuleSurfacePanels.tsx:8:3)
    at div
    at ModuleSurfaceInsightGrid (C:\optiplan360_project\frontend\src\components\Shared\ModuleSurfacePanels.tsx:83:37)
    at div
    at div
    at TeklifFisiPage
Error: Uncaught [Error: Element type is invalid: expected a string (for built-in components) or a class/function (for composite components) but got: undefined. You likely forgot to export your component from the file it's defined in, or you might have mixed up default and named imports.

Check the render method of `ModuleSurfacePanelCard`.]
    at reportException (C:\optiplan360_project\frontend\node_modules\jsdom\lib\jsdom\living\helpers\runtime-script-errors.js:66:24)
    at innerInvokeEventListeners (C:\optiplan360_project\frontend\node_modules\jsdom\lib\jsdom\living\events\EventTarget-impl.js:353:9)
    at invokeEventListeners (C:\optiplan360_project\frontend\node_modules\jsdom\lib\jsdom\living\events\EventTarget-impl.js:286:3)
    at HTMLUnknownElementImpl._dispatch (C:\optiplan360_project\frontend\node_modules\jsdom\lib\jsdom\living\events\EventTarget-impl.js:233:9)
    at HTMLUnknownElementImpl.dispatchEvent (C:\optiplan360_project\frontend\node_modules\jsdom\lib\jsdom\living\events\EventTarget-impl.js:104:17)
    at HTMLUnknownElement.dispatchEvent (C:\optiplan360_project\frontend\node_modules\jsdom\lib\jsdom\living\generated\EventTarget.js:241:34)
    at Object.invokeGuardedCallbackDev (C:\optiplan360_project\frontend\node_modules\react-dom\cjs\react-dom.development.js:4213:16)
    at invokeGuardedCallback (C:\optiplan360_project\frontend\node_modules\react-dom\cjs\react-dom.development.js:4277:31)
    at beginWork$1 (C:\optiplan360_project\frontend\node_modules\react-dom\cjs\react-dom.development.js:27490:7)
    at performUnitOfWork (C:\optiplan360_project\frontend\node_modules\react-dom\cjs\react-dom.development.js:26599:12) Error: Element type is invalid: expected a string (for built-in components) or a class/function (for composite components) but got: undefined. You likely forgot to export your component from the file it's defined in, or you might have mixed up default and named imports.

Check the render method of `ModuleSurfacePanelCard`.
    at createFiberFromTypeAndProps (C:\optiplan360_project\frontend\node_modules\react-dom\cjs\react-dom.development.js:28478:17)
    at createFiberFromElement (C:\optiplan360_project\frontend\node_modules\react-dom\cjs\react-dom.development.js:28504:15)
    at reconcileSingleElement (C:\optiplan360_project\frontend\node_modules\react-dom\cjs\react-dom.development.js:13986:23)
    at reconcileChildFibers (C:\optiplan360_project\frontend\node_modules\react-dom\cjs\react-dom.development.js:14044:35)
    at reconcileChildren (C:\optiplan360_project\frontend\node_modules\react-dom\cjs\react-dom.development.js:19186:28)
    at updateHostComponent (C:\optiplan360_project\frontend\node_modules\react-dom\cjs\react-dom.development.js:19953:3)
    at beginWork (C:\optiplan360_project\frontend\node_modules\react-dom\cjs\react-dom.development.js:21657:14)
    at HTMLUnknownElement.callCallback (C:\optiplan360_project\frontend\node_modules\react-dom\cjs\react-dom.development.js:4164:14)
    at HTMLUnknownElement.callTheUserObjectsOperation (C:\optiplan360_project\frontend\node_modules\jsdom\lib\jsdom\living\generated\EventListener.js:26:30)
    at innerInvokeEventListeners (C:\optiplan360_project\frontend\node_modules\jsdom\lib\jsdom\living\events\EventTarget-impl.js:350:25)
Warning: React.jsx: type is invalid -- expected a string (for built-in components) or a class/function (for composite components) but got: undefined. You likely forgot to export your component from the file it's defined in, or you might have mixed up default and named imports.

Check your code at ModuleSurfacePanels.tsx:56.
    at ModuleSurfacePanelCard (C:\optiplan360_project\frontend\src\components\Shared\ModuleSurfacePanels.tsx:8:3)
    at div
    at ModuleSurfaceInsightGrid (C:\optiplan360_project\frontend\src\components\Shared\ModuleSurfacePanels.tsx:83:37)
    at div
    at div
    at TeklifFisiPage
Error: Uncaught [Error: Element type is invalid: expected a string (for built-in components) or a class/function (for composite components) but got: undefined. You likely forgot to export your component from the file it's defined in, or you might have mixed up default and named imports.

Check the render method of `ModuleSurfacePanelCard`.]
    at reportException (C:\optiplan360_project\frontend\node_modules\jsdom\lib\jsdom\living\helpers\runtime-script-errors.js:66:24)
    at innerInvokeEventListeners (C:\optiplan360_project\frontend\node_modules\jsdom\lib\jsdom\living\events\EventTarget-impl.js:353:9)
    at invokeEventListeners (C:\optiplan360_project\frontend\node_modules\jsdom\lib\jsdom\living\events\EventTarget-impl.js:286:3)
    at HTMLUnknownElementImpl._dispatch (C:\optiplan360_project\frontend\node_modules\jsdom\lib\jsdom\living\events\EventTarget-impl.js:233:9)
    at HTMLUnknownElementImpl.dispatchEvent (C:\optiplan360_project\frontend\node_modules\jsdom\lib\jsdom\living\events\EventTarget-impl.js:104:17)
    at HTMLUnknownElement.dispatchEvent (C:\optiplan360_project\frontend\node_modules\jsdom\lib\jsdom\living\generated\EventTarget.js:241:34)
    at Object.invokeGuardedCallbackDev (C:\optiplan360_project\frontend\node_modules\react-dom\cjs\react-dom.development.js:4213:16)
    at invokeGuardedCallback (C:\optiplan360_project\frontend\node_modules\react-dom\cjs\react-dom.development.js:4277:31)
    at beginWork$1 (C:\optiplan360_project\frontend\node_modules\react-dom\cjs\react-dom.development.js:27490:7)
    at performUnitOfWork (C:\optiplan360_project\frontend\node_modules\react-dom\cjs\react-dom.development.js:26599:12) Error: Element type is invalid: expected a string (for built-in components) or a class/function (for composite components) but got: undefined. You likely forgot to export your component from the file it's defined in, or you might have mixed up default and named imports.

Check the render method of `ModuleSurfacePanelCard`.
    at createFiberFromTypeAndProps (C:\optiplan360_project\frontend\node_modules\react-dom\cjs\react-dom.development.js:28478:17)
    at createFiberFromElement (C:\optiplan360_project\frontend\node_modules\react-dom\cjs\react-dom.development.js:28504:15)
    at reconcileSingleElement (C:\optiplan360_project\frontend\node_modules\react-dom\cjs\react-dom.development.js:13986:23)
    at reconcileChildFibers (C:\optiplan360_project\frontend\node_modules\react-dom\cjs\react-dom.development.js:14044:35)
    at reconcileChildren (C:\optiplan360_project\frontend\node_modules\react-dom\cjs\react-dom.development.js:19186:28)
    at updateHostComponent (C:\optiplan360_project\frontend\node_modules\react-dom\cjs\react-dom.development.js:19953:3)
    at beginWork (C:\optiplan360_project\frontend\node_modules\react-dom\cjs\react-dom.development.js:21657:14)
    at HTMLUnknownElement.callCallback (C:\optiplan360_project\frontend\node_modules\react-dom\cjs\react-dom.development.js:4164:14)
    at HTMLUnknownElement.callTheUserObjectsOperation (C:\optiplan360_project\frontend\node_modules\jsdom\lib\jsdom\living\generated\EventListener.js:26:30)
    at innerInvokeEventListeners (C:\optiplan360_project\frontend\node_modules\jsdom\lib\jsdom\living\events\EventTarget-impl.js:350:25)
The above error occurred in the <div> component:

    at div
    at div
    at div
    at div
    at Card (C:\optiplan360_project\frontend\src\components\Shared\Card.tsx:8:3)
    at ModuleSurfacePanelCard (C:\optiplan360_project\frontend\src\components\Shared\ModuleSurfacePanels.tsx:8:3)
    at div
    at ModuleSurfaceInsightGrid (C:\optiplan360_project\frontend\src\components\Shared\ModuleSurfacePanels.tsx:83:37)
    at div
    at div
    at TeklifFisiPage

Consider adding an error boundary to your tree to customize error handling behavior.
Visit https://reactjs.org/link/error-boundaries to learn more about error boundaries.

stderr | src/features/CRM/TeklifFisiPage.test.tsx > TeklifFisiPage > teklif olusturma modalinde dogrulanan satir alanlarini payload olarak gonderir
Warning: React.jsx: type is invalid -- expected a string (for built-in components) or a class/function (for composite components) but got: undefined. You likely forgot to export your component from the file it's defined in, or you might have mixed up default and named imports.

Check your code at ModuleSurfacePanels.tsx:56.
    at ModuleSurfacePanelCard (C:\optiplan360_project\frontend\src\components\Shared\ModuleSurfacePanels.tsx:8:3)
    at div
    at ModuleSurfaceInsightGrid (C:\optiplan360_project\frontend\src\components\Shared\ModuleSurfacePanels.tsx:83:37)
    at div
    at div
    at TeklifFisiPage
Error: Uncaught [Error: Element type is invalid: expected a string (for built-in components) or a class/function (for composite components) but got: undefined. You likely forgot to export your component from the file it's defined in, or you might have mixed up default and named imports.

Check the render method of `ModuleSurfacePanelCard`.]
    at reportException (C:\optiplan360_project\frontend\node_modules\jsdom\lib\jsdom\living\helpers\runtime-script-errors.js:66:24)
    at innerInvokeEventListeners (C:\optiplan360_project\frontend\node_modules\jsdom\lib\jsdom\living\events\EventTarget-impl.js:353:9)
    at invokeEventListeners (C:\optiplan360_project\frontend\node_modules\jsdom\lib\jsdom\living\events\EventTarget-impl.js:286:3)
    at HTMLUnknownElementImpl._dispatch (C:\optiplan360_project\frontend\node_modules\jsdom\lib\jsdom\living\events\EventTarget-impl.js:233:9)
    at HTMLUnknownElementImpl.dispatchEvent (C:\optiplan360_project\frontend\node_modules\jsdom\lib\jsdom\living\events\EventTarget-impl.js:104:17)
    at HTMLUnknownElement.dispatchEvent (C:\optiplan360_project\frontend\node_modules\jsdom\lib\jsdom\living\generated\EventTarget.js:241:34)
    at Object.invokeGuardedCallbackDev (C:\optiplan360_project\frontend\node_modules\react-dom\cjs\react-dom.development.js:4213:16)
    at invokeGuardedCallback (C:\optiplan360_project\frontend\node_modules\react-dom\cjs\react-dom.development.js:4277:31)
    at beginWork$1 (C:\optiplan360_project\frontend\node_modules\react-dom\cjs\react-dom.development.js:27490:7)
    at performUnitOfWork (C:\optiplan360_project\frontend\node_modules\react-dom\cjs\react-dom.development.js:26599:12) Error: Element type is invalid: expected a string (for built-in components) or a class/function (for composite components) but got: undefined. You likely forgot to export your component from the file it's defined in, or you might have mixed up default and named imports.

Check the render method of `ModuleSurfacePanelCard`.
    at createFiberFromTypeAndProps (C:\optiplan360_project\frontend\node_modules\react-dom\cjs\react-dom.development.js:28478:17)
    at createFiberFromElement (C:\optiplan360_project\frontend\node_modules\react-dom\cjs\react-dom.development.js:28504:15)
    at reconcileSingleElement (C:\optiplan360_project\frontend\node_modules\react-dom\cjs\react-dom.development.js:13986:23)
    at reconcileChildFibers (C:\optiplan360_project\frontend\node_modules\react-dom\cjs\react-dom.development.js:14044:35)
    at reconcileChildren (C:\optiplan360_project\frontend\node_modules\react-dom\cjs\react-dom.development.js:19186:28)
    at updateHostComponent (C:\optiplan360_project\frontend\node_modules\react-dom\cjs\react-dom.development.js:19953:3)
    at beginWork (C:\optiplan360_project\frontend\node_modules\react-dom\cjs\react-dom.development.js:21657:14)
    at HTMLUnknownElement.callCallback (C:\optiplan360_project\frontend\node_modules\react-dom\cjs\react-dom.development.js:4164:14)
    at HTMLUnknownElement.callTheUserObjectsOperation (C:\optiplan360_project\frontend\node_modules\jsdom\lib\jsdom\living\generated\EventListener.js:26:30)
    at innerInvokeEventListeners (C:\optiplan360_project\frontend\node_modules\jsdom\lib\jsdom\living\events\EventTarget-impl.js:350:25)
Warning: React.jsx: type is invalid -- expected a string (for built-in components) or a class/function (for composite components) but got: undefined. You likely forgot to export your component from the file it's defined in, or you might have mixed up default and named imports.

Check your code at ModuleSurfacePanels.tsx:56.
    at ModuleSurfacePanelCard (C:\optiplan360_project\frontend\src\components\Shared\ModuleSurfacePanels.tsx:8:3)
    at div
    at ModuleSurfaceInsightGrid (C:\optiplan360_project\frontend\src\components\Shared\ModuleSurfacePanels.tsx:83:37)
    at div
    at div
    at TeklifFisiPage
Error: Uncaught [Error: Element type is invalid: expected a string (for built-in components) or a class/function (for composite components) but got: undefined. You likely forgot to export your component from the file it's defined in, or you might have mixed up default and named imports.

Check the render method of `ModuleSurfacePanelCard`.]
    at reportException (C:\optiplan360_project\frontend\node_modules\jsdom\lib\jsdom\living\helpers\runtime-script-errors.js:66:24)
    at innerInvokeEventListeners (C:\optiplan360_project\frontend\node_modules\jsdom\lib\jsdom\living\events\EventTarget-impl.js:353:9)
    at invokeEventListeners (C:\optiplan360_project\frontend\node_modules\jsdom\lib\jsdom\living\events\EventTarget-impl.js:286:3)
    at HTMLUnknownElementImpl._dispatch (C:\optiplan360_project\frontend\node_modules\jsdom\lib\jsdom\living\events\EventTarget-impl.js:233:9)
    at HTMLUnknownElementImpl.dispatchEvent (C:\optiplan360_project\frontend\node_modules\jsdom\lib\jsdom\living\events\EventTarget-impl.js:104:17)
    at HTMLUnknownElement.dispatchEvent (C:\optiplan360_project\frontend\node_modules\jsdom\lib\jsdom\living\generated\EventTarget.js:241:34)
    at Object.invokeGuardedCallbackDev (C:\optiplan360_project\frontend\node_modules\react-dom\cjs\react-dom.development.js:4213:16)
    at invokeGuardedCallback (C:\optiplan360_project\frontend\node_modules\react-dom\cjs\react-dom.development.js:4277:31)
    at beginWork$1 (C:\optiplan360_project\frontend\node_modules\react-dom\cjs\react-dom.development.js:27490:7)
    at performUnitOfWork (C:\optiplan360_project\frontend\node_modules\react-dom\cjs\react-dom.development.js:26599:12) Error: Element type is invalid: expected a string (for built-in components) or a class/function (for composite components) but got: undefined. You likely forgot to export your component from the file it's defined in, or you might have mixed up default and named imports.

Check the render method of `ModuleSurfacePanelCard`.
    at createFiberFromTypeAndProps (C:\optiplan360_project\frontend\node_modules\react-dom\cjs\react-dom.development.js:28478:17)
    at createFiberFromElement (C:\optiplan360_project\frontend\node_modules\react-dom\cjs\react-dom.development.js:28504:15)
    at reconcileSingleElement (C:\optiplan360_project\frontend\node_modules\react-dom\cjs\react-dom.development.js:13986:23)
    at reconcileChildFibers (C:\optiplan360_project\frontend\node_modules\react-dom\cjs\react-dom.development.js:14044:35)
    at reconcileChildren (C:\optiplan360_project\frontend\node_modules\react-dom\cjs\react-dom.development.js:19186:28)
    at updateHostComponent (C:\optiplan360_project\frontend\node_modules\react-dom\cjs\react-dom.development.js:19953:3)
    at beginWork (C:\optiplan360_project\frontend\node_modules\react-dom\cjs\react-dom.development.js:21657:14)
    at HTMLUnknownElement.callCallback (C:\optiplan360_project\frontend\node_modules\react-dom\cjs\react-dom.development.js:4164:14)
    at HTMLUnknownElement.callTheUserObjectsOperation (C:\optiplan360_project\frontend\node_modules\jsdom\lib\jsdom\living\generated\EventListener.js:26:30)
    at innerInvokeEventListeners (C:\optiplan360_project\frontend\node_modules\jsdom\lib\jsdom\living\events\EventTarget-impl.js:350:25)
The above error occurred in the <div> component:

    at div
    at div
    at div
    at div
    at Card (C:\optiplan360_project\frontend\src\components\Shared\Card.tsx:8:3)
    at ModuleSurfacePanelCard (C:\optiplan360_project\frontend\src\components\Shared\ModuleSurfacePanels.tsx:8:3)
    at div
    at ModuleSurfaceInsightGrid (C:\optiplan360_project\frontend\src\components\Shared\ModuleSurfacePanels.tsx:83:37)
    at div
    at div
    at TeklifFisiPage

Consider adding an error boundary to your tree to customize error handling behavior.
Visit https://reactjs.org/link/error-boundaries to learn more about error boundaries.

 [32mÔ£ô[39m src/features/WhatsApp/__tests__/WhatsAppBusinessPage.test.tsx [2m([22m[2m6 tests[22m[2m)[22m[33m 622[2mms[22m[39m
 [32mÔ£ô[39m src/features/Orders/workflowWorkspaceUI.test.tsx [2m([22m[2m15 tests[22m[2m)[22m[33m 630[2mms[22m[39m
stderr | src/features/CRM/TeklifFisiPage.test.tsx > TeklifFisiPage > teklif olusturma modalinde negatif header iskonto icin create cagrisi yapmaz
Warning: React.jsx: type is invalid -- expected a string (for built-in components) or a class/function (for composite components) but got: undefined. You likely forgot to export your component from the file it's defined in, or you might have mixed up default and named imports.

Check your code at ModuleSurfacePanels.tsx:56.
    at ModuleSurfacePanelCard (C:\optiplan360_project\frontend\src\components\Shared\ModuleSurfacePanels.tsx:8:3)
    at div
    at ModuleSurfaceInsightGrid (C:\optiplan360_project\frontend\src\components\Shared\ModuleSurfacePanels.tsx:83:37)
    at div
    at div
    at TeklifFisiPage
Error: Uncaught [Error: Element type is invalid: expected a string (for built-in components) or a class/function (for composite components) but got: undefined. You likely forgot to export your component from the file it's defined in, or you might have mixed up default and named imports.

Check the render method of `ModuleSurfacePanelCard`.]
    at reportException (C:\optiplan360_project\frontend\node_modules\jsdom\lib\jsdom\living\helpers\runtime-script-errors.js:66:24)
    at innerInvokeEventListeners (C:\optiplan360_project\frontend\node_modules\jsdom\lib\jsdom\living\events\EventTarget-impl.js:353:9)
    at invokeEventListeners (C:\optiplan360_project\frontend\node_modules\jsdom\lib\jsdom\living\events\EventTarget-impl.js:286:3)
    at HTMLUnknownElementImpl._dispatch (C:\optiplan360_project\frontend\node_modules\jsdom\lib\jsdom\living\events\EventTarget-impl.js:233:9)
    at HTMLUnknownElementImpl.dispatchEvent (C:\optiplan360_project\frontend\node_modules\jsdom\lib\jsdom\living\events\EventTarget-impl.js:104:17)
    at HTMLUnknownElement.dispatchEvent (C:\optiplan360_project\frontend\node_modules\jsdom\lib\jsdom\living\generated\EventTarget.js:241:34)
    at Object.invokeGuardedCallbackDev (C:\optiplan360_project\frontend\node_modules\react-dom\cjs\react-dom.development.js:4213:16)
    at invokeGuardedCallback (C:\optiplan360_project\frontend\node_modules\react-dom\cjs\react-dom.development.js:4277:31)
    at beginWork$1 (C:\optiplan360_project\frontend\node_modules\react-dom\cjs\react-dom.development.js:27490:7)
    at performUnitOfWork (C:\optiplan360_project\frontend\node_modules\react-dom\cjs\react-dom.development.js:26599:12) Error: Element type is invalid: expected a string (for built-in components) or a class/function (for composite components) but got: undefined. You likely forgot to export your component from the file it's defined in, or you might have mixed up default and named imports.

Check the render method of `ModuleSurfacePanelCard`.
    at createFiberFromTypeAndProps (C:\optiplan360_project\frontend\node_modules\react-dom\cjs\react-dom.development.js:28478:17)
    at createFiberFromElement (C:\optiplan360_project\frontend\node_modules\react-dom\cjs\react-dom.development.js:28504:15)
    at reconcileSingleElement (C:\optiplan360_project\frontend\node_modules\react-dom\cjs\react-dom.development.js:13986:23)
    at reconcileChildFibers (C:\optiplan360_project\frontend\node_modules\react-dom\cjs\react-dom.development.js:14044:35)
    at reconcileChildren (C:\optiplan360_project\frontend\node_modules\react-dom\cjs\react-dom.development.js:19186:28)
    at updateHostComponent (C:\optiplan360_project\frontend\node_modules\react-dom\cjs\react-dom.development.js:19953:3)
    at beginWork (C:\optiplan360_project\frontend\node_modules\react-dom\cjs\react-dom.development.js:21657:14)
    at HTMLUnknownElement.callCallback (C:\optiplan360_project\frontend\node_modules\react-dom\cjs\react-dom.development.js:4164:14)
    at HTMLUnknownElement.callTheUserObjectsOperation (C:\optiplan360_project\frontend\node_modules\jsdom\lib\jsdom\living\generated\EventListener.js:26:30)
    at innerInvokeEventListeners (C:\optiplan360_project\frontend\node_modules\jsdom\lib\jsdom\living\events\EventTarget-impl.js:350:25)
Warning: React.jsx: type is invalid -- expected a string (for built-in components) or a class/function (for composite components) but got: undefined. You likely forgot to export your component from the file it's defined in, or you might have mixed up default and named imports.

Check your code at ModuleSurfacePanels.tsx:56.
    at ModuleSurfacePanelCard (C:\optiplan360_project\frontend\src\components\Shared\ModuleSurfacePanels.tsx:8:3)
    at div
    at ModuleSurfaceInsightGrid (C:\optiplan360_project\frontend\src\components\Shared\ModuleSurfacePanels.tsx:83:37)
    at div
    at div
    at TeklifFisiPage
Error: Uncaught [Error: Element type is invalid: expected a string (for built-in components) or a class/function (for composite components) but got: undefined. You likely forgot to export your component from the file it's defined in, or you might have mixed up default and named imports.

Check the render method of `ModuleSurfacePanelCard`.]
    at reportException (C:\optiplan360_project\frontend\node_modules\jsdom\lib\jsdom\living\helpers\runtime-script-errors.js:66:24)
    at innerInvokeEventListeners (C:\optiplan360_project\frontend\node_modules\jsdom\lib\jsdom\living\events\EventTarget-impl.js:353:9)
    at invokeEventListeners (C:\optiplan360_project\frontend\node_modules\jsdom\lib\jsdom\living\events\EventTarget-impl.js:286:3)
    at HTMLUnknownElementImpl._dispatch (C:\optiplan360_project\frontend\node_modules\jsdom\lib\jsdom\living\events\EventTarget-impl.js:233:9)
    at HTMLUnknownElementImpl.dispatchEvent (C:\optiplan360_project\frontend\node_modules\jsdom\lib\jsdom\living\events\EventTarget-impl.js:104:17)
    at HTMLUnknownElement.dispatchEvent (C:\optiplan360_project\frontend\node_modules\jsdom\lib\jsdom\living\generated\EventTarget.js:241:34)
    at Object.invokeGuardedCallbackDev (C:\optiplan360_project\frontend\node_modules\react-dom\cjs\react-dom.development.js:4213:16)
    at invokeGuardedCallback (C:\optiplan360_project\frontend\node_modules\react-dom\cjs\react-dom.development.js:4277:31)
    at beginWork$1 (C:\optiplan360_project\frontend\node_modules\react-dom\cjs\react-dom.development.js:27490:7)
    at performUnitOfWork (C:\optiplan360_project\frontend\node_modules\react-dom\cjs\react-dom.development.js:26599:12) Error: Element type is invalid: expected a string (for built-in components) or a class/function (for composite components) but got: undefined. You likely forgot to export your component from the file it's defined in, or you might have mixed up default and named imports.

Check the render method of `ModuleSurfacePanelCard`.
    at createFiberFromTypeAndProps (C:\optiplan360_project\frontend\node_modules\react-dom\cjs\react-dom.development.js:28478:17)
    at createFiberFromElement (C:\optiplan360_project\frontend\node_modules\react-dom\cjs\react-dom.development.js:28504:15)
    at reconcileSingleElement (C:\optiplan360_project\frontend\node_modules\react-dom\cjs\react-dom.development.js:13986:23)
    at reconcileChildFibers (C:\optiplan360_project\frontend\node_modules\react-dom\cjs\react-dom.development.js:14044:35)
    at reconcileChildren (C:\optiplan360_project\frontend\node_modules\react-dom\cjs\react-dom.development.js:19186:28)
    at updateHostComponent (C:\optiplan360_project\frontend\node_modules\react-dom\cjs\react-dom.development.js:19953:3)
    at beginWork (C:\optiplan360_project\frontend\node_modules\react-dom\cjs\react-dom.development.js:21657:14)
    at HTMLUnknownElement.callCallback (C:\optiplan360_project\frontend\node_modules\react-dom\cjs\react-dom.development.js:4164:14)
    at HTMLUnknownElement.callTheUserObjectsOperation (C:\optiplan360_project\frontend\node_modules\jsdom\lib\jsdom\living\generated\EventListener.js:26:30)
    at innerInvokeEventListeners (C:\optiplan360_project\frontend\node_modules\jsdom\lib\jsdom\living\events\EventTarget-impl.js:350:25)
The above error occurred in the <div> component:

    at div
    at div
    at div
    at div
    at Card (C:\optiplan360_project\frontend\src\components\Shared\Card.tsx:8:3)
    at ModuleSurfacePanelCard (C:\optiplan360_project\frontend\src\components\Shared\ModuleSurfacePanels.tsx:8:3)
    at div
    at ModuleSurfaceInsightGrid (C:\optiplan360_project\frontend\src\components\Shared\ModuleSurfacePanels.tsx:83:37)
    at div
    at div
    at TeklifFisiPage

Consider adding an error boundary to your tree to customize error handling behavior.
Visit https://reactjs.org/link/error-boundaries to learn more about error boundaries.

 [31mÔØ»[39m src/features/Integrations/OCRStatsPage.test.tsx [2m([22m[2m2 tests[22m[2m | [22m[31m2 failed[39m[2m)[22m[33m 849[2mms[22m[39m
[31m   [31m├ù[31m OCRStatsPage[2m > [22mbackend summary payloadini normalize edip fallback sayilarini kullanmaz[39m[32m 184[2mms[22m[39m
[31m     ÔåÆ Unable to find an element with the text: 5 basarili. This could be because the text is broken up by multiple elements. In this case, you can provide a function for your text matcher to make your matcher more flexible.

Ignored nodes: comments, script, style
[36m<body>[31m
  [36m<div>[31m
    [36m<div[31m
      [33mstyle[31m=[32m"padding: 24px; max-width: 1320px; margin: 0px auto;"[31m
    [36m>[31m
      [36m<div[31m
        [33mstyle[31m=[32m"margin-bottom: 24px;"[31m
      [36m>[31m
        [36m<h1[31m
          [33mstyle[31m=[32m"margin: 0px; font-size: 24px; font-weight: 600; color: rgb(243, 244, 246);"[31m
        [36m>[31m
          [0mOCR ─░statistikleri[0m
        [36m</h1>[31m
        [36m<p[31m
          [33mstyle[31m=[32m"margin: 8px 0px 0px; color: rgb(198, 198, 198); font-size: 14px;"[31m
        [36m>[31m
          [0mOCR servisleri kullan─▒m istatistikleri ve performans metrikleri[0m
        [36m</p>[31m
      [36m</div>[31m
      [36m<div[31m
        [33mstyle[31m=[32m"display: grid; grid-template-columns: repeat(auto-fit, minmax(200px, 1fr)); gap: 16px; margin-bottom: 24px;"[31m
      [36m>[31m
        [36m<div[31m
          [33mclass[31m=[32m"shared-card"[31m
        [36m>[31m
          [36m<div[31m
            [33mclass[31m=[32m"shared-card-body is-standalone"[31m
          [36m>[31m
            [36m<div[31m
              [33mstyle[31m=[32m"font-size: 13px; color: rgb(198, 198, 198); margin-bottom: 4px;"[31m
            [36m>[31m
              [0mToplam ─░┼şlem[0m
            [36m</div>[31m
            [36m<div[31m
              [33mstyle[31m=[32m"font-size: 28px; font-weight: 700; color: rgb(243, 244, 246);"[31m
            [36m>[31m
              [0m7[0m
            [36m</div>[31m
            [36m<div[31m
              [33mstyle[31m=[32m"font-size: 12px; color: rgb(16, 185, 129); margin-top: 4px;"[31m
            [36m>[31m
              [0m+[0m
              [0m3[0m
              [0m son 24s[0m
            [36m</div>[31m
          [36m</div>[31m
        [36m</div>[31m
        [36m<div[31m
          [33mclass[31m=[32m"shared-card"[31m
        [36m>[31m
          [36m<div[31m
            [33mclass[31m=[32m"shared-card-body is-standalone"[31m
          [36m>[31m
            [36m<div[31m
              [33mstyle[31m=[32m"font-size: 13px; color: rgb(198, 198, 198); margin-bottom: 4px;"[31m
            [36m>[31m
              [0mBa┼şar─▒ Oran─▒[0m
            [36m</div>[31m
            [36m<div[31m
              [33mstyle[31m=[32m"font-size: 28px; font-weight: 700; color: rgb(243, 244, 246);"[31m
            [36m>[31m
              [0m%71[0m
            [36m</div>[31m
            [36m<div[31m
              [33mstyle[31m=[32m"font-size: 12px; color: rgb(16, 185, 129); margin-top: 4px;"[31m
            [36m>[31m
              [0m5[0m
              [0m ba┼şar─▒l─▒[0m
            [36m</div>[31m
          [36m</div>[31m
        [36m</div>[31m
        [36m<div[31m
          [33mclass[31m=[32m"shared-card"[31m
        [36m>[31m
          [36m<div[31m
            [33mclass[31m=[32m"shared-card-body is-standalone"[31m
          [36m>[31m
            [36m<div[31m
              [33mstyle[31m=[32m"font-size: 13px; color: rgb(198, 198, 198); margin-bottom: 4px;"[31m
            [36m>[31m
              [0mOrtalama G├╝ven[0m
            [36m</div>[31m
            [36m<div[31m
              [33mstyle[31m=[32m"font-size: 28px; font-weight: 700; color: rgb(243, 244, 246);"[31m
            [36m>[31m
              [0m%81.5[0m
            [36m</div>[31m
            [36m<div[31m
              [33mstyle[31m=[32m"font-size: 12px; color: rgb(198, 198, 198); margin-top: 4px;"[31m
            [36m>[31m
              [0mOCR kalite skoru[0m
            [36m</div>[31m
          [36m</div>[31m
        [36m</div>[31m
        [36m<div[31m
          [33mclass[31m=[32m"shared-card"[31m
        [36m>[31m
          [36m<div[31m
            [33mclass[31m=[32m"shared-card-body is-standalone"[31m
          [36m>[31m
            [36m<div[31m
              [33mstyle[31m=[32m"font-size: 13px; color: rgb(198, 198, 198); margin-bottom: 4px;"[31m
            [36m>[31m
              [0m─░┼şlenen Sayfa[0m
            [36m</div>[31m
            [36m<div[31m
              [33mstyle[31m=[32m"font-size: 28px; font-weight: 700; color: rgb(243, 244, 246);"[31m
            [36m>[31m
              [0m12[0m
            [36m</div>[31m
            [36m<div[31m
              [33mstyle[31m=[32m"font-size: 12px; color: rgb(198, 198, 198); margin-top: 4px;"[31m
            [36m>[31m
              [0mToplam sayfa say─▒s─▒[0m
            [36m</div>[31m
          [36m</div>[31m
        [36m</div>[31m
      [36m</div>[31m
      [36m<div[31m
        [33mclass[31m=[32m"shared-card"[31m
        [33mstyle[31m=[32m"margin-bottom: 24px;"[31m
      [36m>[31m
        [36m<div[31m
          [33mclass[31m=[32m"shared-card-body is-standalone"[31m
        [36m>[31m
          [36m<div[31m
            [33mstyle[31m=[32m"display: flex; justify-content: space-between; align-items: center; margin-bottom: 16px;"[31m
          [36m>[31m
            [36m<h2[31m
              [33mstyle[31m=[32m"margin: 0px; font-size: 18px; font-weight: 600; color: rgb(243, 244, 246);"[31m
            [36m>[31m
              [0mOCR Servisleri[0m
            [36m</h2>[31m
            [36m<button[31m
              [33maria-disabled[31m=[32m"false"[31m
              [33mstyle[31m=[32m"font-family: \"Segoe UI\", system-ui, sans-serif; font-weight: 600; border-radius: 0; border: 1px solid rgba(var(--primary-rgb), 0.30); cursor: pointer; display: inline-flex; align-items: center; justify-content: center; gap: 8px; transition: all .15s ease; opacity: 1; width: auto; white-space: nowrap; position: relative; transform: translateY(0); letter-spacing: 0.01em; padding: 8px 12px; font-size: 11px; min-height: 40px; min-width: 40px; background: linear-gradient(135deg, rgba(var(--primary-rgb),0.12), rgba(var(--primary-rgb),0.08)); color: rgb(243, 244, 246); box-shadow: none;"[31m
              [33mtype[31m=[32m"button"[31m
            [36m>[31m
              [0mYenile[0m
            [36m</button>[31m
          [36m</div>[31m
          [36m<div[31m
            [33mstyle[31m=[32m"display: grid; gap: 12px;"[31m
          [36m>[31m
            [36m<div[31m
              [33mstyle[31m=[32m"display: grid; grid-template-columns: auto 1fr auto auto auto auto; gap: 16px; align-items: center; padding: 16px; border-radius: 0; border: 1px solid rgb(51, 51, 51); background: transparent;"[31m
            [36m>[31m
              [36m<div[31m
                [33mstyle[31m=[32m"color: rgb(198, 198, 198);"[31m
              [36m>[31m
                [36m<svg[31m
                  [33mclass[31m=[32m"lucide lucide-cloud "[31m
                  [33mfill[31m=[32m"none"[31m
                  [33mheight[31m=[32m"20"[31m
                  [33mstroke[31m=[32m"#0078D4"[31m
           ...[39m
[31m   [31m├ù[31m OCRStatsPage[2m > [22mriskli filtre ve telemetry sifirlama aksiyonunu ayni panelde uygular[39m[33m 662[2mms[22m[39m
[31m     ÔåÆ Unable to find an accessible element with the role "button" and name "Yalniz Riskli"

Here are the accessible roles:

  heading:

  Name "OCR ─░statistikleri":
  [36m<h1[31m
    [33mstyle[31m=[32m"margin: 0px; font-size: 24px; font-weight: 600; color: rgb(243, 244, 246);"[31m
  [36m/>[31m

  Name "OCR Servisleri":
  [36m<h2[31m
    [33mstyle[31m=[32m"margin: 0px; font-size: 18px; font-weight: 600; color: rgb(243, 244, 246);"[31m
  [36m/>[31m

  Name "Tespit Edilen Diller":
  [36m<h3[31m
    [33mstyle[31m=[32m"margin: 0px 0px 16px; font-size: 16px; font-weight: 600; color: rgb(243, 244, 246);"[31m
  [36m/>[31m

  --------------------------------------------------
  paragraph:

  Name "":
  [36m<p[31m
    [33mstyle[31m=[32m"margin: 8px 0px 0px; color: rgb(198, 198, 198); font-size: 14px;"[31m
  [36m/>[31m

  --------------------------------------------------
  button:

  Name "Yenile":
  [36m<button[31m
    [33maria-disabled[31m=[32m"false"[31m
    [33mstyle[31m=[32m"font-family: \"Segoe UI\", system-ui, sans-serif; font-weight: 600; border-radius: 0; border: 1px solid rgba(var(--primary-rgb), 0.30); cursor: pointer; display: inline-flex; align-items: center; justify-content: center; gap: 8px; transition: all .15s ease; opacity: 1; width: auto; white-space: nowrap; position: relative; transform: translateY(0); letter-spacing: 0.01em; padding: 8px 12px; font-size: 11px; min-height: 40px; min-width: 40px; background: linear-gradient(135deg, rgba(var(--primary-rgb),0.12), rgba(var(--primary-rgb),0.08)); color: rgb(243, 244, 246); box-shadow: none;"[31m
    [33mtype[31m=[32m"button"[31m
  [36m/>[31m

  --------------------------------------------------

Ignored nodes: comments, script, style
[36m<body>[31m
  [36m<div>[31m
    [36m<div[31m
      [33mstyle[31m=[32m"padding: 24px; max-width: 1320px; margin: 0px auto;"[31m
    [36m>[31m
      [36m<div[31m
        [33mstyle[31m=[32m"margin-bottom: 24px;"[31m
      [36m>[31m
        [36m<h1[31m
          [33mstyle[31m=[32m"margin: 0px; font-size: 24px; font-weight: 600; color: rgb(243, 244, 246);"[31m
        [36m>[31m
          [0mOCR ─░statistikleri[0m
        [36m</h1>[31m
        [36m<p[31m
          [33mstyle[31m=[32m"margin: 8px 0px 0px; color: rgb(198, 198, 198); font-size: 14px;"[31m
        [36m>[31m
          [0mOCR servisleri kullan─▒m istatistikleri ve performans metrikleri[0m
        [36m</p>[31m
      [36m</div>[31m
      [36m<div[31m
        [33mstyle[31m=[32m"display: grid; grid-template-columns: repeat(auto-fit, minmax(200px, 1fr)); gap: 16px; margin-bottom: 24px;"[31m
      [36m>[31m
        [36m<div[31m
          [33mclass[31m=[32m"shared-card"[31m
        [36m>[31m
          [36m<div[31m
            [33mclass[31m=[32m"shared-card-body is-standalone"[31m
          [36m>[31m
            [36m<div[31m
              [33mstyle[31m=[32m"font-size: 13px; color: rgb(198, 198, 198); margin-bottom: 4px;"[31m
            [36m>[31m
              [0mToplam ─░┼şlem[0m
            [36m</div>[31m
            [36m<div[31m
              [33mstyle[31m=[32m"font-size: 28px; font-weight: 700; color: rgb(243, 244, 246);"[31m
            [36m>[31m
              [0m7[0m
            [36m</div>[31m
            [36m<div[31m
              [33mstyle[31m=[32m"font-size: 12px; color: rgb(16, 185, 129); margin-top: 4px;"[31m
            [36m>[31m
              [0m+[0m
              [0m3[0m
              [0m son 24s[0m
            [36m</div>[31m
          [36m</div>[31m
        [36m</div>[31m
        [36m<div[31m
          [33mclass[31m=[32m"shared-card"[31m
        [36m>[31m
          [36m<div[31m
            [33mclass[31m=[32m"shared-card-body is-standalone"[31m
          [36m>[31m
            [36m<div[31m
              [33mstyle[31m=[32m"font-size: 13px; color: rgb(198, 198, 198); margin-bottom: 4px;"[31m
            [36m>[31m
              [0mBa┼şar─▒ Oran─▒[0m
            [36m</div>[31m
            [36m<div[31m
              [33mstyle[31m=[32m"font-size: 28px; font-weight: 700; color: rgb(243, 244, 246);"[31m
            [36m>[31m
              [0m%71[0m
            [36m</div>[31m
            [36m<div[31m
              [33mstyle[31m=[32m"font-size: 12px; color: rgb(16, 185, 129); margin-top: 4px;"[31m
            [36m>[31m
              [0m5[0m
              [0m ba┼şar─▒l─▒[0m
            [36m</div>[31m
          [36m</div>[31m
        [36m</div>[31m
        [36m<div[31m
          [33mclass[31m=[32m"shared-card"[31m
        [36m>[31m
          [36m<div[31m
            [33mclass[31m=[32m"shared-card-body is-standalone"[31m
          [36m>[31m
            [36m<div[31m
              [33mstyle[31m=[32m"font-size: 13px; color: rgb(198, 198, 198); margin-bottom: 4px;"[31m
            [36m>[31m
              [0mOrtalama G├╝ven[0m
            [36m</div>[31m
            [36m<div[31m
              [33mstyle[31m=[32m"font-size: 28px; font-weight: 700; color: rgb(243, 244, 246);"[31m
            [36m>[31m
              [0m%81.5[0m
            [36m</div>[31m
            [36m<div[31m
              [33mstyle[31m=[32m"font-size: 12px; color: rgb(198, 198, 198); margin-top: 4px;"[31m
            [36m>[31m
              [0mOCR kalite skoru[0m
            [36m</div>[31m
          [36m</div>[31m
        [36m</div>[31m
        [36m<div[31m
          [33mclass[31m=[32m"shared-card"[31m
        [36m>[31m
          [36m<div[31m
            [33mclass[31m=[32m"shared-card-body is-standalone"[31m
          [36m>[31m
            [36m<div[31m
              [33mstyle[31m=[32m"font-size: 13px; color: rgb(198, 198, 198); margin-bottom: 4px;"[31m
            [36m>[31m
              [0m─░┼şlenen Sayfa[0m
            [36m</div>[31m
            [36m<div[31m
              [33mstyle[31m=[32m"font-size: 28px; font-weight: 700; color: rgb(243, 244, 246);"[31m
            [36m>[31m
              [0m12[0m
            [36m</div>[31m
            [36m<div[31m
              [33mstyle[31m=[32m"font-size: 12px; color: rgb(198, 198, 198); margin-top: 4px;"[31m
            [36m>[31m
              [0mToplam sayfa say─▒s─▒[0m
            [36m</div>[31m
          [36m</div>[31m
        [36m</div>[31m
      [36m</div>[31m
      [36m<div[31m
        [33mclass[31m=[32m"shared-card"[31m
        [33mstyle[31m=[32m"margin-bottom: 24px;"[31m
      [36m>[31m
        [36m<div[31m
          [33mclass[31m=[32m"shared-card-body is-standalone"[31m
        [36m>[31m
          [36m<div[31m
            [33mstyle[31m=[32m"display: flex; justify-content: space-between; align-items: center; margin-bottom: 16px;"[31m
          [36m>[31m
            [36m<h2[31m
              [33mstyle[31m=[32m"margin: 0px; font-size: 18px; font-weight: 600; color: rgb(243, 244, 246);"[31m
            [36m>[31m
              [0mOCR Servisleri[0m
            [36m</h2>[31m
            [36m<button[31m
              [33maria-disabled[31m=[32m"false"[31m
              [33mstyle[31m=[32m"font-family: \"Segoe UI\", system-ui, sans-serif; font-weight: 600; border-radius: 0; border: 1px solid rgba(var(--primary-rgb), 0.30); cursor: pointer; display: inline-flex; align-items: center; justify-content: center; gap: 8px; transition: all .15s ease; opacity: 1; width: auto; white-space: nowrap; position: relative; transform: translateY(0); letter-spacing: 0.01em; padding: 8px 12px; font-size: 11px; min-height: 40px; min-width: 40px; background: linear-gradient(135deg, rgba(var(--primary-rgb),0.12), rgba(var(--primary-rgb),0.08)); color: rgb(243, 244, 246); box-shadow: none;"[31m
              [33mtype[31m=[32m"button"[31m
            [36m>[31m
              [0mYenile[0m
            [36m</button>[31m
          [36m</div>[31m
          [36m<div[31m
            [33mstyle[31m=[32m"display: grid; gap: 12px;"[31m
          [36m>[31m
            [36m<div[31m
              [33mstyle[31m=[32m"display: grid; grid-template-columns: auto 1fr auto auto auto auto; gap: 16px; align-items: center; padding: 16px; border-radius: 0; border: 1px solid rgb(51, 51, 51); background: transparent;"[31m
            [36m>[31m
              [36m<div[31m
                [33mstyle[31m=[32m"color: rgb(198, 198, 198);"[31m
              [36m>[31m
                [36m<svg[31m
                  [33mclass[31m=[32m"lucide lucide-cloud "[31m
                  [33mfill[31m=[32m"none"[31m
                  [33mheight[31m=[32m"20"[31m
                  [33mstroke[31m=[32m"#0078D4"[31m
           ...[39m
stderr | src/features/CRM/TeklifFisiPage.test.tsx > TeklifFisiPage > teklif olusturma modalinde para birimi alani TRY varsayilan ile render edilir
Warning: React.jsx: type is invalid -- expected a string (for built-in components) or a class/function (for composite components) but got: undefined. You likely forgot to export your component from the file it's defined in, or you might have mixed up default and named imports.

Check your code at ModuleSurfacePanels.tsx:56.
    at ModuleSurfacePanelCard (C:\optiplan360_project\frontend\src\components\Shared\ModuleSurfacePanels.tsx:8:3)
    at div
    at ModuleSurfaceInsightGrid (C:\optiplan360_project\frontend\src\components\Shared\ModuleSurfacePanels.tsx:83:37)
    at div
    at div
    at TeklifFisiPage
Error: Uncaught [Error: Element type is invalid: expected a string (for built-in components) or a class/function (for composite components) but got: undefined. You likely forgot to export your component from the file it's defined in, or you might have mixed up default and named imports.

Check the render method of `ModuleSurfacePanelCard`.]
    at reportException (C:\optiplan360_project\frontend\node_modules\jsdom\lib\jsdom\living\helpers\runtime-script-errors.js:66:24)
    at innerInvokeEventListeners (C:\optiplan360_project\frontend\node_modules\jsdom\lib\jsdom\living\events\EventTarget-impl.js:353:9)
    at invokeEventListeners (C:\optiplan360_project\frontend\node_modules\jsdom\lib\jsdom\living\events\EventTarget-impl.js:286:3)
    at HTMLUnknownElementImpl._dispatch (C:\optiplan360_project\frontend\node_modules\jsdom\lib\jsdom\living\events\EventTarget-impl.js:233:9)
    at HTMLUnknownElementImpl.dispatchEvent (C:\optiplan360_project\frontend\node_modules\jsdom\lib\jsdom\living\events\EventTarget-impl.js:104:17)
    at HTMLUnknownElement.dispatchEvent (C:\optiplan360_project\frontend\node_modules\jsdom\lib\jsdom\living\generated\EventTarget.js:241:34)
    at Object.invokeGuardedCallbackDev (C:\optiplan360_project\frontend\node_modules\react-dom\cjs\react-dom.development.js:4213:16)
    at invokeGuardedCallback (C:\optiplan360_project\frontend\node_modules\react-dom\cjs\react-dom.development.js:4277:31)
    at beginWork$1 (C:\optiplan360_project\frontend\node_modules\react-dom\cjs\react-dom.development.js:27490:7)
    at performUnitOfWork (C:\optiplan360_project\frontend\node_modules\react-dom\cjs\react-dom.development.js:26599:12) Error: Element type is invalid: expected a string (for built-in components) or a class/function (for composite components) but got: undefined. You likely forgot to export your component from the file it's defined in, or you might have mixed up default and named imports.

Check the render method of `ModuleSurfacePanelCard`.
    at createFiberFromTypeAndProps (C:\optiplan360_project\frontend\node_modules\react-dom\cjs\react-dom.development.js:28478:17)
    at createFiberFromElement (C:\optiplan360_project\frontend\node_modules\react-dom\cjs\react-dom.development.js:28504:15)
    at reconcileSingleElement (C:\optiplan360_project\frontend\node_modules\react-dom\cjs\react-dom.development.js:13986:23)
    at reconcileChildFibers (C:\optiplan360_project\frontend\node_modules\react-dom\cjs\react-dom.development.js:14044:35)
    at reconcileChildren (C:\optiplan360_project\frontend\node_modules\react-dom\cjs\react-dom.development.js:19186:28)
    at updateHostComponent (C:\optiplan360_project\frontend\node_modules\react-dom\cjs\react-dom.development.js:19953:3)
    at beginWork (C:\optiplan360_project\frontend\node_modules\react-dom\cjs\react-dom.development.js:21657:14)
    at HTMLUnknownElement.callCallback (C:\optiplan360_project\frontend\node_modules\react-dom\cjs\react-dom.development.js:4164:14)
    at HTMLUnknownElement.callTheUserObjectsOperation (C:\optiplan360_project\frontend\node_modules\jsdom\lib\jsdom\living\generated\EventListener.js:26:30)
    at innerInvokeEventListeners (C:\optiplan360_project\frontend\node_modules\jsdom\lib\jsdom\living\events\EventTarget-impl.js:350:25)
Warning: React.jsx: type is invalid -- expected a string (for built-in components) or a class/function (for composite components) but got: undefined. You likely forgot to export your component from the file it's defined in, or you might have mixed up default and named imports.

Check your code at ModuleSurfacePanels.tsx:56.
    at ModuleSurfacePanelCard (C:\optiplan360_project\frontend\src\components\Shared\ModuleSurfacePanels.tsx:8:3)
    at div
    at ModuleSurfaceInsightGrid (C:\optiplan360_project\frontend\src\components\Shared\ModuleSurfacePanels.tsx:83:37)
    at div
    at div
    at TeklifFisiPage
Error: Uncaught [Error: Element type is invalid: expected a string (for built-in components) or a class/function (for composite components) but got: undefined. You likely forgot to export your component from the file it's defined in, or you might have mixed up default and named imports.

Check the render method of `ModuleSurfacePanelCard`.]
    at reportException (C:\optiplan360_project\frontend\node_modules\jsdom\lib\jsdom\living\helpers\runtime-script-errors.js:66:24)
    at innerInvokeEventListeners (C:\optiplan360_project\frontend\node_modules\jsdom\lib\jsdom\living\events\EventTarget-impl.js:353:9)
    at invokeEventListeners (C:\optiplan360_project\frontend\node_modules\jsdom\lib\jsdom\living\events\EventTarget-impl.js:286:3)
    at HTMLUnknownElementImpl._dispatch (C:\optiplan360_project\frontend\node_modules\jsdom\lib\jsdom\living\events\EventTarget-impl.js:233:9)
    at HTMLUnknownElementImpl.dispatchEvent (C:\optiplan360_project\frontend\node_modules\jsdom\lib\jsdom\living\events\EventTarget-impl.js:104:17)
    at HTMLUnknownElement.dispatchEvent (C:\optiplan360_project\frontend\node_modules\jsdom\lib\jsdom\living\generated\EventTarget.js:241:34)
    at Object.invokeGuardedCallbackDev (C:\optiplan360_project\frontend\node_modules\react-dom\cjs\react-dom.development.js:4213:16)
    at invokeGuardedCallback (C:\optiplan360_project\frontend\node_modules\react-dom\cjs\react-dom.development.js:4277:31)
    at beginWork$1 (C:\optiplan360_project\frontend\node_modules\react-dom\cjs\react-dom.development.js:27490:7)
    at performUnitOfWork (C:\optiplan360_project\frontend\node_modules\react-dom\cjs\react-dom.development.js:26599:12) Error: Element type is invalid: expected a string (for built-in components) or a class/function (for composite components) but got: undefined. You likely forgot to export your component from the file it's defined in, or you might have mixed up default and named imports.

Check the render method of `ModuleSurfacePanelCard`.
    at createFiberFromTypeAndProps (C:\optiplan360_project\frontend\node_modules\react-dom\cjs\react-dom.development.js:28478:17)
    at createFiberFromElement (C:\optiplan360_project\frontend\node_modules\react-dom\cjs\react-dom.development.js:28504:15)
    at reconcileSingleElement (C:\optiplan360_project\frontend\node_modules\react-dom\cjs\react-dom.development.js:13986:23)
    at reconcileChildFibers (C:\optiplan360_project\frontend\node_modules\react-dom\cjs\react-dom.development.js:14044:35)
    at reconcileChildren (C:\optiplan360_project\frontend\node_modules\react-dom\cjs\react-dom.development.js:19186:28)
    at updateHostComponent (C:\optiplan360_project\frontend\node_modules\react-dom\cjs\react-dom.development.js:19953:3)
    at beginWork (C:\optiplan360_project\frontend\node_modules\react-dom\cjs\react-dom.development.js:21657:14)
    at HTMLUnknownElement.callCallback (C:\optiplan360_project\frontend\node_modules\react-dom\cjs\react-dom.development.js:4164:14)
    at HTMLUnknownElement.callTheUserObjectsOperation (C:\optiplan360_project\frontend\node_modules\jsdom\lib\jsdom\living\generated\EventListener.js:26:30)
    at innerInvokeEventListeners (C:\optiplan360_project\frontend\node_modules\jsdom\lib\jsdom\living\events\EventTarget-impl.js:350:25)
The above error occurred in the <div> component:

    at div
    at div
    at div
    at div
    at Card (C:\optiplan360_project\frontend\src\components\Shared\Card.tsx:8:3)
    at ModuleSurfacePanelCard (C:\optiplan360_project\frontend\src\components\Shared\ModuleSurfacePanels.tsx:8:3)
    at div
    at ModuleSurfaceInsightGrid (C:\optiplan360_project\frontend\src\components\Shared\ModuleSurfacePanels.tsx:83:37)
    at div
    at div
    at TeklifFisiPage

Consider adding an error boundary to your tree to customize error handling behavior.
Visit https://reactjs.org/link/error-boundaries to learn more about error boundaries.

 [32mÔ£ô[39m src/features/Dashboard/Dashboard.test.tsx [2m([22m[2m2 tests[22m[2m)[22m[33m 512[2mms[22m[39m
   [33m[2mÔ£ô[22m[39m Dashboard[2m > [22moverview sekmesinde yeni siparis CTA etiketini route metasindan uretir [33m 359[2mms[22m[39m
stderr | src/features/CRM/TeklifFisiPage.test.tsx > TeklifFisiPage > teklif olusturma modalinde gecerlilik ve cari esleme uyarisini onceden gosterir
Warning: React.jsx: type is invalid -- expected a string (for built-in components) or a class/function (for composite components) but got: undefined. You likely forgot to export your component from the file it's defined in, or you might have mixed up default and named imports.

Check your code at ModuleSurfacePanels.tsx:56.
    at ModuleSurfacePanelCard (C:\optiplan360_project\frontend\src\components\Shared\ModuleSurfacePanels.tsx:8:3)
    at div
    at ModuleSurfaceInsightGrid (C:\optiplan360_project\frontend\src\components\Shared\ModuleSurfacePanels.tsx:83:37)
    at div
    at div
    at TeklifFisiPage
Error: Uncaught [Error: Element type is invalid: expected a string (for built-in components) or a class/function (for composite components) but got: undefined. You likely forgot to export your component from the file it's defined in, or you might have mixed up default and named imports.

Check the render method of `ModuleSurfacePanelCard`.]
    at reportException (C:\optiplan360_project\frontend\node_modules\jsdom\lib\jsdom\living\helpers\runtime-script-errors.js:66:24)
    at innerInvokeEventListeners (C:\optiplan360_project\frontend\node_modules\jsdom\lib\jsdom\living\events\EventTarget-impl.js:353:9)
    at invokeEventListeners (C:\optiplan360_project\frontend\node_modules\jsdom\lib\jsdom\living\events\EventTarget-impl.js:286:3)
    at HTMLUnknownElementImpl._dispatch (C:\optiplan360_project\frontend\node_modules\jsdom\lib\jsdom\living\events\EventTarget-impl.js:233:9)
    at HTMLUnknownElementImpl.dispatchEvent (C:\optiplan360_project\frontend\node_modules\jsdom\lib\jsdom\living\events\EventTarget-impl.js:104:17)
    at HTMLUnknownElement.dispatchEvent (C:\optiplan360_project\frontend\node_modules\jsdom\lib\jsdom\living\generated\EventTarget.js:241:34)
    at Object.invokeGuardedCallbackDev (C:\optiplan360_project\frontend\node_modules\react-dom\cjs\react-dom.development.js:4213:16)
    at invokeGuardedCallback (C:\optiplan360_project\frontend\node_modules\react-dom\cjs\react-dom.development.js:4277:31)
    at beginWork$1 (C:\optiplan360_project\frontend\node_modules\react-dom\cjs\react-dom.development.js:27490:7)
    at performUnitOfWork (C:\optiplan360_project\frontend\node_modules\react-dom\cjs\react-dom.development.js:26599:12) Error: Element type is invalid: expected a string (for built-in components) or a class/function (for composite components) but got: undefined. You likely forgot to export your component from the file it's defined in, or you might have mixed up default and named imports.

Check the render method of `ModuleSurfacePanelCard`.
    at createFiberFromTypeAndProps (C:\optiplan360_project\frontend\node_modules\react-dom\cjs\react-dom.development.js:28478:17)
    at createFiberFromElement (C:\optiplan360_project\frontend\node_modules\react-dom\cjs\react-dom.development.js:28504:15)
    at reconcileSingleElement (C:\optiplan360_project\frontend\node_modules\react-dom\cjs\react-dom.development.js:13986:23)
    at reconcileChildFibers (C:\optiplan360_project\frontend\node_modules\react-dom\cjs\react-dom.development.js:14044:35)
    at reconcileChildren (C:\optiplan360_project\frontend\node_modules\react-dom\cjs\react-dom.development.js:19186:28)
    at updateHostComponent (C:\optiplan360_project\frontend\node_modules\react-dom\cjs\react-dom.development.js:19953:3)
    at beginWork (C:\optiplan360_project\frontend\node_modules\react-dom\cjs\react-dom.development.js:21657:14)
    at HTMLUnknownElement.callCallback (C:\optiplan360_project\frontend\node_modules\react-dom\cjs\react-dom.development.js:4164:14)
    at HTMLUnknownElement.callTheUserObjectsOperation (C:\optiplan360_project\frontend\node_modules\jsdom\lib\jsdom\living\generated\EventListener.js:26:30)
    at innerInvokeEventListeners (C:\optiplan360_project\frontend\node_modules\jsdom\lib\jsdom\living\events\EventTarget-impl.js:350:25)
Warning: React.jsx: type is invalid -- expected a string (for built-in components) or a class/function (for composite components) but got: undefined. You likely forgot to export your component from the file it's defined in, or you might have mixed up default and named imports.

Check your code at ModuleSurfacePanels.tsx:56.
    at ModuleSurfacePanelCard (C:\optiplan360_project\frontend\src\components\Shared\ModuleSurfacePanels.tsx:8:3)
    at div
    at ModuleSurfaceInsightGrid (C:\optiplan360_project\frontend\src\components\Shared\ModuleSurfacePanels.tsx:83:37)
    at div
    at div
    at TeklifFisiPage
Error: Uncaught [Error: Element type is invalid: expected a string (for built-in components) or a class/function (for composite components) but got: undefined. You likely forgot to export your component from the file it's defined in, or you might have mixed up default and named imports.

Check the render method of `ModuleSurfacePanelCard`.]
    at reportException (C:\optiplan360_project\frontend\node_modules\jsdom\lib\jsdom\living\helpers\runtime-script-errors.js:66:24)
    at innerInvokeEventListeners (C:\optiplan360_project\frontend\node_modules\jsdom\lib\jsdom\living\events\EventTarget-impl.js:353:9)
    at invokeEventListeners (C:\optiplan360_project\frontend\node_modules\jsdom\lib\jsdom\living\events\EventTarget-impl.js:286:3)
    at HTMLUnknownElementImpl._dispatch (C:\optiplan360_project\frontend\node_modules\jsdom\lib\jsdom\living\events\EventTarget-impl.js:233:9)
    at HTMLUnknownElementImpl.dispatchEvent (C:\optiplan360_project\frontend\node_modules\jsdom\lib\jsdom\living\events\EventTarget-impl.js:104:17)
    at HTMLUnknownElement.dispatchEvent (C:\optiplan360_project\frontend\node_modules\jsdom\lib\jsdom\living\generated\EventTarget.js:241:34)
    at Object.invokeGuardedCallbackDev (C:\optiplan360_project\frontend\node_modules\react-dom\cjs\react-dom.development.js:4213:16)
    at invokeGuardedCallback (C:\optiplan360_project\frontend\node_modules\react-dom\cjs\react-dom.development.js:4277:31)
    at beginWork$1 (C:\optiplan360_project\frontend\node_modules\react-dom\cjs\react-dom.development.js:27490:7)
    at performUnitOfWork (C:\optiplan360_project\frontend\node_modules\react-dom\cjs\react-dom.development.js:26599:12) Error: Element type is invalid: expected a string (for built-in components) or a class/function (for composite components) but got: undefined. You likely forgot to export your component from the file it's defined in, or you might have mixed up default and named imports.

Check the render method of `ModuleSurfacePanelCard`.
    at createFiberFromTypeAndProps (C:\optiplan360_project\frontend\node_modules\react-dom\cjs\react-dom.development.js:28478:17)
    at createFiberFromElement (C:\optiplan360_project\frontend\node_modules\react-dom\cjs\react-dom.development.js:28504:15)
    at reconcileSingleElement (C:\optiplan360_project\frontend\node_modules\react-dom\cjs\react-dom.development.js:13986:23)
    at reconcileChildFibers (C:\optiplan360_project\frontend\node_modules\react-dom\cjs\react-dom.development.js:14044:35)
    at reconcileChildren (C:\optiplan360_project\frontend\node_modules\react-dom\cjs\react-dom.development.js:19186:28)
    at updateHostComponent (C:\optiplan360_project\frontend\node_modules\react-dom\cjs\react-dom.development.js:19953:3)
    at beginWork (C:\optiplan360_project\frontend\node_modules\react-dom\cjs\react-dom.development.js:21657:14)
    at HTMLUnknownElement.callCallback (C:\optiplan360_project\frontend\node_modules\react-dom\cjs\react-dom.development.js:4164:14)
    at HTMLUnknownElement.callTheUserObjectsOperation (C:\optiplan360_project\frontend\node_modules\jsdom\lib\jsdom\living\generated\EventListener.js:26:30)
    at innerInvokeEventListeners (C:\optiplan360_project\frontend\node_modules\jsdom\lib\jsdom\living\events\EventTarget-impl.js:350:25)
The above error occurred in the <div> component:

    at div
    at div
    at div
    at div
    at Card (C:\optiplan360_project\frontend\src\components\Shared\Card.tsx:8:3)
    at ModuleSurfacePanelCard (C:\optiplan360_project\frontend\src\components\Shared\ModuleSurfacePanels.tsx:8:3)
    at div
    at ModuleSurfaceInsightGrid (C:\optiplan360_project\frontend\src\components\Shared\ModuleSurfacePanels.tsx:83:37)
    at div
    at div
    at TeklifFisiPage

Consider adding an error boundary to your tree to customize error handling behavior.
Visit https://reactjs.org/link/error-boundaries to learn more about error boundaries.

 [31mÔØ»[39m src/features/CRM/TeklifFisiPage.test.tsx [2m([22m[2m10 tests[22m[2m | [22m[31m10 failed[39m[2m)[22m[33m 783[2mms[22m[39m
[31m   [31m├ù[31m TeklifFisiPage[2m > [22mbagimsiz teklif fisi sayfasini, quote detayini ve teknik aktarim panelini gosterir[39m[32m 247[2mms[22m[39m
[31m     ÔåÆ Element type is invalid: expected a string (for built-in components) or a class/function (for composite components) but got: undefined. You likely forgot to export your component from the file it's defined in, or you might have mixed up default and named imports.

Check the render method of `ModuleSurfacePanelCard`.[39m
[31m   [31m├ù[31m TeklifFisiPage[2m > [22mteklif detayinda gecerlilik, bos satir ve cari esleme uyarilarini gorunur tasir[39m[32m 52[2mms[22m[39m
[31m     ÔåÆ Element type is invalid: expected a string (for built-in components) or a class/function (for composite components) but got: undefined. You likely forgot to export your component from the file it's defined in, or you might have mixed up default and named imports.

Check the render method of `ModuleSurfacePanelCard`.[39m
[31m   [31m├ù[31m TeklifFisiPage[2m > [22mteknik panelde entegrasyon hata kodunu ve retry oranini gosterir[39m[32m 83[2mms[22m[39m
[31m     ÔåÆ Element type is invalid: expected a string (for built-in components) or a class/function (for composite components) but got: undefined. You likely forgot to export your component from the file it's defined in, or you might have mixed up default and named imports.

Check the render method of `ModuleSurfacePanelCard`.[39m
[31m   [31m├ù[31m TeklifFisiPage[2m > [22mteklif listesinde durum filtresini dogrulanmis status sozlugune gore uygular[39m[32m 69[2mms[22m[39m
[31m     ÔåÆ Element type is invalid: expected a string (for built-in components) or a class/function (for composite components) but got: undefined. You likely forgot to export your component from the file it's defined in, or you might have mixed up default and named imports.

Check the render method of `ModuleSurfacePanelCard`.[39m
[31m   [31m├ù[31m TeklifFisiPage[2m > [22mteklif olusturma secicisi cari teknik kodunu yuzey etiketi olarak gostermez[39m[32m 78[2mms[22m[39m
[31m     ÔåÆ Element type is invalid: expected a string (for built-in components) or a class/function (for composite components) but got: undefined. You likely forgot to export your component from the file it's defined in, or you might have mixed up default and named imports.

Check the render method of `ModuleSurfacePanelCard`.[39m
[31m   [31m├ù[31m TeklifFisiPage[2m > [22mteklif olusturma modalinde dogrulanan satir alanlarini payload olarak gonderir[39m[32m 53[2mms[22m[39m
[31m     ÔåÆ Element type is invalid: expected a string (for built-in components) or a class/function (for composite components) but got: undefined. You likely forgot to export your component from the file it's defined in, or you might have mixed up default and named imports.

Check the render method of `ModuleSurfacePanelCard`.[39m
[31m   [31m├ù[31m TeklifFisiPage[2m > [22mteklif olusturma modalinde negatif header iskonto icin create cagrisi yapmaz[39m[32m 87[2mms[22m[39m
[31m     ÔåÆ Element type is invalid: expected a string (for built-in components) or a class/function (for composite components) but got: undefined. You likely forgot to export your component from the file it's defined in, or you might have mixed up default and named imports.

Check the render method of `ModuleSurfacePanelCard`.[39m
[31m   [31m├ù[31m TeklifFisiPage[2m > [22mteklif detayinda Siparise Donustur butonu render edilir ve converting state yukler[39m[32m 6[2mms[22m[39m
[31m     ÔåÆ Cannot read properties of undefined (reading 'mockResolvedValue')[39m
[31m   [31m├ù[31m TeklifFisiPage[2m > [22mteklif olusturma modalinde para birimi alani TRY varsayilan ile render edilir[39m[32m 45[2mms[22m[39m
[31m     ÔåÆ Element type is invalid: expected a string (for built-in components) or a class/function (for composite components) but got: undefined. You likely forgot to export your component from the file it's defined in, or you might have mixed up default and named imports.

Check the render method of `ModuleSurfacePanelCard`.[39m
[31m   [31m├ù[31m TeklifFisiPage[2m > [22mteklif olusturma modalinde gecerlilik ve cari esleme uyarisini onceden gosterir[39m[32m 61[2mms[22m[39m
[31m     ÔåÆ Element type is invalid: expected a string (for built-in components) or a class/function (for composite components) but got: undefined. You likely forgot to export your component from the file it's defined in, or you might have mixed up default and named imports.

Check the render method of `ModuleSurfacePanelCard`.[39m
stderr | src/features/OptiPlanWorkflow/OCRKontrolPage.test.tsx > OCRKontrolPage > Sipari┼ş D├╝zenle butonu t├╝m h├╝creler y├╝ksek g├╝venli oldu─şunda aktif olur
Error: Not implemented: HTMLCanvasElement.prototype.getContext (without installing the canvas npm package)
    at module.exports (C:\optiplan360_project\frontend\node_modules\jsdom\lib\jsdom\browser\not-implemented.js:9:17)
    at HTMLCanvasElementImpl.getContext (C:\optiplan360_project\frontend\node_modules\jsdom\lib\jsdom\living\nodes\HTMLCanvasElement-impl.js:42:5)
    at HTMLCanvasElement.getContext (C:\optiplan360_project\frontend\node_modules\jsdom\lib\jsdom\living\generated\HTMLCanvasElement.js:131:58)
    at C:\optiplan360_project\frontend\src\features\OptiPlanWorkflow\OCRKontrolPage.tsx:517:24
    at commitHookEffectListMount (C:\optiplan360_project\frontend\node_modules\react-dom\cjs\react-dom.development.js:23189:26)
    at commitPassiveMountOnFiber (C:\optiplan360_project\frontend\node_modules\react-dom\cjs\react-dom.development.js:24970:11)
    at commitPassiveMountEffects_complete (C:\optiplan360_project\frontend\node_modules\react-dom\cjs\react-dom.development.js:24930:9)
    at commitPassiveMountEffects_begin (C:\optiplan360_project\frontend\node_modules\react-dom\cjs\react-dom.development.js:24917:7)
    at commitPassiveMountEffects (C:\optiplan360_project\frontend\node_modules\react-dom\cjs\react-dom.development.js:24905:3)
    at flushPassiveEffectsImpl (C:\optiplan360_project\frontend\node_modules\react-dom\cjs\react-dom.development.js:27078:3) undefined

 [32mÔ£ô[39m src/features/Admin/__tests__/StationsPage.test.tsx [2m([22m[2m5 tests[22m[2m)[22m[33m 868[2mms[22m[39m
   [33m[2mÔ£ô[22m[39m StationsPage[2m > [22mtab bar 4 tab i├ğerir [33m 364[2mms[22m[39m
stderr | src/features/OptiPlanWorkflow/OCRKontrolPage.test.tsx > OCRKontrolPage > d├╝┼ş├╝k g├╝venli h├╝cre varsa Sipari┼ş D├╝zenle butonu devre d─▒┼ş─▒d─▒r
Error: Not implemented: HTMLCanvasElement.prototype.getContext (without installing the canvas npm package)
    at module.exports (C:\optiplan360_project\frontend\node_modules\jsdom\lib\jsdom\browser\not-implemented.js:9:17)
    at HTMLCanvasElementImpl.getContext (C:\optiplan360_project\frontend\node_modules\jsdom\lib\jsdom\living\nodes\HTMLCanvasElement-impl.js:42:5)
    at HTMLCanvasElement.getContext (C:\optiplan360_project\frontend\node_modules\jsdom\lib\jsdom\living\generated\HTMLCanvasElement.js:131:58)
    at C:\optiplan360_project\frontend\src\features\OptiPlanWorkflow\OCRKontrolPage.tsx:517:24
    at commitHookEffectListMount (C:\optiplan360_project\frontend\node_modules\react-dom\cjs\react-dom.development.js:23189:26)
    at commitPassiveMountOnFiber (C:\optiplan360_project\frontend\node_modules\react-dom\cjs\react-dom.development.js:24970:11)
    at commitPassiveMountEffects_complete (C:\optiplan360_project\frontend\node_modules\react-dom\cjs\react-dom.development.js:24930:9)
    at commitPassiveMountEffects_begin (C:\optiplan360_project\frontend\node_modules\react-dom\cjs\react-dom.development.js:24917:7)
    at commitPassiveMountEffects (C:\optiplan360_project\frontend\node_modules\react-dom\cjs\react-dom.development.js:24905:3)
    at flushPassiveEffectsImpl (C:\optiplan360_project\frontend\node_modules\react-dom\cjs\react-dom.development.js:27078:3) undefined

stderr | src/features/OptiPlanWorkflow/OCRKontrolPage.test.tsx > OCRKontrolPage > d├╝┼ş├╝k g├╝venli h├╝cre turuncu arka planla g├Âsterilir
Error: Not implemented: HTMLCanvasElement.prototype.getContext (without installing the canvas npm package)
    at module.exports (C:\optiplan360_project\frontend\node_modules\jsdom\lib\jsdom\browser\not-implemented.js:9:17)
    at HTMLCanvasElementImpl.getContext (C:\optiplan360_project\frontend\node_modules\jsdom\lib\jsdom\living\nodes\HTMLCanvasElement-impl.js:42:5)
    at HTMLCanvasElement.getContext (C:\optiplan360_project\frontend\node_modules\jsdom\lib\jsdom\living\generated\HTMLCanvasElement.js:131:58)
    at C:\optiplan360_project\frontend\src\features\OptiPlanWorkflow\OCRKontrolPage.tsx:517:24
    at commitHookEffectListMount (C:\optiplan360_project\frontend\node_modules\react-dom\cjs\react-dom.development.js:23189:26)
    at commitPassiveMountOnFiber (C:\optiplan360_project\frontend\node_modules\react-dom\cjs\react-dom.development.js:24970:11)
    at commitPassiveMountEffects_complete (C:\optiplan360_project\frontend\node_modules\react-dom\cjs\react-dom.development.js:24930:9)
    at commitPassiveMountEffects_begin (C:\optiplan360_project\frontend\node_modules\react-dom\cjs\react-dom.development.js:24917:7)
    at commitPassiveMountEffects (C:\optiplan360_project\frontend\node_modules\react-dom\cjs\react-dom.development.js:24905:3)
    at flushPassiveEffectsImpl (C:\optiplan360_project\frontend\node_modules\react-dom\cjs\react-dom.development.js:27078:3) undefined

 [32mÔ£ô[39m src/features/CardManagement/CardManagementPage.test.tsx [2m([22m[2m2 tests[22m[2m)[22m[33m 1140[2mms[22m[39m
   [33m[2mÔ£ô[22m[39m CardManagementPage intro onboarding[2m > [22mopens accounts intro first, then only auto-opens create modal once [33m 768[2mms[22m[39m
   [33m[2mÔ£ô[22m[39m CardManagementPage intro onboarding[2m > [22mopens stock intro first, then only auto-opens create modal once [33m 371[2mms[22m[39m
 [32mÔ£ô[39m src/features/Admin/ConfigPage.test.tsx [2m([22m[2m5 tests[22m[2m)[22m[33m 908[2mms[22m[39m
   [33m[2mÔ£ô[22m[39m ConfigPage[2m > [22msekme ba┼şl─▒klar─▒n─▒ render eder [33m 359[2mms[22m[39m
stderr | src/features/OptiPlanWorkflow/OCRKontrolPage.test.tsx > OCRKontrolPage > Onayla butonuna t─▒klay─▒nca h├╝cre onaylan─▒r ve turuncu kald─▒r─▒l─▒r
Error: Not implemented: HTMLCanvasElement.prototype.getContext (without installing the canvas npm package)
    at module.exports (C:\optiplan360_project\frontend\node_modules\jsdom\lib\jsdom\browser\not-implemented.js:9:17)
    at HTMLCanvasElementImpl.getContext (C:\optiplan360_project\frontend\node_modules\jsdom\lib\jsdom\living\nodes\HTMLCanvasElement-impl.js:42:5)
    at HTMLCanvasElement.getContext (C:\optiplan360_project\frontend\node_modules\jsdom\lib\jsdom\living\generated\HTMLCanvasElement.js:131:58)
    at C:\optiplan360_project\frontend\src\features\OptiPlanWorkflow\OCRKontrolPage.tsx:517:24
    at commitHookEffectListMount (C:\optiplan360_project\frontend\node_modules\react-dom\cjs\react-dom.development.js:23189:26)
    at commitPassiveMountOnFiber (C:\optiplan360_project\frontend\node_modules\react-dom\cjs\react-dom.development.js:24970:11)
    at commitPassiveMountEffects_complete (C:\optiplan360_project\frontend\node_modules\react-dom\cjs\react-dom.development.js:24930:9)
    at commitPassiveMountEffects_begin (C:\optiplan360_project\frontend\node_modules\react-dom\cjs\react-dom.development.js:24917:7)
    at commitPassiveMountEffects (C:\optiplan360_project\frontend\node_modules\react-dom\cjs\react-dom.development.js:24905:3)
    at flushPassiveEffectsImpl (C:\optiplan360_project\frontend\node_modules\react-dom\cjs\react-dom.development.js:27078:3) undefined

 [32mÔ£ô[39m src/__tests__/StockDefinitionModal.test.tsx [2m([22m[2m5 tests[22m[2m)[22m[33m 1899[2mms[22m[39m
   [33m[2mÔ£ô[22m[39m StockAndCustomerDefinitionModal - Real API Integration Tests[2m > [22mfetches stock data from real API on search [33m 481[2mms[22m[39m
   [33m[2mÔ£ô[22m[39m StockAndCustomerDefinitionModal - Real API Integration Tests[2m > [22mfetches customer data from real API on search [33m 444[2mms[22m[39m
   [33m[2mÔ£ô[22m[39m StockAndCustomerDefinitionModal - Real API Integration Tests[2m > [22mselects stock and calls onSelectStock callback [33m 477[2mms[22m[39m
   [33m[2mÔ£ô[22m[39m StockAndCustomerDefinitionModal - Real API Integration Tests[2m > [22mdebounces search requests [33m 401[2mms[22m[39m
 [32mÔ£ô[39m src/features/OptiPlanWorkflow/ExportXmlFirePage.test.tsx [2m([22m[2m6 tests[22m[2m)[22m[33m 1397[2mms[22m[39m
   [33m[2mÔ£ô[22m[39m ExportXmlFirePage[2m > [22mphase 4 ekranini klasor ve panel baglami ile cizer [33m 332[2mms[22m[39m
   [33m[2mÔ£ô[22m[39m ExportXmlFirePage[2m > [22mpreview ve export aksiyonlarini kanonik phase4 servisine yollar [33m 374[2mms[22m[39m
 [32mÔ£ô[39m src/features/OptiPlanWorkflow/OCRPoolPage.test.tsx [2m([22m[2m16 tests[22m[2m)[22m[33m 1401[2mms[22m[39m
stderr | src/features/OptiPlanWorkflow/OCRKontrolPage.test.tsx > OCRKontrolPage > Onayla butonuna t─▒klay─▒nca h├╝cre onaylan─▒r ve turuncu kald─▒r─▒l─▒r
Error: Not implemented: HTMLCanvasElement.prototype.getContext (without installing the canvas npm package)
    at module.exports (C:\optiplan360_project\frontend\node_modules\jsdom\lib\jsdom\browser\not-implemented.js:9:17)
    at HTMLCanvasElementImpl.getContext (C:\optiplan360_project\frontend\node_modules\jsdom\lib\jsdom\living\nodes\HTMLCanvasElement-impl.js:42:5)
    at HTMLCanvasElement.getContext (C:\optiplan360_project\frontend\node_modules\jsdom\lib\jsdom\living\generated\HTMLCanvasElement.js:131:58)
    at C:\optiplan360_project\frontend\src\features\OptiPlanWorkflow\OCRKontrolPage.tsx:517:24
    at commitHookEffectListMount (C:\optiplan360_project\frontend\node_modules\react-dom\cjs\react-dom.development.js:23189:26)
    at commitPassiveMountOnFiber (C:\optiplan360_project\frontend\node_modules\react-dom\cjs\react-dom.development.js:24970:11)
    at commitPassiveMountEffects_complete (C:\optiplan360_project\frontend\node_modules\react-dom\cjs\react-dom.development.js:24930:9)
    at commitPassiveMountEffects_begin (C:\optiplan360_project\frontend\node_modules\react-dom\cjs\react-dom.development.js:24917:7)
    at commitPassiveMountEffects (C:\optiplan360_project\frontend\node_modules\react-dom\cjs\react-dom.development.js:24905:3)
    at flushPassiveEffectsImpl (C:\optiplan360_project\frontend\node_modules\react-dom\cjs\react-dom.development.js:27078:3) undefined

 [32mÔ£ô[39m src/components/Layout/__tests__/AppShell.moduleRoutes.test.tsx [2m([22m[2m3 tests[22m[2m)[22m[32m 140[2mms[22m[39m
stderr | src/features/OptiPlanWorkflow/OCRKontrolPage.test.tsx > OCRKontrolPage > t├╝m d├╝┼ş├╝k g├╝ven h├╝creler onayland─▒ktan sonra Sipari┼ş D├╝zenle aktif olur
Error: Not implemented: HTMLCanvasElement.prototype.getContext (without installing the canvas npm package)
    at module.exports (C:\optiplan360_project\frontend\node_modules\jsdom\lib\jsdom\browser\not-implemented.js:9:17)
    at HTMLCanvasElementImpl.getContext (C:\optiplan360_project\frontend\node_modules\jsdom\lib\jsdom\living\nodes\HTMLCanvasElement-impl.js:42:5)
    at HTMLCanvasElement.getContext (C:\optiplan360_project\frontend\node_modules\jsdom\lib\jsdom\living\generated\HTMLCanvasElement.js:131:58)
    at C:\optiplan360_project\frontend\src\features\OptiPlanWorkflow\OCRKontrolPage.tsx:517:24
    at commitHookEffectListMount (C:\optiplan360_project\frontend\node_modules\react-dom\cjs\react-dom.development.js:23189:26)
    at commitPassiveMountOnFiber (C:\optiplan360_project\frontend\node_modules\react-dom\cjs\react-dom.development.js:24970:11)
    at commitPassiveMountEffects_complete (C:\optiplan360_project\frontend\node_modules\react-dom\cjs\react-dom.development.js:24930:9)
    at commitPassiveMountEffects_begin (C:\optiplan360_project\frontend\node_modules\react-dom\cjs\react-dom.development.js:24917:7)
    at commitPassiveMountEffects (C:\optiplan360_project\frontend\node_modules\react-dom\cjs\react-dom.development.js:24905:3)
    at flushPassiveEffectsImpl (C:\optiplan360_project\frontend\node_modules\react-dom\cjs\react-dom.development.js:27078:3) undefined

stderr | src/features/OptiPlanWorkflow/OCRKontrolPage.test.tsx > OCRKontrolPage > t├╝m d├╝┼ş├╝k g├╝ven h├╝creler onayland─▒ktan sonra Sipari┼ş D├╝zenle aktif olur
Error: Not implemented: HTMLCanvasElement.prototype.getContext (without installing the canvas npm package)
    at module.exports (C:\optiplan360_project\frontend\node_modules\jsdom\lib\jsdom\browser\not-implemented.js:9:17)
    at HTMLCanvasElementImpl.getContext (C:\optiplan360_project\frontend\node_modules\jsdom\lib\jsdom\living\nodes\HTMLCanvasElement-impl.js:42:5)
    at HTMLCanvasElement.getContext (C:\optiplan360_project\frontend\node_modules\jsdom\lib\jsdom\living\generated\HTMLCanvasElement.js:131:58)
    at C:\optiplan360_project\frontend\src\features\OptiPlanWorkflow\OCRKontrolPage.tsx:517:24
    at commitHookEffectListMount (C:\optiplan360_project\frontend\node_modules\react-dom\cjs\react-dom.development.js:23189:26)
    at commitPassiveMountOnFiber (C:\optiplan360_project\frontend\node_modules\react-dom\cjs\react-dom.development.js:24970:11)
    at commitPassiveMountEffects_complete (C:\optiplan360_project\frontend\node_modules\react-dom\cjs\react-dom.development.js:24930:9)
    at commitPassiveMountEffects_begin (C:\optiplan360_project\frontend\node_modules\react-dom\cjs\react-dom.development.js:24917:7)
    at commitPassiveMountEffects (C:\optiplan360_project\frontend\node_modules\react-dom\cjs\react-dom.development.js:24905:3)
    at flushPassiveEffectsImpl (C:\optiplan360_project\frontend\node_modules\react-dom\cjs\react-dom.development.js:27078:3) undefined

 [32mÔ£ô[39m src/__tests__/ErrorBoundary.test.tsx [2m([22m[2m3 tests[22m[2m)[22m[32m 89[2mms[22m[39m
stderr | src/features/OptiPlanWorkflow/OCRKontrolPage.test.tsx > OCRKontrolPage > d├╝┼ş├╝k g├╝ven h├╝cre onay─▒ eksikse Sipari┼ş D├╝zenle disabled reason g├Âsterir
Error: Not implemented: HTMLCanvasElement.prototype.getContext (without installing the canvas npm package)
    at module.exports (C:\optiplan360_project\frontend\node_modules\jsdom\lib\jsdom\browser\not-implemented.js:9:17)
    at HTMLCanvasElementImpl.getContext (C:\optiplan360_project\frontend\node_modules\jsdom\lib\jsdom\living\nodes\HTMLCanvasElement-impl.js:42:5)
    at HTMLCanvasElement.getContext (C:\optiplan360_project\frontend\node_modules\jsdom\lib\jsdom\living\generated\HTMLCanvasElement.js:131:58)
    at C:\optiplan360_project\frontend\src\features\OptiPlanWorkflow\OCRKontrolPage.tsx:517:24
    at commitHookEffectListMount (C:\optiplan360_project\frontend\node_modules\react-dom\cjs\react-dom.development.js:23189:26)
    at commitPassiveMountOnFiber (C:\optiplan360_project\frontend\node_modules\react-dom\cjs\react-dom.development.js:24970:11)
    at commitPassiveMountEffects_complete (C:\optiplan360_project\frontend\node_modules\react-dom\cjs\react-dom.development.js:24930:9)
    at commitPassiveMountEffects_begin (C:\optiplan360_project\frontend\node_modules\react-dom\cjs\react-dom.development.js:24917:7)
    at commitPassiveMountEffects (C:\optiplan360_project\frontend\node_modules\react-dom\cjs\react-dom.development.js:24905:3)
    at flushPassiveEffectsImpl (C:\optiplan360_project\frontend\node_modules\react-dom\cjs\react-dom.development.js:27078:3) undefined

 [32mÔ£ô[39m src/features/Admin/__tests__/DeviceManagement.test.tsx [2m([22m[2m3 tests[22m[2m)[22m[32m 161[2mms[22m[39m
 [32mÔ£ô[39m src/stores/__tests__/notificationStore.test.ts [2m([22m[2m8 tests[22m[2m)[22m[32m 13[2mms[22m[39m
 [32mÔ£ô[39m src/features/Admin/shared/utils.test.ts [2m([22m[2m10 tests[22m[2m)[22m[32m 14[2mms[22m[39m
stderr | src/features/OptiPlanWorkflow/OCRKontrolPage.test.tsx > OCRKontrolPage > Sipari┼ş D├╝zenle t─▒klan─▒nca updatePhase2 ve approvePhase2 ├ğa─şr─▒l─▒r
Error: Not implemented: HTMLCanvasElement.prototype.getContext (without installing the canvas npm package)
    at module.exports (C:\optiplan360_project\frontend\node_modules\jsdom\lib\jsdom\browser\not-implemented.js:9:17)
    at HTMLCanvasElementImpl.getContext (C:\optiplan360_project\frontend\node_modules\jsdom\lib\jsdom\living\nodes\HTMLCanvasElement-impl.js:42:5)
    at HTMLCanvasElement.getContext (C:\optiplan360_project\frontend\node_modules\jsdom\lib\jsdom\living\generated\HTMLCanvasElement.js:131:58)
    at C:\optiplan360_project\frontend\src\features\OptiPlanWorkflow\OCRKontrolPage.tsx:517:24
    at commitHookEffectListMount (C:\optiplan360_project\frontend\node_modules\react-dom\cjs\react-dom.development.js:23189:26)
    at commitPassiveMountOnFiber (C:\optiplan360_project\frontend\node_modules\react-dom\cjs\react-dom.development.js:24970:11)
    at commitPassiveMountEffects_complete (C:\optiplan360_project\frontend\node_modules\react-dom\cjs\react-dom.development.js:24930:9)
    at commitPassiveMountEffects_begin (C:\optiplan360_project\frontend\node_modules\react-dom\cjs\react-dom.development.js:24917:7)
    at commitPassiveMountEffects (C:\optiplan360_project\frontend\node_modules\react-dom\cjs\react-dom.development.js:24905:3)
    at flushPassiveEffectsImpl (C:\optiplan360_project\frontend\node_modules\react-dom\cjs\react-dom.development.js:27078:3) undefined

 [32mÔ£ô[39m src/components/Shared/ModuleSurfacePanels.test.tsx [2m([22m[2m1 test[22m[2m)[22m[32m 129[2mms[22m[39m
 [32mÔ£ô[39m src/components/Shared/__tests__/LoadingStates.test.tsx [2m([22m[2m1 test[22m[2m)[22m[32m 139[2mms[22m[39m
 [32mÔ£ô[39m src/__tests__/authStore.test.ts [2m([22m[2m4 tests[22m[2m)[22m[32m 36[2mms[22m[39m
 [32mÔ£ô[39m src/services/optiplanWorkflowService.test.ts [2m([22m[2m12 tests[22m[2m)[22m[32m 27[2mms[22m[39m
 [32mÔ£ô[39m src/__tests__/IntegrationsPage.real.test.tsx [2m([22m[2m3 tests[22m[2m)[22m[32m 111[2mms[22m[39m
 [32mÔ£ô[39m src/features/Orders/OrderEditor.test.tsx [2m([22m[2m2 tests[22m[2m)[22m[32m 62[2mms[22m[39m
 [32mÔ£ô[39m src/features/Orders/workflowWorkspaceUtils.test.ts [2m([22m[2m23 tests[22m[2m)[22m[32m 18[2mms[22m[39m
stderr | src/features/OptiPlanWorkflow/OCRKontrolPage.test.tsx > OCRKontrolPage > Kald─▒r butonuna t─▒klan─▒nca removeRow ├ğa─şr─▒l─▒r
Error: Not implemented: HTMLCanvasElement.prototype.getContext (without installing the canvas npm package)
    at module.exports (C:\optiplan360_project\frontend\node_modules\jsdom\lib\jsdom\browser\not-implemented.js:9:17)
    at HTMLCanvasElementImpl.getContext (C:\optiplan360_project\frontend\node_modules\jsdom\lib\jsdom\living\nodes\HTMLCanvasElement-impl.js:42:5)
    at HTMLCanvasElement.getContext (C:\optiplan360_project\frontend\node_modules\jsdom\lib\jsdom\living\generated\HTMLCanvasElement.js:131:58)
    at C:\optiplan360_project\frontend\src\features\OptiPlanWorkflow\OCRKontrolPage.tsx:517:24
    at commitHookEffectListMount (C:\optiplan360_project\frontend\node_modules\react-dom\cjs\react-dom.development.js:23189:26)
    at commitPassiveMountOnFiber (C:\optiplan360_project\frontend\node_modules\react-dom\cjs\react-dom.development.js:24970:11)
    at commitPassiveMountEffects_complete (C:\optiplan360_project\frontend\node_modules\react-dom\cjs\react-dom.development.js:24930:9)
    at commitPassiveMountEffects_begin (C:\optiplan360_project\frontend\node_modules\react-dom\cjs\react-dom.development.js:24917:7)
    at commitPassiveMountEffects (C:\optiplan360_project\frontend\node_modules\react-dom\cjs\react-dom.development.js:24905:3)
    at flushPassiveEffectsImpl (C:\optiplan360_project\frontend\node_modules\react-dom\cjs\react-dom.development.js:27078:3) undefined

stderr | src/components/Shared/__tests__/Icon.test.tsx > Icon > gecersiz name verilirse null doner
Icon "__invalid__" (undefined) not found in Lucide icons

 [32mÔ£ô[39m src/components/Shared/__tests__/Icon.test.tsx [2m([22m[2m7 tests[22m[2m)[22m[32m 79[2mms[22m[39m
stderr | src/features/OptiPlanWorkflow/OCRKontrolPage.test.tsx > OCRKontrolPage > Kald─▒r butonuna t─▒klan─▒nca removeRow ├ğa─şr─▒l─▒r
Error: Not implemented: HTMLCanvasElement.prototype.getContext (without installing the canvas npm package)
    at module.exports (C:\optiplan360_project\frontend\node_modules\jsdom\lib\jsdom\browser\not-implemented.js:9:17)
    at HTMLCanvasElementImpl.getContext (C:\optiplan360_project\frontend\node_modules\jsdom\lib\jsdom\living\nodes\HTMLCanvasElement-impl.js:42:5)
    at HTMLCanvasElement.getContext (C:\optiplan360_project\frontend\node_modules\jsdom\lib\jsdom\living\generated\HTMLCanvasElement.js:131:58)
    at C:\optiplan360_project\frontend\src\features\OptiPlanWorkflow\OCRKontrolPage.tsx:517:24
    at commitHookEffectListMount (C:\optiplan360_project\frontend\node_modules\react-dom\cjs\react-dom.development.js:23189:26)
    at commitPassiveMountOnFiber (C:\optiplan360_project\frontend\node_modules\react-dom\cjs\react-dom.development.js:24970:11)
    at commitPassiveMountEffects_complete (C:\optiplan360_project\frontend\node_modules\react-dom\cjs\react-dom.development.js:24930:9)
    at commitPassiveMountEffects_begin (C:\optiplan360_project\frontend\node_modules\react-dom\cjs\react-dom.development.js:24917:7)
    at commitPassiveMountEffects (C:\optiplan360_project\frontend\node_modules\react-dom\cjs\react-dom.development.js:24905:3)
    at flushPassiveEffectsImpl (C:\optiplan360_project\frontend\node_modules\react-dom\cjs\react-dom.development.js:27078:3) undefined

 [32mÔ£ô[39m src/__tests__/SharedComponents.test.tsx [2m([22m[2m10 tests[22m[2m)[22m[32m 162[2mms[22m[39m
 [32mÔ£ô[39m src/themeRuntime.test.ts [2m([22m[2m2 tests[22m[2m)[22m[32m 12[2mms[22m[39m
stderr | src/features/OptiPlanWorkflow/OCRKontrolPage.test.tsx > OCRKontrolPage > kald─▒r─▒lan sat─▒r listede g├Âsterilir ve Geri Al butonu ├ğal─▒┼ş─▒r
Error: Not implemented: HTMLCanvasElement.prototype.getContext (without installing the canvas npm package)
    at module.exports (C:\optiplan360_project\frontend\node_modules\jsdom\lib\jsdom\browser\not-implemented.js:9:17)
    at HTMLCanvasElementImpl.getContext (C:\optiplan360_project\frontend\node_modules\jsdom\lib\jsdom\living\nodes\HTMLCanvasElement-impl.js:42:5)
    at HTMLCanvasElement.getContext (C:\optiplan360_project\frontend\node_modules\jsdom\lib\jsdom\living\generated\HTMLCanvasElement.js:131:58)
    at C:\optiplan360_project\frontend\src\features\OptiPlanWorkflow\OCRKontrolPage.tsx:517:24
    at commitHookEffectListMount (C:\optiplan360_project\frontend\node_modules\react-dom\cjs\react-dom.development.js:23189:26)
    at commitPassiveMountOnFiber (C:\optiplan360_project\frontend\node_modules\react-dom\cjs\react-dom.development.js:24970:11)
    at commitPassiveMountEffects_complete (C:\optiplan360_project\frontend\node_modules\react-dom\cjs\react-dom.development.js:24930:9)
    at commitPassiveMountEffects_begin (C:\optiplan360_project\frontend\node_modules\react-dom\cjs\react-dom.development.js:24917:7)
    at commitPassiveMountEffects (C:\optiplan360_project\frontend\node_modules\react-dom\cjs\react-dom.development.js:24905:3)
    at flushPassiveEffectsImpl (C:\optiplan360_project\frontend\node_modules\react-dom\cjs\react-dom.development.js:27078:3) undefined

stderr | src/features/OptiPlanWorkflow/OCRKontrolPage.test.tsx > OCRKontrolPage > Hatal─▒ butonuna t─▒klan─▒nca modal a├ğ─▒l─▒r
Error: Not implemented: HTMLCanvasElement.prototype.getContext (without installing the canvas npm package)
    at module.exports (C:\optiplan360_project\frontend\node_modules\jsdom\lib\jsdom\browser\not-implemented.js:9:17)
    at HTMLCanvasElementImpl.getContext (C:\optiplan360_project\frontend\node_modules\jsdom\lib\jsdom\living\nodes\HTMLCanvasElement-impl.js:42:5)
    at HTMLCanvasElement.getContext (C:\optiplan360_project\frontend\node_modules\jsdom\lib\jsdom\living\generated\HTMLCanvasElement.js:131:58)
    at C:\optiplan360_project\frontend\src\features\OptiPlanWorkflow\OCRKontrolPage.tsx:517:24
    at commitHookEffectListMount (C:\optiplan360_project\frontend\node_modules\react-dom\cjs\react-dom.development.js:23189:26)
    at commitPassiveMountOnFiber (C:\optiplan360_project\frontend\node_modules\react-dom\cjs\react-dom.development.js:24970:11)
    at commitPassiveMountEffects_complete (C:\optiplan360_project\frontend\node_modules\react-dom\cjs\react-dom.development.js:24930:9)
    at commitPassiveMountEffects_begin (C:\optiplan360_project\frontend\node_modules\react-dom\cjs\react-dom.development.js:24917:7)
    at commitPassiveMountEffects (C:\optiplan360_project\frontend\node_modules\react-dom\cjs\react-dom.development.js:24905:3)
    at flushPassiveEffectsImpl (C:\optiplan360_project\frontend\node_modules\react-dom\cjs\react-dom.development.js:27078:3) undefined

 [32mÔ£ô[39m src/services/systemBackboneService.test.ts [2m([22m[2m6 tests[22m[2m)[22m[32m 11[2mms[22m[39m
 [32mÔ£ô[39m src/stores/__tests__/ordersStore.test.ts [2m([22m[2m17 tests[22m[2m)[22m[32m 6[2mms[22m[39m
 [32mÔ£ô[39m src/utils/__tests__/appNavigation.test.ts [2m([22m[2m2 tests[22m[2m)[22m[32m 5[2mms[22m[39m
stderr | src/features/OptiPlanWorkflow/OCRKontrolPage.test.tsx > OCRKontrolPage > modal iptal butonu modal─▒ kapat─▒r
Error: Not implemented: HTMLCanvasElement.prototype.getContext (without installing the canvas npm package)
    at module.exports (C:\optiplan360_project\frontend\node_modules\jsdom\lib\jsdom\browser\not-implemented.js:9:17)
    at HTMLCanvasElementImpl.getContext (C:\optiplan360_project\frontend\node_modules\jsdom\lib\jsdom\living\nodes\HTMLCanvasElement-impl.js:42:5)
    at HTMLCanvasElement.getContext (C:\optiplan360_project\frontend\node_modules\jsdom\lib\jsdom\living\generated\HTMLCanvasElement.js:131:58)
    at C:\optiplan360_project\frontend\src\features\OptiPlanWorkflow\OCRKontrolPage.tsx:517:24
    at commitHookEffectListMount (C:\optiplan360_project\frontend\node_modules\react-dom\cjs\react-dom.development.js:23189:26)
    at commitPassiveMountOnFiber (C:\optiplan360_project\frontend\node_modules\react-dom\cjs\react-dom.development.js:24970:11)
    at commitPassiveMountEffects_complete (C:\optiplan360_project\frontend\node_modules\react-dom\cjs\react-dom.development.js:24930:9)
    at commitPassiveMountEffects_begin (C:\optiplan360_project\frontend\node_modules\react-dom\cjs\react-dom.development.js:24917:7)
    at commitPassiveMountEffects (C:\optiplan360_project\frontend\node_modules\react-dom\cjs\react-dom.development.js:24905:3)
    at flushPassiveEffectsImpl (C:\optiplan360_project\frontend\node_modules\react-dom\cjs\react-dom.development.js:27078:3) undefined

 [32mÔ£ô[39m src/stores/__tests__/authStore.test.ts [2m([22m[2m5 tests[22m[2m)[22m[32m 5[2mms[22m[39m
 [32mÔ£ô[39m src/features/Operations/hooks/__tests__/formatUtils.test.ts [2m([22m[2m11 tests[22m[2m)[22m[32m 5[2mms[22m[39m
 [32mÔ£ô[39m src/features/Admin/shared/exportTelemetryErrors.test.ts [2m([22m[2m8 tests[22m[2m)[22m[32m 5[2mms[22m[39m
 [32mÔ£ô[39m src/features/CRM/OpportunitiesTab.test.tsx [2m([22m[2m7 tests[22m[2m)[22m[32m 6[2mms[22m[39m
stderr | src/features/OptiPlanWorkflow/OCRKontrolPage.test.tsx > OCRKontrolPage > Hatal─▒ ─░┼şaretle modal─▒nda onaylan─▒nca markError ├ğa─şr─▒l─▒r
Error: Not implemented: HTMLCanvasElement.prototype.getContext (without installing the canvas npm package)
    at module.exports (C:\optiplan360_project\frontend\node_modules\jsdom\lib\jsdom\browser\not-implemented.js:9:17)
    at HTMLCanvasElementImpl.getContext (C:\optiplan360_project\frontend\node_modules\jsdom\lib\jsdom\living\nodes\HTMLCanvasElement-impl.js:42:5)
    at HTMLCanvasElement.getContext (C:\optiplan360_project\frontend\node_modules\jsdom\lib\jsdom\living\generated\HTMLCanvasElement.js:131:58)
    at C:\optiplan360_project\frontend\src\features\OptiPlanWorkflow\OCRKontrolPage.tsx:517:24
    at commitHookEffectListMount (C:\optiplan360_project\frontend\node_modules\react-dom\cjs\react-dom.development.js:23189:26)
    at commitPassiveMountOnFiber (C:\optiplan360_project\frontend\node_modules\react-dom\cjs\react-dom.development.js:24970:11)
    at commitPassiveMountEffects_complete (C:\optiplan360_project\frontend\node_modules\react-dom\cjs\react-dom.development.js:24930:9)
    at commitPassiveMountEffects_begin (C:\optiplan360_project\frontend\node_modules\react-dom\cjs\react-dom.development.js:24917:7)
    at commitPassiveMountEffects (C:\optiplan360_project\frontend\node_modules\react-dom\cjs\react-dom.development.js:24905:3)
    at flushPassiveEffectsImpl (C:\optiplan360_project\frontend\node_modules\react-dom\cjs\react-dom.development.js:27078:3) undefined

stderr | src/features/OptiPlanWorkflow/OCRKontrolPage.test.tsx > OCRKontrolPage > Phase 2 do─şrulama ├Âzeti paneli render edilir
Error: Not implemented: HTMLCanvasElement.prototype.getContext (without installing the canvas npm package)
    at module.exports (C:\optiplan360_project\frontend\node_modules\jsdom\lib\jsdom\browser\not-implemented.js:9:17)
    at HTMLCanvasElementImpl.getContext (C:\optiplan360_project\frontend\node_modules\jsdom\lib\jsdom\living\nodes\HTMLCanvasElement-impl.js:42:5)
    at HTMLCanvasElement.getContext (C:\optiplan360_project\frontend\node_modules\jsdom\lib\jsdom\living\generated\HTMLCanvasElement.js:131:58)
    at C:\optiplan360_project\frontend\src\features\OptiPlanWorkflow\OCRKontrolPage.tsx:517:24
    at commitHookEffectListMount (C:\optiplan360_project\frontend\node_modules\react-dom\cjs\react-dom.development.js:23189:26)
    at commitPassiveMountOnFiber (C:\optiplan360_project\frontend\node_modules\react-dom\cjs\react-dom.development.js:24970:11)
    at commitPassiveMountEffects_complete (C:\optiplan360_project\frontend\node_modules\react-dom\cjs\react-dom.development.js:24930:9)
    at commitPassiveMountEffects_begin (C:\optiplan360_project\frontend\node_modules\react-dom\cjs\react-dom.development.js:24917:7)
    at commitPassiveMountEffects (C:\optiplan360_project\frontend\node_modules\react-dom\cjs\react-dom.development.js:24905:3)
    at flushPassiveEffectsImpl (C:\optiplan360_project\frontend\node_modules\react-dom\cjs\react-dom.development.js:27078:3) undefined

 [32mÔ£ô[39m src/stores/__tests__/uiStore.test.ts [2m([22m[2m8 tests[22m[2m)[22m[32m 3[2mms[22m[39m
stderr | src/features/OptiPlanWorkflow/OCRKontrolPage.test.tsx > OCRKontrolPage > Phase 2 ekran─▒nda cari/stok e┼şleme aksiyonlar─▒ g├Âr├╝nmez
Error: Not implemented: HTMLCanvasElement.prototype.getContext (without installing the canvas npm package)
    at module.exports (C:\optiplan360_project\frontend\node_modules\jsdom\lib\jsdom\browser\not-implemented.js:9:17)
    at HTMLCanvasElementImpl.getContext (C:\optiplan360_project\frontend\node_modules\jsdom\lib\jsdom\living\nodes\HTMLCanvasElement-impl.js:42:5)
    at HTMLCanvasElement.getContext (C:\optiplan360_project\frontend\node_modules\jsdom\lib\jsdom\living\generated\HTMLCanvasElement.js:131:58)
    at C:\optiplan360_project\frontend\src\features\OptiPlanWorkflow\OCRKontrolPage.tsx:517:24
    at commitHookEffectListMount (C:\optiplan360_project\frontend\node_modules\react-dom\cjs\react-dom.development.js:23189:26)
    at commitPassiveMountOnFiber (C:\optiplan360_project\frontend\node_modules\react-dom\cjs\react-dom.development.js:24970:11)
    at commitPassiveMountEffects_complete (C:\optiplan360_project\frontend\node_modules\react-dom\cjs\react-dom.development.js:24930:9)
    at commitPassiveMountEffects_begin (C:\optiplan360_project\frontend\node_modules\react-dom\cjs\react-dom.development.js:24917:7)
    at commitPassiveMountEffects (C:\optiplan360_project\frontend\node_modules\react-dom\cjs\react-dom.development.js:24905:3)
    at flushPassiveEffectsImpl (C:\optiplan360_project\frontend\node_modules\react-dom\cjs\react-dom.development.js:27078:3) undefined

 [32mÔ£ô[39m src/components/Layout/__tests__/orderNavigationCatalog.test.ts [2m([22m[2m4 tests[22m[2m)[22m[32m 3[2mms[22m[39m
 [32mÔ£ô[39m src/features/Orders/workflowUiContract.test.ts [2m([22m[2m4 tests[22m[2m)[22m[32m 3[2mms[22m[39m
 [32mÔ£ô[39m src/components/Layout/__tests__/orderNavigationContract.test.ts [2m([22m[2m4 tests[22m[2m)[22m[32m 3[2mms[22m[39m
 [32mÔ£ô[39m src/features/Orders/__tests__/exportStatusContract.test.ts [2m([22m[2m3 tests[22m[2m)[22m[32m 4[2mms[22m[39m
stderr | src/features/OptiPlanWorkflow/OCRKontrolPage.test.tsx > OCRKontrolPage > belge bilgileri panelinde cari ve kaynak klas├Âr g├Âsterilir
Error: Not implemented: HTMLCanvasElement.prototype.getContext (without installing the canvas npm package)
    at module.exports (C:\optiplan360_project\frontend\node_modules\jsdom\lib\jsdom\browser\not-implemented.js:9:17)
    at HTMLCanvasElementImpl.getContext (C:\optiplan360_project\frontend\node_modules\jsdom\lib\jsdom\living\nodes\HTMLCanvasElement-impl.js:42:5)
    at HTMLCanvasElement.getContext (C:\optiplan360_project\frontend\node_modules\jsdom\lib\jsdom\living\generated\HTMLCanvasElement.js:131:58)
    at C:\optiplan360_project\frontend\src\features\OptiPlanWorkflow\OCRKontrolPage.tsx:517:24
    at commitHookEffectListMount (C:\optiplan360_project\frontend\node_modules\react-dom\cjs\react-dom.development.js:23189:26)
    at commitPassiveMountOnFiber (C:\optiplan360_project\frontend\node_modules\react-dom\cjs\react-dom.development.js:24970:11)
    at commitPassiveMountEffects_complete (C:\optiplan360_project\frontend\node_modules\react-dom\cjs\react-dom.development.js:24930:9)
    at commitPassiveMountEffects_begin (C:\optiplan360_project\frontend\node_modules\react-dom\cjs\react-dom.development.js:24917:7)
    at commitPassiveMountEffects (C:\optiplan360_project\frontend\node_modules\react-dom\cjs\react-dom.development.js:24905:3)
    at flushPassiveEffectsImpl (C:\optiplan360_project\frontend\node_modules\react-dom\cjs\react-dom.development.js:27078:3) undefined

stderr | src/features/OptiPlanWorkflow/OCRKontrolPage.test.tsx > OCRKontrolPage > T├╝m├╝n├╝ Onayla butonuna t─▒klan─▒nca t├╝m d├╝┼ş├╝k g├╝ven h├╝creler onaylan─▒r
Error: Not implemented: HTMLCanvasElement.prototype.getContext (without installing the canvas npm package)
    at module.exports (C:\optiplan360_project\frontend\node_modules\jsdom\lib\jsdom\browser\not-implemented.js:9:17)
    at HTMLCanvasElementImpl.getContext (C:\optiplan360_project\frontend\node_modules\jsdom\lib\jsdom\living\nodes\HTMLCanvasElement-impl.js:42:5)
    at HTMLCanvasElement.getContext (C:\optiplan360_project\frontend\node_modules\jsdom\lib\jsdom\living\generated\HTMLCanvasElement.js:131:58)
    at C:\optiplan360_project\frontend\src\features\OptiPlanWorkflow\OCRKontrolPage.tsx:517:24
    at commitHookEffectListMount (C:\optiplan360_project\frontend\node_modules\react-dom\cjs\react-dom.development.js:23189:26)
    at commitPassiveMountOnFiber (C:\optiplan360_project\frontend\node_modules\react-dom\cjs\react-dom.development.js:24970:11)
    at commitPassiveMountEffects_complete (C:\optiplan360_project\frontend\node_modules\react-dom\cjs\react-dom.development.js:24930:9)
    at commitPassiveMountEffects_begin (C:\optiplan360_project\frontend\node_modules\react-dom\cjs\react-dom.development.js:24917:7)
    at commitPassiveMountEffects (C:\optiplan360_project\frontend\node_modules\react-dom\cjs\react-dom.development.js:24905:3)
    at flushPassiveEffectsImpl (C:\optiplan360_project\frontend\node_modules\react-dom\cjs\react-dom.development.js:27078:3) undefined

 [32mÔ£ô[39m src/features/OptiPlanWorkflow/SiparisKontrolPage.test.tsx [2m([22m[2m36 tests[22m[2m)[22m[33m 3209[2mms[22m[39m
stderr | src/features/OptiPlanWorkflow/OCRKontrolPage.test.tsx > OCRKontrolPage > sat─▒r 'T├╝m├╝' butonuna t─▒klan─▒nca o sat─▒r─▒n h├╝creleri onaylan─▒r
Error: Not implemented: HTMLCanvasElement.prototype.getContext (without installing the canvas npm package)
    at module.exports (C:\optiplan360_project\frontend\node_modules\jsdom\lib\jsdom\browser\not-implemented.js:9:17)
    at HTMLCanvasElementImpl.getContext (C:\optiplan360_project\frontend\node_modules\jsdom\lib\jsdom\living\nodes\HTMLCanvasElement-impl.js:42:5)
    at HTMLCanvasElement.getContext (C:\optiplan360_project\frontend\node_modules\jsdom\lib\jsdom\living\generated\HTMLCanvasElement.js:131:58)
    at C:\optiplan360_project\frontend\src\features\OptiPlanWorkflow\OCRKontrolPage.tsx:517:24
    at commitHookEffectListMount (C:\optiplan360_project\frontend\node_modules\react-dom\cjs\react-dom.development.js:23189:26)
    at commitPassiveMountOnFiber (C:\optiplan360_project\frontend\node_modules\react-dom\cjs\react-dom.development.js:24970:11)
    at commitPassiveMountEffects_complete (C:\optiplan360_project\frontend\node_modules\react-dom\cjs\react-dom.development.js:24930:9)
    at commitPassiveMountEffects_begin (C:\optiplan360_project\frontend\node_modules\react-dom\cjs\react-dom.development.js:24917:7)
    at commitPassiveMountEffects (C:\optiplan360_project\frontend\node_modules\react-dom\cjs\react-dom.development.js:24905:3)
    at flushPassiveEffectsImpl (C:\optiplan360_project\frontend\node_modules\react-dom\cjs\react-dom.development.js:27078:3) undefined

stderr | src/features/OptiPlanWorkflow/OCRKontrolPage.test.tsx > OCRKontrolPage > g├Ârsel y├╝kleme hatas─▒ fallback paneli g├Âsterilir
Error: Not implemented: HTMLCanvasElement.prototype.getContext (without installing the canvas npm package)
    at module.exports (C:\optiplan360_project\frontend\node_modules\jsdom\lib\jsdom\browser\not-implemented.js:9:17)
    at HTMLCanvasElementImpl.getContext (C:\optiplan360_project\frontend\node_modules\jsdom\lib\jsdom\living\nodes\HTMLCanvasElement-impl.js:42:5)
    at HTMLCanvasElement.getContext (C:\optiplan360_project\frontend\node_modules\jsdom\lib\jsdom\living\generated\HTMLCanvasElement.js:131:58)
    at C:\optiplan360_project\frontend\src\features\OptiPlanWorkflow\OCRKontrolPage.tsx:517:24
    at commitHookEffectListMount (C:\optiplan360_project\frontend\node_modules\react-dom\cjs\react-dom.development.js:23189:26)
    at commitPassiveMountOnFiber (C:\optiplan360_project\frontend\node_modules\react-dom\cjs\react-dom.development.js:24970:11)
    at commitPassiveMountEffects_complete (C:\optiplan360_project\frontend\node_modules\react-dom\cjs\react-dom.development.js:24930:9)
    at commitPassiveMountEffects_begin (C:\optiplan360_project\frontend\node_modules\react-dom\cjs\react-dom.development.js:24917:7)
    at commitPassiveMountEffects (C:\optiplan360_project\frontend\node_modules\react-dom\cjs\react-dom.development.js:24905:3)
    at flushPassiveEffectsImpl (C:\optiplan360_project\frontend\node_modules\react-dom\cjs\react-dom.development.js:27078:3) undefined

stderr | src/features/OptiPlanWorkflow/OCRKontrolPage.test.tsx > OCRKontrolPage > footer bar 'OCR Kontrol Durum ├ûzeti' region olarak render edilir
Error: Not implemented: HTMLCanvasElement.prototype.getContext (without installing the canvas npm package)
    at module.exports (C:\optiplan360_project\frontend\node_modules\jsdom\lib\jsdom\browser\not-implemented.js:9:17)
    at HTMLCanvasElementImpl.getContext (C:\optiplan360_project\frontend\node_modules\jsdom\lib\jsdom\living\nodes\HTMLCanvasElement-impl.js:42:5)
    at HTMLCanvasElement.getContext (C:\optiplan360_project\frontend\node_modules\jsdom\lib\jsdom\living\generated\HTMLCanvasElement.js:131:58)
    at C:\optiplan360_project\frontend\src\features\OptiPlanWorkflow\OCRKontrolPage.tsx:517:24
    at commitHookEffectListMount (C:\optiplan360_project\frontend\node_modules\react-dom\cjs\react-dom.development.js:23189:26)
    at commitPassiveMountOnFiber (C:\optiplan360_project\frontend\node_modules\react-dom\cjs\react-dom.development.js:24970:11)
    at commitPassiveMountEffects_complete (C:\optiplan360_project\frontend\node_modules\react-dom\cjs\react-dom.development.js:24930:9)
    at commitPassiveMountEffects_begin (C:\optiplan360_project\frontend\node_modules\react-dom\cjs\react-dom.development.js:24917:7)
    at commitPassiveMountEffects (C:\optiplan360_project\frontend\node_modules\react-dom\cjs\react-dom.development.js:24905:3)
    at flushPassiveEffectsImpl (C:\optiplan360_project\frontend\node_modules\react-dom\cjs\react-dom.development.js:27078:3) undefined

stderr | src/features/OptiPlanWorkflow/OCRKontrolPage.test.tsx > OCRKontrolPage > Undo panelinde geri al butonu undo servisini ├ğa─ş─▒r─▒r
Error: Not implemented: HTMLCanvasElement.prototype.getContext (without installing the canvas npm package)
    at module.exports (C:\optiplan360_project\frontend\node_modules\jsdom\lib\jsdom\browser\not-implemented.js:9:17)
    at HTMLCanvasElementImpl.getContext (C:\optiplan360_project\frontend\node_modules\jsdom\lib\jsdom\living\nodes\HTMLCanvasElement-impl.js:42:5)
    at HTMLCanvasElement.getContext (C:\optiplan360_project\frontend\node_modules\jsdom\lib\jsdom\living\generated\HTMLCanvasElement.js:131:58)
    at C:\optiplan360_project\frontend\src\features\OptiPlanWorkflow\OCRKontrolPage.tsx:517:24
    at commitHookEffectListMount (C:\optiplan360_project\frontend\node_modules\react-dom\cjs\react-dom.development.js:23189:26)
    at commitPassiveMountOnFiber (C:\optiplan360_project\frontend\node_modules\react-dom\cjs\react-dom.development.js:24970:11)
    at commitPassiveMountEffects_complete (C:\optiplan360_project\frontend\node_modules\react-dom\cjs\react-dom.development.js:24930:9)
    at commitPassiveMountEffects_begin (C:\optiplan360_project\frontend\node_modules\react-dom\cjs\react-dom.development.js:24917:7)
    at commitPassiveMountEffects (C:\optiplan360_project\frontend\node_modules\react-dom\cjs\react-dom.development.js:24905:3)
    at flushPassiveEffectsImpl (C:\optiplan360_project\frontend\node_modules\react-dom\cjs\react-dom.development.js:27078:3) undefined

stderr | src/features/OptiPlanWorkflow/OCRKontrolPage.test.tsx > OCRKontrolPage > Undo s─▒ras─▒nda sadece se├ğilen event sat─▒r─▒ pending g├Âr├╝n├╝r
Error: Not implemented: HTMLCanvasElement.prototype.getContext (without installing the canvas npm package)
    at module.exports (C:\optiplan360_project\frontend\node_modules\jsdom\lib\jsdom\browser\not-implemented.js:9:17)
    at HTMLCanvasElementImpl.getContext (C:\optiplan360_project\frontend\node_modules\jsdom\lib\jsdom\living\nodes\HTMLCanvasElement-impl.js:42:5)
    at HTMLCanvasElement.getContext (C:\optiplan360_project\frontend\node_modules\jsdom\lib\jsdom\living\generated\HTMLCanvasElement.js:131:58)
    at C:\optiplan360_project\frontend\src\features\OptiPlanWorkflow\OCRKontrolPage.tsx:517:24
    at commitHookEffectListMount (C:\optiplan360_project\frontend\node_modules\react-dom\cjs\react-dom.development.js:23189:26)
    at commitPassiveMountOnFiber (C:\optiplan360_project\frontend\node_modules\react-dom\cjs\react-dom.development.js:24970:11)
    at commitPassiveMountEffects_complete (C:\optiplan360_project\frontend\node_modules\react-dom\cjs\react-dom.development.js:24930:9)
    at commitPassiveMountEffects_begin (C:\optiplan360_project\frontend\node_modules\react-dom\cjs\react-dom.development.js:24917:7)
    at commitPassiveMountEffects (C:\optiplan360_project\frontend\node_modules\react-dom\cjs\react-dom.development.js:24905:3)
    at flushPassiveEffectsImpl (C:\optiplan360_project\frontend\node_modules\react-dom\cjs\react-dom.development.js:27078:3) undefined

 [31mÔØ»[39m src/features/Stock/StockCardComponent.test.tsx [2m([22m[2m8 tests[22m[2m | [22m[31m8 failed[39m[2m)[22m[33m 3727[2mms[22m[39m
[31m   [31m├ù[31m StockCardComponent[2m > [22mstok detayinda barkod ve satis fiyat child tablolarini teknik panel ile birlikte gosterir[39m[33m 1109[2mms[22m[39m
[31m     ÔåÆ Unable to find an element with the text: Genel Bilgiler. This could be because the text is broken up by multiple elements. In this case, you can provide a function for your text matcher to make your matcher more flexible.

Ignored nodes: comments, script, style
[36m<body>[31m
  [36m<div>[31m
    [36m<div[31m
      [33mstyle[31m=[32m"padding: 20px; min-height: 100vh; background-color: rgb(18, 18, 18);"[31m
    [36m>[31m
      [36m<div[31m
        [33mstyle[31m=[32m"background-color: rgb(30, 30, 30); padding: 16px; border-radius: 0; margin-bottom: 24px; border: 1px solid rgb(51, 51, 51); display: flex; flex-direction: column; gap: 12px;"[31m
      [36m>[31m
        [36m<div[31m
          [33mstyle[31m=[32m"display: flex; justify-content: flex-end;"[31m
        [36m>[31m
          [36m<button[31m
            [33mstyle[31m=[32m"display: flex; align-items: center; gap: 8px; padding: 10px 20px; background-color: rgb(0, 120, 212); color: white; border-radius: 0; cursor: pointer; font-weight: 600; font-size: 14px; transition: all 0.2s;"[31m
            [33mtype[31m=[32m"button"[31m
          [36m>[31m
            [36m<svg[31m
              [33mclass[31m=[32m"lucide lucide-plus "[31m
              [33mfill[31m=[32m"none"[31m
              [33mheight[31m=[32m"18"[31m
              [33mstroke[31m=[32m"currentColor"[31m
              [33mstroke-linecap[31m=[32m"round"[31m
              [33mstroke-linejoin[31m=[32m"round"[31m
              [33mstroke-width[31m=[32m"2"[31m
              [33mviewBox[31m=[32m"0 0 24 24"[31m
              [33mwidth[31m=[32m"18"[31m
              [33mxmlns[31m=[32m"http://www.w3.org/2000/svg"[31m
            [36m>[31m
              [36m<path[31m
                [33md[31m=[32m"M5 12h14"[31m
              [36m/>[31m
              [36m<path[31m
                [33md[31m=[32m"M12 5v14"[31m
              [36m/>[31m
            [36m</svg>[31m
            [0m Yeni Stok Kart─▒[0m
          [36m</button>[31m
        [36m</div>[31m
        [36m<form[31m
          [33mstyle[31m=[32m"display: flex; gap: 12px;"[31m
        [36m>[31m
          [36m<div[31m
            [33mstyle[31m=[32m"flex: 1 1 0%; position: relative;"[31m
          [36m>[31m
            [36m<svg[31m
              [33mclass[31m=[32m"lucide lucide-search "[31m
              [33mfill[31m=[32m"none"[31m
              [33mheight[31m=[32m"18"[31m
              [33mstroke[31m=[32m"currentColor"[31m
              [33mstroke-linecap[31m=[32m"round"[31m
              [33mstroke-linejoin[31m=[32m"round"[31m
              [33mstroke-width[31m=[32m"2"[31m
              [33mstyle[31m=[32m"position: absolute; left: 12px; top: 12px; color: rgb(198, 198, 198);"[31m
              [33mviewBox[31m=[32m"0 0 24 24"[31m
              [33mwidth[31m=[32m"18"[31m
              [33mxmlns[31m=[32m"http://www.w3.org/2000/svg"[31m
            [36m>[31m
              [36m<circle[31m
                [33mcx[31m=[32m"11"[31m
                [33mcy[31m=[32m"11"[31m
                [33mr[31m=[32m"8"[31m
              [36m/>[31m
              [36m<path[31m
                [33md[31m=[32m"m21 21-4.3-4.3"[31m
              [36m/>[31m
            [36m</svg>[31m
            [36m<input[31m
              [33mplaceholder[31m=[32m"Stok kodu, ad─▒ veya rengi ara..."[31m
              [33mstyle[31m=[32m"width: 100%; padding: 10px 12px 10px 40px; border: 1px solid rgb(51, 51, 51); border-radius: 6px; font-size: 14px;"[31m
              [33mtype[31m=[32m"text"[31m
              [33mvalue[31m=[32m""[31m
            [36m/>[31m
          [36m</div>[31m
          [36m<button[31m
            [33mstyle[31m=[32m"padding: 10px 16px; background-color: rgb(0, 120, 212); color: white; border-radius: 6px; cursor: pointer; font-weight: bold;"[31m
            [33mtype[31m=[32m"submit"[31m
          [36m>[31m
            [0mAra[0m
          [36m</button>[31m
          [36m<button[31m
            [33mstyle[31m=[32m"padding: 10px 16px; background-color: rgb(16, 185, 129); color: white; border-radius: 6px; cursor: pointer; font-weight: bold; opacity: 1;"[31m
            [33mtype[31m=[32m"button"[31m
          [36m>[31m
            [36m<svg[31m
              [33mclass[31m=[32m"lucide lucide-refresh-cw "[31m
              [33mfill[31m=[32m"none"[31m
              [33mheight[31m=[32m"16"[31m
              [33mstroke[31m=[32m"currentColor"[31m
              [33mstroke-linecap[31m=[32m"round"[31m
              [33mstroke-linejoin[31m=[32m"round"[31m
              [33mstroke-width[31m=[32m"2"[31m
              [33mstyle[31m=[32m"margin-right: 8px;"[31m
              [33mviewBox[31m=[32m"0 0 24 24"[31m
              [33mwidth[31m=[32m"16"[31m
              [33mxmlns[31m=[32m"http://www.w3.org/2000/svg"[31m
            [36m>[31m
              [36m<path[31m
                [33md[31m=[32m"M3 12a9 9 0 0 1 9-9 9.75 9.75 0 0 1 6.74 2.74L21 8"[31m
              [36m/>[31m
              [36m<path[31m
                [33md[31m=[32m"M21 3v5h-5"[31m
              [36m/>[31m
              [36m<path[31m
                [33md[31m=[32m"M21 12a9 9 0 0 1-9 9 9.75 9.75 0 0 1-6.74-2.74L3 16"[31m
              [36m/>[31m
              [36m<path[31m
                [33md[31m=[32m"M8 16H3v5"[31m
              [36m/>[31m
            [36m</svg>[31m
            [0mSenkronize Et[0m
          [36m</button>[31m
        [36m</form>[31m
      [36m</div>[31m
      [36m<div[31m
        [33mstyle[31m=[32m"margin-bottom: 24px; border-bottom: 1px solid rgb(51, 51, 51);"[31m
      [36m>[31m
        [36m<div[31m
          [33mstyle[31m=[32m"display: flex; gap: 16px;"[31m
        [36m>[31m
          [36m<button[31m
            [33mstyle[31m=[32m"padding: 12px 16px; background-color: transparent; color: rgb(243, 244, 246); cursor: pointer; font-weight: bold; border-bottom: transparent;"[31m
            [33mtype[31m=[32m"button"[31m
          [36m>[31m
            [0mT├╝m Stoklar ([0m
            [0m1[0m
            [0m)[0m
          [36m</button>[31m
          [36m<button[31m
            [33mstyle[31m=[32m"padding: 12px 16px; background-color: transparent; color: rgb(243, 244, 246); cursor: pointer; font-weight: bold; border-bottom: transparent;"[31m
            [33mtype[31m=[32m"button"[31m
          [36m>[31m
            [0mD├╝┼ş├╝k Stok ([0m
            [0m0[0m
            [0m)[0m
          [36m</button>[31m
          [36m<button[31m
            [33mstyle[31m=[32m"padding: 12px 16px; background-color: rgb(0, 120, 212); color: white; cursor: pointer; font-weight: bold; border-bottom: 2px solid rgb(0, 120, 212);"[31m
            [33mtype[31m=[32m"button"[31m
          [36m>[31m
            [0mDetay: [0m
            [0mSTK-001[0m
          [36m</button>[31m
        [36m</div>[31m
      [36m</div>[31m
      [36m<div[31m
        [33mstyle[31m=[32m"max-width: 900px;"[31m
      [36m>[31m
        [36m<div[31m
          [33mstyle[31m=[32m"background-color:...

Ignored nodes: comments, script, style
[36m<html>[31m
  [36m<head />[31m
  [36m<body>[31m
    [36m<div>[31m
      [36m<div[31m
        [33mstyle[31m=[32m"padding: 20px; min-height: 100vh; background-color: rgb(18, 18, 18);"[31m
      [36m>[31m
        [36m<div[31m
          [33mstyle[31m=[32m"background-color: rgb(30, 30, 30); padding: 16px; border-radius: 0; margin-bottom: 24px; border: 1px solid rgb(51, 51, 51); display: flex; flex-direction: column; gap: 12px;"[31m
        [36m>[31m
          [36m<div[31m
            [33mstyle[31m=[32m"display: flex; justify-content: flex-end;"[31m
          [36m>[31m
            [36m<button[31m
              [33mstyle[31m=[32m"display: flex; align-items: center; gap: 8px; padding: 10px 20px; background-color: rgb(0, 120, 212); color: white; border-radius: 0; cursor: pointer; font-weight: 600; font-size: 14px; transition: all 0.2s;"[31m
              [33mtype[31m=[32m"button"[31m
            [36m>[31m
              [36m<svg[31m
                [33mclass[31m=[32m"lucide lucide-plus "[31m
                [33mfill[31m=[32m"none"[31m
                [33mheight[31m=[32m"18"[31m
                [33mstroke[31m=[32m"currentColor"[31m
                [33mstroke-linecap[31m=[32m"round"[31m
                [33mstroke-linejoin[31m=[32m"round"[31m
                [33mstroke-width[31m=[32m"2"[31m
                [33mviewBox[31m=[32m"0 0 24 24"[31m
                [33mwidth[31m=[32m"18"[31m
                [33mxmlns[31m=[32m"http://www.w3.org/2000/svg"[31m
              [36m>[31m
                [36m<path[31m
                  [33md[31m=[32m"M5 12h14"[31m
                [36m/>[31m
                [36m<path[31m
                  [33md[31m=[32m"M12 5v14"[31m
                [36m/>[31m
              [36m</svg>[31m
              [0m Yeni Stok Kart─▒[0m
            [36m</button>[31m
          [36m</div>[31m
          [36m<form[31m
            [33mstyle[31m=[32m"display: flex; gap: 12px;"[31m
          [36m>[31m
            [36m<div[31m
              [33mstyle[31m=[32m"flex: 1 1 0%; position: relative;"[31m
            [36m>[31m
              [36m<svg[31m
                [33mclass[31m=[32m"lucide lucide-search "[31m
                [33mfill[31m=[32m"none"[31m
                [33mheight[31m=[32m"18"[31m
                [33mstroke[31m=[32m"currentColor"[31m
                [33mstroke-linecap[31m=[32m"round"[31m
                [33mstroke-linejoin[31m=[32m"round"[31m
                [33mstroke-width[31m=[32m"2"[31m
                [33mstyle[31m=[32m"position: absolute; left: 12px; top: 12px; color: rgb(198, 198, 198);"[31m
                [33mviewBox[31m=[32m"0 0 24 24"[31m
                [33mwidth[31m=[32m"18"[31m
                [33mxmlns[31m=[32m"http://www.w3.org/2000/svg"[31m
              [36m>[31m
                [36m<circle[31m
                  [33mcx[31m=[32m"11"[31m
                  [33mcy[31m=[32m"11"[31m
                  [33mr[31m=[32m"8"[31m
                [36m/>[31m
                [36m<path[31m
                  [33md[31m=[32m"m21 21-4.3-4.3"[31m
                [36m/>[31m
              [36m</svg>[31m
              [36m<input[31m
                [33mplaceholder[31m=[32m"Stok kodu, ad─▒ veya rengi ara..."[31m
                [33mstyle[31m=[32m"width: 100%; padding: 10px 12px 10px 40px; border: 1px solid rgb(51, 51, 51); border-radius: 6px; font-size: 14px;"[31m
                [33mtype[31m=[32m"text"[31m
                [33mvalue[31m=[32m""[31m
              [36m/>[31m
            [36m</div>[31m
            [36m<button[31m
              [33mstyle[31m=[32m"padding: 10px 16px; background-color: rgb(0, 120, 212); color: white; border-radius: 6px; cursor: pointer; font-weight: bold;"[31m
              [33mtype[31m=[32m"submit"[31m
            [36m>[31m
              [0mAra[0m
            [36m</button>[31m
            [36m<button[31m
              [33mstyle[31m=[32m"padding: 10px 16px; background-color: rgb(16, 185, 129); color: white; border-radius: 6px; cursor: pointer; font-weight: bold; opacity: 1;"[31m
              [33mtype[31m=[32m"button"[31m
            [36m>[31m
              [36m<svg[31m
                [33mclass[31m=[32m"lucide lucide-refresh-cw "[31m
                [33mfill[31m=[32m"none"[31m
                [33mheight[31m=[32m"16"[31m
                [33mstroke[31m=[32m"currentColor"[31m
                [33mstroke-linecap[31m=[32m"round"[31m
                [33mstroke-linejoin[31m=[32m"round"[31m
                [33mstroke-width[31m=[32m"2"[31m
                [33mstyle[31m=[32m"margin-right: 8px;"[31m
                [33mviewBox[31m=[32m"0 0 24 24"[31m
                [33mwidth[31m=[32m"16"[31m
                [33mxmlns[31m=[32m"http://www.w3.org/2000/svg"[31m
              [36m>[31m
                [36m<path[31m
                  [33md[31m=[32m"M3 12a9 9 0 0 1 9-9 9.75 9.75 0 0 1 6.74 2.74L21 8"[31m
                [36m/>[31m
                [36m<path[31m
                  [33md[31m=[32m"M21 3v5h-5"[31m
                [36m/>[31m
                [36m<path[31m
                  [33md[31m=[32m"M21 12a9 9 0 0 1-9 9 9.75 9.75 0 0 1-6.74-2.74L3 16"[31m
                [36m/>[31m
                [36m<path[31m
                  [33md[31m=[32m"M8 16H3v5"[31m
                [36m/>[31m
              [36m</svg>[31m
              [0mSenkronize Et[0m
            [36m</button>[31m
          [36m</form>[31m
        [36m</div>[31m
        [36m<div[31m
          [33mstyle[31m=[32m"margin-bottom: 24px; border-bottom: 1px solid rgb(51, 51, 51);"[31m
        [36m>[31m
          [36m<div[31m
            [33mstyle[31m=[32m"display: flex; gap: 16px;"[31m
          [36m>[31m
            [36m<button[31m
              [33mstyle[31m=[32m"padding: 12px 16px; background-color: transparent; color: rgb(243, 244, 246); cursor: pointer; font-weight: bold; border-bottom: transparent;"[31m
              [33mtype[31m=[32m"button"[31m
            [36m>[31m
              [0mT├╝m Stoklar ([0m
              [0m1[0m
              [0m)[0m
            [36m</button>[31m
            [36m<button[31m
              [33mstyle[31m=[32m"padding: 12px 16px; background-color: transparent; color: rgb(243, 244, 246); cursor: pointer; font-weight: bold; border-bottom: transparent;"[31m
              [33mtype[31m=[32m"button"[31m
            [36m>[31m
              [0mD├╝┼ş├╝k Stok ([0m
              [0m0[0m
              [0m)[0m
            [36m</button>[31m
            [36m<button[31m
              [33mstyle[31m=[32m"padding: 12px 16px; background-color: rgb(0, 120, 212); color: white; cursor: pointer; font-weight: bold; border-bottom: 2px solid rgb(0, 120, 212);"[31m
              [33mtype[31m=[32m"button"[31m
         ...[39m
[31m   [31m├ù[31m StockCardComponent[2m > [22mstok kartinda sifir fiyatlari gizlemez[39m[33m 1033[2mms[22m[39m
[31m     ÔåÆ Unable to find an element with the text: /Ôé║0[,.]00/. This could be because the text is broken up by multiple elements. In this case, you can provide a function for your text matcher to make your matcher more flexible.

Ignored nodes: comments, script, style
[36m<body>[31m
  [36m<div>[31m
    [36m<div[31m
      [33mstyle[31m=[32m"padding: 20px; min-height: 100vh; background-color: rgb(18, 18, 18);"[31m
    [36m>[31m
      [36m<div[31m
        [33mstyle[31m=[32m"background-color: rgb(30, 30, 30); padding: 16px; border-radius: 0; margin-bottom: 24px; border: 1px solid rgb(51, 51, 51); display: flex; flex-direction: column; gap: 12px;"[31m
      [36m>[31m
        [36m<div[31m
          [33mstyle[31m=[32m"display: flex; justify-content: flex-end;"[31m
        [36m>[31m
          [36m<button[31m
            [33mstyle[31m=[32m"display: flex; align-items: center; gap: 8px; padding: 10px 20px; background-color: rgb(0, 120, 212); color: white; border-radius: 0; cursor: pointer; font-weight: 600; font-size: 14px; transition: all 0.2s;"[31m
            [33mtype[31m=[32m"button"[31m
          [36m>[31m
            [36m<svg[31m
              [33mclass[31m=[32m"lucide lucide-plus "[31m
              [33mfill[31m=[32m"none"[31m
              [33mheight[31m=[32m"18"[31m
              [33mstroke[31m=[32m"currentColor"[31m
              [33mstroke-linecap[31m=[32m"round"[31m
              [33mstroke-linejoin[31m=[32m"round"[31m
              [33mstroke-width[31m=[32m"2"[31m
              [33mviewBox[31m=[32m"0 0 24 24"[31m
              [33mwidth[31m=[32m"18"[31m
              [33mxmlns[31m=[32m"http://www.w3.org/2000/svg"[31m
            [36m>[31m
              [36m<path[31m
                [33md[31m=[32m"M5 12h14"[31m
              [36m/>[31m
              [36m<path[31m
                [33md[31m=[32m"M12 5v14"[31m
              [36m/>[31m
            [36m</svg>[31m
            [0m Yeni Stok Kart─▒[0m
          [36m</button>[31m
        [36m</div>[31m
        [36m<form[31m
          [33mstyle[31m=[32m"display: flex; gap: 12px;"[31m
        [36m>[31m
          [36m<div[31m
            [33mstyle[31m=[32m"flex: 1 1 0%; position: relative;"[31m
          [36m>[31m
            [36m<svg[31m
              [33mclass[31m=[32m"lucide lucide-search "[31m
              [33mfill[31m=[32m"none"[31m
              [33mheight[31m=[32m"18"[31m
              [33mstroke[31m=[32m"currentColor"[31m
              [33mstroke-linecap[31m=[32m"round"[31m
              [33mstroke-linejoin[31m=[32m"round"[31m
              [33mstroke-width[31m=[32m"2"[31m
              [33mstyle[31m=[32m"position: absolute; left: 12px; top: 12px; color: rgb(198, 198, 198);"[31m
              [33mviewBox[31m=[32m"0 0 24 24"[31m
              [33mwidth[31m=[32m"18"[31m
              [33mxmlns[31m=[32m"http://www.w3.org/2000/svg"[31m
            [36m>[31m
              [36m<circle[31m
                [33mcx[31m=[32m"11"[31m
                [33mcy[31m=[32m"11"[31m
                [33mr[31m=[32m"8"[31m
              [36m/>[31m
              [36m<path[31m
                [33md[31m=[32m"m21 21-4.3-4.3"[31m
              [36m/>[31m
            [36m</svg>[31m
            [36m<input[31m
              [33mplaceholder[31m=[32m"Stok kodu, ad─▒ veya rengi ara..."[31m
              [33mstyle[31m=[32m"width: 100%; padding: 10px 12px 10px 40px; border: 1px solid rgb(51, 51, 51); border-radius: 6px; font-size: 14px;"[31m
              [33mtype[31m=[32m"text"[31m
              [33mvalue[31m=[32m""[31m
            [36m/>[31m
          [36m</div>[31m
          [36m<button[31m
            [33mstyle[31m=[32m"padding: 10px 16px; background-color: rgb(0, 120, 212); color: white; border-radius: 6px; cursor: pointer; font-weight: bold;"[31m
            [33mtype[31m=[32m"submit"[31m
          [36m>[31m
            [0mAra[0m
          [36m</button>[31m
          [36m<button[31m
            [33mstyle[31m=[32m"padding: 10px 16px; background-color: rgb(16, 185, 129); color: white; border-radius: 6px; cursor: pointer; font-weight: bold; opacity: 1;"[31m
            [33mtype[31m=[32m"button"[31m
          [36m>[31m
            [36m<svg[31m
              [33mclass[31m=[32m"lucide lucide-refresh-cw "[31m
              [33mfill[31m=[32m"none"[31m
              [33mheight[31m=[32m"16"[31m
              [33mstroke[31m=[32m"currentColor"[31m
              [33mstroke-linecap[31m=[32m"round"[31m
              [33mstroke-linejoin[31m=[32m"round"[31m
              [33mstroke-width[31m=[32m"2"[31m
              [33mstyle[31m=[32m"margin-right: 8px;"[31m
              [33mviewBox[31m=[32m"0 0 24 24"[31m
              [33mwidth[31m=[32m"16"[31m
              [33mxmlns[31m=[32m"http://www.w3.org/2000/svg"[31m
            [36m>[31m
              [36m<path[31m
                [33md[31m=[32m"M3 12a9 9 0 0 1 9-9 9.75 9.75 0 0 1 6.74 2.74L21 8"[31m
              [36m/>[31m
              [36m<path[31m
                [33md[31m=[32m"M21 3v5h-5"[31m
              [36m/>[31m
              [36m<path[31m
                [33md[31m=[32m"M21 12a9 9 0 0 1-9 9 9.75 9.75 0 0 1-6.74-2.74L3 16"[31m
              [36m/>[31m
              [36m<path[31m
                [33md[31m=[32m"M8 16H3v5"[31m
              [36m/>[31m
            [36m</svg>[31m
            [0mSenkronize Et[0m
          [36m</button>[31m
        [36m</form>[31m
      [36m</div>[31m
      [36m<div[31m
        [33mstyle[31m=[32m"margin-bottom: 24px; border-bottom: 1px solid rgb(51, 51, 51);"[31m
      [36m>[31m
        [36m<div[31m
          [33mstyle[31m=[32m"display: flex; gap: 16px;"[31m
        [36m>[31m
          [36m<button[31m
            [33mstyle[31m=[32m"padding: 12px 16px; background-color: rgb(0, 120, 212); color: white; cursor: pointer; font-weight: bold; border-bottom: 2px solid rgb(0, 120, 212);"[31m
            [33mtype[31m=[32m"button"[31m
          [36m>[31m
            [0mT├╝m Stoklar ([0m
            [0m1[0m
            [0m)[0m
          [36m</button>[31m
          [36m<button[31m
            [33mstyle[31m=[32m"padding: 12px 16px; background-color: transparent; color: rgb(243, 244, 246); cursor: pointer; font-weight: bold; border-bottom: transparent;"[31m
            [33mtype[31m=[32m"button"[31m
          [36m>[31m
            [0mD├╝┼ş├╝k Stok ([0m
            [0m0[0m
            [0m)[0m
          [36m</button>[31m
        [36m</div>[31m
      [36m</div>[31m
      [36m<div[31m
        [33mstyle[31m=[32m"display: grid; grid-template-columns: repeat(auto-fill, minmax(300px, 1fr)); gap: 16px;"[31m
      [36m>[31m
        [36m<div[31m
          [33mstyle[31m=[32m"background-color: rgb(30, 30, 30); padding: 16px; border-radius: 8px; border: 1px solid rgb(51, 51, 51); cursor: pointer; transition: all 0.2s; box-shadow: 0 1px 3px rgba(0,0,0,0.1);"[31m
        [36m>[31m
          [36m<div[31m
            [33mstyle[31m=[32m"font-weight: bold; font-size: 14px; color: rgb(0, 120, 212); margin-bottom: 8px;"[31m
          [36m>[31m
            [0mSTK-002[0m
          [36m</div>[31m
          [36m<div[31m
            [33mstyle[31m=[32m"font-size: 13px; color: rgb(243, 244, 246); margin-bottom: 12px; line-height: 1.4;"[31m
          [36m>[31m
            [0mHam MDF[0m
          [36m</div>[31m
          [36m<div[31m
            [33mstyle[31m=[32m"font-size: 12px; color: rgb(198, 198, 198); margin-bottom: 8px; display: grid; gap: 2px;"[31m
          [36m>[31m
            [36m<div[31m
              [33mstyle[31m=[32m"display: flex; align-items: center; gap: 6px;"[31m
            [36m>[31m
              [36m<svg[31m
                [33maria-hidden[31m=[32m"true"[31m
                [33mclass[31m=[32m"lucide lucide-palette "[31m
                [33mfill[31m=[32m"none"[31m
                [33mheight[31m=[32m"12"[31m
                [33mstroke[31m=[32m"currentColor"[31m
                [33mstroke-linecap[31m=[32m"round"[31m
                [33mstroke-linejoin[31m=[32m"round"[31m
                [33mstroke-width[31m=[32m"2"[31m
                [33mviewBox[31m=[32m"0 0 24 24"[31m
                [33mwidth[31m=[32m"12"[31m
                [33mxmlns[31m=[32m"http://www.w3.org/2000/svg"[31m
              [36m>[31m
                [36m<circle[31m
                  [33mcx[31m=[32m"13.5"[31m
                  [33mcy[31m=[32m"6.5"[31m
                  [33mr[31m=[32m".5"[31m
                [36m/>[31m
                [36m<circle[31m
                  [33mcx[31m=[32m"17.5"[31m
                  [33mcy[31m=[32m"10.5"[31m
                  [33mr[31m=[32m".5"[31m
                [36m/>[31m
                [36m<circle[31m
                  [33mcx[31m=[32m"8.5"[31m
                  [33mcy[31m=[32m"7.5"[31m
                  [33mr[31m=[32m".5"[31m
                [36m/>[31m
                [36m<circle[31m
                  [33mcx[31m=[32m"6.5"[31m
                  [33mcy[31m=[32m"12.5"[31m
                  [33mr[31m=[32m".5"[31m
                [36m/>[31m
                [36m<path[31m
                  [33md[31m=[32m"M12 2C6.5 2 2 6.5 2 12s4.5 10 10 10c.926 0 1.648-.746 1.648-1.688 0-.437-.18-.835-.437-1.125-.29-.289-.438-.652-.438-1.125a1.64 1.64 0 0 1 1.668-1.668h1.996c3.051 0 5.555-2.503 5.555-5.554C21.965 6.012 17.461 2 12 2z"[31m
                [36m/>[31m
              [36m</svg>[31m
              [0m [0m
              [0mHam[0m
            [36m</div>[31m
            [36m<div[31m
              [33mstyle[31m=[32m"display: flex; align-items: center; gap: 6px;"[31m
            [36m>[31m
              [36m<svg[31m
                [33maria-hidden[31m=[32m"true"[31m
                [33mclass[31m=[32m"lucide lucide-ruler "[31m
                [33mfill[31m=[32m"none"[31m
                [33mheight[31m=[32m"12"[31m
                [33mstroke[31m=[32m"currentColor"[31m
                [33mstroke-linecap[31m=[32m"round"[31m
                [33mstroke-linejoin[31m=[32m"round"[31m
                [33mstroke-width[31m=[32m"2"[31m
                [33mviewBox[31m=[32m"0 0 24 24"[31m
                [33mwidth[31m=[32m"12"[31m
                [33mxmlns[31m=[32m"http://www.w3.org/2000/svg"[31m
              [36m>[31m
                [36m<path[31m
                  [33md[31m=[32m"M21.3 15.3a2.4 2.4 0 0 1 0 3.4l-2.6 2.6a2.4 2.4 0 0 1-3.4 0L2.7 8.7a2.41 2.41 0 0 1 0-3.4l2.6-2.6a2.41 2.41 0 0 1 3.4 0Z"[31m
                [36m/>[31m
                [36m<path[31m
                  [33md[31m=[32m"m14.5 12.5 2-2"[31m
                [36m/>[31m
                [36m<path[31m
                  [33md[31m=[32m"m11.5 9.5 2-2"[31m
                [36m/>[31m
                [36m<path[31m
                  [33md[31m=[32m"m8.5 6.5 2-2"[31m
                [36m/>[31m
                [36m<path[31m
                  [33md[31m=[32m"m17.5 15.5 2-2"[31m
                [36m/>[31m
              [36m</svg>[31m
              [0m [0m
              [0m8 mm[0m
            [36m</div>[31m
            [36m<div[31m
              [33mstyle[31m=[32m"display: flex; align-items: center; gap: 6px;"[31m
            [36m>[31m
              [36m<svg[31m
                [33maria-hidden[31m=[32m"true"[31m
                [33mclass[31m=[32m"lucide lucide-map-pin "[31m
                [33mfill[31m=[32m"none"[31m
                [33mheight[31m=[32m"12"[31m
                [33mstroke[31m=[32m"currentColor"[31m
                [33mstroke-linecap[31m=[32m"round"[31m
                [33mstroke-linejoin[31m=[32m"round"[31m
                [33mstroke-width[31m=[32m"2"[31m
                [33mviewBox[31m=[32m"0 0 24 24"[31m
                [33mwidth[31m=[32m"12"[31m
                [33mxmlns[31m=[32m"http://www.w3.org/2000/svg"[31m
              [36m>[31m
                [36m<path[31m
                  [33md[31m=[32m"M20 10c0 6-8 12-8 12s-8-6-8-12a8 8 0 0 1 16 0Z"[31m
                [36m/>[31m
                [36m<circle[31m
                  [33mcx[31m=[32m"12"[31m
                  [33mcy[31m=[32m"10"[31m
                  [33mr[31m=[32m"3"[31m
                [36m/>[31m
              [36m</svg>[31m
              [0m [0m
              [0mB-01[0m
            [36m</div>[31m
          [36m</div>[31m
          [36m<div[31m
            [33mstyle[31m=[32m"border-top: 1px solid rgb(51, 51, 51); padding-top: 12px; margin-top: 12px;"[31m
          [36m>[31m
            [36m<div[31m
              [33mstyle[31m=[32m"display: flex; justify-content: space-between; margin-bottom: 6px;"[31m
            [36m>[31m
              [36m<span[31m
                [33mstyle[31m=[32m"font-size: 11px; color: rgb(198, 198, 198);"[31m
              [36m>[31m
                [0mToplam[0m
              [36m</span>[31m
              [36m<span[31m
                [33mstyle[31m=[32m"font-weight: bold; color: rgb(243, 244, 246);"[31m
              [36m>[31m
                [0m20[0m
                [0m [0m
                [0mADET[0m
              [36m</span>[31m
            [36m</div>[31m
            [36m<div[31m
              [33mstyle[31m=[32m"display: flex; justify-content: space-between; margin-bottom: 6px;"[31m
            [36m>[31m
              [36m<span[31m
                [33mstyle[31m=[32m"font-size: 11px; color: rgb(198, 198, 198);"[31m
              [36m>[31m
                [0mUygun[0m
              [36m</span>[31m
              [36m<span[31m
                [33mstyle[31m=[32m"color: rgb(16, 185, 129);"[31m
              [36m>[31m
                [0m20[0m
                [0m [0m
                [0mADET[0m
              [36m</span>[31m
            [36m</div>[31m
            [0m0[0m
          [36m</div>[31m
        [36m</div>[31m
      [36m</div>[31m
    [36m</div>[31m
  [36m</div>[31m
[36m</body>[31m

Ignored nodes: comments, script, style
[36m<html>[31m
  [36m<head />[31m
  [36m<body>[31m
    [36m<div>[31m
      [36m<div[31m
        [33mstyle[31m=[32m"padding: 20px; min-height: 100vh; background-color: rgb(18, 18, 18);"[31m
      [36m>[31m
        [36m<div[31m
          [33mstyle[31m=[32m"background-color: rgb(30, 30, 30); padding: 16px; border-radius: 0; margin-bottom: 24px; border: 1px solid rgb(51, 51, 51); display: flex; flex-direction: column; gap: 12px;"[31m
        [36m>[31m
          [36m<div[31m
            [33mstyle[31m=[32m"display: flex; justify-content: flex-end;"[31m
          [36m>[31m
            [36m<button[31m
              [33mstyle[31m=[32m"display: flex; align-items: center; gap: 8px; padding: 10px 20px; background-color: rgb(0, 120, 212); color: white; border-radius: 0; cursor: pointer; font-weight: 600; font-size: 14px; transition: all 0.2s;"[31m
              [33mtype[31m=[32m"button"[31m
            [36m>[31m
              [36m<svg[31m
                [33mclass[31m=[32m"lucide lucide-plus "[31m
                [33mfill[31m=[32m"none"[31m
                [33mheight[31m=[32m"18"[31m
                [33mstroke[31m=[32m"currentColor"[31m
                [33mstroke-linecap[31m=[32m"round"[31m
                [33mstroke-linejoin[31m=[32m"round"[31m
                [33mstroke-width[31m=[32m"2"[31m
                [33mviewBox[31m=[32m"0 0 24 24"[31m
                [33mwidth[31m=[32m"18"[31m
                [33mxmlns[31m=[32m"http://www.w3.org/2000/svg"[31m
              [36m>[31m
                [36m<path[31m
                  [33md[31m=[32m"M5 12h14"[31m
                [36m/>[31m
                [36m<path[31m
                  [33md[31m=[32m"M12 5v14"[31m
                [36m/>[31m
              [36m</svg>[31m
              [0m Yeni Stok Kart─▒[0m
            [36m</button>[31m
          [36m</div>[31m
          [36m<form[31m
            [33mstyle[31m=[32m"display: flex; gap: 12px;"[31m
          [36m>[31m
            [36m<div[31m
              [33mstyle[31m=[32m"flex: 1 1 0%; position: relative;"[31m
            [36m>[31m
              [36m<svg[31m
                [33mclass[31m=[32m"lucide lucide-search "[31m
                [33mfill[31m=[32m"none"[31m
                [33mheight[31m=[32m"18"[31m
                [33mstroke[31m=[32m"currentColor"[31m
                [33mstroke-linecap[31m=[32m"round"[31m
                [33mstroke-linejoin[31m=[32m"round"[31m
                [33mstroke-width[31m=[32m"2"[31m
                [33mstyle[31m=[32m"position: absolute; left: 12px; top: 12px; color: rgb(198, 198, 198);"[31m
                [33mviewBox[31m=[32m"0 0 24 24"[31m
                [33mwidth[31m=[32m"18"[31m
                [33mxmlns[31m=[32m"http://www.w3.org/2000/svg"[31m
              [36m>[31m
                [36m<circle[31m
                  [33mcx[31m=[32m"11"[31m
                  [33mcy[31m=[32m"11"[31m
                  [33mr[31m=[32m"8"[31m
                [36m/>[31m
                [36m<path[31m
                  [33md[31m=[32m"m21 21-4.3-4.3"[31m
                [36m/>[31m
              [36m</svg>[31m
              [36m<input[31m
                [33mplaceholder[31m=[32m"Stok kodu, ad─▒ veya rengi ara..."[31m
                [33mstyle[31m=[32m"width: 100%; padding: 10px 12px 10px 40px; border: 1px solid rgb(51, 51, 51); border-radius: 6px; font-size: 14px;"[31m
                [33mtype[31m=[32m"text"[31m
                [33mvalue[31m=[32m""[31m
              [36m/>[31m
            [36m</div>[31m
            [36m<button[31m
              [33mstyle[31m=[32m"padding: 10px 16px; background-color: rgb(0, 120, 212); color: white; border-radius: 6px; cursor: pointer; font-weight: bold;"[31m
              [33mtype[31m=[32m"submit"[31m
            [36m>[31m
              [0mAra[0m
            [36m</button>[31m
            [36m<button[31m
              [33mstyle[31m=[32m"padding: 10px 16px; background-color: rgb(16, 185, 129); color: white; border-radius: 6px; cursor: pointer; font-weight: bold; opacity: 1;"[31m
              [33mtype[31m=[32m"button"[31m
            [36m>[31m
              [36m<svg[31m
                [33mclass[31m=[32m"lucide lucide-refresh-cw "[31m
                [33mfill[31m=[32m"none"[31m
                [33mheight[31m=[32m"16"[31m
                [33mstroke[31m=[32m"currentColor"[31m
                [33mstroke-linecap[31m=[32m"round"[31m
                [33mstroke-linejoin[31m=[32m"round"[31m
                [33mstroke-width[31m=[32m"2"[31m
                [33mstyle[31m=[32m"margin-right: 8px;"[31m
                [33mviewBox[31m=[32m"0 0 24 24"[31m
                [33mwidth[31m=[32m"16"[31m
                [33mxmlns[31m=[32m"http://www.w3.org/2000/svg"[31m
              [36m>[31m
                [36m<path[31m
                  [33md[31m=[32m"M3 12a9 9 0 0 1 9-9 9.75 9.75 0 0 1 6.74 2.74L21 8"[31m
                [36m/>[31m
                [36m<path[31m
                  [33md[31m=[32m"M21 3v5h-5"[31m
                [36m/>[31m
                [36m<path[31m
                  [33md[31m=[32m"M21 12a9 9 0 0 1-9 9 9.75 9.75 0 0 1-6.74-2.74L3 16"[31m
                [36m/>[31m
                [36m<path[31m
                  [33md[31m=[32m"M8 16H3v5"[31m
                [36m/>[31m
              [36m</svg>[31m
              [0mSenkronize Et[0m
            [36m</button>[31m
          [36m</form>[31m
        [36m</div>[31m
        [36m<div[31m
          [33mstyle[31m=[32m"margin-bottom: 24px; border-bottom: 1px solid rgb(51, 51, 51);"[31m
        [36m>[31m
          [36m<div[31m
            [33mstyle[31m=[32m"display: flex; gap: 16px;"[31m
          [36m>[31m
            [36m<button[31m
              [33mstyle[31m=[32m"padding: 12px 16px; background-color: rgb(0, 120, 212); color: white; cursor: pointer; font-weight: bold; border-bottom: 2px solid rgb(0, 120, 212);"[31m
              [33mtype[31m=[32m"button"[31m
            [36m>[31m
              [0mT├╝m Stoklar ([0m
              [0m1[0m
              [0m)[0m
            [36m</button>[31m
            [36m<button[31m
              [33mstyle[31m=[32m"padding: 12px 16px; background-color: transparent; color: rgb(243, 244, 246); cursor: pointer; font-weight: bold; border-bottom: transparent;"[31m
              [33mtype[31m=[32m"button"[31m
            [36m>[31m
              [0mD├╝┼ş├╝k Stok ([0m
              [0m0[0m
              [0m)[0m
            [36m</button>[31m
          [36m</div>[31m
        [36m</div>[31m
        [36m<div[31m
          [33mstyle[31m=[32m"display: grid; grid-template-columns: repeat(auto-fill, minmax(300px, 1fr)); gap: 16px;"[31m
        [36m>[31m
          [36m<div[31m
            [33mstyle[31m=[32m"background-color: rgb(30, 30, 30); padding: 16px; border-radius: 8px; border: 1px solid rgb(51, 51, 51); cursor: pointer; transition: all 0.2s; box-shadow: 0 1px 3px rgba(0,0,0,0.1);"[31m
          [36m>[31m
            [36m<div[31m
              [33mstyle[31m=[32m"font-weight: bold; font-size: 14px; color: rgb(0, 120, 212); margin-bottom: 8px;"[31m
            [36m>[31m
              [0mSTK-002[0m
            [36m</div>[31m
            [36m<div[31m
              [33mstyle[31m=[32m"font-size: 13px; color: rgb(243, 244, 246); margin-bottom: 12px; line-height: 1.4;"[31m
            [36m>[31m
              [0mHam MDF[0m
            [36m</div>[31m
            [36m<div[31m
              [33mstyle[31m=[32m"font-size: 12px; color: rgb(198, 198, 198); margin-bottom: 8px; display: grid; gap: 2px;"[31m
            [36m>[31m
              [36m<div[31m
                [33mstyle[31m=[32m"display: flex; align-items: center; gap: 6px;"[31m
              [36m>[31m
                [36m<svg[31m
                  [33maria-hidden[31m=[32m"true"[31m
                  [33mclass[31m=[32m"lucide lucide-palette "[31m
                  [33mfill[31m=[32m"none"[31m
                  [33mheight[31m=[32m"12"[31m
                  [33mstroke[31m=[32m"currentColor"[31m
                  [33mstroke-linecap[31m=[32m"round"[31m
                  [33mstroke-linejoin[31m=[32m"round"[31m
                  [33mstroke-width[31m=[32m"2"[31m
                  [33mviewBox[31m=[32m"0 0 24 24"[31m
                  [33mwidth[31m=[32m"12"[31m
                  [33mxmlns[31m=[32m"http://www.w3.org/2000/svg"[31m
                [36m>[31m
                  [36m<circle[31m
                    [33mcx[31m=[32m"13.5"[31m
                    [33mcy[31m=[32m"6.5"[31m
                    [33mr[31m=[32m".5"[31m
                  [36m/>[31m
                  [36m<circle[31m
                    [33mcx[31m=[32m"17.5"[31m
                    [33mcy[31m=[32m"10.5"[31m
                    [33mr[31m=[32m".5"[31m
                  [36m/>[31m
                  [36m<circle[31m
                    [33mcx[31m=[32m"8.5"[31m
                    [33mcy[31m=[32m"7.5"[31m
                    [33mr[31m=[32m".5"[31m
                  [36m/>[31m
                  [36m<circle[31m
                    [33mcx[31m=[32m"6.5"[31m
                    [33mcy[31m=[32m"12.5"[31m
                    [33mr[31m=[32m".5"[31m
                  [36m/>[31m
                  [36m<path[31m
                    [33md[31m=[32m"M12 2C6.5 2 2 6.5 2 12s4.5 10 10 10c.926 0 1.648-.746 1.648-1.688 0-.437-.18-.835-.437-1.125-.29-.289-.438-.652-.438-1.125a1.64 1.64 0 0 1 1.668-1.668h1.996c3.051 0 5.555-2.503 5.555-5.554C21.965 6.012 17.461 2 12 2z"[31m
                  [36m/>[31m
                [36m</svg>[31m
                [0m [0m
                [0mHam[0m
              [36m</div>[31m
              [36m<div[31m
                [33mstyle[31m=[32m"display: flex; align-items: center; gap: 6px;"[31m
              [36m>[31m
                [36m<svg[31m
                  [33maria-hidden[31m=[32m"true"[31m
                  [33mclass[31m=[32m"lucide lucide-ruler "[31m
                  [33mfill[31m=[32m"none"[31m
                  [33mheight[31m=[32m"12"[31m
                  [33mstroke[31m=[32m"currentColor"[31m
                  [33mstroke-linecap[31m=[32m"round"[31m
                  [33mstroke-linejoin[31m=[32m"round"[31m
                  [33mstroke-width[31m=[32m"2"[31m
                  [33mviewBox[31m=[32m"0 0 24 24"[31m
                  [33mwidth[31m=[32m"12"[31m
                  [33mxmlns[31m=[32m"http://www.w3.org/2000/svg"[31m
                [36m>[31m
                  [36m<path[31m
                    [33md[31m=[32m"M21.3 15.3a2.4 2.4 0 0 1 0 3.4l-2.6 2.6a2.4 2.4 0 0 1-3.4 0L2.7 8.7a2.41 2.41 0 0 1 0-3.4l2.6-2.6a2.41 2.41 0 0 1 3.4 0Z"[31m
                  [36m/>[31m
                  [36m<path[31m
                    [33md[31m=[32m"m14.5 12.5 2-2"[31m
                  [36m/>[31m
                  [36m<path[31m
                    [33md[31m=[32m"m11.5 9.5 2-2"[31m
                  [36m/>[31m
                  [36m<path[31m
                    [33md[31m=[32m"m8.5 6.5 2-2"[31m
                  [36m/>[31m
                  [36m<path[31m
                    [33md[31m=[32m"m17.5 15.5 2-2"[31m
                  [36m/>[31m
                [36m</svg>[31m
                [0m [0m
                [0m8 mm[0m
              [36m</div>[31m
              [36m<div[31m
                [33mstyle[31m=[32m"display: flex; align-items: center; gap: 6px;"[31m
              [36m>[31m
                [36m<svg[31m
                  [33maria-hidden[31m=[32m"true"[31m
                  [33mclass[31m=[32m"lucide lucide-map-pin "[31m
                  [33mfill[31m=[32m"none"[31m
                  [33mheight[31m=[32m"12"[31m
                  [33mstroke[31m=[32m"currentColor"[31m
                  [33mstroke-linecap[31m=[32m"round"[31m
                  [33mstroke-linejoin[31m=[32m"round"[31m
                  [33mstroke-width[31m=[32m"2"[31m
                  [33mviewBox[31m=[32m"0 0 24 24"[31m
                  [33mwidth[31m=[32m"12"[31m
                  [33mxmlns[31m=[32m"http://www.w3.org/2000/svg"[31m
                [36m>[31m
                  [36m<path[31m
                    [33md[31m=[32m"M20 10c0 6-8 12-8 12s-8-6-8-12a8 8 0 0 1 16 0Z"[31m
                  [36m/>[31m
                  [36m<circle[31m
                    [33mcx[31m=[32m"12"[31m
                    [33mcy[31m=[32m"10"[31m
                    [33mr[31m=[32m"3"[31m
                  [36m/>[31m
                [36m</svg>[31m
                [0m [0m
                [0mB-01[0m
              [36m</div>[31m
            [36m</div>[31m
            [36m<div[31m
              [33mstyle[31m=[32m"border-top: 1px solid rgb(51, 51, 51); padding-top: 12px; margin-top: 12px;"[31m
            [36m>[31m
              [36m<div[31m
                [33mstyle[31m=[32m"display: flex; justify-content: space-between; margin-bottom: 6px;"[31m
              [36m>[31m
                [36m<span[31m
                  [33mstyle[31m=[32m"font-size: 11px; color: rgb(198, 198, 198);"[31m
                [36m>[31m
                  [0mToplam[0m
                [36m</span>[31m
                [36m<span[31m
                  [33mstyle[31m=[32m"font-weight: bold; color: rgb(243, 244, 246);"[31m
                [36m>[31m
                  [0m20[0m
                  [0m [0m
                  [0mADET[0m
                [36m</span>[31m
              [36m</div>[31m
              [36m<div[31m
                [33mstyle[31m=[32m"display: flex; justify-content: space-between; margin-bottom: 6px;"[31m
              [36m>[31m
                [36m<span[31m
                  [33mstyle[31m=[32m"font-size: 11px; color: rgb(198, 198, 198);"[31m
                [36m>[31m
                  [0mUygun[0m
                [36m</span>[31m
                [36m<span[31m
                  [33mstyle[31m=[32m"color: rgb(16, 185, 129);"[31m
                [36m>[31m
                  [0m20[0m
                  [0m [0m
                  [0mADET[0m
                [36m</span>[31m
              [36m</div>[31m
              [0m0[0m
            [36m</div>[31m
          [36m</div>[31m
        [36m</div>[31m
      [36m</div>[31m
    [36m</div>[31m
  [36m</body>[31m
[36m</html>[31m[39m
[31m   [31m├ù[31m StockCardComponent[2m > [22myeni stok olusturma akisi barkod ve satis fiyati child payloadini backend kontratina gore gonderir[39m[32m 144[2mms[22m[39m
[31m     ÔåÆ Found a label with the text of: Stok Kodu *, however no form control was found associated to that label. Make sure you're using the "for" attribute or "aria-labelledby" attribute correctly.

Ignored nodes: comments, script, style
[36m<body>[31m
  [36m<div>[31m
    [36m<div[31m
      [33mstyle[31m=[32m"padding: 20px; min-height: 100vh; background-color: rgb(18, 18, 18);"[31m
    [36m>[31m
      [36m<div[31m
        [33mstyle[31m=[32m"background-color: rgb(30, 30, 30); padding: 16px; border-radius: 0; margin-bottom: 24px; border: 1px solid rgb(51, 51, 51); display: flex; flex-direction: column; gap: 12px;"[31m
      [36m>[31m
        [36m<div[31m
          [33mstyle[31m=[32m"display: flex; justify-content: flex-end;"[31m
        [36m>[31m
          [36m<button[31m
            [33mstyle[31m=[32m"display: flex; align-items: center; gap: 8px; padding: 10px 20px; background-color: rgb(0, 120, 212); color: white; border-radius: 0; cursor: pointer; font-weight: 600; font-size: 14px; transition: all 0.2s;"[31m
            [33mtype[31m=[32m"button"[31m
          [36m>[31m
            [36m<svg[31m
              [33mclass[31m=[32m"lucide lucide-plus "[31m
              [33mfill[31m=[32m"none"[31m
              [33mheight[31m=[32m"18"[31m
              [33mstroke[31m=[32m"currentColor"[31m
              [33mstroke-linecap[31m=[32m"round"[31m
              [33mstroke-linejoin[31m=[32m"round"[31m
              [33mstroke-width[31m=[32m"2"[31m
              [33mviewBox[31m=[32m"0 0 24 24"[31m
              [33mwidth[31m=[32m"18"[31m
              [33mxmlns[31m=[32m"http://www.w3.org/2000/svg"[31m
            [36m>[31m
              [36m<path[31m
                [33md[31m=[32m"M5 12h14"[31m
              [36m/>[31m
              [36m<path[31m
                [33md[31m=[32m"M12 5v14"[31m
              [36m/>[31m
            [36m</svg>[31m
            [0m Yeni Stok Kart─▒[0m
          [36m</button>[31m
        [36m</div>[31m
        [36m<form[31m
          [33mstyle[31m=[32m"display: flex; gap: 12px;"[31m
        [36m>[31m
          [36m<div[31m
            [33mstyle[31m=[32m"flex: 1 1 0%; position: relative;"[31m
          [36m>[31m
            [36m<svg[31m
              [33mclass[31m=[32m"lucide lucide-search "[31m
              [33mfill[31m=[32m"none"[31m
              [33mheight[31m=[32m"18"[31m
              [33mstroke[31m=[32m"currentColor"[31m
              [33mstroke-linecap[31m=[32m"round"[31m
              [33mstroke-linejoin[31m=[32m"round"[31m
              [33mstroke-width[31m=[32m"2"[31m
              [33mstyle[31m=[32m"position: absolute; left: 12px; top: 12px; color: rgb(198, 198, 198);"[31m
              [33mviewBox[31m=[32m"0 0 24 24"[31m
              [33mwidth[31m=[32m"18"[31m
              [33mxmlns[31m=[32m"http://www.w3.org/2000/svg"[31m
            [36m>[31m
              [36m<circle[31m
                [33mcx[31m=[32m"11"[31m
                [33mcy[31m=[32m"11"[31m
                [33mr[31m=[32m"8"[31m
              [36m/>[31m
              [36m<path[31m
                [33md[31m=[32m"m21 21-4.3-4.3"[31m
              [36m/>[31m
            [36m</svg>[31m
            [36m<input[31m
              [33mplaceholder[31m=[32m"Stok kodu, ad─▒ veya rengi ara..."[31m
              [33mstyle[31m=[32m"width: 100%; padding: 10px 12px 10px 40px; border: 1px solid rgb(51, 51, 51); border-radius: 6px; font-size: 14px;"[31m
              [33mtype[31m=[32m"text"[31m
              [33mvalue[31m=[32m""[31m
            [36m/>[31m
          [36m</div>[31m
          [36m<button[31m
            [33mstyle[31m=[32m"padding: 10px 16px; background-color: rgb(0, 120, 212); color: white; border-radius: 6px; cursor: pointer; font-weight: bold;"[31m
            [33mtype[31m=[32m"submit"[31m
          [36m>[31m
            [0mAra[0m
          [36m</button>[31m
          [36m<button[31m
            [33mstyle[31m=[32m"padding: 10px 16px; background-color: rgb(16, 185, 129); color: white; border-radius: 6px; cursor: pointer; font-weight: bold; opacity: 1;"[31m
            [33mtype[31m=[32m"button"[31m
          [36m>[31m
            [36m<svg[31m
              [33mclass[31m=[32m"lucide lucide-refresh-cw "[31m
              [33mfill[31m=[32m"none"[31m
              [33mheight[31m=[32m"16"[31m
              [33mstroke[31m=[32m"currentColor"[31m
              [33mstroke-linecap[31m=[32m"round"[31m
              [33mstroke-linejoin[31m=[32m"round"[31m
              [33mstroke-width[31m=[32m"2"[31m
              [33mstyle[31m=[32m"margin-right: 8px;"[31m
              [33mviewBox[31m=[32m"0 0 24 24"[31m
              [33mwidth[31m=[32m"16"[31m
              [33mxmlns[31m=[32m"http://www.w3.org/2000/svg"[31m
            [36m>[31m
              [36m<path[31m
                [33md[31m=[32m"M3 12a9 9 0 0 1 9-9 9.75 9.75 0 0 1 6.74 2.74L21 8"[31m
              [36m/>[31m
              [36m<path[31m
                [33md[31m=[32m"M21 3v5h-5"[31m
              [36m/>[31m
              [36m<path[31m
                [33md[31m=[32m"M21 12a9 9 0 0 1-9 9 9.75 9.75 0 0 1-6.74-2.74L3 16"[31m
              [36m/>[31m
              [36m<path[31m
                [33md[31m=[32m"M8 16H3v5"[31m
              [36m/>[31m
            [36m</svg>[31m
            [0mSenkronize Et[0m
          [36m</button>[31m
        [36m</form>[31m
      [36m</div>[31m
      [36m<div[31m
        [33mstyle[31m=[32m"margin-bottom: 24px; border-bottom: 1px solid rgb(51, 51, 51);"[31m
      [36m>[31m
        [36m<div[31m
          [33mstyle[31m=[32m"display: flex; gap: 16px;"[31m
        [36m>[31m
          [36m<button[31m
            [33mstyle[31m=[32m"padding: 12px 16px; background-color: rgb(0, 120, 212); color: white; cursor: pointer; font-weight: bold; border-bottom: 2px solid rgb(0, 120, 212);"[31m
            [33mtype[31m=[32m"button"[31m
          [36m>[31m
            [0mT├╝m Stoklar ([0m
            [0m0[0m
            [0m)[0m
          [36m</button>[31m
          [36m<button[31m
            [33mstyle[31m=[32m"padding: 12px 16px; background-color: transparent; color: rgb(243, 244, 246); cursor: pointer; font-weight: bold; border-bottom: transparent;"[31m
            [33mtype[31m=[32m"button"[31m
          [36m>[31m
            [0mD├╝┼ş├╝k Stok ([0m
            [0m0[0m
            [0m)[0m
          [36m</button>[31m
        [36m</div>[31m
      [36m</div>[31m
      [36m<div[31m
        [33mstyle[31m=[32m"display: grid; grid-template-columns: repeat(auto-fill, minmax(300px, 1fr)); gap: 16px;"[31m
      [36m>[31m
        [36m<div[31m
          [33mstyle[31m=[32m"grid-column: 1 / -1; text-align: center; padding: 40px; color: rgb(198, 198, 198);"[31m
        [36m>[31m
          [36m<svg[31m
            [33mclass[31m=[32m"lucide lucide-package "[31m
            [33mfill[31m=[32m"none"[31m
            [33mheight[31m=[32m"48"[31m
            [33mstroke[3...[39m
[31m   [31m├ù[31m StockCardComponent[2m > [22myeni stok olusturma akisi ana ve child alanlari trimlenmis payload ile gonderir[39m[32m 97[2mms[22m[39m
[31m     ÔåÆ Found a label with the text of: Stok Kodu *, however no form control was found associated to that label. Make sure you're using the "for" attribute or "aria-labelledby" attribute correctly.

Ignored nodes: comments, script, style
[36m<body>[31m
  [36m<div>[31m
    [36m<div[31m
      [33mstyle[31m=[32m"padding: 20px; min-height: 100vh; background-color: rgb(18, 18, 18);"[31m
    [36m>[31m
      [36m<div[31m
        [33mstyle[31m=[32m"background-color: rgb(30, 30, 30); padding: 16px; border-radius: 0; margin-bottom: 24px; border: 1px solid rgb(51, 51, 51); display: flex; flex-direction: column; gap: 12px;"[31m
      [36m>[31m
        [36m<div[31m
          [33mstyle[31m=[32m"display: flex; justify-content: flex-end;"[31m
        [36m>[31m
          [36m<button[31m
            [33mstyle[31m=[32m"display: flex; align-items: center; gap: 8px; padding: 10px 20px; background-color: rgb(0, 120, 212); color: white; border-radius: 0; cursor: pointer; font-weight: 600; font-size: 14px; transition: all 0.2s;"[31m
            [33mtype[31m=[32m"button"[31m
          [36m>[31m
            [36m<svg[31m
              [33mclass[31m=[32m"lucide lucide-plus "[31m
              [33mfill[31m=[32m"none"[31m
              [33mheight[31m=[32m"18"[31m
              [33mstroke[31m=[32m"currentColor"[31m
              [33mstroke-linecap[31m=[32m"round"[31m
              [33mstroke-linejoin[31m=[32m"round"[31m
              [33mstroke-width[31m=[32m"2"[31m
              [33mviewBox[31m=[32m"0 0 24 24"[31m
              [33mwidth[31m=[32m"18"[31m
              [33mxmlns[31m=[32m"http://www.w3.org/2000/svg"[31m
            [36m>[31m
              [36m<path[31m
                [33md[31m=[32m"M5 12h14"[31m
              [36m/>[31m
              [36m<path[31m
                [33md[31m=[32m"M12 5v14"[31m
              [36m/>[31m
            [36m</svg>[31m
            [0m Yeni Stok Kart─▒[0m
          [36m</button>[31m
        [36m</div>[31m
        [36m<form[31m
          [33mstyle[31m=[32m"display: flex; gap: 12px;"[31m
        [36m>[31m
          [36m<div[31m
            [33mstyle[31m=[32m"flex: 1 1 0%; position: relative;"[31m
          [36m>[31m
            [36m<svg[31m
              [33mclass[31m=[32m"lucide lucide-search "[31m
              [33mfill[31m=[32m"none"[31m
              [33mheight[31m=[32m"18"[31m
              [33mstroke[31m=[32m"currentColor"[31m
              [33mstroke-linecap[31m=[32m"round"[31m
              [33mstroke-linejoin[31m=[32m"round"[31m
              [33mstroke-width[31m=[32m"2"[31m
              [33mstyle[31m=[32m"position: absolute; left: 12px; top: 12px; color: rgb(198, 198, 198);"[31m
              [33mviewBox[31m=[32m"0 0 24 24"[31m
              [33mwidth[31m=[32m"18"[31m
              [33mxmlns[31m=[32m"http://www.w3.org/2000/svg"[31m
            [36m>[31m
              [36m<circle[31m
                [33mcx[31m=[32m"11"[31m
                [33mcy[31m=[32m"11"[31m
                [33mr[31m=[32m"8"[31m
              [36m/>[31m
              [36m<path[31m
                [33md[31m=[32m"m21 21-4.3-4.3"[31m
              [36m/>[31m
            [36m</svg>[31m
            [36m<input[31m
              [33mplaceholder[31m=[32m"Stok kodu, ad─▒ veya rengi ara..."[31m
              [33mstyle[31m=[32m"width: 100%; padding: 10px 12px 10px 40px; border: 1px solid rgb(51, 51, 51); border-radius: 6px; font-size: 14px;"[31m
              [33mtype[31m=[32m"text"[31m
              [33mvalue[31m=[32m""[31m
            [36m/>[31m
          [36m</div>[31m
          [36m<button[31m
            [33mstyle[31m=[32m"padding: 10px 16px; background-color: rgb(0, 120, 212); color: white; border-radius: 6px; cursor: pointer; font-weight: bold;"[31m
            [33mtype[31m=[32m"submit"[31m
          [36m>[31m
            [0mAra[0m
          [36m</button>[31m
          [36m<button[31m
            [33mstyle[31m=[32m"padding: 10px 16px; background-color: rgb(16, 185, 129); color: white; border-radius: 6px; cursor: pointer; font-weight: bold; opacity: 1;"[31m
            [33mtype[31m=[32m"button"[31m
          [36m>[31m
            [36m<svg[31m
              [33mclass[31m=[32m"lucide lucide-refresh-cw "[31m
              [33mfill[31m=[32m"none"[31m
              [33mheight[31m=[32m"16"[31m
              [33mstroke[31m=[32m"currentColor"[31m
              [33mstroke-linecap[31m=[32m"round"[31m
              [33mstroke-linejoin[31m=[32m"round"[31m
              [33mstroke-width[31m=[32m"2"[31m
              [33mstyle[31m=[32m"margin-right: 8px;"[31m
              [33mviewBox[31m=[32m"0 0 24 24"[31m
              [33mwidth[31m=[32m"16"[31m
              [33mxmlns[31m=[32m"http://www.w3.org/2000/svg"[31m
            [36m>[31m
              [36m<path[31m
                [33md[31m=[32m"M3 12a9 9 0 0 1 9-9 9.75 9.75 0 0 1 6.74 2.74L21 8"[31m
              [36m/>[31m
              [36m<path[31m
                [33md[31m=[32m"M21 3v5h-5"[31m
              [36m/>[31m
              [36m<path[31m
                [33md[31m=[32m"M21 12a9 9 0 0 1-9 9 9.75 9.75 0 0 1-6.74-2.74L3 16"[31m
              [36m/>[31m
              [36m<path[31m
                [33md[31m=[32m"M8 16H3v5"[31m
              [36m/>[31m
            [36m</svg>[31m
            [0mSenkronize Et[0m
          [36m</button>[31m
        [36m</form>[31m
      [36m</div>[31m
      [36m<div[31m
        [33mstyle[31m=[32m"margin-bottom: 24px; border-bottom: 1px solid rgb(51, 51, 51);"[31m
      [36m>[31m
        [36m<div[31m
          [33mstyle[31m=[32m"display: flex; gap: 16px;"[31m
        [36m>[31m
          [36m<button[31m
            [33mstyle[31m=[32m"padding: 12px 16px; background-color: rgb(0, 120, 212); color: white; cursor: pointer; font-weight: bold; border-bottom: 2px solid rgb(0, 120, 212);"[31m
            [33mtype[31m=[32m"button"[31m
          [36m>[31m
            [0mT├╝m Stoklar ([0m
            [0m0[0m
            [0m)[0m
          [36m</button>[31m
          [36m<button[31m
            [33mstyle[31m=[32m"padding: 12px 16px; background-color: transparent; color: rgb(243, 244, 246); cursor: pointer; font-weight: bold; border-bottom: transparent;"[31m
            [33mtype[31m=[32m"button"[31m
          [36m>[31m
            [0mD├╝┼ş├╝k Stok ([0m
            [0m0[0m
            [0m)[0m
          [36m</button>[31m
        [36m</div>[31m
      [36m</div>[31m
      [36m<div[31m
        [33mstyle[31m=[32m"display: grid; grid-template-columns: repeat(auto-fill, minmax(300px, 1fr)); gap: 16px;"[31m
      [36m>[31m
        [36m<div[31m
          [33mstyle[31m=[32m"grid-column: 1 / -1; text-align: center; padding: 40px; color: rgb(198, 198, 198);"[31m
        [36m>[31m
          [36m<svg[31m
            [33mclass[31m=[32m"lucide lucide-package "[31m
            [33mfill[31m=[32m"none"[31m
            [33mheight[31m=[32m"48"[31m
            [33mstroke[3...[39m
[31m   [31m├ù[31m StockCardComponent[2m > [22myeni stok kartinda ayni barkod iki kez girildiginde create islemini durdurur[39m[32m 93[2mms[22m[39m
[31m     ÔåÆ Found a label with the text of: Stok Kodu *, however no form control was found associated to that label. Make sure you're using the "for" attribute or "aria-labelledby" attribute correctly.

Ignored nodes: comments, script, style
[36m<body>[31m
  [36m<div>[31m
    [36m<div[31m
      [33mstyle[31m=[32m"padding: 20px; min-height: 100vh; background-color: rgb(18, 18, 18);"[31m
    [36m>[31m
      [36m<div[31m
        [33mstyle[31m=[32m"background-color: rgb(30, 30, 30); padding: 16px; border-radius: 0; margin-bottom: 24px; border: 1px solid rgb(51, 51, 51); display: flex; flex-direction: column; gap: 12px;"[31m
      [36m>[31m
        [36m<div[31m
          [33mstyle[31m=[32m"display: flex; justify-content: flex-end;"[31m
        [36m>[31m
          [36m<button[31m
            [33mstyle[31m=[32m"display: flex; align-items: center; gap: 8px; padding: 10px 20px; background-color: rgb(0, 120, 212); color: white; border-radius: 0; cursor: pointer; font-weight: 600; font-size: 14px; transition: all 0.2s;"[31m
            [33mtype[31m=[32m"button"[31m
          [36m>[31m
            [36m<svg[31m
              [33mclass[31m=[32m"lucide lucide-plus "[31m
              [33mfill[31m=[32m"none"[31m
              [33mheight[31m=[32m"18"[31m
              [33mstroke[31m=[32m"currentColor"[31m
              [33mstroke-linecap[31m=[32m"round"[31m
              [33mstroke-linejoin[31m=[32m"round"[31m
              [33mstroke-width[31m=[32m"2"[31m
              [33mviewBox[31m=[32m"0 0 24 24"[31m
              [33mwidth[31m=[32m"18"[31m
              [33mxmlns[31m=[32m"http://www.w3.org/2000/svg"[31m
            [36m>[31m
              [36m<path[31m
                [33md[31m=[32m"M5 12h14"[31m
              [36m/>[31m
              [36m<path[31m
                [33md[31m=[32m"M12 5v14"[31m
              [36m/>[31m
            [36m</svg>[31m
            [0m Yeni Stok Kart─▒[0m
          [36m</button>[31m
        [36m</div>[31m
        [36m<form[31m
          [33mstyle[31m=[32m"display: flex; gap: 12px;"[31m
        [36m>[31m
          [36m<div[31m
            [33mstyle[31m=[32m"flex: 1 1 0%; position: relative;"[31m
          [36m>[31m
            [36m<svg[31m
              [33mclass[31m=[32m"lucide lucide-search "[31m
              [33mfill[31m=[32m"none"[31m
              [33mheight[31m=[32m"18"[31m
              [33mstroke[31m=[32m"currentColor"[31m
              [33mstroke-linecap[31m=[32m"round"[31m
              [33mstroke-linejoin[31m=[32m"round"[31m
              [33mstroke-width[31m=[32m"2"[31m
              [33mstyle[31m=[32m"position: absolute; left: 12px; top: 12px; color: rgb(198, 198, 198);"[31m
              [33mviewBox[31m=[32m"0 0 24 24"[31m
              [33mwidth[31m=[32m"18"[31m
              [33mxmlns[31m=[32m"http://www.w3.org/2000/svg"[31m
            [36m>[31m
              [36m<circle[31m
                [33mcx[31m=[32m"11"[31m
                [33mcy[31m=[32m"11"[31m
                [33mr[31m=[32m"8"[31m
              [36m/>[31m
              [36m<path[31m
                [33md[31m=[32m"m21 21-4.3-4.3"[31m
              [36m/>[31m
            [36m</svg>[31m
            [36m<input[31m
              [33mplaceholder[31m=[32m"Stok kodu, ad─▒ veya rengi ara..."[31m
              [33mstyle[31m=[32m"width: 100%; padding: 10px 12px 10px 40px; border: 1px solid rgb(51, 51, 51); border-radius: 6px; font-size: 14px;"[31m
              [33mtype[31m=[32m"text"[31m
              [33mvalue[31m=[32m""[31m
            [36m/>[31m
          [36m</div>[31m
          [36m<button[31m
            [33mstyle[31m=[32m"padding: 10px 16px; background-color: rgb(0, 120, 212); color: white; border-radius: 6px; cursor: pointer; font-weight: bold;"[31m
            [33mtype[31m=[32m"submit"[31m
          [36m>[31m
            [0mAra[0m
          [36m</button>[31m
          [36m<button[31m
            [33mstyle[31m=[32m"padding: 10px 16px; background-color: rgb(16, 185, 129); color: white; border-radius: 6px; cursor: pointer; font-weight: bold; opacity: 1;"[31m
            [33mtype[31m=[32m"button"[31m
          [36m>[31m
            [36m<svg[31m
              [33mclass[31m=[32m"lucide lucide-refresh-cw "[31m
              [33mfill[31m=[32m"none"[31m
              [33mheight[31m=[32m"16"[31m
              [33mstroke[31m=[32m"currentColor"[31m
              [33mstroke-linecap[31m=[32m"round"[31m
              [33mstroke-linejoin[31m=[32m"round"[31m
              [33mstroke-width[31m=[32m"2"[31m
              [33mstyle[31m=[32m"margin-right: 8px;"[31m
              [33mviewBox[31m=[32m"0 0 24 24"[31m
              [33mwidth[31m=[32m"16"[31m
              [33mxmlns[31m=[32m"http://www.w3.org/2000/svg"[31m
            [36m>[31m
              [36m<path[31m
                [33md[31m=[32m"M3 12a9 9 0 0 1 9-9 9.75 9.75 0 0 1 6.74 2.74L21 8"[31m
              [36m/>[31m
              [36m<path[31m
                [33md[31m=[32m"M21 3v5h-5"[31m
              [36m/>[31m
              [36m<path[31m
                [33md[31m=[32m"M21 12a9 9 0 0 1-9 9 9.75 9.75 0 0 1-6.74-2.74L3 16"[31m
              [36m/>[31m
              [36m<path[31m
                [33md[31m=[32m"M8 16H3v5"[31m
              [36m/>[31m
            [36m</svg>[31m
            [0mSenkronize Et[0m
          [36m</button>[31m
        [36m</form>[31m
      [36m</div>[31m
      [36m<div[31m
        [33mstyle[31m=[32m"margin-bottom: 24px; border-bottom: 1px solid rgb(51, 51, 51);"[31m
      [36m>[31m
        [36m<div[31m
          [33mstyle[31m=[32m"display: flex; gap: 16px;"[31m
        [36m>[31m
          [36m<button[31m
            [33mstyle[31m=[32m"padding: 12px 16px; background-color: rgb(0, 120, 212); color: white; cursor: pointer; font-weight: bold; border-bottom: 2px solid rgb(0, 120, 212);"[31m
            [33mtype[31m=[32m"button"[31m
          [36m>[31m
            [0mT├╝m Stoklar ([0m
            [0m1[0m
            [0m)[0m
          [36m</button>[31m
          [36m<button[31m
            [33mstyle[31m=[32m"padding: 12px 16px; background-color: transparent; color: rgb(243, 244, 246); cursor: pointer; font-weight: bold; border-bottom: transparent;"[31m
            [33mtype[31m=[32m"button"[31m
          [36m>[31m
            [0mD├╝┼ş├╝k Stok ([0m
            [0m0[0m
            [0m)[0m
          [36m</button>[31m
        [36m</div>[31m
      [36m</div>[31m
      [36m<div[31m
        [33mstyle[31m=[32m"display: grid; grid-template-columns: repeat(auto-fill, minmax(300px, 1fr)); gap: 16px;"[31m
      [36m>[31m
        [36m<div[31m
          [33mstyle[31m=[32m"background-color: rgb(30, 30, 30); padding: 16px; border-radius: 8px; border: 1px solid rgb(51, 51, 51); cursor: pointer; transition: all 0.2s; box-shadow: 0 1px 3px rgba(0,0,0,0.1);"[31m
        [36m>[31m
          [36m<div[31m
            [33mstyle[31m=[32m"font-weight: bold; font-size: 14px; color: ...[39m
[31m   [31m├ù[31m StockCardComponent[2m > [22myeni stok kartinda ayni fiyat tipi iki kez girildiginde create islemini durdurur[39m[32m 106[2mms[22m[39m
[31m     ÔåÆ Found a label with the text of: Stok Kodu *, however no form control was found associated to that label. Make sure you're using the "for" attribute or "aria-labelledby" attribute correctly.

Ignored nodes: comments, script, style
[36m<body>[31m
  [36m<div>[31m
    [36m<div[31m
      [33mstyle[31m=[32m"padding: 20px; min-height: 100vh; background-color: rgb(18, 18, 18);"[31m
    [36m>[31m
      [36m<div[31m
        [33mstyle[31m=[32m"background-color: rgb(30, 30, 30); padding: 16px; border-radius: 0; margin-bottom: 24px; border: 1px solid rgb(51, 51, 51); display: flex; flex-direction: column; gap: 12px;"[31m
      [36m>[31m
        [36m<div[31m
          [33mstyle[31m=[32m"display: flex; justify-content: flex-end;"[31m
        [36m>[31m
          [36m<button[31m
            [33mstyle[31m=[32m"display: flex; align-items: center; gap: 8px; padding: 10px 20px; background-color: rgb(0, 120, 212); color: white; border-radius: 0; cursor: pointer; font-weight: 600; font-size: 14px; transition: all 0.2s;"[31m
            [33mtype[31m=[32m"button"[31m
          [36m>[31m
            [36m<svg[31m
              [33mclass[31m=[32m"lucide lucide-plus "[31m
              [33mfill[31m=[32m"none"[31m
              [33mheight[31m=[32m"18"[31m
              [33mstroke[31m=[32m"currentColor"[31m
              [33mstroke-linecap[31m=[32m"round"[31m
              [33mstroke-linejoin[31m=[32m"round"[31m
              [33mstroke-width[31m=[32m"2"[31m
              [33mviewBox[31m=[32m"0 0 24 24"[31m
              [33mwidth[31m=[32m"18"[31m
              [33mxmlns[31m=[32m"http://www.w3.org/2000/svg"[31m
            [36m>[31m
              [36m<path[31m
                [33md[31m=[32m"M5 12h14"[31m
              [36m/>[31m
              [36m<path[31m
                [33md[31m=[32m"M12 5v14"[31m
              [36m/>[31m
            [36m</svg>[31m
            [0m Yeni Stok Kart─▒[0m
          [36m</button>[31m
        [36m</div>[31m
        [36m<form[31m
          [33mstyle[31m=[32m"display: flex; gap: 12px;"[31m
        [36m>[31m
          [36m<div[31m
            [33mstyle[31m=[32m"flex: 1 1 0%; position: relative;"[31m
          [36m>[31m
            [36m<svg[31m
              [33mclass[31m=[32m"lucide lucide-search "[31m
              [33mfill[31m=[32m"none"[31m
              [33mheight[31m=[32m"18"[31m
              [33mstroke[31m=[32m"currentColor"[31m
              [33mstroke-linecap[31m=[32m"round"[31m
              [33mstroke-linejoin[31m=[32m"round"[31m
              [33mstroke-width[31m=[32m"2"[31m
              [33mstyle[31m=[32m"position: absolute; left: 12px; top: 12px; color: rgb(198, 198, 198);"[31m
              [33mviewBox[31m=[32m"0 0 24 24"[31m
              [33mwidth[31m=[32m"18"[31m
              [33mxmlns[31m=[32m"http://www.w3.org/2000/svg"[31m
            [36m>[31m
              [36m<circle[31m
                [33mcx[31m=[32m"11"[31m
                [33mcy[31m=[32m"11"[31m
                [33mr[31m=[32m"8"[31m
              [36m/>[31m
              [36m<path[31m
                [33md[31m=[32m"m21 21-4.3-4.3"[31m
              [36m/>[31m
            [36m</svg>[31m
            [36m<input[31m
              [33mplaceholder[31m=[32m"Stok kodu, ad─▒ veya rengi ara..."[31m
              [33mstyle[31m=[32m"width: 100%; padding: 10px 12px 10px 40px; border: 1px solid rgb(51, 51, 51); border-radius: 6px; font-size: 14px;"[31m
              [33mtype[31m=[32m"text"[31m
              [33mvalue[31m=[32m""[31m
            [36m/>[31m
          [36m</div>[31m
          [36m<button[31m
            [33mstyle[31m=[32m"padding: 10px 16px; background-color: rgb(0, 120, 212); color: white; border-radius: 6px; cursor: pointer; font-weight: bold;"[31m
            [33mtype[31m=[32m"submit"[31m
          [36m>[31m
            [0mAra[0m
          [36m</button>[31m
          [36m<button[31m
            [33mstyle[31m=[32m"padding: 10px 16px; background-color: rgb(16, 185, 129); color: white; border-radius: 6px; cursor: pointer; font-weight: bold; opacity: 1;"[31m
            [33mtype[31m=[32m"button"[31m
          [36m>[31m
            [36m<svg[31m
              [33mclass[31m=[32m"lucide lucide-refresh-cw "[31m
              [33mfill[31m=[32m"none"[31m
              [33mheight[31m=[32m"16"[31m
              [33mstroke[31m=[32m"currentColor"[31m
              [33mstroke-linecap[31m=[32m"round"[31m
              [33mstroke-linejoin[31m=[32m"round"[31m
              [33mstroke-width[31m=[32m"2"[31m
              [33mstyle[31m=[32m"margin-right: 8px;"[31m
              [33mviewBox[31m=[32m"0 0 24 24"[31m
              [33mwidth[31m=[32m"16"[31m
              [33mxmlns[31m=[32m"http://www.w3.org/2000/svg"[31m
            [36m>[31m
              [36m<path[31m
                [33md[31m=[32m"M3 12a9 9 0 0 1 9-9 9.75 9.75 0 0 1 6.74 2.74L21 8"[31m
              [36m/>[31m
              [36m<path[31m
                [33md[31m=[32m"M21 3v5h-5"[31m
              [36m/>[31m
              [36m<path[31m
                [33md[31m=[32m"M21 12a9 9 0 0 1-9 9 9.75 9.75 0 0 1-6.74-2.74L3 16"[31m
              [36m/>[31m
              [36m<path[31m
                [33md[31m=[32m"M8 16H3v5"[31m
              [36m/>[31m
            [36m</svg>[31m
            [0mSenkronize Et[0m
          [36m</button>[31m
        [36m</form>[31m
      [36m</div>[31m
      [36m<div[31m
        [33mstyle[31m=[32m"margin-bottom: 24px; border-bottom: 1px solid rgb(51, 51, 51);"[31m
      [36m>[31m
        [36m<div[31m
          [33mstyle[31m=[32m"display: flex; gap: 16px;"[31m
        [36m>[31m
          [36m<button[31m
            [33mstyle[31m=[32m"padding: 12px 16px; background-color: rgb(0, 120, 212); color: white; cursor: pointer; font-weight: bold; border-bottom: 2px solid rgb(0, 120, 212);"[31m
            [33mtype[31m=[32m"button"[31m
          [36m>[31m
            [0mT├╝m Stoklar ([0m
            [0m1[0m
            [0m)[0m
          [36m</button>[31m
          [36m<button[31m
            [33mstyle[31m=[32m"padding: 12px 16px; background-color: transparent; color: rgb(243, 244, 246); cursor: pointer; font-weight: bold; border-bottom: transparent;"[31m
            [33mtype[31m=[32m"button"[31m
          [36m>[31m
            [0mD├╝┼ş├╝k Stok ([0m
            [0m0[0m
            [0m)[0m
          [36m</button>[31m
        [36m</div>[31m
      [36m</div>[31m
      [36m<div[31m
        [33mstyle[31m=[32m"display: grid; grid-template-columns: repeat(auto-fill, minmax(300px, 1fr)); gap: 16px;"[31m
      [36m>[31m
        [36m<div[31m
          [33mstyle[31m=[32m"background-color: rgb(30, 30, 30); padding: 16px; border-radius: 8px; border: 1px solid rgb(51, 51, 51); cursor: pointer; transition: all 0.2s; box-shadow: 0 1px 3px rgba(0,0,0,0.1);"[31m
        [36m>[31m
          [36m<div[31m
            [33mstyle[31m=[32m"font-weight: bold; font-size: 14px; color: ...[39m
[31m   [31m├ù[31m StockCardComponent[2m > [22myeni stok kartinda eksik satis fiyati satiri oldugunda create islemini durdurur[39m[32m 106[2mms[22m[39m
[31m     ÔåÆ Found a label with the text of: Stok Kodu *, however no form control was found associated to that label. Make sure you're using the "for" attribute or "aria-labelledby" attribute correctly.

Ignored nodes: comments, script, style
[36m<body>[31m
  [36m<div>[31m
    [36m<div[31m
      [33mstyle[31m=[32m"padding: 20px; min-height: 100vh; background-color: rgb(18, 18, 18);"[31m
    [36m>[31m
      [36m<div[31m
        [33mstyle[31m=[32m"background-color: rgb(30, 30, 30); padding: 16px; border-radius: 0; margin-bottom: 24px; border: 1px solid rgb(51, 51, 51); display: flex; flex-direction: column; gap: 12px;"[31m
      [36m>[31m
        [36m<div[31m
          [33mstyle[31m=[32m"display: flex; justify-content: flex-end;"[31m
        [36m>[31m
          [36m<button[31m
            [33mstyle[31m=[32m"display: flex; align-items: center; gap: 8px; padding: 10px 20px; background-color: rgb(0, 120, 212); color: white; border-radius: 0; cursor: pointer; font-weight: 600; font-size: 14px; transition: all 0.2s;"[31m
            [33mtype[31m=[32m"button"[31m
          [36m>[31m
            [36m<svg[31m
              [33mclass[31m=[32m"lucide lucide-plus "[31m
              [33mfill[31m=[32m"none"[31m
              [33mheight[31m=[32m"18"[31m
              [33mstroke[31m=[32m"currentColor"[31m
              [33mstroke-linecap[31m=[32m"round"[31m
              [33mstroke-linejoin[31m=[32m"round"[31m
              [33mstroke-width[31m=[32m"2"[31m
              [33mviewBox[31m=[32m"0 0 24 24"[31m
              [33mwidth[31m=[32m"18"[31m
              [33mxmlns[31m=[32m"http://www.w3.org/2000/svg"[31m
            [36m>[31m
              [36m<path[31m
                [33md[31m=[32m"M5 12h14"[31m
              [36m/>[31m
              [36m<path[31m
                [33md[31m=[32m"M12 5v14"[31m
              [36m/>[31m
            [36m</svg>[31m
            [0m Yeni Stok Kart─▒[0m
          [36m</button>[31m
        [36m</div>[31m
        [36m<form[31m
          [33mstyle[31m=[32m"display: flex; gap: 12px;"[31m
        [36m>[31m
          [36m<div[31m
            [33mstyle[31m=[32m"flex: 1 1 0%; position: relative;"[31m
          [36m>[31m
            [36m<svg[31m
              [33mclass[31m=[32m"lucide lucide-search "[31m
              [33mfill[31m=[32m"none"[31m
              [33mheight[31m=[32m"18"[31m
              [33mstroke[31m=[32m"currentColor"[31m
              [33mstroke-linecap[31m=[32m"round"[31m
              [33mstroke-linejoin[31m=[32m"round"[31m
              [33mstroke-width[31m=[32m"2"[31m
              [33mstyle[31m=[32m"position: absolute; left: 12px; top: 12px; color: rgb(198, 198, 198);"[31m
              [33mviewBox[31m=[32m"0 0 24 24"[31m
              [33mwidth[31m=[32m"18"[31m
              [33mxmlns[31m=[32m"http://www.w3.org/2000/svg"[31m
            [36m>[31m
              [36m<circle[31m
                [33mcx[31m=[32m"11"[31m
                [33mcy[31m=[32m"11"[31m
                [33mr[31m=[32m"8"[31m
              [36m/>[31m
              [36m<path[31m
                [33md[31m=[32m"m21 21-4.3-4.3"[31m
              [36m/>[31m
            [36m</svg>[31m
            [36m<input[31m
              [33mplaceholder[31m=[32m"Stok kodu, ad─▒ veya rengi ara..."[31m
              [33mstyle[31m=[32m"width: 100%; padding: 10px 12px 10px 40px; border: 1px solid rgb(51, 51, 51); border-radius: 6px; font-size: 14px;"[31m
              [33mtype[31m=[32m"text"[31m
              [33mvalue[31m=[32m""[31m
            [36m/>[31m
          [36m</div>[31m
          [36m<button[31m
            [33mstyle[31m=[32m"padding: 10px 16px; background-color: rgb(0, 120, 212); color: white; border-radius: 6px; cursor: pointer; font-weight: bold;"[31m
            [33mtype[31m=[32m"submit"[31m
          [36m>[31m
            [0mAra[0m
          [36m</button>[31m
          [36m<button[31m
            [33mstyle[31m=[32m"padding: 10px 16px; background-color: rgb(16, 185, 129); color: white; border-radius: 6px; cursor: pointer; font-weight: bold; opacity: 1;"[31m
            [33mtype[31m=[32m"button"[31m
          [36m>[31m
            [36m<svg[31m
              [33mclass[31m=[32m"lucide lucide-refresh-cw "[31m
              [33mfill[31m=[32m"none"[31m
              [33mheight[31m=[32m"16"[31m
              [33mstroke[31m=[32m"currentColor"[31m
              [33mstroke-linecap[31m=[32m"round"[31m
              [33mstroke-linejoin[31m=[32m"round"[31m
              [33mstroke-width[31m=[32m"2"[31m
              [33mstyle[31m=[32m"margin-right: 8px;"[31m
              [33mviewBox[31m=[32m"0 0 24 24"[31m
              [33mwidth[31m=[32m"16"[31m
              [33mxmlns[31m=[32m"http://www.w3.org/2000/svg"[31m
            [36m>[31m
              [36m<path[31m
                [33md[31m=[32m"M3 12a9 9 0 0 1 9-9 9.75 9.75 0 0 1 6.74 2.74L21 8"[31m
              [36m/>[31m
              [36m<path[31m
                [33md[31m=[32m"M21 3v5h-5"[31m
              [36m/>[31m
              [36m<path[31m
                [33md[31m=[32m"M21 12a9 9 0 0 1-9 9 9.75 9.75 0 0 1-6.74-2.74L3 16"[31m
              [36m/>[31m
              [36m<path[31m
                [33md[31m=[32m"M8 16H3v5"[31m
              [36m/>[31m
            [36m</svg>[31m
            [0mSenkronize Et[0m
          [36m</button>[31m
        [36m</form>[31m
      [36m</div>[31m
      [36m<div[31m
        [33mstyle[31m=[32m"margin-bottom: 24px; border-bottom: 1px solid rgb(51, 51, 51);"[31m
      [36m>[31m
        [36m<div[31m
          [33mstyle[31m=[32m"display: flex; gap: 16px;"[31m
        [36m>[31m
          [36m<button[31m
            [33mstyle[31m=[32m"padding: 12px 16px; background-color: rgb(0, 120, 212); color: white; cursor: pointer; font-weight: bold; border-bottom: 2px solid rgb(0, 120, 212);"[31m
            [33mtype[31m=[32m"button"[31m
          [36m>[31m
            [0mT├╝m Stoklar ([0m
            [0m1[0m
            [0m)[0m
          [36m</button>[31m
          [36m<button[31m
            [33mstyle[31m=[32m"padding: 12px 16px; background-color: transparent; color: rgb(243, 244, 246); cursor: pointer; font-weight: bold; border-bottom: transparent;"[31m
            [33mtype[31m=[32m"button"[31m
          [36m>[31m
            [0mD├╝┼ş├╝k Stok ([0m
            [0m0[0m
            [0m)[0m
          [36m</button>[31m
        [36m</div>[31m
      [36m</div>[31m
      [36m<div[31m
        [33mstyle[31m=[32m"display: grid; grid-template-columns: repeat(auto-fill, minmax(300px, 1fr)); gap: 16px;"[31m
      [36m>[31m
        [36m<div[31m
          [33mstyle[31m=[32m"background-color: rgb(30, 30, 30); padding: 16px; border-radius: 8px; border: 1px solid rgb(51, 51, 51); cursor: pointer; transition: all 0.2s; box-shadow: 0 1px 3px rgba(0,0,0,0.1);"[31m
        [36m>[31m
          [36m<div[31m
            [33mstyle[31m=[32m"font-weight: bold; font-size: 14px; color: ...[39m
[31m   [31m├ù[31m StockCardComponent[2m > [22mbarkod ve satis fiyat alt gridleri bos kayit durumunda bos durum mesaji gosterir[39m[33m 1038[2mms[22m[39m
[31m     ÔåÆ Unable to find role="region" and name "Barkod Alt Gridi"

Ignored nodes: comments, script, style
[36m<body>[31m
  [36m<div>[31m
    [36m<div[31m
      [33mstyle[31m=[32m"padding: 20px; min-height: 100vh; background-color: rgb(18, 18, 18);"[31m
    [36m>[31m
      [36m<div[31m
        [33mstyle[31m=[32m"background-color: rgb(30, 30, 30); padding: 16px; border-radius: 0; margin-bottom: 24px; border: 1px solid rgb(51, 51, 51); display: flex; flex-direction: column; gap: 12px;"[31m
      [36m>[31m
        [36m<div[31m
          [33mstyle[31m=[32m"display: flex; justify-content: flex-end;"[31m
        [36m>[31m
          [36m<button[31m
            [33mstyle[31m=[32m"display: flex; align-items: center; gap: 8px; padding: 10px 20px; background-color: rgb(0, 120, 212); color: white; border-radius: 0; cursor: pointer; font-weight: 600; font-size: 14px; transition: all 0.2s;"[31m
            [33mtype[31m=[32m"button"[31m
          [36m>[31m
            [36m<svg[31m
              [33mclass[31m=[32m"lucide lucide-plus "[31m
              [33mfill[31m=[32m"none"[31m
              [33mheight[31m=[32m"18"[31m
              [33mstroke[31m=[32m"currentColor"[31m
              [33mstroke-linecap[31m=[32m"round"[31m
              [33mstroke-linejoin[31m=[32m"round"[31m
              [33mstroke-width[31m=[32m"2"[31m
              [33mviewBox[31m=[32m"0 0 24 24"[31m
              [33mwidth[31m=[32m"18"[31m
              [33mxmlns[31m=[32m"http://www.w3.org/2000/svg"[31m
            [36m>[31m
              [36m<path[31m
                [33md[31m=[32m"M5 12h14"[31m
              [36m/>[31m
              [36m<path[31m
                [33md[31m=[32m"M12 5v14"[31m
              [36m/>[31m
            [36m</svg>[31m
            [0m Yeni Stok Kart─▒[0m
          [36m</button>[31m
        [36m</div>[31m
        [36m<form[31m
          [33mstyle[31m=[32m"display: flex; gap: 12px;"[31m
        [36m>[31m
          [36m<div[31m
            [33mstyle[31m=[32m"flex: 1 1 0%; position: relative;"[31m
          [36m>[31m
            [36m<svg[31m
              [33mclass[31m=[32m"lucide lucide-search "[31m
              [33mfill[31m=[32m"none"[31m
              [33mheight[31m=[32m"18"[31m
              [33mstroke[31m=[32m"currentColor"[31m
              [33mstroke-linecap[31m=[32m"round"[31m
              [33mstroke-linejoin[31m=[32m"round"[31m
              [33mstroke-width[31m=[32m"2"[31m
              [33mstyle[31m=[32m"position: absolute; left: 12px; top: 12px; color: rgb(198, 198, 198);"[31m
              [33mviewBox[31m=[32m"0 0 24 24"[31m
              [33mwidth[31m=[32m"18"[31m
              [33mxmlns[31m=[32m"http://www.w3.org/2000/svg"[31m
            [36m>[31m
              [36m<circle[31m
                [33mcx[31m=[32m"11"[31m
                [33mcy[31m=[32m"11"[31m
                [33mr[31m=[32m"8"[31m
              [36m/>[31m
              [36m<path[31m
                [33md[31m=[32m"m21 21-4.3-4.3"[31m
              [36m/>[31m
            [36m</svg>[31m
            [36m<input[31m
              [33mplaceholder[31m=[32m"Stok kodu, ad─▒ veya rengi ara..."[31m
              [33mstyle[31m=[32m"width: 100%; padding: 10px 12px 10px 40px; border: 1px solid rgb(51, 51, 51); border-radius: 6px; font-size: 14px;"[31m
              [33mtype[31m=[32m"text"[31m
              [33mvalue[31m=[32m""[31m
            [36m/>[31m
          [36m</div>[31m
          [36m<button[31m
            [33mstyle[31m=[32m"padding: 10px 16px; background-color: rgb(0, 120, 212); color: white; border-radius: 6px; cursor: pointer; font-weight: bold;"[31m
            [33mtype[31m=[32m"submit"[31m
          [36m>[31m
            [0mAra[0m
          [36m</button>[31m
          [36m<button[31m
            [33mstyle[31m=[32m"padding: 10px 16px; background-color: rgb(16, 185, 129); color: white; border-radius: 6px; cursor: pointer; font-weight: bold; opacity: 1;"[31m
            [33mtype[31m=[32m"button"[31m
          [36m>[31m
            [36m<svg[31m
              [33mclass[31m=[32m"lucide lucide-refresh-cw "[31m
              [33mfill[31m=[32m"none"[31m
              [33mheight[31m=[32m"16"[31m
              [33mstroke[31m=[32m"currentColor"[31m
              [33mstroke-linecap[31m=[32m"round"[31m
              [33mstroke-linejoin[31m=[32m"round"[31m
              [33mstroke-width[31m=[32m"2"[31m
              [33mstyle[31m=[32m"margin-right: 8px;"[31m
              [33mviewBox[31m=[32m"0 0 24 24"[31m
              [33mwidth[31m=[32m"16"[31m
              [33mxmlns[31m=[32m"http://www.w3.org/2000/svg"[31m
            [36m>[31m
              [36m<path[31m
                [33md[31m=[32m"M3 12a9 9 0 0 1 9-9 9.75 9.75 0 0 1 6.74 2.74L21 8"[31m
              [36m/>[31m
              [36m<path[31m
                [33md[31m=[32m"M21 3v5h-5"[31m
              [36m/>[31m
              [36m<path[31m
                [33md[31m=[32m"M21 12a9 9 0 0 1-9 9 9.75 9.75 0 0 1-6.74-2.74L3 16"[31m
              [36m/>[31m
              [36m<path[31m
                [33md[31m=[32m"M8 16H3v5"[31m
              [36m/>[31m
            [36m</svg>[31m
            [0mSenkronize Et[0m
          [36m</button>[31m
        [36m</form>[31m
      [36m</div>[31m
      [36m<div[31m
        [33mstyle[31m=[32m"margin-bottom: 24px; border-bottom: 1px solid rgb(51, 51, 51);"[31m
      [36m>[31m
        [36m<div[31m
          [33mstyle[31m=[32m"display: flex; gap: 16px;"[31m
        [36m>[31m
          [36m<button[31m
            [33mstyle[31m=[32m"padding: 12px 16px; background-color: transparent; color: rgb(243, 244, 246); cursor: pointer; font-weight: bold; border-bottom: transparent;"[31m
            [33mtype[31m=[32m"button"[31m
          [36m>[31m
            [0mT├╝m Stoklar ([0m
            [0m1[0m
            [0m)[0m
          [36m</button>[31m
          [36m<button[31m
            [33mstyle[31m=[32m"padding: 12px 16px; background-color: transparent; color: rgb(243, 244, 246); cursor: pointer; font-weight: bold; border-bottom: transparent;"[31m
            [33mtype[31m=[32m"button"[31m
          [36m>[31m
            [0mD├╝┼ş├╝k Stok ([0m
            [0m0[0m
            [0m)[0m
          [36m</button>[31m
          [36m<button[31m
            [33mstyle[31m=[32m"padding: 12px 16px; background-color: rgb(0, 120, 212); color: white; cursor: pointer; font-weight: bold; border-bottom: 2px solid rgb(0, 120, 212);"[31m
            [33mtype[31m=[32m"button"[31m
          [36m>[31m
            [0mDetay: [0m
            [0mSTK-EMPTY[0m
          [36m</button>[31m
        [36m</div>[31m
      [36m</div>[31m
      [36m<div[31m
        [33mstyle[31m=[32m"max-width: 900px;"[31m
      [36m>[31m
        [36m<div[31m
          [33mstyle[31m=[32m"background-color: rgb(30, 30, 30); padding: 20px; border-radius: 8px; margin-bottom: 20px;"[31m
        [36m>[31m
          [36m<div[31m
            [33mstyle[31m=[32m"font-size: 20px; font-weight: bold; color: rgb(243, 244, 246); margin-bottom: 8px;"[31m
          [36m>[31m
            [0mSTK-EMPTY[0m
          [36m</div>[31m
          [36m<div[31m
            [33mstyle[31m=[32m"font-size: 16px; color: rgb(198, 198, 198); margin-bottom: 12px;"[31m
          [36m>[31m
            [0mBos Alt Grid[0m
          [36m</div>[31m
          [36m<div[31m
            [33mstyle[31m=[32m"display: flex; gap: 20px; font-size: 14px; flex-wrap: wrap;"[31m
          [36m/>[31m
        [36m</div>[31m
        [36m<div[31m
          [33mstyle[31m=[32m"display: grid; grid-template-columns: repeat(auto-fit, minmax(200px, 1fr)); gap: 16px; margin-bottom: 20px;"[31m
        [36m>[31m
          [36m<div[31m
            [33mstyle[31m=[32m"background-color: rgb(30, 30, 30); padding: 16px; border-radius: 8px; border: 1px solid rgb(51, 51, 51);"[31m
          [36m>[31m
            [36m<div[31m
              [33mstyle[31m=[32m"font-size: 12px; color: rgb(198, 198, 198); margin-bottom: 8px;"[31m
            [36m>[31m
              [0mToplam Miktar[0m
            [36m</div>[31m
            [36m<div[31m
              [33mstyle[31m=[32m"font-size: 24px; font-weight: bold; color: rgb(0, 120, 212);"[31m
            [36m>[31m
              [0m [0m
              [0mADET[0m
            [36m</div>[31m
          [36m</div>[31m
          [36m<div[31m
            [33mstyle[31m=[32m"background-color: rgb(30, 30, 30); padding: 16px; border-radius: 8px; border: 1px solid rgb(51, 51, 51);"[31m
          [36m>[31m
            [36m<div[31m
              [33mstyle[31m=[32m"font-size: 12px; color: rgb(198, 198, 198); margin-bottom: 8px;"[31m
            [36m>[31m
              [0mUygun Miktar[0m
            [36m</div>[31m
            [36m<div[31m
              [33mstyle[31m=[32m"font-size: 24px; font-weight: bold; color: rgb(239, 68, 68);"[31m
            [36m>[31m
              [0m [0m
              [0mADET[0m
            [36m</div>[31m
          [36m</div>[31m
          [36m<div[31m
            [33mstyle[31m=[32m"background-color: rgb(30, 30, 30); padding: 16px; border-radius: 8px; border: 1px solid rgb(51, 51, 51);"[31m
          [36m>[31m
            [36m<div[31m
              [33mstyle[31m=[32m"font-size: 12px; color: rgb(198, 198, 198); margin-bottom: 8px;"[31m
            [36m>[31m
              [0mRezerve Miktar[0m
            [36m</div>[31m
            [36m<div[31m
              [33mstyle[31m=[32m"font-size: 24px; font-weight: bold; color: rgb(245, 158, 11);"[31m
            [36m>[31m
              [0m [0m
              [0mADET[0m
            [36m</div>[31m
          [36m</div>[31m
          [0m0[0m
        [36m</div>[31m
        [36m<div[31m
          [33mstyle[31m=[32m"background-color: rgb(30, 30, 30); padding: 20px; border-radius: 8px; border: 1px solid rgb(51, 51, 51);"[31m
        [36m>[31m
          [36m<h3[31m
            [33mstyle[31m=[32m"font-size: 16px; font-weight: bold; color: rgb(243, 244, 246); margin-bottom: 16px; display: flex; align-items: center; gap: 8px;"[31m
          [36m>[31m
            [36m<svg[31m
              [33mclass[31m=[32m"lucide lucide-calendar "[31m
              [33mfill[31m=[32m"none"[31m
              [33mheight[31m=[32m"18"[31m
              [33mstroke[31m=[32m"currentColor"[31m
              [33mstroke-linecap[31m=[32m"round"[31m
              [33mstroke-linejoin[31m=[32m"round"[31m
              [33mstroke-width[31m=[32m"2"[31m
              [33mviewBox[31m=[32m"0 0 24 24"[31m
              [33mwidth[31m=[32m"18"[31m
              [33mxmlns[31m=[32m"http://www.w3.org/2000/svg"[31m
            [36m>[31m
              [36m<rect[31m
                [33mheight[31m=[32m"18"[31m
                [33mrx[31m=[32m"2"[31m
                [33mry[31m=[32m"2"[31m
                [33mwidth[31m=[32m"18"[31m
                [33mx[31m=[32m"3"[31m
                [33my[31m=[32m"4"[31m
              [36m/>[31m
              [36m<line[31m
                [33mx1[31m=[32m"16"[31m
                [33mx2[31m=[32m"16"[31m
                [33my1[31m=[32m"2"[31m
                [33my2[31m=[32m"6"[31m
              [36m/>[31m
              [36m<line[31m
                [33mx1[31m=[32m"8"[31m
                [33mx2[31m=[32m"8"[31m
                [33my1[31m=[32m"2"[31m
                [33my2[31m=[32m"6"[31m
              [36m/>[31m
              [36m<line[31m
                [33mx1[31m=[32m"3"[31m
                [33mx2[31m=[32m"21"[31m
                [33my1[31m=[32m"10"[31m
                [33my2[31m=[32m"10"[31m
              [36m/>[31m
            [36m</svg>[31m
            [0m Son Hareketler[0m
          [36m</h3>[31m
          [36m<div[31m
            [33mstyle[31m=[32m"text-align: center; padding: 20px; color: rgb(198, 198, 198);"[31m
          [36m>[31m
            [0mHareket kayd─▒ bulunmamaktad─▒r[0m
          [36m</div>[31m
        [36m</div>[31m
      [36m</div>[31m
    [36m</div>[31m
  [36m</div>[31m
[36m</body>[31m

Ignored nodes: comments, script, style
[36m<html>[31m
  [36m<head />[31m
  [36m<body>[31m
    [36m<div>[31m
      [36m<div[31m
        [33mstyle[31m=[32m"padding: 20px; min-height: 100vh; background-color: rgb(18, 18, 18);"[31m
      [36m>[31m
        [36m<div[31m
          [33mstyle[31m=[32m"background-color: rgb(30, 30, 30); padding: 16px; border-radius: 0; margin-bottom: 24px; border: 1px solid rgb(51, 51, 51); display: flex; flex-direction: column; gap: 12px;"[31m
        [36m>[31m
          [36m<div[31m
            [33mstyle[31m=[32m"display: flex; justify-content: flex-end;"[31m
          [36m>[31m
            [36m<button[31m
              [33mstyle[31m=[32m"display: flex; align-items: center; gap: 8px; padding: 10px 20px; background-color: rgb(0, 120, 212); color: white; border-radius: 0; cursor: pointer; font-weight: 600; font-size: 14px; transition: all 0.2s;"[31m
              [33mtype[31m=[32m"button"[31m
            [36m>[31m
              [36m<svg[31m
                [33mclass[31m=[32m"lucide lucide-plus "[31m
                [33mfill[31m=[32m"none"[31m
                [33mheight[31m=[32m"18"[31m
                [33mstroke[31m=[32m"currentColor"[31m
                [33mstroke-linecap[31m=[32m"round"[31m
                [33mstroke-linejoin[31m=[32m"round"[31m
                [33mstroke-width[31m=[32m"2"[31m
                [33mviewBox[31m=[32m"0 0 24 24"[31m
                [33mwidth[31m=[32m"18"[31m
                [33mxmlns[31m=[32m"http://www.w3.org/2000/svg"[31m
              [36m>[31m
                [36m<path[31m
                  [33md[31m=[32m"M5 12h14"[31m
                [36m/>[31m
                [36m<path[31m
                  [33md[31m=[32m"M12 5v14"[31m
                [36m/>[31m
              [36m</svg>[31m
              [0m Yeni Stok Kart─▒[0m
            [36m</button>[31m
          [36m</div>[31m
          [36m<form[31m
            [33mstyle[31m=[32m"display: flex; gap: 12px;"[31m
          [36m>[31m
            [36m<div[31m
              [33mstyle[31m=[32m"flex: 1 1 0%; position: relative;"[31m
            [36m>[31m
              [36m<svg[31m
                [33mclass[31m=[32m"lucide lucide-search "[31m
                [33mfill[31m=[32m"none"[31m
                [33mheight[31m=[32m"18"[31m
                [33mstroke[31m=[32m"currentColor"[31m
                [33mstroke-linecap[31m=[32m"round"[31m
                [33mstroke-linejoin[31m=[32m"round"[31m
                [33mstroke-width[31m=[32m"2"[31m
                [33mstyle[31m=[32m"position: absolute; left: 12px; top: 12px; color: rgb(198, 198, 198);"[31m
                [33mviewBox[31m=[32m"0 0 24 24"[31m
                [33mwidth[31m=[32m"18"[31m
                [33mxmlns[31m=[32m"http://www.w3.org/2000/svg"[31m
              [36m>[31m
                [36m<circle[31m
                  [33mcx[31m=[32m"11"[31m
                  [33mcy[31m=[32m"11"[31m
                  [33mr[31m=[32m"8"[31m
                [36m/>[31m
                [36m<path[31m
                  [33md[31m=[32m"m21 21-4.3-4.3"[31m
                [36m/>[31m
              [36m</svg>[31m
              [36m<input[31m
                [33mplaceholder[31m=[32m"Stok kodu, ad─▒ veya rengi ara..."[31m
                [33mstyle[31m=[32m"width: 100%; padding: 10px 12px 10px 40px; border: 1px solid rgb(51, 51, 51); border-radius: 6px; font-size: 14px;"[31m
                [33mtype[31m=[32m"text"[31m
                [33mvalue[31m=[32m""[31m
              [36m/>[31m
            [36m</div>[31m
            [36m<button[31m
              [33mstyle[31m=[32m"padding: 10px 16px; background-color: rgb(0, 120, 212); color: white; border-radius: 6px; cursor: pointer; font-weight: bold;"[31m
              [33mtype[31m=[32m"submit"[31m
            [36m>[31m
              [0mAra[0m
            [36m</button>[31m
            [36m<button[31m
              [33mstyle[31m=[32m"padding: 10px 16px; background-color: rgb(16, 185, 129); color: white; border-radius: 6px; cursor: pointer; font-weight: bold; opacity: 1;"[31m
              [33mtype[31m=[32m"button"[31m
            [36m>[31m
              [36m<svg[31m
                [33mclass[31m=[32m"lucide lucide-refresh-cw "[31m
                [33mfill[31m=[32m"none"[31m
                [33mheight[31m=[32m"16"[31m
                [33mstroke[31m=[32m"currentColor"[31m
                [33mstroke-linecap[31m=[32m"round"[31m
                [33mstroke-linejoin[31m=[32m"round"[31m
                [33mstroke-width[31m=[32m"2"[31m
                [33mstyle[31m=[32m"margin-right: 8px;"[31m
                [33mviewBox[31m=[32m"0 0 24 24"[31m
                [33mwidth[31m=[32m"16"[31m
                [33mxmlns[31m=[32m"http://www.w3.org/2000/svg"[31m
              [36m>[31m
                [36m<path[31m
                  [33md[31m=[32m"M3 12a9 9 0 0 1 9-9 9.75 9.75 0 0 1 6.74 2.74L21 8"[31m
                [36m/>[31m
                [36m<path[31m
                  [33md[31m=[32m"M21 3v5h-5"[31m
                [36m/>[31m
                [36m<path[31m
                  [33md[31m=[32m"M21 12a9 9 0 0 1-9 9 9.75 9.75 0 0 1-6.74-2.74L3 16"[31m
                [36m/>[31m
                [36m<path[31m
                  [33md[31m=[32m"M8 16H3v5"[31m
                [36m/>[31m
              [36m</svg>[31m
              [0mSenkronize Et[0m
            [36m</button>[31m
          [36m</form>[31m
        [36m</div>[31m
        [36m<div[31m
          [33mstyle[31m=[32m"margin-bottom: 24px; border-bottom: 1px solid rgb(51, 51, 51);"[31m
        [36m>[31m
          [36m<div[31m
            [33mstyle[31m=[32m"display: flex; gap: 16px;"[31m
          [36m>[31m
            [36m<button[31m
              [33mstyle[31m=[32m"padding: 12px 16px; background-color: transparent; color: rgb(243, 244, 246); cursor: pointer; font-weight: bold; border-bottom: transparent;"[31m
              [33mtype[31m=[32m"button"[31m
            [36m>[31m
              [0mT├╝m Stoklar ([0m
              [0m1[0m
              [0m)[0m
            [36m</button>[31m
            [36m<button[31m
              [33mstyle[31m=[32m"padding: 12px 16px; background-color: transparent; color: rgb(243, 244, 246); cursor: pointer; font-weight: bold; border-bottom: transparent;"[31m
              [33mtype[31m=[32m"button"[31m
            [36m>[31m
              [0mD├╝┼ş├╝k Stok ([0m
              [0m0[0m
              [0m)[0m
            [36m</button>[31m
            [36m<button[31m
              [33mstyle[31m=[32m"padding: 12px 16px; background-color: rgb(0, 120, 212); color: white; cursor: pointer; font-weight: bold; border-bottom: 2px solid rgb(0, 120, 212);"[31m
              [33mtype[31m=[32m"button"[31m
            [36m>[31m
              [0mDetay: [0m
              [0mSTK-EMPTY[0m
            [36m</button>[31m
          [36m</div>[31m
        [36m</div>[31m
        [36m<div[31m
          [33mstyle[31m=[32m"max-width: 900px;"[31m
        [36m>[31m
          [36m<div[31m
            [33mstyle[31m=[32m"background-color: rgb(30, 30, 30); padding: 20px; border-radius: 8px; margin-bottom: 20px;"[31m
          [36m>[31m
            [36m<div[31m
              [33mstyle[31m=[32m"font-size: 20px; font-weight: bold; color: rgb(243, 244, 246); margin-bottom: 8px;"[31m
            [36m>[31m
              [0mSTK-EMPTY[0m
            [36m</div>[31m
            [36m<div[31m
              [33mstyle[31m=[32m"font-size: 16px; color: rgb(198, 198, 198); margin-bottom: 12px;"[31m
            [36m>[31m
              [0mBos Alt Grid[0m
            [36m</div>[31m
            [36m<div[31m
              [33mstyle[31m=[32m"display: flex; gap: 20px; font-size: 14px; flex-wrap: wrap;"[31m
            [36m/>[31m
          [36m</div>[31m
          [36m<div[31m
            [33mstyle[31m=[32m"display: grid; grid-template-columns: repeat(auto-fit, minmax(200px, 1fr)); gap: 16px; margin-bottom: 20px;"[31m
          [36m>[31m
            [36m<div[31m
              [33mstyle[31m=[32m"background-color: rgb(30, 30, 30); padding: 16px; border-radius: 8px; border: 1px solid rgb(51, 51, 51);"[31m
            [36m>[31m
              [36m<div[31m
                [33mstyle[31m=[32m"font-size: 12px; color: rgb(198, 198, 198); margin-bottom: 8px;"[31m
              [36m>[31m
                [0mToplam Miktar[0m
              [36m</div>[31m
              [36m<div[31m
                [33mstyle[31m=[32m"font-size: 24px; font-weight: bold; color: rgb(0, 120, 212);"[31m
              [36m>[31m
                [0m [0m
                [0mADET[0m
              [36m</div>[31m
            [36m</div>[31m
            [36m<div[31m
              [33mstyle[31m=[32m"background-color: rgb(30, 30, 30); padding: 16px; border-radius: 8px; border: 1px solid rgb(51, 51, 51);"[31m
            [36m>[31m
              [36m<div[31m
                [33mstyle[31m=[32m"font-size: 12px; color: rgb(198, 198, 198); margin-bottom: 8px;"[31m
              [36m>[31m
                [0mUygun Miktar[0m
              [36m</div>[31m
              [36m<div[31m
                [33mstyle[31m=[32m"font-size: 24px; font-weight: bold; color: rgb(239, 68, 68);"[31m
              [36m>[31m
                [0m [0m
                [0mADET[0m
              [36m</div>[31m
            [36m</div>[31m
            [36m<div[31m
              [33mstyle[31m=[32m"background-color: rgb(30, 30, 30); padding: 16px; border-radius: 8px; border: 1px solid rgb(51, 51, 51);"[31m
            [36m>[31m
              [36m<div[31m
                [33mstyle[31m=[32m"font-size: 12px; color: rgb(198, 198, 198); margin-bottom: 8px;"[31m
              [36m>[31m
                [0mRezerve Miktar[0m
              [36m</div>[31m
              [36m<div[31m
                [33mstyle[31m=[32m"font-size: 24px; font-weight: bold; color: rgb(245, 158, 11);"[31m
              [36m>[31m
                [0m [0m
                [0mADET[0m
              [36m</div>[31m
            [36m</div>[31m
            [0m0[0m
          [36m</div>[31m
          [36m<div[31m
            [33mstyle[31m=[32m"background-color: rgb(30, 30, 30); padding: 20px; border-radius: 8px; border: 1px solid rgb(51, 51, 51);"[31m
          [36m>[31m
            [36m<h3[31m
              [33mstyle[31m=[32m"font-size: 16px; font-weight: bold; color: rgb(243, 244, 246); margin-bottom: 16px; display: flex; align-items: center; gap: 8px;"[31m
            [36m>[31m
              [36m<svg[31m
                [33mclass[31m=[32m"lucide lucide-calendar "[31m
                [33mfill[31m=[32m"none"[31m
                [33mheight[31m=[32m"18"[31m
                [33mstroke[31m=[32m"currentColor"[31m
                [33mstroke-linecap[31m=[32m"round"[31m
                [33mstroke-linejoin[31m=[32m"round"[31m
                [33mstroke-width[31m=[32m"2"[31m
                [33mviewBox[31m=[32m"0 0 24 24"[31m
                [33mwidth[31m=[32m"18"[31m
                [33mxmlns[31m=[32m"http://www.w3.org/2000/svg"[31m
              [36m>[31m
                [36m<rect[31m
                  [33mheight[31m=[32m"18"[31m
                  [33mrx[31m=[32m"2"[31m
                  [33mry[31m=[32m"2"[31m
                  [33mwidth[31m=[32m"18"[31m
                  [33mx[31m=[32m"3"[31m
                  [33my[31m=[32m"4"[31m
                [36m/>[31m
                [36m<line[31m
                  [33mx1[31m=[32m"16"[31m
                  [33mx2[31m=[32m"16"[31m
                  [33my1[31m=[32m"2"[31m
                  [33my2[31m=[32m"6"[31m
                [36m/>[31m
                [36m<line[31m
                  [33mx1[31m=[32m"8"[31m
                  [33mx2[31m=[32m"8"[31m
                  [33my1[31m=[32m"2"[31m
                  [33my2[31m=[32m"6"[31m
                [36m/>[31m
                [36m<line[31m
                  [33mx1[31m=[32m"3"[31m
                  [33mx2[31m=[32m"21"[31m
                  [33my1[31m=[32m"10"[31m
                  [33my2[31m=[32m"10"[31m
                [36m/>[31m
              [36m</svg>[31m
              [0m Son Hareketler[0m
            [36m</h3>[31m
            [36m<div[31m
              [33mstyle[31m=[32m"text-align: center; padding: 20px; color: rgb(198, 198, 198);"[31m
            [36m>[31m
              [0mHareket kayd─▒ bulunmamaktad─▒r[0m
            [36m</div>[31m
          [36m</div>[31m
        [36m</div>[31m
      [36m</div>[31m
    [36m</div>[31m
  [36m</body>[31m
[36m</html>[31m[39m
stderr | src/features/OptiPlanWorkflow/OCRKontrolPage.test.tsx > OCRKontrolPage > d├╝┼ş├╝k g├╝ven kay─▒t i├ğin 'Uyar─▒' badge kuyrukta g├Âr├╝n├╝r
Error: Not implemented: HTMLCanvasElement.prototype.getContext (without installing the canvas npm package)
    at module.exports (C:\optiplan360_project\frontend\node_modules\jsdom\lib\jsdom\browser\not-implemented.js:9:17)
    at HTMLCanvasElementImpl.getContext (C:\optiplan360_project\frontend\node_modules\jsdom\lib\jsdom\living\nodes\HTMLCanvasElement-impl.js:42:5)
    at HTMLCanvasElement.getContext (C:\optiplan360_project\frontend\node_modules\jsdom\lib\jsdom\living\generated\HTMLCanvasElement.js:131:58)
    at C:\optiplan360_project\frontend\src\features\OptiPlanWorkflow\OCRKontrolPage.tsx:517:24
    at commitHookEffectListMount (C:\optiplan360_project\frontend\node_modules\react-dom\cjs\react-dom.development.js:23189:26)
    at commitPassiveMountOnFiber (C:\optiplan360_project\frontend\node_modules\react-dom\cjs\react-dom.development.js:24970:11)
    at commitPassiveMountEffects_complete (C:\optiplan360_project\frontend\node_modules\react-dom\cjs\react-dom.development.js:24930:9)
    at commitPassiveMountEffects_begin (C:\optiplan360_project\frontend\node_modules\react-dom\cjs\react-dom.development.js:24917:7)
    at commitPassiveMountEffects (C:\optiplan360_project\frontend\node_modules\react-dom\cjs\react-dom.development.js:24905:3)
    at flushPassiveEffectsImpl (C:\optiplan360_project\frontend\node_modules\react-dom\cjs\react-dom.development.js:27078:3) undefined

stderr | src/features/OptiPlanWorkflow/OCRKontrolPage.test.tsx > OCRKontrolPage > h├╝cre de─şeri de─şi┼ştirince otomatik onaylan─▒r (├û-F)
Error: Not implemented: HTMLCanvasElement.prototype.getContext (without installing the canvas npm package)
    at module.exports (C:\optiplan360_project\frontend\node_modules\jsdom\lib\jsdom\browser\not-implemented.js:9:17)
    at HTMLCanvasElementImpl.getContext (C:\optiplan360_project\frontend\node_modules\jsdom\lib\jsdom\living\nodes\HTMLCanvasElement-impl.js:42:5)
    at HTMLCanvasElement.getContext (C:\optiplan360_project\frontend\node_modules\jsdom\lib\jsdom\living\generated\HTMLCanvasElement.js:131:58)
    at C:\optiplan360_project\frontend\src\features\OptiPlanWorkflow\OCRKontrolPage.tsx:517:24
    at commitHookEffectListMount (C:\optiplan360_project\frontend\node_modules\react-dom\cjs\react-dom.development.js:23189:26)
    at commitPassiveMountOnFiber (C:\optiplan360_project\frontend\node_modules\react-dom\cjs\react-dom.development.js:24970:11)
    at commitPassiveMountEffects_complete (C:\optiplan360_project\frontend\node_modules\react-dom\cjs\react-dom.development.js:24930:9)
    at commitPassiveMountEffects_begin (C:\optiplan360_project\frontend\node_modules\react-dom\cjs\react-dom.development.js:24917:7)
    at commitPassiveMountEffects (C:\optiplan360_project\frontend\node_modules\react-dom\cjs\react-dom.development.js:24905:3)
    at flushPassiveEffectsImpl (C:\optiplan360_project\frontend\node_modules\react-dom\cjs\react-dom.development.js:27078:3) undefined

stderr | src/features/OptiPlanWorkflow/OCRKontrolPage.test.tsx > OCRKontrolPage > h├╝cre focus oldu─şunda sol panelde odak alan─▒ metni g├Âr├╝n├╝r
Error: Not implemented: HTMLCanvasElement.prototype.getContext (without installing the canvas npm package)
    at module.exports (C:\optiplan360_project\frontend\node_modules\jsdom\lib\jsdom\browser\not-implemented.js:9:17)
    at HTMLCanvasElementImpl.getContext (C:\optiplan360_project\frontend\node_modules\jsdom\lib\jsdom\living\nodes\HTMLCanvasElement-impl.js:42:5)
    at HTMLCanvasElement.getContext (C:\optiplan360_project\frontend\node_modules\jsdom\lib\jsdom\living\generated\HTMLCanvasElement.js:131:58)
    at C:\optiplan360_project\frontend\src\features\OptiPlanWorkflow\OCRKontrolPage.tsx:517:24
    at commitHookEffectListMount (C:\optiplan360_project\frontend\node_modules\react-dom\cjs\react-dom.development.js:23189:26)
    at commitPassiveMountOnFiber (C:\optiplan360_project\frontend\node_modules\react-dom\cjs\react-dom.development.js:24970:11)
    at commitPassiveMountEffects_complete (C:\optiplan360_project\frontend\node_modules\react-dom\cjs\react-dom.development.js:24930:9)
    at commitPassiveMountEffects_begin (C:\optiplan360_project\frontend\node_modules\react-dom\cjs\react-dom.development.js:24917:7)
    at commitPassiveMountEffects (C:\optiplan360_project\frontend\node_modules\react-dom\cjs\react-dom.development.js:24905:3)
    at flushPassiveEffectsImpl (C:\optiplan360_project\frontend\node_modules\react-dom\cjs\react-dom.development.js:27078:3) undefined

stderr | src/features/OptiPlanWorkflow/OCRKontrolPage.test.tsx > OCRKontrolPage > h├╝cre focus oldu─şunda sol panelde odak alan─▒ metni g├Âr├╝n├╝r
Error: Not implemented: HTMLCanvasElement.prototype.getContext (without installing the canvas npm package)
    at module.exports (C:\optiplan360_project\frontend\node_modules\jsdom\lib\jsdom\browser\not-implemented.js:9:17)
    at HTMLCanvasElementImpl.getContext (C:\optiplan360_project\frontend\node_modules\jsdom\lib\jsdom\living\nodes\HTMLCanvasElement-impl.js:42:5)
    at HTMLCanvasElement.getContext (C:\optiplan360_project\frontend\node_modules\jsdom\lib\jsdom\living\generated\HTMLCanvasElement.js:131:58)
    at C:\optiplan360_project\frontend\src\features\OptiPlanWorkflow\OCRKontrolPage.tsx:517:24
    at commitHookEffectListMount (C:\optiplan360_project\frontend\node_modules\react-dom\cjs\react-dom.development.js:23189:26)
    at commitPassiveMountOnFiber (C:\optiplan360_project\frontend\node_modules\react-dom\cjs\react-dom.development.js:24970:11)
    at commitPassiveMountEffects_complete (C:\optiplan360_project\frontend\node_modules\react-dom\cjs\react-dom.development.js:24930:9)
    at commitPassiveMountEffects_begin (C:\optiplan360_project\frontend\node_modules\react-dom\cjs\react-dom.development.js:24917:7)
    at commitPassiveMountEffects (C:\optiplan360_project\frontend\node_modules\react-dom\cjs\react-dom.development.js:24905:3)
    at flushPassiveEffectsImpl (C:\optiplan360_project\frontend\node_modules\react-dom\cjs\react-dom.development.js:27078:3) undefined

 [32mÔ£ô[39m src/features/OptiPlanWorkflow/OCRKontrolPage.test.tsx [2m([22m[2m31 tests[22m[2m)[22m[33m 3008[2mms[22m[39m
 [31mÔØ»[39m src/features/CRM/AccountsTab.test.tsx [2m([22m[2m6 tests[22m[2m | [22m[31m6 failed[39m[2m)[22m[33m 5369[2mms[22m[39m
[31m   [31m├ù[31m AccountsTab[2m > [22msecili cari icin readonly teknik paneli doldurur[39m[33m 1174[2mms[22m[39m
[31m     ÔåÆ Unable to find an element with the text: Vergi ve Resmi Bilgiler. This could be because the text is broken up by multiple elements. In this case, you can provide a function for your text matcher to make your matcher more flexible.

Ignored nodes: comments, script, style
[36m<body>[31m
  [36m<div>[31m
    [36m<div[31m
      [33mstyle[31m=[32m"display: grid; grid-template-columns: 1fr 1fr; gap: 20px;"[31m
    [36m>[31m
      [36m<div[31m
        [33mclass[31m=[32m"shared-card"[31m
      [36m>[31m
        [36m<div[31m
          [33mclass[31m=[32m"shared-card-header"[31m
        [36m>[31m
          [36m<div[31m
            [33mclass[31m=[32m"shared-card-heading"[31m
          [36m>[31m
            [36m<div[31m
              [33mclass[31m=[32m"shared-card-title-wrap"[31m
            [36m>[31m
              [36m<span[31m
                [33mclass[31m=[32m"shared-card-title"[31m
              [36m>[31m
                [0mCari Hesaplar[0m
              [36m</span>[31m
              [36m<span[31m
                [33mclass[31m=[32m"shared-card-subtitle"[31m
              [36m>[31m
                [0m1 aktif hesap[0m
              [36m</span>[31m
            [36m</div>[31m
          [36m</div>[31m
          [36m<div[31m
            [33mclass[31m=[32m"shared-card-actions"[31m
          [36m>[31m
            [36m<button[31m
              [33maria-disabled[31m=[32m"false"[31m
              [33mstyle[31m=[32m"font-family: \"Segoe UI\", system-ui, sans-serif; font-weight: 600; border-radius: 0; border: 1px solid transparent; cursor: pointer; display: inline-flex; align-items: center; justify-content: center; gap: 8px; transition: all .15s ease; opacity: 1; width: auto; white-space: nowrap; position: relative; transform: translateY(0); letter-spacing: 0.01em; padding: 8px 12px; font-size: 11px; min-height: 40px; min-width: 40px; background: linear-gradient(135deg, #0078D4, #005A9E); color: rgb(255, 255, 255); box-shadow: 0 2px 10px rgba(0,0,0,0.35);"[31m
              [33mtype[31m=[32m"button"[31m
            [36m>[31m
              [0m+ Yeni Cari[0m
            [36m</button>[31m
          [36m</div>[31m
        [36m</div>[31m
        [36m<div[31m
          [33mclass[31m=[32m"shared-card-body has-header"[31m
        [36m>[31m
          [36m<div[31m
            [33mstyle[31m=[32m"max-height: 600px; overflow-y: auto;"[31m
          [36m>[31m
            [36m<div[31m
              [33mstyle[31m=[32m"padding: 12px; border-bottom: 1px solid rgb(51, 51, 51); cursor: pointer; transition: background 0.2s ease; background: rgba(0, 120, 212, 0.05);"[31m
            [36m>[31m
              [36m<div[31m
                [33mstyle[31m=[32m"font-weight: 600; font-size: 14px; color: rgb(243, 244, 246); margin-bottom: 4px;"[31m
              [36m>[31m
                [0mDemo Cari[0m
              [36m</div>[31m
              [36m<div[31m
                [33mstyle[31m=[32m"font-size: 12px; color: rgb(198, 198, 198); display: flex; gap: 12px;"[31m
              [36m>[31m
                [36m<span>[31m
                  [0mVKN: [0m
                  [0m1234567890[0m
                [36m</span>[31m
                [36m<span>[31m
                  [0mMikro: [0m
                  [0mCARI-001[0m
                [36m</span>[31m
              [36m</div>[31m
            [36m</div>[31m
          [36m</div>[31m
        [36m</div>[31m
      [36m</div>[31m
      [36m<div[31m
        [33mclass[31m=[32m"shared-card"[31m
      [36m>[31m
        [36m<div[31m
          [33mclass[31m=[32m"shared-card-header"[31m
        [36m>[31m
          [36m<div[31m
            [33mclass[31m=[32m"shared-card-heading"[31m
          [36m>[31m
            [36m<div[31m
              [33mclass[31m=[32m"shared-card-title-wrap"[31m
            [36m>[31m
              [36m<span[31m
                [33mclass[31m=[32m"shared-card-title"[31m
              [36m>[31m
                [0mDemo Cari[0m
              [36m</span>[31m
              [36m<span[31m
                [33mclass[31m=[32m"shared-card-subtitle"[31m
              [36m>[31m
                [0mCari Detay─▒[0m
              [36m</span>[31m
            [36m</div>[31m
          [36m</div>[31m
        [36m</div>[31m
        [36m<div[31m
          [33mclass[31m=[32m"shared-card-body has-header"[31m
        [36m>[31m
          [36m<div[31m
            [33mstyle[31m=[32m"font-size: 13px; line-height: 1.8;"[31m
          [36m>[31m
            [36m<div>[31m
              [36m<span[31m
                [33mstyle[31m=[32m"color: rgb(198, 198, 198); font-weight: 500;"[31m
              [36m>[31m
                [0mVKN:[0m
              [36m</span>[31m
              [0m [0m
              [36m<span[31m
                [33mstyle[31m=[32m"color: rgb(243, 244, 246);"[31m
              [36m>[31m
                [0m1234567890[0m
              [36m</span>[31m
            [36m</div>[31m
            [36m<div>[31m
              [36m<span[31m
                [33mstyle[31m=[32m"color: rgb(198, 198, 198); font-weight: 500;"[31m
              [36m>[31m
                [0mTelefon:[0m
              [36m</span>[31m
              [0m [0m
              [36m<span[31m
                [33mstyle[31m=[32m"color: rgb(243, 244, 246);"[31m
              [36m>[31m
                [0m0212 000 00 00[0m
              [36m</span>[31m
            [36m</div>[31m
            [36m<div[31m
              [33mstyle[31m=[32m"margin-top: 12px; padding-top: 12px; border-top: 1px solid rgb(51, 51, 51); display: flex; gap: 8px; flex-wrap: wrap;"[31m
            [36m>[31m
              [36m<span[31m
                [33mstyle[31m=[32m"display: inline-flex; align-items: center; gap: 4px; padding: 4px 12px; background: rgba(167, 139, 250, 0.15); border: 1px solid rgba(167, 139, 250, 0.35); font-size: 12px; font-weight: 600; color: rgb(0, 120, 212); transition: all .2s ease;"[31m
              [36m>[31m
                [0mMikro Kod: [0m
                [0mCARI-001[0m
              [36m</span>[31m
            [36m</div>[31m
          [36m</div>[31m
          [36m<div[31m
            [33mstyle[31m=[32m"margin-top: 20px; padding-top: 20px; border-top: 1px solid rgb(51, 51, 51);"[31m
          [36m>[31m
            [36m<h4[31m
              [33mstyle[31m=[32m"font-size: 14px; font-weight: 600; color: rgb(243, 244, 246); margin-bottom: 12px;"[31m
            [36m>[31m
              [0mKi┼şiler ([0m
              [0m0[0m
              [0m)[0m
            [36m</h4>[31m
            [36m<div[31m
              [33mstyle[31m=[32m"font-size: 12px; color: rgb(198, 198, 198);"[31m
            [36m>[31m
              [0mHen├╝z ki┼şi eklenmemi┼ş[0m
            [36m</div>[31m
          [36m</div>[31m
        [36m</div>[31m
      [36m</div>[31m
    [36m</div>[31m
  [36m</div>[31m
[36m</body>[31m

Ignored nodes: comments, script, style
[36m<html[31m
  [33mdata-ui-theme[31m=[32m"dark"[31m
  [33mstyle[31m=[32m"--bg-main: #121212; --bg-surface: #1E1E1E; --bg-elevated: #242424; --bg-card: #1E1E1E; --bg-card-hover: #242424; --bg-overlay: rgba(18,18,18,0.95); --bg-subtle: #242424; --primary: #0078D4; --primary-hover: #005A9E; --primary-rgb: 0,120,212; --primary-glow: rgba(0,120,212,0.20); --accent: #005A9E; --accent-hover: #005A9E; --accent-glow: rgba(0,90,158,0.24); --success: #10B981; --warning: #F59E0B; --danger: #EF4444; --danger-hover: #EF4444; --text-main: #F3F4F6; --text-muted: #C6C6C6; --text-dim: #C6C6C6; --border: #333333; --border-highlight: #A0A0A0; --titlebar-bg: #0078D4; --titlebar-text: #FFFFFF; --titlebar-close: #E81123; --radius-sm: 0px; --radius-md: 0px; --radius-lg: 0px; --radius-xl: 0px; --shadow-card: 0 1px 2px rgba(0,0,0,0.3); --shadow-elevated: 0 2px 4px rgba(0,0,0,0.4); --shadow-glow: 0 4px 8px rgba(0,0,0,0.5); --font-heading: \"Segoe UI\", system-ui, sans-serif; --font-body: \"Segoe UI\", system-ui, sans-serif; --font-mono: \"JetBrains Mono\", \"Cascadia Code\", Consolas, monospace;"[31m
[36m>[31m
  [36m<head />[31m
  [36m<body>[31m
    [36m<div>[31m
      [36m<div[31m
        [33mstyle[31m=[32m"display: grid; grid-template-columns: 1fr 1fr; gap: 20px;"[31m
      [36m>[31m
        [36m<div[31m
          [33mclass[31m=[32m"shared-card"[31m
        [36m>[31m
          [36m<div[31m
            [33mclass[31m=[32m"shared-card-header"[31m
          [36m>[31m
            [36m<div[31m
              [33mclass[31m=[32m"shared-card-heading"[31m
            [36m>[31m
              [36m<div[31m
                [33mclass[31m=[32m"shared-card-title-wrap"[31m
              [36m>[31m
                [36m<span[31m
                  [33mclass[31m=[32m"shared-card-title"[31m
                [36m>[31m
                  [0mCari Hesaplar[0m
                [36m</span>[31m
                [36m<span[31m
                  [33mclass[31m=[32m"shared-card-subtitle"[31m
                [36m>[31m
                  [0m1 aktif hesap[0m
                [36m</span>[31m
              [36m</div>[31m
            [36m</div>[31m
            [36m<div[31m
              [33mclass[31m=[32m"shared-card-actions"[31m
            [36m>[31m
              [36m<button[31m
                [33maria-disabled[31m=[32m"false"[31m
                [33mstyle[31m=[32m"font-family: \"Segoe UI\", system-ui, sans-serif; font-weight: 600; border-radius: 0; border: 1px solid transparent; cursor: pointer; display: inline-flex; align-items: center; justify-content: center; gap: 8px; transition: all .15s ease; opacity: 1; width: auto; white-space: nowrap; position: relative; transform: translateY(0); letter-spacing: 0.01em; padding: 8px 12px; font-size: 11px; min-height: 40px; min-width: 40px; background: linear-gradient(135deg, #0078D4, #005A9E); color: rgb(255, 255, 255); box-shadow: 0 2px 10px rgba(0,0,0,0.35);"[31m
                [33mtype[31m=[32m"button"[31m
              [36m>[31m
                [0m+ Yeni Cari[0m
              [36m</button>[31m
            [36m</div>[31m
          [36m</div>[31m
          [36m<div[31m
            [33mclass[31m=[32m"shared-card-body has-header"[31m
          [36m>[31m
            [36m<div[31m
              [33mstyle[31m=[32m"max-height: 600px; overflow-y: auto;"[31m
            [36m>[31m
              [36m<div[31m
                [33mstyle[31m=[32m"padding: 12px; border-bottom: 1px solid rgb(51, 51, 51); cursor: pointer; transition: background 0.2s ease; background: rgba(0, 120, 212, 0.05);"[31m
              [36m>[31m
                [36m<div[31m
                  [33mstyle[31m=[32m"font-weight: 600; font-size: 14px; color: rgb(243, 244, 246); margin-bottom: 4px;"[31m
                [36m>[31m
                  [0mDemo Cari[0m
                [36m</div>[31m
                [36m<div[31m
                  [33mstyle[31m=[32m"font-size: 12px; color: rgb(198, 198, 198); display: flex; gap: 12px;"[31m
                [36m>[31m
                  [36m<span>[31m
                    [0mVKN: [0m
                    [0m1234567890[0m
                  [36m</span>[31m
                  [36m<span>[31m
                    [0mMikro: [0m
                    [0mCARI-001[0m
                  [36m</span>[31m
                [36m</div>[31m
              [36m</div>[31m
            [36m</div>[31m
          [36m</div>[31m
        [36m</div>[31m
        [36m<div[31m
          [33mclass[31m=[32m"shared-card"[31m
        [36m>[31m
          [36m<div[31m
            [33mclass[31m=[32m"shared-card-header"[31m
          [36m>[31m
            [36m<div[31m
              [33mclass[31m=[32m"shared-card-heading"[31m
            [36m>[31m
              [36m<div[31m
                [33mclass[31m=[32m"shared-card-title-wrap"[31m
              [36m>[31m
                [36m<span[31m
                  [33mclass[31m=[32m"shared-card-title"[31m
                [36m>[31m
                  [0mDemo Cari[0m
                [36m</span>[31m
                [36m<span[31m
                  [33mclass[31m=[32m"shared-card-subtitle"[31m
                [36m>[31m
                  [0mCari Detay─▒[0m
                [36m</span>[31m
              [36m</div>[31m
            [36m</div>[31m
          [36m</div>[31m
          [36m<div[31m
            [33mclass[31m=[32m"shared-card-body has-header"[31m
          [36m>[31m
            [36m<div[31m
              [33mstyle[31m=[32m"font-size: 13px; line-height: 1.8;"[31m
            [36m>[31m
              [36m<div>[31m
                [36m<span[31m
                  [33mstyle[31m=[32m"color: rgb(198, 198, 198); font-weight: 500;"[31m
                [36m>[31m
                  [0mVKN:[0m
                [36m</span>[31m
                [0m [0m
                [36m<span[31m
                  [33mstyle[31m=[32m"color: rgb(243, 244, 246);"[31m
                [36m>[31m
                  [0m1234567890[0m
                [36m</span>[31m
              [36m</div>[31m
              [36m<div>[31m
                [36m<span[31m
                  [33mstyle[31m=[32m"color: rgb(198, 198, 198); font-weight: 500;"[31m
                [36m>[31m
                  [0mTelefon:[0m
                [36m</span>[31m
                [0m [0m
                [36m<span[31m
                  [33mstyle[31m=[32m"color: rgb(243, 244, 246);"[31m
                [36m>[31m
                  [0m0212 000 00 00[0m
                [36m</span>[31m
              [36m</div>[31m
              [36m<div[31m
                [33mstyle[31m=[32m"margin-top: 12px; padding-top: 12px; border-top: 1px solid rgb(51, 51, 51); display: flex; gap: 8px; flex-wrap: wrap;"[31m
              [36m>[31m
                [36m<span[31m
                  [33mstyle[31m=[32m"display: inline-flex; align-items: center; gap: 4px; padding: 4px 12px; background: rgba(167, 139, 250, 0.15); border: 1px solid rgba(167, 139, 250, 0.35); font-size: 12px; font-weight: 600; color: rgb(0, 120, 212); transition: all .2s ease;"[31m
                [36m>[31m
                  [0mMikro Kod: [0m
                  [0mCARI-001[0m
                [36m</span>[31m
              [36m</div>[31m
            [36m</div>[31m
            [36m<div[31m
              [33mstyle[31m=[32m"margin-top: 20px; padding-top: 20px; border-top: 1px solid rgb(51, 51, 51);"[31m
            [36m>[31m
              [36m<h4[31m
                [33mstyle[31m=[32m"font-size: 14px; font-weight: 600; color: rgb(243, 244, 246); margin-bottom: 12px;"[31m
              [36m>[31m
                [0mKi┼şiler ([0m
                [0m0[0m
                [0m)[0m
              [36m</h4>[31m
              [36m<div[31m
                [33mstyle[31m=[32m"font-size: 12px; color: rgb(198, 198, 198);"[31m
              [36m>[31m
                [0mHen├╝z ki┼şi eklenmemi┼ş[0m
              [36m</div>[31m
            [36m</div>[31m
          [36m</div>[31m
        [36m</div>[31m
      [36m</div>[31m
    [36m</div>[31m
  [36m</body>[31m
[36m</html>[31m[39m
[31m   [31m├ù[31m AccountsTab[2m > [22mcreate modalinda sifir numeric alanlari payload'a korur[39m[32m 142[2mms[22m[39m
[31m     ÔåÆ Unable to find a label with the text of: Kredi Limiti

Ignored nodes: comments, script, style
[36m<body>[31m
  [36m<div>[31m
    [36m<div[31m
      [33mstyle[31m=[32m"display: grid; grid-template-columns: 1fr; gap: 20px;"[31m
    [36m>[31m
      [36m<div[31m
        [33mclass[31m=[32m"shared-card"[31m
      [36m>[31m
        [36m<div[31m
          [33mclass[31m=[32m"shared-card-header"[31m
        [36m>[31m
          [36m<div[31m
            [33mclass[31m=[32m"shared-card-heading"[31m
          [36m>[31m
            [36m<div[31m
              [33mclass[31m=[32m"shared-card-title-wrap"[31m
            [36m>[31m
              [36m<span[31m
                [33mclass[31m=[32m"shared-card-title"[31m
              [36m>[31m
                [0mCari Hesaplar[0m
              [36m</span>[31m
              [36m<span[31m
                [33mclass[31m=[32m"shared-card-subtitle"[31m
              [36m>[31m
                [0m1 aktif hesap[0m
              [36m</span>[31m
            [36m</div>[31m
          [36m</div>[31m
          [36m<div[31m
            [33mclass[31m=[32m"shared-card-actions"[31m
          [36m>[31m
            [36m<button[31m
              [33maria-disabled[31m=[32m"false"[31m
              [33mstyle[31m=[32m"font-family: \"Segoe UI\", system-ui, sans-serif; font-weight: 600; border-radius: 0; border: 1px solid transparent; cursor: pointer; display: inline-flex; align-items: center; justify-content: center; gap: 8px; transition: all .15s ease; opacity: 1; width: auto; white-space: nowrap; position: relative; transform: translateY(0); letter-spacing: 0.01em; padding: 8px 12px; font-size: 11px; min-height: 40px; min-width: 40px; background: linear-gradient(135deg, #0078D4, #005A9E); color: rgb(255, 255, 255); box-shadow: 0 2px 10px rgba(0,0,0,0.35);"[31m
              [33mtype[31m=[32m"button"[31m
            [36m>[31m
              [0m+ Yeni Cari[0m
            [36m</button>[31m
          [36m</div>[31m
        [36m</div>[31m
        [36m<div[31m
          [33mclass[31m=[32m"shared-card-body has-header"[31m
        [36m>[31m
          [36m<div[31m
            [33mstyle[31m=[32m"max-height: 600px; overflow-y: auto;"[31m
          [36m>[31m
            [36m<div[31m
              [33mstyle[31m=[32m"padding: 12px; border-bottom: 1px solid rgb(51, 51, 51); cursor: pointer; background: transparent; transition: background 0.2s ease;"[31m
            [36m>[31m
              [36m<div[31m
                [33mstyle[31m=[32m"font-weight: 600; font-size: 14px; color: rgb(243, 244, 246); margin-bottom: 4px;"[31m
              [36m>[31m
                [0mDemo Cari[0m
              [36m</div>[31m
              [36m<div[31m
                [33mstyle[31m=[32m"font-size: 12px; color: rgb(198, 198, 198); display: flex; gap: 12px;"[31m
              [36m>[31m
                [36m<span>[31m
                  [0mVKN: [0m
                  [0m1234567890[0m
                [36m</span>[31m
                [36m<span>[31m
                  [0mMikro: [0m
                  [0mCARI-001[0m
                [36m</span>[31m
              [36m</div>[31m
            [36m</div>[31m
          [36m</div>[31m
        [36m</div>[31m
      [36m</div>[31m
    [36m</div>[31m
    [36m<div[31m
      [33maria-hidden[31m=[32m"true"[31m
      [33mrole[31m=[32m"presentation"[31m
      [33mstyle[31m=[32m"position: fixed; inset: 0; background: rgba(0, 0, 0, 0.55); display: flex; align-items: center; justify-content: center; z-index: 1400; animation: modalBgIn .2s ease;"[31m
    [36m/>[31m
    [36m<div[31m
      [33maria-describedby[31m=[32m"create-account-modal-subtitle"[31m
      [33maria-labelledby[31m=[32m"create-account-modal-title"[31m
      [33maria-modal[31m=[32m"true"[31m
      [33mrole[31m=[32m"dialog"[31m
      [33mstyle[31m=[32m"position: fixed; inset: 0; display: flex; align-items: center; justify-content: center; z-index: 1401; pointer-events: none;"[31m
    [36m>[31m
      [36m<div[31m
        [33mstyle[31m=[32m"border: 1px solid rgb(51, 51, 51); width: 90%; max-width: 700px; max-height: 85vh; overflow-y: auto; animation: modalSlideIn .25s cubic-bezier(.22,1,.36,1); pointer-events: auto;"[31m
      [36m>[31m
        [36m<div[31m
          [33mstyle[31m=[32m"padding: 20px 24px; border-bottom: 1px solid rgb(51, 51, 51); display: flex; align-items: flex-start; justify-content: space-between; gap: 16px;"[31m
        [36m>[31m
          [36m<div[31m
            [33mstyle[31m=[32m"flex: 1 1 0%;"[31m
          [36m>[31m
            [36m<h2[31m
              [33mid[31m=[32m"create-account-modal-title"[31m
              [33mstyle[31m=[32m"margin: 0px; font-size: 18px; font-weight: 700; color: rgb(243, 244, 246);"[31m
            [36m>[31m
              [0mYeni Cari Olu┼ştur[0m
            [36m</h2>[31m
            [36m<p[31m
              [33mid[31m=[32m"create-account-modal-subtitle"[31m
              [33mstyle[31m=[32m"margin: 6px 0px 0px; font-size: 13px; color: rgb(198, 198, 198);"[31m
            [36m>[31m
              [0mTemel bilgileri girin[0m
            [36m</p>[31m
          [36m</div>[31m
          [36m<button[31m
            [33maria-label[31m=[32m"Kapat"[31m
            [33mstyle[31m=[32m"width: 48px; height: 48px; min-width: 48px; border-radius: 0; background: transparent; font-size: 24px; cursor: pointer; color: rgb(198, 198, 198); line-height: 1; display: flex; align-items: center; justify-content: center; transition: all .15s ease; padding: 0px;"[31m
            [33mtype[31m=[32m"button"[31m
          [36m>[31m
            [0mX[0m
          [36m</button>[31m
        [36m</div>[31m
        [36m<div[31m
          [33mstyle[31m=[32m"padding: 24px;"[31m
        [36m>[31m
          [36m<form[31m
            [33mstyle[31m=[32m"padding: 10px 0px; display: grid; grid-template-columns: 1fr 1fr; gap: 24px;"[31m
          [36m>[31m
            [36m<div[31m
              [33mstyle[31m=[32m"display: flex; flex-direction: column; gap: 16px;"[31m
            [36m>[31m
              [36m<h4[31m
                [33mstyle[31m=[32m"margin: 0px; font-size: 14px; font-weight: 600; color: rgb(0, 120, 212); border-bottom: 1px solid rgb(51, 51, 51); padding-bottom: 8px;"[31m
              [36m>[31m
                [0mFirma ve ─░leti┼şim Bilgileri[0m
              [36m</h4>[31m
              [36m<div[31m
                [33mstyle[31m=[32m"display: flex; flex-direction: column; gap: 6px;"[31m
              [36m>[31m
                [36m<label[31m
                  [33mstyle[31m=[32m"font-size: 13px; font-weight: 600; color: rgb(243, 244, 246); display: flex; align-items: center; gap: 4px;"[31m
                [36m>[31m
                  [0mFirma Ad─▒[0m
                  [36m<span[31m
                    [33mstyle[31m=[32m"color: rgb(239, 68, 68); font-size: 16p...[39m
[31m   [31m├ù[31m AccountsTab[2m > [22mfiltreleri backend liste cagrisina tasir[39m[33m 1014[2mms[22m[39m
[31m     ÔåÆ Unable to find role="button" and name "Hesap Tipi Filtre"

Ignored nodes: comments, script, style
[36m<body>[31m
  [36m<div>[31m
    [36m<div[31m
      [33mstyle[31m=[32m"display: grid; grid-template-columns: 1fr; gap: 20px;"[31m
    [36m>[31m
      [36m<div[31m
        [33mclass[31m=[32m"shared-card"[31m
      [36m>[31m
        [36m<div[31m
          [33mclass[31m=[32m"shared-card-header"[31m
        [36m>[31m
          [36m<div[31m
            [33mclass[31m=[32m"shared-card-heading"[31m
          [36m>[31m
            [36m<div[31m
              [33mclass[31m=[32m"shared-card-title-wrap"[31m
            [36m>[31m
              [36m<span[31m
                [33mclass[31m=[32m"shared-card-title"[31m
              [36m>[31m
                [0mCari Hesaplar[0m
              [36m</span>[31m
              [36m<span[31m
                [33mclass[31m=[32m"shared-card-subtitle"[31m
              [36m>[31m
                [0m1 aktif hesap[0m
              [36m</span>[31m
            [36m</div>[31m
          [36m</div>[31m
          [36m<div[31m
            [33mclass[31m=[32m"shared-card-actions"[31m
          [36m>[31m
            [36m<button[31m
              [33maria-disabled[31m=[32m"false"[31m
              [33mstyle[31m=[32m"font-family: \"Segoe UI\", system-ui, sans-serif; font-weight: 600; border-radius: 0; border: 1px solid transparent; cursor: pointer; display: inline-flex; align-items: center; justify-content: center; gap: 8px; transition: all .15s ease; opacity: 1; width: auto; white-space: nowrap; position: relative; transform: translateY(0); letter-spacing: 0.01em; padding: 8px 12px; font-size: 11px; min-height: 40px; min-width: 40px; background: linear-gradient(135deg, #0078D4, #005A9E); color: rgb(255, 255, 255); box-shadow: 0 2px 10px rgba(0,0,0,0.35);"[31m
              [33mtype[31m=[32m"button"[31m
            [36m>[31m
              [0m+ Yeni Cari[0m
            [36m</button>[31m
          [36m</div>[31m
        [36m</div>[31m
        [36m<div[31m
          [33mclass[31m=[32m"shared-card-body has-header"[31m
        [36m>[31m
          [36m<div[31m
            [33mstyle[31m=[32m"max-height: 600px; overflow-y: auto;"[31m
          [36m>[31m
            [36m<div[31m
              [33mstyle[31m=[32m"padding: 12px; border-bottom: 1px solid rgb(51, 51, 51); cursor: pointer; background: transparent; transition: background 0.2s ease;"[31m
            [36m>[31m
              [36m<div[31m
                [33mstyle[31m=[32m"font-weight: 600; font-size: 14px; color: rgb(243, 244, 246); margin-bottom: 4px;"[31m
              [36m>[31m
                [0mDemo Cari[0m
              [36m</div>[31m
              [36m<div[31m
                [33mstyle[31m=[32m"font-size: 12px; color: rgb(198, 198, 198); display: flex; gap: 12px;"[31m
              [36m>[31m
                [36m<span>[31m
                  [0mVKN: [0m
                  [0m1234567890[0m
                [36m</span>[31m
                [36m<span>[31m
                  [0mMikro: [0m
                  [0mCARI-001[0m
                [36m</span>[31m
              [36m</div>[31m
            [36m</div>[31m
          [36m</div>[31m
        [36m</div>[31m
      [36m</div>[31m
    [36m</div>[31m
  [36m</div>[31m
[36m</body>[31m

Ignored nodes: comments, script, style
[36m<html[31m
  [33mdata-ui-theme[31m=[32m"dark"[31m
  [33mstyle[31m=[32m"--bg-main: #121212; --bg-surface: #1E1E1E; --bg-elevated: #242424; --bg-card: #1E1E1E; --bg-card-hover: #242424; --bg-overlay: rgba(18,18,18,0.95); --bg-subtle: #242424; --primary: #0078D4; --primary-hover: #005A9E; --primary-rgb: 0,120,212; --primary-glow: rgba(0,120,212,0.20); --accent: #005A9E; --accent-hover: #005A9E; --accent-glow: rgba(0,90,158,0.24); --success: #10B981; --warning: #F59E0B; --danger: #EF4444; --danger-hover: #EF4444; --text-main: #F3F4F6; --text-muted: #C6C6C6; --text-dim: #C6C6C6; --border: #333333; --border-highlight: #A0A0A0; --titlebar-bg: #0078D4; --titlebar-text: #FFFFFF; --titlebar-close: #E81123; --radius-sm: 0px; --radius-md: 0px; --radius-lg: 0px; --radius-xl: 0px; --shadow-card: 0 1px 2px rgba(0,0,0,0.3); --shadow-elevated: 0 2px 4px rgba(0,0,0,0.4); --shadow-glow: 0 4px 8px rgba(0,0,0,0.5); --font-heading: \"Segoe UI\", system-ui, sans-serif; --font-body: \"Segoe UI\", system-ui, sans-serif; --font-mono: \"JetBrains Mono\", \"Cascadia Code\", Consolas, monospace;"[31m
[36m>[31m
  [36m<head />[31m
  [36m<body>[31m
    [36m<div>[31m
      [36m<div[31m
        [33mstyle[31m=[32m"display: grid; grid-template-columns: 1fr; gap: 20px;"[31m
      [36m>[31m
        [36m<div[31m
          [33mclass[31m=[32m"shared-card"[31m
        [36m>[31m
          [36m<div[31m
            [33mclass[31m=[32m"shared-card-header"[31m
          [36m>[31m
            [36m<div[31m
              [33mclass[31m=[32m"shared-card-heading"[31m
            [36m>[31m
              [36m<div[31m
                [33mclass[31m=[32m"shared-card-title-wrap"[31m
              [36m>[31m
                [36m<span[31m
                  [33mclass[31m=[32m"shared-card-title"[31m
                [36m>[31m
                  [0mCari Hesaplar[0m
                [36m</span>[31m
                [36m<span[31m
                  [33mclass[31m=[32m"shared-card-subtitle"[31m
                [36m>[31m
                  [0m1 aktif hesap[0m
                [36m</span>[31m
              [36m</div>[31m
            [36m</div>[31m
            [36m<div[31m
              [33mclass[31m=[32m"shared-card-actions"[31m
            [36m>[31m
              [36m<button[31m
                [33maria-disabled[31m=[32m"false"[31m
                [33mstyle[31m=[32m"font-family: \"Segoe UI\", system-ui, sans-serif; font-weight: 600; border-radius: 0; border: 1px solid transparent; cursor: pointer; display: inline-flex; align-items: center; justify-content: center; gap: 8px; transition: all .15s ease; opacity: 1; width: auto; white-space: nowrap; position: relative; transform: translateY(0); letter-spacing: 0.01em; padding: 8px 12px; font-size: 11px; min-height: 40px; min-width: 40px; background: linear-gradient(135deg, #0078D4, #005A9E); color: rgb(255, 255, 255); box-shadow: 0 2px 10px rgba(0,0,0,0.35);"[31m
                [33mtype[31m=[32m"button"[31m
              [36m>[31m
                [0m+ Yeni Cari[0m
              [36m</button>[31m
            [36m</div>[31m
          [36m</div>[31m
          [36m<div[31m
            [33mclass[31m=[32m"shared-card-body has-header"[31m
          [36m>[31m
            [36m<div[31m
              [33mstyle[31m=[32m"max-height: 600px; overflow-y: auto;"[31m
            [36m>[31m
              [36m<div[31m
                [33mstyle[31m=[32m"padding: 12px; border-bottom: 1px solid rgb(51, 51, 51); cursor: pointer; background: transparent; transition: background 0.2s ease;"[31m
              [36m>[31m
                [36m<div[31m
                  [33mstyle[31m=[32m"font-weight: 600; font-size: 14px; color: rgb(243, 244, 246); margin-bottom: 4px;"[31m
                [36m>[31m
                  [0mDemo Cari[0m
                [36m</div>[31m
                [36m<div[31m
                  [33mstyle[31m=[32m"font-size: 12px; color: rgb(198, 198, 198); display: flex; gap: 12px;"[31m
                [36m>[31m
                  [36m<span>[31m
                    [0mVKN: [0m
                    [0m1234567890[0m
                  [36m</span>[31m
                  [36m<span>[31m
                    [0mMikro: [0m
                    [0mCARI-001[0m
                  [36m</span>[31m
                [36m</div>[31m
              [36m</div>[31m
            [36m</div>[31m
          [36m</div>[31m
        [36m</div>[31m
      [36m</div>[31m
    [36m</div>[31m
  [36m</body>[31m
[36m</html>[31m[39m
[31m   [31m├ù[31m AccountsTab[2m > [22mpasife alma aksiyonu delete servisini tetikler[39m[33m 1013[2mms[22m[39m
[31m     ÔåÆ Unable to find role="button" and name "Pasife Al"

Ignored nodes: comments, script, style
[36m<body>[31m
  [36m<div>[31m
    [36m<div[31m
      [33mstyle[31m=[32m"display: grid; grid-template-columns: 1fr; gap: 20px;"[31m
    [36m>[31m
      [36m<div[31m
        [33mclass[31m=[32m"shared-card"[31m
      [36m>[31m
        [36m<div[31m
          [33mclass[31m=[32m"shared-card-header"[31m
        [36m>[31m
          [36m<div[31m
            [33mclass[31m=[32m"shared-card-heading"[31m
          [36m>[31m
            [36m<div[31m
              [33mclass[31m=[32m"shared-card-title-wrap"[31m
            [36m>[31m
              [36m<span[31m
                [33mclass[31m=[32m"shared-card-title"[31m
              [36m>[31m
                [0mCari Hesaplar[0m
              [36m</span>[31m
              [36m<span[31m
                [33mclass[31m=[32m"shared-card-subtitle"[31m
              [36m>[31m
                [0m1 aktif hesap[0m
              [36m</span>[31m
            [36m</div>[31m
          [36m</div>[31m
          [36m<div[31m
            [33mclass[31m=[32m"shared-card-actions"[31m
          [36m>[31m
            [36m<button[31m
              [33maria-disabled[31m=[32m"false"[31m
              [33mstyle[31m=[32m"font-family: \"Segoe UI\", system-ui, sans-serif; font-weight: 600; border-radius: 0; border: 1px solid transparent; cursor: pointer; display: inline-flex; align-items: center; justify-content: center; gap: 8px; transition: all .15s ease; opacity: 1; width: auto; white-space: nowrap; position: relative; transform: translateY(0); letter-spacing: 0.01em; padding: 8px 12px; font-size: 11px; min-height: 40px; min-width: 40px; background: linear-gradient(135deg, #0078D4, #005A9E); color: rgb(255, 255, 255); box-shadow: 0 2px 10px rgba(0,0,0,0.35);"[31m
              [33mtype[31m=[32m"button"[31m
            [36m>[31m
              [0m+ Yeni Cari[0m
            [36m</button>[31m
          [36m</div>[31m
        [36m</div>[31m
        [36m<div[31m
          [33mclass[31m=[32m"shared-card-body has-header"[31m
        [36m>[31m
          [36m<div[31m
            [33mstyle[31m=[32m"max-height: 600px; overflow-y: auto;"[31m
          [36m>[31m
            [36m<div[31m
              [33mstyle[31m=[32m"padding: 12px; border-bottom: 1px solid rgb(51, 51, 51); cursor: pointer; background: transparent; transition: background 0.2s ease;"[31m
            [36m>[31m
              [36m<div[31m
                [33mstyle[31m=[32m"font-weight: 600; font-size: 14px; color: rgb(243, 244, 246); margin-bottom: 4px;"[31m
              [36m>[31m
                [0mDemo Cari[0m
              [36m</div>[31m
              [36m<div[31m
                [33mstyle[31m=[32m"font-size: 12px; color: rgb(198, 198, 198); display: flex; gap: 12px;"[31m
              [36m>[31m
                [36m<span>[31m
                  [0mVKN: [0m
                  [0m1234567890[0m
                [36m</span>[31m
                [36m<span>[31m
                  [0mMikro: [0m
                  [0mCARI-001[0m
                [36m</span>[31m
              [36m</div>[31m
            [36m</div>[31m
          [36m</div>[31m
        [36m</div>[31m
      [36m</div>[31m
    [36m</div>[31m
  [36m</div>[31m
[36m</body>[31m

Ignored nodes: comments, script, style
[36m<html[31m
  [33mdata-ui-theme[31m=[32m"dark"[31m
  [33mstyle[31m=[32m"--bg-main: #121212; --bg-surface: #1E1E1E; --bg-elevated: #242424; --bg-card: #1E1E1E; --bg-card-hover: #242424; --bg-overlay: rgba(18,18,18,0.95); --bg-subtle: #242424; --primary: #0078D4; --primary-hover: #005A9E; --primary-rgb: 0,120,212; --primary-glow: rgba(0,120,212,0.20); --accent: #005A9E; --accent-hover: #005A9E; --accent-glow: rgba(0,90,158,0.24); --success: #10B981; --warning: #F59E0B; --danger: #EF4444; --danger-hover: #EF4444; --text-main: #F3F4F6; --text-muted: #C6C6C6; --text-dim: #C6C6C6; --border: #333333; --border-highlight: #A0A0A0; --titlebar-bg: #0078D4; --titlebar-text: #FFFFFF; --titlebar-close: #E81123; --radius-sm: 0px; --radius-md: 0px; --radius-lg: 0px; --radius-xl: 0px; --shadow-card: 0 1px 2px rgba(0,0,0,0.3); --shadow-elevated: 0 2px 4px rgba(0,0,0,0.4); --shadow-glow: 0 4px 8px rgba(0,0,0,0.5); --font-heading: \"Segoe UI\", system-ui, sans-serif; --font-body: \"Segoe UI\", system-ui, sans-serif; --font-mono: \"JetBrains Mono\", \"Cascadia Code\", Consolas, monospace;"[31m
[36m>[31m
  [36m<head />[31m
  [36m<body>[31m
    [36m<div>[31m
      [36m<div[31m
        [33mstyle[31m=[32m"display: grid; grid-template-columns: 1fr; gap: 20px;"[31m
      [36m>[31m
        [36m<div[31m
          [33mclass[31m=[32m"shared-card"[31m
        [36m>[31m
          [36m<div[31m
            [33mclass[31m=[32m"shared-card-header"[31m
          [36m>[31m
            [36m<div[31m
              [33mclass[31m=[32m"shared-card-heading"[31m
            [36m>[31m
              [36m<div[31m
                [33mclass[31m=[32m"shared-card-title-wrap"[31m
              [36m>[31m
                [36m<span[31m
                  [33mclass[31m=[32m"shared-card-title"[31m
                [36m>[31m
                  [0mCari Hesaplar[0m
                [36m</span>[31m
                [36m<span[31m
                  [33mclass[31m=[32m"shared-card-subtitle"[31m
                [36m>[31m
                  [0m1 aktif hesap[0m
                [36m</span>[31m
              [36m</div>[31m
            [36m</div>[31m
            [36m<div[31m
              [33mclass[31m=[32m"shared-card-actions"[31m
            [36m>[31m
              [36m<button[31m
                [33maria-disabled[31m=[32m"false"[31m
                [33mstyle[31m=[32m"font-family: \"Segoe UI\", system-ui, sans-serif; font-weight: 600; border-radius: 0; border: 1px solid transparent; cursor: pointer; display: inline-flex; align-items: center; justify-content: center; gap: 8px; transition: all .15s ease; opacity: 1; width: auto; white-space: nowrap; position: relative; transform: translateY(0); letter-spacing: 0.01em; padding: 8px 12px; font-size: 11px; min-height: 40px; min-width: 40px; background: linear-gradient(135deg, #0078D4, #005A9E); color: rgb(255, 255, 255); box-shadow: 0 2px 10px rgba(0,0,0,0.35);"[31m
                [33mtype[31m=[32m"button"[31m
              [36m>[31m
                [0m+ Yeni Cari[0m
              [36m</button>[31m
            [36m</div>[31m
          [36m</div>[31m
          [36m<div[31m
            [33mclass[31m=[32m"shared-card-body has-header"[31m
          [36m>[31m
            [36m<div[31m
              [33mstyle[31m=[32m"max-height: 600px; overflow-y: auto;"[31m
            [36m>[31m
              [36m<div[31m
                [33mstyle[31m=[32m"padding: 12px; border-bottom: 1px solid rgb(51, 51, 51); cursor: pointer; background: transparent; transition: background 0.2s ease;"[31m
              [36m>[31m
                [36m<div[31m
                  [33mstyle[31m=[32m"font-weight: 600; font-size: 14px; color: rgb(243, 244, 246); margin-bottom: 4px;"[31m
                [36m>[31m
                  [0mDemo Cari[0m
                [36m</div>[31m
                [36m<div[31m
                  [33mstyle[31m=[32m"font-size: 12px; color: rgb(198, 198, 198); display: flex; gap: 12px;"[31m
                [36m>[31m
                  [36m<span>[31m
                    [0mVKN: [0m
                    [0m1234567890[0m
                  [36m</span>[31m
                  [36m<span>[31m
                    [0mMikro: [0m
                    [0mCARI-001[0m
                  [36m</span>[31m
                [36m</div>[31m
              [36m</div>[31m
            [36m</div>[31m
          [36m</div>[31m
        [36m</div>[31m
      [36m</div>[31m
    [36m</div>[31m
  [36m</body>[31m
[36m</html>[31m[39m
[31m   [31m├ù[31m AccountsTab[2m > [22myetkili modalinda trimlenmis alanlari payload olarak gonderir ve listede gosterir[39m[33m 1007[2mms[22m[39m
[31m     ÔåÆ Unable to find role="button" and name "+ Yeni Yetkili"

Ignored nodes: comments, script, style
[36m<body>[31m
  [36m<div>[31m
    [36m<div[31m
      [33mstyle[31m=[32m"display: grid; grid-template-columns: 1fr 1fr; gap: 20px;"[31m
    [36m>[31m
      [36m<div[31m
        [33mclass[31m=[32m"shared-card"[31m
      [36m>[31m
        [36m<div[31m
          [33mclass[31m=[32m"shared-card-header"[31m
        [36m>[31m
          [36m<div[31m
            [33mclass[31m=[32m"shared-card-heading"[31m
          [36m>[31m
            [36m<div[31m
              [33mclass[31m=[32m"shared-card-title-wrap"[31m
            [36m>[31m
              [36m<span[31m
                [33mclass[31m=[32m"shared-card-title"[31m
              [36m>[31m
                [0mCari Hesaplar[0m
              [36m</span>[31m
              [36m<span[31m
                [33mclass[31m=[32m"shared-card-subtitle"[31m
              [36m>[31m
                [0m1 aktif hesap[0m
              [36m</span>[31m
            [36m</div>[31m
          [36m</div>[31m
          [36m<div[31m
            [33mclass[31m=[32m"shared-card-actions"[31m
          [36m>[31m
            [36m<button[31m
              [33maria-disabled[31m=[32m"false"[31m
              [33mstyle[31m=[32m"font-family: \"Segoe UI\", system-ui, sans-serif; font-weight: 600; border-radius: 0; border: 1px solid transparent; cursor: pointer; display: inline-flex; align-items: center; justify-content: center; gap: 8px; transition: all .15s ease; opacity: 1; width: auto; white-space: nowrap; position: relative; transform: translateY(0); letter-spacing: 0.01em; padding: 8px 12px; font-size: 11px; min-height: 40px; min-width: 40px; background: linear-gradient(135deg, #0078D4, #005A9E); color: rgb(255, 255, 255); box-shadow: 0 2px 10px rgba(0,0,0,0.35);"[31m
              [33mtype[31m=[32m"button"[31m
            [36m>[31m
              [0m+ Yeni Cari[0m
            [36m</button>[31m
          [36m</div>[31m
        [36m</div>[31m
        [36m<div[31m
          [33mclass[31m=[32m"shared-card-body has-header"[31m
        [36m>[31m
          [36m<div[31m
            [33mstyle[31m=[32m"max-height: 600px; overflow-y: auto;"[31m
          [36m>[31m
            [36m<div[31m
              [33mstyle[31m=[32m"padding: 12px; border-bottom: 1px solid rgb(51, 51, 51); cursor: pointer; transition: background 0.2s ease; background: rgba(0, 120, 212, 0.05);"[31m
            [36m>[31m
              [36m<div[31m
                [33mstyle[31m=[32m"font-weight: 600; font-size: 14px; color: rgb(243, 244, 246); margin-bottom: 4px;"[31m
              [36m>[31m
                [0mDemo Cari[0m
              [36m</div>[31m
              [36m<div[31m
                [33mstyle[31m=[32m"font-size: 12px; color: rgb(198, 198, 198); display: flex; gap: 12px;"[31m
              [36m>[31m
                [36m<span>[31m
                  [0mVKN: [0m
                  [0m1234567890[0m
                [36m</span>[31m
                [36m<span>[31m
                  [0mMikro: [0m
                  [0mCARI-001[0m
                [36m</span>[31m
              [36m</div>[31m
            [36m</div>[31m
          [36m</div>[31m
        [36m</div>[31m
      [36m</div>[31m
      [36m<div[31m
        [33mclass[31m=[32m"shared-card"[31m
      [36m>[31m
        [36m<div[31m
          [33mclass[31m=[32m"shared-card-header"[31m
        [36m>[31m
          [36m<div[31m
            [33mclass[31m=[32m"shared-card-heading"[31m
          [36m>[31m
            [36m<div[31m
              [33mclass[31m=[32m"shared-card-title-wrap"[31m
            [36m>[31m
              [36m<span[31m
                [33mclass[31m=[32m"shared-card-title"[31m
              [36m>[31m
                [0mDemo Cari[0m
              [36m</span>[31m
              [36m<span[31m
                [33mclass[31m=[32m"shared-card-subtitle"[31m
              [36m>[31m
                [0mCari Detay─▒[0m
              [36m</span>[31m
            [36m</div>[31m
          [36m</div>[31m
        [36m</div>[31m
        [36m<div[31m
          [33mclass[31m=[32m"shared-card-body has-header"[31m
        [36m>[31m
          [36m<div[31m
            [33mstyle[31m=[32m"font-size: 13px; line-height: 1.8;"[31m
          [36m>[31m
            [36m<div>[31m
              [36m<span[31m
                [33mstyle[31m=[32m"color: rgb(198, 198, 198); font-weight: 500;"[31m
              [36m>[31m
                [0mVKN:[0m
              [36m</span>[31m
              [0m [0m
              [36m<span[31m
                [33mstyle[31m=[32m"color: rgb(243, 244, 246);"[31m
              [36m>[31m
                [0m1234567890[0m
              [36m</span>[31m
            [36m</div>[31m
            [36m<div>[31m
              [36m<span[31m
                [33mstyle[31m=[32m"color: rgb(198, 198, 198); font-weight: 500;"[31m
              [36m>[31m
                [0mTelefon:[0m
              [36m</span>[31m
              [0m [0m
              [36m<span[31m
                [33mstyle[31m=[32m"color: rgb(243, 244, 246);"[31m
              [36m>[31m
                [0m0212 000 00 00[0m
              [36m</span>[31m
            [36m</div>[31m
            [36m<div[31m
              [33mstyle[31m=[32m"margin-top: 12px; padding-top: 12px; border-top: 1px solid rgb(51, 51, 51); display: flex; gap: 8px; flex-wrap: wrap;"[31m
            [36m>[31m
              [36m<span[31m
                [33mstyle[31m=[32m"display: inline-flex; align-items: center; gap: 4px; padding: 4px 12px; background: rgba(167, 139, 250, 0.15); border: 1px solid rgba(167, 139, 250, 0.35); font-size: 12px; font-weight: 600; color: rgb(0, 120, 212); transition: all .2s ease;"[31m
              [36m>[31m
                [0mMikro Kod: [0m
                [0mCARI-001[0m
              [36m</span>[31m
            [36m</div>[31m
          [36m</div>[31m
          [36m<div[31m
            [33mstyle[31m=[32m"margin-top: 20px; padding-top: 20px; border-top: 1px solid rgb(51, 51, 51);"[31m
          [36m>[31m
            [36m<h4[31m
              [33mstyle[31m=[32m"font-size: 14px; font-weight: 600; color: rgb(243, 244, 246); margin-bottom: 12px;"[31m
            [36m>[31m
              [0mKi┼şiler ([0m
              [0m0[0m
              [0m)[0m
            [36m</h4>[31m
            [36m<div[31m
              [33mstyle[31m=[32m"font-size: 12px; color: rgb(198, 198, 198);"[31m
            [36m>[31m
              [0mHen├╝z ki┼şi eklenmemi┼ş[0m
            [36m</div>[31m
          [36m</div>[31m
        [36m</div>[31m
      [36m</div>[31m
    [36m</div>[31m
  [36m</div>[31m
[36m</body>[31m

Ignored nodes: comments, script, style
[36m<html[31m
  [33mdata-ui-theme[31m=[32m"dark"[31m
  [33mstyle[31m=[32m"--bg-main: #121212; --bg-surface: #1E1E1E; --bg-elevated: #242424; --bg-card: #1E1E1E; --bg-card-hover: #242424; --bg-overlay: rgba(18,18,18,0.95); --bg-subtle: #242424; --primary: #0078D4; --primary-hover: #005A9E; --primary-rgb: 0,120,212; --primary-glow: rgba(0,120,212,0.20); --accent: #005A9E; --accent-hover: #005A9E; --accent-glow: rgba(0,90,158,0.24); --success: #10B981; --warning: #F59E0B; --danger: #EF4444; --danger-hover: #EF4444; --text-main: #F3F4F6; --text-muted: #C6C6C6; --text-dim: #C6C6C6; --border: #333333; --border-highlight: #A0A0A0; --titlebar-bg: #0078D4; --titlebar-text: #FFFFFF; --titlebar-close: #E81123; --radius-sm: 0px; --radius-md: 0px; --radius-lg: 0px; --radius-xl: 0px; --shadow-card: 0 1px 2px rgba(0,0,0,0.3); --shadow-elevated: 0 2px 4px rgba(0,0,0,0.4); --shadow-glow: 0 4px 8px rgba(0,0,0,0.5); --font-heading: \"Segoe UI\", system-ui, sans-serif; --font-body: \"Segoe UI\", system-ui, sans-serif; --font-mono: \"JetBrains Mono\", \"Cascadia Code\", Consolas, monospace;"[31m
[36m>[31m
  [36m<head />[31m
  [36m<body>[31m
    [36m<div>[31m
      [36m<div[31m
        [33mstyle[31m=[32m"display: grid; grid-template-columns: 1fr 1fr; gap: 20px;"[31m
      [36m>[31m
        [36m<div[31m
          [33mclass[31m=[32m"shared-card"[31m
        [36m>[31m
          [36m<div[31m
            [33mclass[31m=[32m"shared-card-header"[31m
          [36m>[31m
            [36m<div[31m
              [33mclass[31m=[32m"shared-card-heading"[31m
            [36m>[31m
              [36m<div[31m
                [33mclass[31m=[32m"shared-card-title-wrap"[31m
              [36m>[31m
                [36m<span[31m
                  [33mclass[31m=[32m"shared-card-title"[31m
                [36m>[31m
                  [0mCari Hesaplar[0m
                [36m</span>[31m
                [36m<span[31m
                  [33mclass[31m=[32m"shared-card-subtitle"[31m
                [36m>[31m
                  [0m1 aktif hesap[0m
                [36m</span>[31m
              [36m</div>[31m
            [36m</div>[31m
            [36m<div[31m
              [33mclass[31m=[32m"shared-card-actions"[31m
            [36m>[31m
              [36m<button[31m
                [33maria-disabled[31m=[32m"false"[31m
                [33mstyle[31m=[32m"font-family: \"Segoe UI\", system-ui, sans-serif; font-weight: 600; border-radius: 0; border: 1px solid transparent; cursor: pointer; display: inline-flex; align-items: center; justify-content: center; gap: 8px; transition: all .15s ease; opacity: 1; width: auto; white-space: nowrap; position: relative; transform: translateY(0); letter-spacing: 0.01em; padding: 8px 12px; font-size: 11px; min-height: 40px; min-width: 40px; background: linear-gradient(135deg, #0078D4, #005A9E); color: rgb(255, 255, 255); box-shadow: 0 2px 10px rgba(0,0,0,0.35);"[31m
                [33mtype[31m=[32m"button"[31m
              [36m>[31m
                [0m+ Yeni Cari[0m
              [36m</button>[31m
            [36m</div>[31m
          [36m</div>[31m
          [36m<div[31m
            [33mclass[31m=[32m"shared-card-body has-header"[31m
          [36m>[31m
            [36m<div[31m
              [33mstyle[31m=[32m"max-height: 600px; overflow-y: auto;"[31m
            [36m>[31m
              [36m<div[31m
                [33mstyle[31m=[32m"padding: 12px; border-bottom: 1px solid rgb(51, 51, 51); cursor: pointer; transition: background 0.2s ease; background: rgba(0, 120, 212, 0.05);"[31m
              [36m>[31m
                [36m<div[31m
                  [33mstyle[31m=[32m"font-weight: 600; font-size: 14px; color: rgb(243, 244, 246); margin-bottom: 4px;"[31m
                [36m>[31m
                  [0mDemo Cari[0m
                [36m</div>[31m
                [36m<div[31m
                  [33mstyle[31m=[32m"font-size: 12px; color: rgb(198, 198, 198); display: flex; gap: 12px;"[31m
                [36m>[31m
                  [36m<span>[31m
                    [0mVKN: [0m
                    [0m1234567890[0m
                  [36m</span>[31m
                  [36m<span>[31m
                    [0mMikro: [0m
                    [0mCARI-001[0m
                  [36m</span>[31m
                [36m</div>[31m
              [36m</div>[31m
            [36m</div>[31m
          [36m</div>[31m
        [36m</div>[31m
        [36m<div[31m
          [33mclass[31m=[32m"shared-card"[31m
        [36m>[31m
          [36m<div[31m
            [33mclass[31m=[32m"shared-card-header"[31m
          [36m>[31m
            [36m<div[31m
              [33mclass[31m=[32m"shared-card-heading"[31m
            [36m>[31m
              [36m<div[31m
                [33mclass[31m=[32m"shared-card-title-wrap"[31m
              [36m>[31m
                [36m<span[31m
                  [33mclass[31m=[32m"shared-card-title"[31m
                [36m>[31m
                  [0mDemo Cari[0m
                [36m</span>[31m
                [36m<span[31m
                  [33mclass[31m=[32m"shared-card-subtitle"[31m
                [36m>[31m
                  [0mCari Detay─▒[0m
                [36m</span>[31m
              [36m</div>[31m
            [36m</div>[31m
          [36m</div>[31m
          [36m<div[31m
            [33mclass[31m=[32m"shared-card-body has-header"[31m
          [36m>[31m
            [36m<div[31m
              [33mstyle[31m=[32m"font-size: 13px; line-height: 1.8;"[31m
            [36m>[31m
              [36m<div>[31m
                [36m<span[31m
                  [33mstyle[31m=[32m"color: rgb(198, 198, 198); font-weight: 500;"[31m
                [36m>[31m
                  [0mVKN:[0m
                [36m</span>[31m
                [0m [0m
                [36m<span[31m
                  [33mstyle[31m=[32m"color: rgb(243, 244, 246);"[31m
                [36m>[31m
                  [0m1234567890[0m
                [36m</span>[31m
              [36m</div>[31m
              [36m<div>[31m
                [36m<span[31m
                  [33mstyle[31m=[32m"color: rgb(198, 198, 198); font-weight: 500;"[31m
                [36m>[31m
                  [0mTelefon:[0m
                [36m</span>[31m
                [0m [0m
                [36m<span[31m
                  [33mstyle[31m=[32m"color: rgb(243, 244, 246);"[31m
                [36m>[31m
                  [0m0212 000 00 00[0m
                [36m</span>[31m
              [36m</div>[31m
              [36m<div[31m
                [33mstyle[31m=[32m"margin-top: 12px; padding-top: 12px; border-top: 1px solid rgb(51, 51, 51); display: flex; gap: 8px; flex-wrap: wrap;"[31m
              [36m>[31m
                [36m<span[31m
                  [33mstyle[31m=[32m"display: inline-flex; align-items: center; gap: 4px; padding: 4px 12px; background: rgba(167, 139, 250, 0.15); border: 1px solid rgba(167, 139, 250, 0.35); font-size: 12px; font-weight: 600; color: rgb(0, 120, 212); transition: all .2s ease;"[31m
                [36m>[31m
                  [0mMikro Kod: [0m
                  [0mCARI-001[0m
                [36m</span>[31m
              [36m</div>[31m
            [36m</div>[31m
            [36m<div[31m
              [33mstyle[31m=[32m"margin-top: 20px; padding-top: 20px; border-top: 1px solid rgb(51, 51, 51);"[31m
            [36m>[31m
              [36m<h4[31m
                [33mstyle[31m=[32m"font-size: 14px; font-weight: 600; color: rgb(243, 244, 246); margin-bottom: 12px;"[31m
              [36m>[31m
                [0mKi┼şiler ([0m
                [0m0[0m
                [0m)[0m
              [36m</h4>[31m
              [36m<div[31m
                [33mstyle[31m=[32m"font-size: 12px; color: rgb(198, 198, 198);"[31m
              [36m>[31m
                [0mHen├╝z ki┼şi eklenmemi┼ş[0m
              [36m</div>[31m
            [36m</div>[31m
          [36m</div>[31m
        [36m</div>[31m
      [36m</div>[31m
    [36m</div>[31m
  [36m</body>[31m
[36m</html>[31m[39m
[31m   [31m├ù[31m AccountsTab[2m > [22myetkili modalinda ad veya soyad eksiginde servis cagrisi yapmaz[39m[33m 1016[2mms[22m[39m
[31m     ÔåÆ Unable to find role="button" and name "+ Yeni Yetkili"

Ignored nodes: comments, script, style
[36m<body>[31m
  [36m<div>[31m
    [36m<div[31m
      [33mstyle[31m=[32m"display: grid; grid-template-columns: 1fr 1fr; gap: 20px;"[31m
    [36m>[31m
      [36m<div[31m
        [33mclass[31m=[32m"shared-card"[31m
      [36m>[31m
        [36m<div[31m
          [33mclass[31m=[32m"shared-card-header"[31m
        [36m>[31m
          [36m<div[31m
            [33mclass[31m=[32m"shared-card-heading"[31m
          [36m>[31m
            [36m<div[31m
              [33mclass[31m=[32m"shared-card-title-wrap"[31m
            [36m>[31m
              [36m<span[31m
                [33mclass[31m=[32m"shared-card-title"[31m
              [36m>[31m
                [0mCari Hesaplar[0m
              [36m</span>[31m
              [36m<span[31m
                [33mclass[31m=[32m"shared-card-subtitle"[31m
              [36m>[31m
                [0m1 aktif hesap[0m
              [36m</span>[31m
            [36m</div>[31m
          [36m</div>[31m
          [36m<div[31m
            [33mclass[31m=[32m"shared-card-actions"[31m
          [36m>[31m
            [36m<button[31m
              [33maria-disabled[31m=[32m"false"[31m
              [33mstyle[31m=[32m"font-family: \"Segoe UI\", system-ui, sans-serif; font-weight: 600; border-radius: 0; border: 1px solid transparent; cursor: pointer; display: inline-flex; align-items: center; justify-content: center; gap: 8px; transition: all .15s ease; opacity: 1; width: auto; white-space: nowrap; position: relative; transform: translateY(0); letter-spacing: 0.01em; padding: 8px 12px; font-size: 11px; min-height: 40px; min-width: 40px; background: linear-gradient(135deg, #0078D4, #005A9E); color: rgb(255, 255, 255); box-shadow: 0 2px 10px rgba(0,0,0,0.35);"[31m
              [33mtype[31m=[32m"button"[31m
            [36m>[31m
              [0m+ Yeni Cari[0m
            [36m</button>[31m
          [36m</div>[31m
        [36m</div>[31m
        [36m<div[31m
          [33mclass[31m=[32m"shared-card-body has-header"[31m
        [36m>[31m
          [36m<div[31m
            [33mstyle[31m=[32m"max-height: 600px; overflow-y: auto;"[31m
          [36m>[31m
            [36m<div[31m
              [33mstyle[31m=[32m"padding: 12px; border-bottom: 1px solid rgb(51, 51, 51); cursor: pointer; transition: background 0.2s ease; background: rgba(0, 120, 212, 0.05);"[31m
            [36m>[31m
              [36m<div[31m
                [33mstyle[31m=[32m"font-weight: 600; font-size: 14px; color: rgb(243, 244, 246); margin-bottom: 4px;"[31m
              [36m>[31m
                [0mDemo Cari[0m
              [36m</div>[31m
              [36m<div[31m
                [33mstyle[31m=[32m"font-size: 12px; color: rgb(198, 198, 198); display: flex; gap: 12px;"[31m
              [36m>[31m
                [36m<span>[31m
                  [0mVKN: [0m
                  [0m1234567890[0m
                [36m</span>[31m
                [36m<span>[31m
                  [0mMikro: [0m
                  [0mCARI-001[0m
                [36m</span>[31m
              [36m</div>[31m
            [36m</div>[31m
          [36m</div>[31m
        [36m</div>[31m
      [36m</div>[31m
      [36m<div[31m
        [33mclass[31m=[32m"shared-card"[31m
      [36m>[31m
        [36m<div[31m
          [33mclass[31m=[32m"shared-card-header"[31m
        [36m>[31m
          [36m<div[31m
            [33mclass[31m=[32m"shared-card-heading"[31m
          [36m>[31m
            [36m<div[31m
              [33mclass[31m=[32m"shared-card-title-wrap"[31m
            [36m>[31m
              [36m<span[31m
                [33mclass[31m=[32m"shared-card-title"[31m
              [36m>[31m
                [0mDemo Cari[0m
              [36m</span>[31m
              [36m<span[31m
                [33mclass[31m=[32m"shared-card-subtitle"[31m
              [36m>[31m
                [0mCari Detay─▒[0m
              [36m</span>[31m
            [36m</div>[31m
          [36m</div>[31m
        [36m</div>[31m
        [36m<div[31m
          [33mclass[31m=[32m"shared-card-body has-header"[31m
        [36m>[31m
          [36m<div[31m
            [33mstyle[31m=[32m"font-size: 13px; line-height: 1.8;"[31m
          [36m>[31m
            [36m<div>[31m
              [36m<span[31m
                [33mstyle[31m=[32m"color: rgb(198, 198, 198); font-weight: 500;"[31m
              [36m>[31m
                [0mVKN:[0m
              [36m</span>[31m
              [0m [0m
              [36m<span[31m
                [33mstyle[31m=[32m"color: rgb(243, 244, 246);"[31m
              [36m>[31m
                [0m1234567890[0m
              [36m</span>[31m
            [36m</div>[31m
            [36m<div>[31m
              [36m<span[31m
                [33mstyle[31m=[32m"color: rgb(198, 198, 198); font-weight: 500;"[31m
              [36m>[31m
                [0mTelefon:[0m
              [36m</span>[31m
              [0m [0m
              [36m<span[31m
                [33mstyle[31m=[32m"color: rgb(243, 244, 246);"[31m
              [36m>[31m
                [0m0212 000 00 00[0m
              [36m</span>[31m
            [36m</div>[31m
            [36m<div[31m
              [33mstyle[31m=[32m"margin-top: 12px; padding-top: 12px; border-top: 1px solid rgb(51, 51, 51); display: flex; gap: 8px; flex-wrap: wrap;"[31m
            [36m>[31m
              [36m<span[31m
                [33mstyle[31m=[32m"display: inline-flex; align-items: center; gap: 4px; padding: 4px 12px; background: rgba(167, 139, 250, 0.15); border: 1px solid rgba(167, 139, 250, 0.35); font-size: 12px; font-weight: 600; color: rgb(0, 120, 212); transition: all .2s ease;"[31m
              [36m>[31m
                [0mMikro Kod: [0m
                [0mCARI-001[0m
              [36m</span>[31m
            [36m</div>[31m
          [36m</div>[31m
          [36m<div[31m
            [33mstyle[31m=[32m"margin-top: 20px; padding-top: 20px; border-top: 1px solid rgb(51, 51, 51);"[31m
          [36m>[31m
            [36m<h4[31m
              [33mstyle[31m=[32m"font-size: 14px; font-weight: 600; color: rgb(243, 244, 246); margin-bottom: 12px;"[31m
            [36m>[31m
              [0mKi┼şiler ([0m
              [0m0[0m
              [0m)[0m
            [36m</h4>[31m
            [36m<div[31m
              [33mstyle[31m=[32m"font-size: 12px; color: rgb(198, 198, 198);"[31m
            [36m>[31m
              [0mHen├╝z ki┼şi eklenmemi┼ş[0m
            [36m</div>[31m
          [36m</div>[31m
        [36m</div>[31m
      [36m</div>[31m
    [36m</div>[31m
  [36m</div>[31m
[36m</body>[31m

Ignored nodes: comments, script, style
[36m<html[31m
  [33mdata-ui-theme[31m=[32m"dark"[31m
  [33mstyle[31m=[32m"--bg-main: #121212; --bg-surface: #1E1E1E; --bg-elevated: #242424; --bg-card: #1E1E1E; --bg-card-hover: #242424; --bg-overlay: rgba(18,18,18,0.95); --bg-subtle: #242424; --primary: #0078D4; --primary-hover: #005A9E; --primary-rgb: 0,120,212; --primary-glow: rgba(0,120,212,0.20); --accent: #005A9E; --accent-hover: #005A9E; --accent-glow: rgba(0,90,158,0.24); --success: #10B981; --warning: #F59E0B; --danger: #EF4444; --danger-hover: #EF4444; --text-main: #F3F4F6; --text-muted: #C6C6C6; --text-dim: #C6C6C6; --border: #333333; --border-highlight: #A0A0A0; --titlebar-bg: #0078D4; --titlebar-text: #FFFFFF; --titlebar-close: #E81123; --radius-sm: 0px; --radius-md: 0px; --radius-lg: 0px; --radius-xl: 0px; --shadow-card: 0 1px 2px rgba(0,0,0,0.3); --shadow-elevated: 0 2px 4px rgba(0,0,0,0.4); --shadow-glow: 0 4px 8px rgba(0,0,0,0.5); --font-heading: \"Segoe UI\", system-ui, sans-serif; --font-body: \"Segoe UI\", system-ui, sans-serif; --font-mono: \"JetBrains Mono\", \"Cascadia Code\", Consolas, monospace;"[31m
[36m>[31m
  [36m<head />[31m
  [36m<body>[31m
    [36m<div>[31m
      [36m<div[31m
        [33mstyle[31m=[32m"display: grid; grid-template-columns: 1fr 1fr; gap: 20px;"[31m
      [36m>[31m
        [36m<div[31m
          [33mclass[31m=[32m"shared-card"[31m
        [36m>[31m
          [36m<div[31m
            [33mclass[31m=[32m"shared-card-header"[31m
          [36m>[31m
            [36m<div[31m
              [33mclass[31m=[32m"shared-card-heading"[31m
            [36m>[31m
              [36m<div[31m
                [33mclass[31m=[32m"shared-card-title-wrap"[31m
              [36m>[31m
                [36m<span[31m
                  [33mclass[31m=[32m"shared-card-title"[31m
                [36m>[31m
                  [0mCari Hesaplar[0m
                [36m</span>[31m
                [36m<span[31m
                  [33mclass[31m=[32m"shared-card-subtitle"[31m
                [36m>[31m
                  [0m1 aktif hesap[0m
                [36m</span>[31m
              [36m</div>[31m
            [36m</div>[31m
            [36m<div[31m
              [33mclass[31m=[32m"shared-card-actions"[31m
            [36m>[31m
              [36m<button[31m
                [33maria-disabled[31m=[32m"false"[31m
                [33mstyle[31m=[32m"font-family: \"Segoe UI\", system-ui, sans-serif; font-weight: 600; border-radius: 0; border: 1px solid transparent; cursor: pointer; display: inline-flex; align-items: center; justify-content: center; gap: 8px; transition: all .15s ease; opacity: 1; width: auto; white-space: nowrap; position: relative; transform: translateY(0); letter-spacing: 0.01em; padding: 8px 12px; font-size: 11px; min-height: 40px; min-width: 40px; background: linear-gradient(135deg, #0078D4, #005A9E); color: rgb(255, 255, 255); box-shadow: 0 2px 10px rgba(0,0,0,0.35);"[31m
                [33mtype[31m=[32m"button"[31m
              [36m>[31m
                [0m+ Yeni Cari[0m
              [36m</button>[31m
            [36m</div>[31m
          [36m</div>[31m
          [36m<div[31m
            [33mclass[31m=[32m"shared-card-body has-header"[31m
          [36m>[31m
            [36m<div[31m
              [33mstyle[31m=[32m"max-height: 600px; overflow-y: auto;"[31m
            [36m>[31m
              [36m<div[31m
                [33mstyle[31m=[32m"padding: 12px; border-bottom: 1px solid rgb(51, 51, 51); cursor: pointer; transition: background 0.2s ease; background: rgba(0, 120, 212, 0.05);"[31m
              [36m>[31m
                [36m<div[31m
                  [33mstyle[31m=[32m"font-weight: 600; font-size: 14px; color: rgb(243, 244, 246); margin-bottom: 4px;"[31m
                [36m>[31m
                  [0mDemo Cari[0m
                [36m</div>[31m
                [36m<div[31m
                  [33mstyle[31m=[32m"font-size: 12px; color: rgb(198, 198, 198); display: flex; gap: 12px;"[31m
                [36m>[31m
                  [36m<span>[31m
                    [0mVKN: [0m
                    [0m1234567890[0m
                  [36m</span>[31m
                  [36m<span>[31m
                    [0mMikro: [0m
                    [0mCARI-001[0m
                  [36m</span>[31m
                [36m</div>[31m
              [36m</div>[31m
            [36m</div>[31m
          [36m</div>[31m
        [36m</div>[31m
        [36m<div[31m
          [33mclass[31m=[32m"shared-card"[31m
        [36m>[31m
          [36m<div[31m
            [33mclass[31m=[32m"shared-card-header"[31m
          [36m>[31m
            [36m<div[31m
              [33mclass[31m=[32m"shared-card-heading"[31m
            [36m>[31m
              [36m<div[31m
                [33mclass[31m=[32m"shared-card-title-wrap"[31m
              [36m>[31m
                [36m<span[31m
                  [33mclass[31m=[32m"shared-card-title"[31m
                [36m>[31m
                  [0mDemo Cari[0m
                [36m</span>[31m
                [36m<span[31m
                  [33mclass[31m=[32m"shared-card-subtitle"[31m
                [36m>[31m
                  [0mCari Detay─▒[0m
                [36m</span>[31m
              [36m</div>[31m
            [36m</div>[31m
          [36m</div>[31m
          [36m<div[31m
            [33mclass[31m=[32m"shared-card-body has-header"[31m
          [36m>[31m
            [36m<div[31m
              [33mstyle[31m=[32m"font-size: 13px; line-height: 1.8;"[31m
            [36m>[31m
              [36m<div>[31m
                [36m<span[31m
                  [33mstyle[31m=[32m"color: rgb(198, 198, 198); font-weight: 500;"[31m
                [36m>[31m
                  [0mVKN:[0m
                [36m</span>[31m
                [0m [0m
                [36m<span[31m
                  [33mstyle[31m=[32m"color: rgb(243, 244, 246);"[31m
                [36m>[31m
                  [0m1234567890[0m
                [36m</span>[31m
              [36m</div>[31m
              [36m<div>[31m
                [36m<span[31m
                  [33mstyle[31m=[32m"color: rgb(198, 198, 198); font-weight: 500;"[31m
                [36m>[31m
                  [0mTelefon:[0m
                [36m</span>[31m
                [0m [0m
                [36m<span[31m
                  [33mstyle[31m=[32m"color: rgb(243, 244, 246);"[31m
                [36m>[31m
                  [0m0212 000 00 00[0m
                [36m</span>[31m
              [36m</div>[31m
              [36m<div[31m
                [33mstyle[31m=[32m"margin-top: 12px; padding-top: 12px; border-top: 1px solid rgb(51, 51, 51); display: flex; gap: 8px; flex-wrap: wrap;"[31m
              [36m>[31m
                [36m<span[31m
                  [33mstyle[31m=[32m"display: inline-flex; align-items: center; gap: 4px; padding: 4px 12px; background: rgba(167, 139, 250, 0.15); border: 1px solid rgba(167, 139, 250, 0.35); font-size: 12px; font-weight: 600; color: rgb(0, 120, 212); transition: all .2s ease;"[31m
                [36m>[31m
                  [0mMikro Kod: [0m
                  [0mCARI-001[0m
                [36m</span>[31m
              [36m</div>[31m
            [36m</div>[31m
            [36m<div[31m
              [33mstyle[31m=[32m"margin-top: 20px; padding-top: 20px; border-top: 1px solid rgb(51, 51, 51);"[31m
            [36m>[31m
              [36m<h4[31m
                [33mstyle[31m=[32m"font-size: 14px; font-weight: 600; color: rgb(243, 244, 246); margin-bottom: 12px;"[31m
              [36m>[31m
                [0mKi┼şiler ([0m
                [0m0[0m
                [0m)[0m
              [36m</h4>[31m
              [36m<div[31m
                [33mstyle[31m=[32m"font-size: 12px; color: rgb(198, 198, 198);"[31m
              [36m>[31m
                [0mHen├╝z ki┼şi eklenmemi┼ş[0m
              [36m</div>[31m
            [36m</div>[31m
          [36m</div>[31m
        [36m</div>[31m
      [36m</div>[31m
    [36m</div>[31m
  [36m</body>[31m
[36m</html>[31m[39m

ÔÄ»ÔÄ»ÔÄ»ÔÄ»ÔÄ»ÔÄ» Failed Suites 1 ÔÄ»ÔÄ»ÔÄ»ÔÄ»ÔÄ»ÔÄ»ÔÄ»

 FAIL  src/features/Grid/OrderOptimizationGrid.test.tsx [ src/features/Grid/OrderOptimizationGrid.test.tsx ]
Error: Failed to resolve import "../Orders/OrderEditor/workbenchUtils" from "src/features/Grid/OrderOptimizationGrid.test.tsx". Does the file exist?
  Plugin: vite:import-analysis
  File: C:/optiplan360_project/frontend/src/features/Grid/OrderOptimizationGrid.test.tsx:4:31
  2  |  import { render, screen } from "@testing-library/react";
  3  |  import { describe, expect, it, vi } from "vitest";
  4  |  import { createMockRows } from "../Orders/OrderEditor/workbenchUtils";
     |                                  ^
  5  |  import { OrderOptimizationGrid } from "../Orders/OrderOptimization/OrderOptimizationGrid";
  6  |  describe("OrderOptimizationGrid", () => {
 ÔØ» TransformPluginContext._formatError node_modules/vite/dist/node/chunks/dep-BK3b2jBa.js:49258:41
 ÔØ» TransformPluginContext.error node_modules/vite/dist/node/chunks/dep-BK3b2jBa.js:49253:16
 ÔØ» normalizeUrl node_modules/vite/dist/node/chunks/dep-BK3b2jBa.js:64307:23
 ÔØ» node_modules/vite/dist/node/chunks/dep-BK3b2jBa.js:64439:39
 ÔØ» TransformPluginContext.transform node_modules/vite/dist/node/chunks/dep-BK3b2jBa.js:64366:7
 ÔØ» PluginContainer.transform node_modules/vite/dist/node/chunks/dep-BK3b2jBa.js:49099:18
 ÔØ» loadAndTransform node_modules/vite/dist/node/chunks/dep-BK3b2jBa.js:51978:27

ÔÄ»ÔÄ»ÔÄ»ÔÄ»ÔÄ»ÔÄ»ÔÄ»ÔÄ»ÔÄ»ÔÄ»ÔÄ»ÔÄ»ÔÄ»ÔÄ»ÔÄ»ÔÄ»ÔÄ»ÔÄ»ÔÄ»ÔÄ»ÔÄ»ÔÄ»ÔÄ»[1/38]ÔÄ»


ÔÄ»ÔÄ»ÔÄ»ÔÄ»ÔÄ»ÔÄ» Failed Tests 37 ÔÄ»ÔÄ»ÔÄ»ÔÄ»ÔÄ»ÔÄ»ÔÄ»

 FAIL  src/features/CardManagement/CariKartiPage.test.tsx > CariKartiPage > coklu adres ve yetkili blokajlarini sayfa seviyesinde gosterir
 FAIL  src/features/CardManagement/CariKartiPage.test.tsx > CariKartiPage > 6-state durum secicisi render edilir
 FAIL  src/features/CardManagement/CariKartiPage.test.tsx > CariKartiPage > Pasife Al butonu render edilir
 FAIL  src/features/CardManagement/CariKartiPage.test.tsx > CariKartiPage > Tarihce butonu render edilir
 FAIL  src/features/CRM/TeklifFisiPage.test.tsx > TeklifFisiPage > bagimsiz teklif fisi sayfasini, quote detayini ve teknik aktarim panelini gosterir
 FAIL  src/features/CRM/TeklifFisiPage.test.tsx > TeklifFisiPage > teklif detayinda gecerlilik, bos satir ve cari esleme uyarilarini gorunur tasir
 FAIL  src/features/CRM/TeklifFisiPage.test.tsx > TeklifFisiPage > teknik panelde entegrasyon hata kodunu ve retry oranini gosterir
 FAIL  src/features/CRM/TeklifFisiPage.test.tsx > TeklifFisiPage > teklif listesinde durum filtresini dogrulanmis status sozlugune gore uygular
 FAIL  src/features/CRM/TeklifFisiPage.test.tsx > TeklifFisiPage > teklif olusturma secicisi cari teknik kodunu yuzey etiketi olarak gostermez
 FAIL  src/features/CRM/TeklifFisiPage.test.tsx > TeklifFisiPage > teklif olusturma modalinde dogrulanan satir alanlarini payload olarak gonderir
 FAIL  src/features/CRM/TeklifFisiPage.test.tsx > TeklifFisiPage > teklif olusturma modalinde negatif header iskonto icin create cagrisi yapmaz
 FAIL  src/features/CRM/TeklifFisiPage.test.tsx > TeklifFisiPage > teklif olusturma modalinde para birimi alani TRY varsayilan ile render edilir
 FAIL  src/features/CRM/TeklifFisiPage.test.tsx > TeklifFisiPage > teklif olusturma modalinde gecerlilik ve cari esleme uyarisini onceden gosterir
Error: Element type is invalid: expected a string (for built-in components) or a class/function (for composite components) but got: undefined. You likely forgot to export your component from the file it's defined in, or you might have mixed up default and named imports.

Check the render method of `ModuleSurfacePanelCard`.
 ÔØ» createFiberFromTypeAndProps node_modules/react-dom/cjs/react-dom.development.js:28478:17
 ÔØ» createFiberFromElement node_modules/react-dom/cjs/react-dom.development.js:28504:15
 ÔØ» reconcileSingleElement node_modules/react-dom/cjs/react-dom.development.js:13986:23
 ÔØ» reconcileChildFibers node_modules/react-dom/cjs/react-dom.development.js:14044:35
 ÔØ» reconcileChildren node_modules/react-dom/cjs/react-dom.development.js:19186:28
 ÔØ» updateHostComponent node_modules/react-dom/cjs/react-dom.development.js:19953:3
 ÔØ» beginWork node_modules/react-dom/cjs/react-dom.development.js:21657:14
 ÔØ» beginWork$1 node_modules/react-dom/cjs/react-dom.development.js:27465:14
 ÔØ» performUnitOfWork node_modules/react-dom/cjs/react-dom.development.js:26599:12
 ÔØ» workLoopSync node_modules/react-dom/cjs/react-dom.development.js:26505:5

ÔÄ»ÔÄ»ÔÄ»ÔÄ»ÔÄ»ÔÄ»ÔÄ»ÔÄ»ÔÄ»ÔÄ»ÔÄ»ÔÄ»ÔÄ»ÔÄ»ÔÄ»ÔÄ»ÔÄ»ÔÄ»ÔÄ»ÔÄ»ÔÄ»ÔÄ»ÔÄ»[2/38]ÔÄ»

 FAIL  src/features/CRM/AccountsTab.test.tsx > AccountsTab > secili cari icin readonly teknik paneli doldurur
TestingLibraryElementError: Unable to find an element with the text: Vergi ve Resmi Bilgiler. This could be because the text is broken up by multiple elements. In this case, you can provide a function for your text matcher to make your matcher more flexible.

Ignored nodes: comments, script, style
<body>
  <div>
    <div
      style="display: grid; grid-template-columns: 1fr 1fr; gap: 20px;"
    >
      <div
        class="shared-card"
      >
        <div
          class="shared-card-header"
        >
          <div
            class="shared-card-heading"
          >
            <div
              class="shared-card-title-wrap"
            >
              <span
                class="shared-card-title"
              >
                Cari Hesaplar
              </span>
              <span
                class="shared-card-subtitle"
              >
                1 aktif hesap
              </span>
            </div>
          </div>
          <div
            class="shared-card-actions"
          >
            <button
              aria-disabled="false"
              style="font-family: \"Segoe UI\", system-ui, sans-serif; font-weight: 600; border-radius: 0; border: 1px solid transparent; cursor: pointer; display: inline-flex; align-items: center; justify-content: center; gap: 8px; transition: all .15s ease; opacity: 1; width: auto; white-space: nowrap; position: relative; transform: translateY(0); letter-spacing: 0.01em; padding: 8px 12px; font-size: 11px; min-height: 40px; min-width: 40px; background: linear-gradient(135deg, #0078D4, #005A9E); color: rgb(255, 255, 255); box-shadow: 0 2px 10px rgba(0,0,0,0.35);"
              type="button"
            >
              + Yeni Cari
            </button>
          </div>
        </div>
        <div
          class="shared-card-body has-header"
        >
          <div
            style="max-height: 600px; overflow-y: auto;"
          >
            <div
              style="padding: 12px; border-bottom: 1px solid rgb(51, 51, 51); cursor: pointer; transition: background 0.2s ease; background: rgba(0, 120, 212, 0.05);"
            >
              <div
                style="font-weight: 600; font-size: 14px; color: rgb(243, 244, 246); margin-bottom: 4px;"
              >
                Demo Cari
              </div>
              <div
                style="font-size: 12px; color: rgb(198, 198, 198); display: flex; gap: 12px;"
              >
                <span>
                  VKN: 
                  1234567890
                </span>
                <span>
                  Mikro: 
                  CARI-001
                </span>
              </div>
            </div>
          </div>
        </div>
      </div>
      <div
        class="shared-card"
      >
        <div
          class="shared-card-header"
        >
          <div
            class="shared-card-heading"
          >
            <div
              class="shared-card-title-wrap"
            >
              <span
                class="shared-card-title"
              >
                Demo Cari
              </span>
              <span
                class="shared-card-subtitle"
              >
                Cari Detay─▒
              </span>
            </div>
          </div>
        </div>
        <div
          class="shared-card-body has-header"
        >
          <div
            style="font-size: 13px; line-height: 1.8;"
          >
            <div>
              <span
                style="color: rgb(198, 198, 198); font-weight: 500;"
              >
                VKN:
              </span>
               
              <span
                style="color: rgb(243, 244, 246);"
              >
                1234567890
              </span>
            </div>
            <div>
              <span
                style="color: rgb(198, 198, 198); font-weight: 500;"
              >
                Telefon:
              </span>
               
              <span
                style="color: rgb(243, 244, 246);"
              >
                0212 000 00 00
              </span>
            </div>
            <div
              style="margin-top: 12px; padding-top: 12px; border-top: 1px solid rgb(51, 51, 51); display: flex; gap: 8px; flex-wrap: wrap;"
            >
              <span
                style="display: inline-flex; align-items: center; gap: 4px; padding: 4px 12px; background: rgba(167, 139, 250, 0.15); border: 1px solid rgba(167, 139, 250, 0.35); font-size: 12px; font-weight: 600; color: rgb(0, 120, 212); transition: all .2s ease;"
              >
                Mikro Kod: 
                CARI-001
              </span>
            </div>
          </div>
          <div
            style="margin-top: 20px; padding-top: 20px; border-top: 1px solid rgb(51, 51, 51);"
          >
            <h4
              style="font-size: 14px; font-weight: 600; color: rgb(243, 244, 246); margin-bottom: 12px;"
            >
              Ki┼şiler (
              0
              )
            </h4>
            <div
              style="font-size: 12px; color: rgb(198, 198, 198);"
            >
              Hen├╝z ki┼şi eklenmemi┼ş
            </div>
          </div>
        </div>
      </div>
    </div>
  </div>
</body>

Ignored nodes: comments, script, style
<html
  data-ui-theme="dark"
  style="--bg-main: #121212; --bg-surface: #1E1E1E; --bg-elevated: #242424; --bg-card: #1E1E1E; --bg-card-hover: #242424; --bg-overlay: rgba(18,18,18,0.95); --bg-subtle: #242424; --primary: #0078D4; --primary-hover: #005A9E; --primary-rgb: 0,120,212; --primary-glow: rgba(0,120,212,0.20); --accent: #005A9E; --accent-hover: #005A9E; --accent-glow: rgba(0,90,158,0.24); --success: #10B981; --warning: #F59E0B; --danger: #EF4444; --danger-hover: #EF4444; --text-main: #F3F4F6; --text-muted: #C6C6C6; --text-dim: #C6C6C6; --border: #333333; --border-highlight: #A0A0A0; --titlebar-bg: #0078D4; --titlebar-text: #FFFFFF; --titlebar-close: #E81123; --radius-sm: 0px; --radius-md: 0px; --radius-lg: 0px; --radius-xl: 0px; --shadow-card: 0 1px 2px rgba(0,0,0,0.3); --shadow-elevated: 0 2px 4px rgba(0,0,0,0.4); --shadow-glow: 0 4px 8px rgba(0,0,0,0.5); --font-heading: \"Segoe UI\", system-ui, sans-serif; --font-body: \"Segoe UI\", system-ui, sans-serif; --font-mono: \"JetBrains Mono\", \"Cascadia Code\", Consolas, monospace;"
>
  <head />
  <body>
    <div>
      <div
        style="display: grid; grid-template-columns: 1fr 1fr; gap: 20px;"
      >
        <div
          class="shared-card"
        >
          <div
            class="shared-card-header"
          >
            <div
              class="shared-card-heading"
            >
              <div
                class="shared-card-title-wrap"
              >
                <span
                  class="shared-card-title"
                >
                  Cari Hesaplar
                </span>
                <span
                  class="shared-card-subtitle"
                >
                  1 aktif hesap
                </span>
              </div>
            </div>
            <div
              class="shared-card-actions"
            >
              <button
                aria-disabled="false"
                style="font-family: \"Segoe UI\", system-ui, sans-serif; font-weight: 600; border-radius: 0; border: 1px solid transparent; cursor: pointer; display: inline-flex; align-items: center; justify-content: center; gap: 8px; transition: all .15s ease; opacity: 1; width: auto; white-space: nowrap; position: relative; transform: translateY(0); letter-spacing: 0.01em; padding: 8px 12px; font-size: 11px; min-height: 40px; min-width: 40px; background: linear-gradient(135deg, #0078D4, #005A9E); color: rgb(255, 255, 255); box-shadow: 0 2px 10px rgba(0,0,0,0.35);"
                type="button"
              >
                + Yeni Cari
              </button>
            </div>
          </div>
          <div
            class="shared-card-body has-header"
          >
            <div
              style="max-height: 600px; overflow-y: auto;"
            >
              <div
                style="padding: 12px; border-bottom: 1px solid rgb(51, 51, 51); cursor: pointer; transition: background 0.2s ease; background: rgba(0, 120, 212, 0.05);"
              >
                <div
                  style="font-weight: 600; font-size: 14px; color: rgb(243, 244, 246); margin-bottom: 4px;"
                >
                  Demo Cari
                </div>
                <div
                  style="font-size: 12px; color: rgb(198, 198, 198); display: flex; gap: 12px;"
                >
                  <span>
                    VKN: 
                    1234567890
                  </span>
                  <span>
                    Mikro: 
                    CARI-001
                  </span>
                </div>
              </div>
            </div>
          </div>
        </div>
        <div
          class="shared-card"
        >
          <div
            class="shared-card-header"
          >
            <div
              class="shared-card-heading"
            >
              <div
                class="shared-card-title-wrap"
              >
                <span
                  class="shared-card-title"
                >
                  Demo Cari
                </span>
                <span
                  class="shared-card-subtitle"
                >
                  Cari Detay─▒
                </span>
              </div>
            </div>
          </div>
          <div
            class="shared-card-body has-header"
          >
            <div
              style="font-size: 13px; line-height: 1.8;"
            >
              <div>
                <span
                  style="color: rgb(198, 198, 198); font-weight: 500;"
                >
                  VKN:
                </span>
                 
                <span
                  style="color: rgb(243, 244, 246);"
                >
                  1234567890
                </span>
              </div>
              <div>
                <span
                  style="color: rgb(198, 198, 198); font-weight: 500;"
                >
                  Telefon:
                </span>
                 
                <span
                  style="color: rgb(243, 244, 246);"
                >
                  0212 000 00 00
                </span>
              </div>
              <div
                style="margin-top: 12px; padding-top: 12px; border-top: 1px solid rgb(51, 51, 51); display: flex; gap: 8px; flex-wrap: wrap;"
              >
                <span
                  style="display: inline-flex; align-items: center; gap: 4px; padding: 4px 12px; background: rgba(167, 139, 250, 0.15); border: 1px solid rgba(167, 139, 250, 0.35); font-size: 12px; font-weight: 600; color: rgb(0, 120, 212); transition: all .2s ease;"
                >
                  Mikro Kod: 
                  CARI-001
                </span>
              </div>
            </div>
            <div
              style="margin-top: 20px; padding-top: 20px; border-top: 1px solid rgb(51, 51, 51);"
            >
              <h4
                style="font-size: 14px; font-weight: 600; color: rgb(243, 244, 246); margin-bottom: 12px;"
              >
                Ki┼şiler (
                0
                )
              </h4>
              <div
                style="font-size: 12px; color: rgb(198, 198, 198);"
              >
                Hen├╝z ki┼şi eklenmemi┼ş
              </div>
            </div>
          </div>
        </div>
      </div>
    </div>
  </body>
</html>
 ÔØ» Proxy.waitForWrapper node_modules/@testing-library/dom/dist/wait-for.js:163:27
 ÔØ» src/features/CRM/AccountsTab.test.tsx:130:11
    128|     fireEvent.click(screen.getAllByText("Demo Cari")[0]);
    129| 
    130|     await waitFor(() => {
       |           ^
    131|       expect(screen.getByText("Vergi ve Resmi Bilgiler")).toBeInTheDocÔÇĞ
    132|       expect(screen.getByText("Adresler")).toBeInTheDocument();

ÔÄ»ÔÄ»ÔÄ»ÔÄ»ÔÄ»ÔÄ»ÔÄ»ÔÄ»ÔÄ»ÔÄ»ÔÄ»ÔÄ»ÔÄ»ÔÄ»ÔÄ»ÔÄ»ÔÄ»ÔÄ»ÔÄ»ÔÄ»ÔÄ»ÔÄ»ÔÄ»[3/38]ÔÄ»

 FAIL  src/features/CRM/AccountsTab.test.tsx > AccountsTab > create modalinda sifir numeric alanlari payload'a korur
TestingLibraryElementError: Unable to find a label with the text of: Kredi Limiti

Ignored nodes: comments, script, style
<body>
  <div>
    <div
      style="display: grid; grid-template-columns: 1fr; gap: 20px;"
    >
      <div
        class="shared-card"
      >
        <div
          class="shared-card-header"
        >
          <div
            class="shared-card-heading"
          >
            <div
              class="shared-card-title-wrap"
            >
              <span
                class="shared-card-title"
              >
                Cari Hesaplar
              </span>
              <span
                class="shared-card-subtitle"
              >
                1 aktif hesap
              </span>
            </div>
          </div>
          <div
            class="shared-card-actions"
          >
            <button
              aria-disabled="false"
              style="font-family: \"Segoe UI\", system-ui, sans-serif; font-weight: 600; border-radius: 0; border: 1px solid transparent; cursor: pointer; display: inline-flex; align-items: center; justify-content: center; gap: 8px; transition: all .15s ease; opacity: 1; width: auto; white-space: nowrap; position: relative; transform: translateY(0); letter-spacing: 0.01em; padding: 8px 12px; font-size: 11px; min-height: 40px; min-width: 40px; background: linear-gradient(135deg, #0078D4, #005A9E); color: rgb(255, 255, 255); box-shadow: 0 2px 10px rgba(0,0,0,0.35);"
              type="button"
            >
              + Yeni Cari
            </button>
          </div>
        </div>
        <div
          class="shared-card-body has-header"
        >
          <div
            style="max-height: 600px; overflow-y: auto;"
          >
            <div
              style="padding: 12px; border-bottom: 1px solid rgb(51, 51, 51); cursor: pointer; background: transparent; transition: background 0.2s ease;"
            >
              <div
                style="font-weight: 600; font-size: 14px; color: rgb(243, 244, 246); margin-bottom: 4px;"
              >
                Demo Cari
              </div>
              <div
                style="font-size: 12px; color: rgb(198, 198, 198); display: flex; gap: 12px;"
              >
                <span>
                  VKN: 
                  1234567890
                </span>
                <span>
                  Mikro: 
                  CARI-001
                </span>
              </div>
            </div>
          </div>
        </div>
      </div>
    </div>
    <div
      aria-hidden="true"
      role="presentation"
      style="position: fixed; inset: 0; background: rgba(0, 0, 0, 0.55); display: flex; align-items: center; justify-content: center; z-index: 1400; animation: modalBgIn .2s ease;"
    />
    <div
      aria-describedby="create-account-modal-subtitle"
      aria-labelledby="create-account-modal-title"
      aria-modal="true"
      role="dialog"
      style="position: fixed; inset: 0; display: flex; align-items: center; justify-content: center; z-index: 1401; pointer-events: none;"
    >
      <div
        style="border: 1px solid rgb(51, 51, 51); width: 90%; max-width: 700px; max-height: 85vh; overflow-y: auto; animation: modalSlideIn .25s cubic-bezier(.22,1,.36,1); pointer-events: auto;"
      >
        <div
          style="padding: 20px 24px; border-bottom: 1px solid rgb(51, 51, 51); display: flex; align-items: flex-start; justify-content: space-between; gap: 16px;"
        >
          <div
            style="flex: 1 1 0%;"
          >
            <h2
              id="create-account-modal-title"
              style="margin: 0px; font-size: 18px; font-weight: 700; color: rgb(243, 244, 246);"
            >
              Yeni Cari Olu┼ştur
            </h2>
            <p
              id="create-account-modal-subtitle"
              style="margin: 6px 0px 0px; font-size: 13px; color: rgb(198, 198, 198);"
            >
              Temel bilgileri girin
            </p>
          </div>
          <button
            aria-label="Kapat"
            style="width: 48px; height: 48px; min-width: 48px; border-radius: 0; background: transparent; font-size: 24px; cursor: pointer; color: rgb(198, 198, 198); line-height: 1; display: flex; align-items: center; justify-content: center; transition: all .15s ease; padding: 0px;"
            type="button"
          >
            X
          </button>
        </div>
        <div
          style="padding: 24px;"
        >
          <form
            style="padding: 10px 0px; display: grid; grid-template-columns: 1fr 1fr; gap: 24px;"
          >
            <div
              style="display: flex; flex-direction: column; gap: 16px;"
            >
              <h4
                style="margin: 0px; font-size: 14px; font-weight: 600; color: rgb(0, 120, 212); border-bottom: 1px solid rgb(51, 51, 51); padding-bottom: 8px;"
              >
                Firma ve ─░leti┼şim Bilgileri
              </h4>
              <div
                style="display: flex; flex-direction: column; gap: 6px;"
              >
                <label
                  style="font-size: 13px; font-weight: 600; color: rgb(243, 244, 246); display: flex; align-items: center; gap: 4px;"
                >
                  Firma Ad─▒
                  <span
                    style="color: rgb(239, 68, 68); font-size: 16p...
 ÔØ» Object.getElementError node_modules/@testing-library/dom/dist/config.js:37:19
 ÔØ» getAllByLabelText node_modules/@testing-library/dom/dist/queries/label-text.js:111:38
 ÔØ» node_modules/@testing-library/dom/dist/query-helpers.js:52:17
 ÔØ» node_modules/@testing-library/dom/dist/query-helpers.js:95:19
 ÔØ» src/features/CRM/AccountsTab.test.tsx:164:29
    162| 
    163|     fireEvent.change(screen.getByLabelText("Firma Ad─▒"), { target: { vÔÇĞ
    164|     fireEvent.change(screen.getByLabelText("Kredi Limiti"), { target: ÔÇĞ
       |                             ^
    165|     fireEvent.change(screen.getByLabelText("Vade (Gun)"), { target: { ÔÇĞ
    166|     fireEvent.change(screen.getByLabelText("Plaka Birim Fiyat (TL)"), ÔÇĞ

ÔÄ»ÔÄ»ÔÄ»ÔÄ»ÔÄ»ÔÄ»ÔÄ»ÔÄ»ÔÄ»ÔÄ»ÔÄ»ÔÄ»ÔÄ»ÔÄ»ÔÄ»ÔÄ»ÔÄ»ÔÄ»ÔÄ»ÔÄ»ÔÄ»ÔÄ»ÔÄ»[4/38]ÔÄ»

 FAIL  src/features/CRM/AccountsTab.test.tsx > AccountsTab > filtreleri backend liste cagrisina tasir
TestingLibraryElementError: Unable to find role="button" and name "Hesap Tipi Filtre"

Ignored nodes: comments, script, style
<body>
  <div>
    <div
      style="display: grid; grid-template-columns: 1fr; gap: 20px;"
    >
      <div
        class="shared-card"
      >
        <div
          class="shared-card-header"
        >
          <div
            class="shared-card-heading"
          >
            <div
              class="shared-card-title-wrap"
            >
              <span
                class="shared-card-title"
              >
                Cari Hesaplar
              </span>
              <span
                class="shared-card-subtitle"
              >
                1 aktif hesap
              </span>
            </div>
          </div>
          <div
            class="shared-card-actions"
          >
            <button
              aria-disabled="false"
              style="font-family: \"Segoe UI\", system-ui, sans-serif; font-weight: 600; border-radius: 0; border: 1px solid transparent; cursor: pointer; display: inline-flex; align-items: center; justify-content: center; gap: 8px; transition: all .15s ease; opacity: 1; width: auto; white-space: nowrap; position: relative; transform: translateY(0); letter-spacing: 0.01em; padding: 8px 12px; font-size: 11px; min-height: 40px; min-width: 40px; background: linear-gradient(135deg, #0078D4, #005A9E); color: rgb(255, 255, 255); box-shadow: 0 2px 10px rgba(0,0,0,0.35);"
              type="button"
            >
              + Yeni Cari
            </button>
          </div>
        </div>
        <div
          class="shared-card-body has-header"
        >
          <div
            style="max-height: 600px; overflow-y: auto;"
          >
            <div
              style="padding: 12px; border-bottom: 1px solid rgb(51, 51, 51); cursor: pointer; background: transparent; transition: background 0.2s ease;"
            >
              <div
                style="font-weight: 600; font-size: 14px; color: rgb(243, 244, 246); margin-bottom: 4px;"
              >
                Demo Cari
              </div>
              <div
                style="font-size: 12px; color: rgb(198, 198, 198); display: flex; gap: 12px;"
              >
                <span>
                  VKN: 
                  1234567890
                </span>
                <span>
                  Mikro: 
                  CARI-001
                </span>
              </div>
            </div>
          </div>
        </div>
      </div>
    </div>
  </div>
</body>

Ignored nodes: comments, script, style
<html
  data-ui-theme="dark"
  style="--bg-main: #121212; --bg-surface: #1E1E1E; --bg-elevated: #242424; --bg-card: #1E1E1E; --bg-card-hover: #242424; --bg-overlay: rgba(18,18,18,0.95); --bg-subtle: #242424; --primary: #0078D4; --primary-hover: #005A9E; --primary-rgb: 0,120,212; --primary-glow: rgba(0,120,212,0.20); --accent: #005A9E; --accent-hover: #005A9E; --accent-glow: rgba(0,90,158,0.24); --success: #10B981; --warning: #F59E0B; --danger: #EF4444; --danger-hover: #EF4444; --text-main: #F3F4F6; --text-muted: #C6C6C6; --text-dim: #C6C6C6; --border: #333333; --border-highlight: #A0A0A0; --titlebar-bg: #0078D4; --titlebar-text: #FFFFFF; --titlebar-close: #E81123; --radius-sm: 0px; --radius-md: 0px; --radius-lg: 0px; --radius-xl: 0px; --shadow-card: 0 1px 2px rgba(0,0,0,0.3); --shadow-elevated: 0 2px 4px rgba(0,0,0,0.4); --shadow-glow: 0 4px 8px rgba(0,0,0,0.5); --font-heading: \"Segoe UI\", system-ui, sans-serif; --font-body: \"Segoe UI\", system-ui, sans-serif; --font-mono: \"JetBrains Mono\", \"Cascadia Code\", Consolas, monospace;"
>
  <head />
  <body>
    <div>
      <div
        style="display: grid; grid-template-columns: 1fr; gap: 20px;"
      >
        <div
          class="shared-card"
        >
          <div
            class="shared-card-header"
          >
            <div
              class="shared-card-heading"
            >
              <div
                class="shared-card-title-wrap"
              >
                <span
                  class="shared-card-title"
                >
                  Cari Hesaplar
                </span>
                <span
                  class="shared-card-subtitle"
                >
                  1 aktif hesap
                </span>
              </div>
            </div>
            <div
              class="shared-card-actions"
            >
              <button
                aria-disabled="false"
                style="font-family: \"Segoe UI\", system-ui, sans-serif; font-weight: 600; border-radius: 0; border: 1px solid transparent; cursor: pointer; display: inline-flex; align-items: center; justify-content: center; gap: 8px; transition: all .15s ease; opacity: 1; width: auto; white-space: nowrap; position: relative; transform: translateY(0); letter-spacing: 0.01em; padding: 8px 12px; font-size: 11px; min-height: 40px; min-width: 40px; background: linear-gradient(135deg, #0078D4, #005A9E); color: rgb(255, 255, 255); box-shadow: 0 2px 10px rgba(0,0,0,0.35);"
                type="button"
              >
                + Yeni Cari
              </button>
            </div>
          </div>
          <div
            class="shared-card-body has-header"
          >
            <div
              style="max-height: 600px; overflow-y: auto;"
            >
              <div
                style="padding: 12px; border-bottom: 1px solid rgb(51, 51, 51); cursor: pointer; background: transparent; transition: background 0.2s ease;"
              >
                <div
                  style="font-weight: 600; font-size: 14px; color: rgb(243, 244, 246); margin-bottom: 4px;"
                >
                  Demo Cari
                </div>
                <div
                  style="font-size: 12px; color: rgb(198, 198, 198); display: flex; gap: 12px;"
                >
                  <span>
                    VKN: 
                    1234567890
                  </span>
                  <span>
                    Mikro: 
                    CARI-001
                  </span>
                </div>
              </div>
            </div>
          </div>
        </div>
      </div>
    </div>
  </body>
</html>
 ÔØ» Proxy.waitForWrapper node_modules/@testing-library/dom/dist/wait-for.js:163:27
 ÔØ» waitForFilterSurface src/features/CRM/AccountsTab.test.tsx:199:13
    197| 
    198|     const waitForFilterSurface = async () => {
    199|       await waitFor(() => {
       |             ^
    200|         expect(screen.getByRole("button", { name: "Hesap Tipi Filtre" ÔÇĞ
    201|         expect(screen.getByLabelText("Sehir")).toBeInTheDocument();
 ÔØ» src/features/CRM/AccountsTab.test.tsx:207:11

ÔÄ»ÔÄ»ÔÄ»ÔÄ»ÔÄ»ÔÄ»ÔÄ»ÔÄ»ÔÄ»ÔÄ»ÔÄ»ÔÄ»ÔÄ»ÔÄ»ÔÄ»ÔÄ»ÔÄ»ÔÄ»ÔÄ»ÔÄ»ÔÄ»ÔÄ»ÔÄ»[5/38]ÔÄ»

 FAIL  src/features/CRM/AccountsTab.test.tsx > AccountsTab > pasife alma aksiyonu delete servisini tetikler
TestingLibraryElementError: Unable to find role="button" and name "Pasife Al"

Ignored nodes: comments, script, style
<body>
  <div>
    <div
      style="display: grid; grid-template-columns: 1fr; gap: 20px;"
    >
      <div
        class="shared-card"
      >
        <div
          class="shared-card-header"
        >
          <div
            class="shared-card-heading"
          >
            <div
              class="shared-card-title-wrap"
            >
              <span
                class="shared-card-title"
              >
                Cari Hesaplar
              </span>
              <span
                class="shared-card-subtitle"
              >
                1 aktif hesap
              </span>
            </div>
          </div>
          <div
            class="shared-card-actions"
          >
            <button
              aria-disabled="false"
              style="font-family: \"Segoe UI\", system-ui, sans-serif; font-weight: 600; border-radius: 0; border: 1px solid transparent; cursor: pointer; display: inline-flex; align-items: center; justify-content: center; gap: 8px; transition: all .15s ease; opacity: 1; width: auto; white-space: nowrap; position: relative; transform: translateY(0); letter-spacing: 0.01em; padding: 8px 12px; font-size: 11px; min-height: 40px; min-width: 40px; background: linear-gradient(135deg, #0078D4, #005A9E); color: rgb(255, 255, 255); box-shadow: 0 2px 10px rgba(0,0,0,0.35);"
              type="button"
            >
              + Yeni Cari
            </button>
          </div>
        </div>
        <div
          class="shared-card-body has-header"
        >
          <div
            style="max-height: 600px; overflow-y: auto;"
          >
            <div
              style="padding: 12px; border-bottom: 1px solid rgb(51, 51, 51); cursor: pointer; background: transparent; transition: background 0.2s ease;"
            >
              <div
                style="font-weight: 600; font-size: 14px; color: rgb(243, 244, 246); margin-bottom: 4px;"
              >
                Demo Cari
              </div>
              <div
                style="font-size: 12px; color: rgb(198, 198, 198); display: flex; gap: 12px;"
              >
                <span>
                  VKN: 
                  1234567890
                </span>
                <span>
                  Mikro: 
                  CARI-001
                </span>
              </div>
            </div>
          </div>
        </div>
      </div>
    </div>
  </div>
</body>

Ignored nodes: comments, script, style
<html
  data-ui-theme="dark"
  style="--bg-main: #121212; --bg-surface: #1E1E1E; --bg-elevated: #242424; --bg-card: #1E1E1E; --bg-card-hover: #242424; --bg-overlay: rgba(18,18,18,0.95); --bg-subtle: #242424; --primary: #0078D4; --primary-hover: #005A9E; --primary-rgb: 0,120,212; --primary-glow: rgba(0,120,212,0.20); --accent: #005A9E; --accent-hover: #005A9E; --accent-glow: rgba(0,90,158,0.24); --success: #10B981; --warning: #F59E0B; --danger: #EF4444; --danger-hover: #EF4444; --text-main: #F3F4F6; --text-muted: #C6C6C6; --text-dim: #C6C6C6; --border: #333333; --border-highlight: #A0A0A0; --titlebar-bg: #0078D4; --titlebar-text: #FFFFFF; --titlebar-close: #E81123; --radius-sm: 0px; --radius-md: 0px; --radius-lg: 0px; --radius-xl: 0px; --shadow-card: 0 1px 2px rgba(0,0,0,0.3); --shadow-elevated: 0 2px 4px rgba(0,0,0,0.4); --shadow-glow: 0 4px 8px rgba(0,0,0,0.5); --font-heading: \"Segoe UI\", system-ui, sans-serif; --font-body: \"Segoe UI\", system-ui, sans-serif; --font-mono: \"JetBrains Mono\", \"Cascadia Code\", Consolas, monospace;"
>
  <head />
  <body>
    <div>
      <div
        style="display: grid; grid-template-columns: 1fr; gap: 20px;"
      >
        <div
          class="shared-card"
        >
          <div
            class="shared-card-header"
          >
            <div
              class="shared-card-heading"
            >
              <div
                class="shared-card-title-wrap"
              >
                <span
                  class="shared-card-title"
                >
                  Cari Hesaplar
                </span>
                <span
                  class="shared-card-subtitle"
                >
                  1 aktif hesap
                </span>
              </div>
            </div>
            <div
              class="shared-card-actions"
            >
              <button
                aria-disabled="false"
                style="font-family: \"Segoe UI\", system-ui, sans-serif; font-weight: 600; border-radius: 0; border: 1px solid transparent; cursor: pointer; display: inline-flex; align-items: center; justify-content: center; gap: 8px; transition: all .15s ease; opacity: 1; width: auto; white-space: nowrap; position: relative; transform: translateY(0); letter-spacing: 0.01em; padding: 8px 12px; font-size: 11px; min-height: 40px; min-width: 40px; background: linear-gradient(135deg, #0078D4, #005A9E); color: rgb(255, 255, 255); box-shadow: 0 2px 10px rgba(0,0,0,0.35);"
                type="button"
              >
                + Yeni Cari
              </button>
            </div>
          </div>
          <div
            class="shared-card-body has-header"
          >
            <div
              style="max-height: 600px; overflow-y: auto;"
            >
              <div
                style="padding: 12px; border-bottom: 1px solid rgb(51, 51, 51); cursor: pointer; background: transparent; transition: background 0.2s ease;"
              >
                <div
                  style="font-weight: 600; font-size: 14px; color: rgb(243, 244, 246); margin-bottom: 4px;"
                >
                  Demo Cari
                </div>
                <div
                  style="font-size: 12px; color: rgb(198, 198, 198); display: flex; gap: 12px;"
                >
                  <span>
                    VKN: 
                    1234567890
                  </span>
                  <span>
                    Mikro: 
                    CARI-001
                  </span>
                </div>
              </div>
            </div>
          </div>
        </div>
      </div>
    </div>
  </body>
</html>
 ÔØ» Proxy.waitForWrapper node_modules/@testing-library/dom/dist/wait-for.js:163:27
 ÔØ» src/features/CRM/AccountsTab.test.tsx:267:11
    265|     render(<AccountsTab />);
    266| 
    267|     await waitFor(() => {
       |           ^
    268|       expect(screen.getAllByRole("button", { name: "Pasife Al" }).lengÔÇĞ
    269|     });

ÔÄ»ÔÄ»ÔÄ»ÔÄ»ÔÄ»ÔÄ»ÔÄ»ÔÄ»ÔÄ»ÔÄ»ÔÄ»ÔÄ»ÔÄ»ÔÄ»ÔÄ»ÔÄ»ÔÄ»ÔÄ»ÔÄ»ÔÄ»ÔÄ»ÔÄ»ÔÄ»[6/38]ÔÄ»

 FAIL  src/features/CRM/AccountsTab.test.tsx > AccountsTab > yetkili modalinda trimlenmis alanlari payload olarak gonderir ve listede gosterir
TestingLibraryElementError: Unable to find role="button" and name "+ Yeni Yetkili"

Ignored nodes: comments, script, style
<body>
  <div>
    <div
      style="display: grid; grid-template-columns: 1fr 1fr; gap: 20px;"
    >
      <div
        class="shared-card"
      >
        <div
          class="shared-card-header"
        >
          <div
            class="shared-card-heading"
          >
            <div
              class="shared-card-title-wrap"
            >
              <span
                class="shared-card-title"
              >
                Cari Hesaplar
              </span>
              <span
                class="shared-card-subtitle"
              >
                1 aktif hesap
              </span>
            </div>
          </div>
          <div
            class="shared-card-actions"
          >
            <button
              aria-disabled="false"
              style="font-family: \"Segoe UI\", system-ui, sans-serif; font-weight: 600; border-radius: 0; border: 1px solid transparent; cursor: pointer; display: inline-flex; align-items: center; justify-content: center; gap: 8px; transition: all .15s ease; opacity: 1; width: auto; white-space: nowrap; position: relative; transform: translateY(0); letter-spacing: 0.01em; padding: 8px 12px; font-size: 11px; min-height: 40px; min-width: 40px; background: linear-gradient(135deg, #0078D4, #005A9E); color: rgb(255, 255, 255); box-shadow: 0 2px 10px rgba(0,0,0,0.35);"
              type="button"
            >
              + Yeni Cari
            </button>
          </div>
        </div>
        <div
          class="shared-card-body has-header"
        >
          <div
            style="max-height: 600px; overflow-y: auto;"
          >
            <div
              style="padding: 12px; border-bottom: 1px solid rgb(51, 51, 51); cursor: pointer; transition: background 0.2s ease; background: rgba(0, 120, 212, 0.05);"
            >
              <div
                style="font-weight: 600; font-size: 14px; color: rgb(243, 244, 246); margin-bottom: 4px;"
              >
                Demo Cari
              </div>
              <div
                style="font-size: 12px; color: rgb(198, 198, 198); display: flex; gap: 12px;"
              >
                <span>
                  VKN: 
                  1234567890
                </span>
                <span>
                  Mikro: 
                  CARI-001
                </span>
              </div>
            </div>
          </div>
        </div>
      </div>
      <div
        class="shared-card"
      >
        <div
          class="shared-card-header"
        >
          <div
            class="shared-card-heading"
          >
            <div
              class="shared-card-title-wrap"
            >
              <span
                class="shared-card-title"
              >
                Demo Cari
              </span>
              <span
                class="shared-card-subtitle"
              >
                Cari Detay─▒
              </span>
            </div>
          </div>
        </div>
        <div
          class="shared-card-body has-header"
        >
          <div
            style="font-size: 13px; line-height: 1.8;"
          >
            <div>
              <span
                style="color: rgb(198, 198, 198); font-weight: 500;"
              >
                VKN:
              </span>
               
              <span
                style="color: rgb(243, 244, 246);"
              >
                1234567890
              </span>
            </div>
            <div>
              <span
                style="color: rgb(198, 198, 198); font-weight: 500;"
              >
                Telefon:
              </span>
               
              <span
                style="color: rgb(243, 244, 246);"
              >
                0212 000 00 00
              </span>
            </div>
            <div
              style="margin-top: 12px; padding-top: 12px; border-top: 1px solid rgb(51, 51, 51); display: flex; gap: 8px; flex-wrap: wrap;"
            >
              <span
                style="display: inline-flex; align-items: center; gap: 4px; padding: 4px 12px; background: rgba(167, 139, 250, 0.15); border: 1px solid rgba(167, 139, 250, 0.35); font-size: 12px; font-weight: 600; color: rgb(0, 120, 212); transition: all .2s ease;"
              >
                Mikro Kod: 
                CARI-001
              </span>
            </div>
          </div>
          <div
            style="margin-top: 20px; padding-top: 20px; border-top: 1px solid rgb(51, 51, 51);"
          >
            <h4
              style="font-size: 14px; font-weight: 600; color: rgb(243, 244, 246); margin-bottom: 12px;"
            >
              Ki┼şiler (
              0
              )
            </h4>
            <div
              style="font-size: 12px; color: rgb(198, 198, 198);"
            >
              Hen├╝z ki┼şi eklenmemi┼ş
            </div>
          </div>
        </div>
      </div>
    </div>
  </div>
</body>

Ignored nodes: comments, script, style
<html
  data-ui-theme="dark"
  style="--bg-main: #121212; --bg-surface: #1E1E1E; --bg-elevated: #242424; --bg-card: #1E1E1E; --bg-card-hover: #242424; --bg-overlay: rgba(18,18,18,0.95); --bg-subtle: #242424; --primary: #0078D4; --primary-hover: #005A9E; --primary-rgb: 0,120,212; --primary-glow: rgba(0,120,212,0.20); --accent: #005A9E; --accent-hover: #005A9E; --accent-glow: rgba(0,90,158,0.24); --success: #10B981; --warning: #F59E0B; --danger: #EF4444; --danger-hover: #EF4444; --text-main: #F3F4F6; --text-muted: #C6C6C6; --text-dim: #C6C6C6; --border: #333333; --border-highlight: #A0A0A0; --titlebar-bg: #0078D4; --titlebar-text: #FFFFFF; --titlebar-close: #E81123; --radius-sm: 0px; --radius-md: 0px; --radius-lg: 0px; --radius-xl: 0px; --shadow-card: 0 1px 2px rgba(0,0,0,0.3); --shadow-elevated: 0 2px 4px rgba(0,0,0,0.4); --shadow-glow: 0 4px 8px rgba(0,0,0,0.5); --font-heading: \"Segoe UI\", system-ui, sans-serif; --font-body: \"Segoe UI\", system-ui, sans-serif; --font-mono: \"JetBrains Mono\", \"Cascadia Code\", Consolas, monospace;"
>
  <head />
  <body>
    <div>
      <div
        style="display: grid; grid-template-columns: 1fr 1fr; gap: 20px;"
      >
        <div
          class="shared-card"
        >
          <div
            class="shared-card-header"
          >
            <div
              class="shared-card-heading"
            >
              <div
                class="shared-card-title-wrap"
              >
                <span
                  class="shared-card-title"
                >
                  Cari Hesaplar
                </span>
                <span
                  class="shared-card-subtitle"
                >
                  1 aktif hesap
                </span>
              </div>
            </div>
            <div
              class="shared-card-actions"
            >
              <button
                aria-disabled="false"
                style="font-family: \"Segoe UI\", system-ui, sans-serif; font-weight: 600; border-radius: 0; border: 1px solid transparent; cursor: pointer; display: inline-flex; align-items: center; justify-content: center; gap: 8px; transition: all .15s ease; opacity: 1; width: auto; white-space: nowrap; position: relative; transform: translateY(0); letter-spacing: 0.01em; padding: 8px 12px; font-size: 11px; min-height: 40px; min-width: 40px; background: linear-gradient(135deg, #0078D4, #005A9E); color: rgb(255, 255, 255); box-shadow: 0 2px 10px rgba(0,0,0,0.35);"
                type="button"
              >
                + Yeni Cari
              </button>
            </div>
          </div>
          <div
            class="shared-card-body has-header"
          >
            <div
              style="max-height: 600px; overflow-y: auto;"
            >
              <div
                style="padding: 12px; border-bottom: 1px solid rgb(51, 51, 51); cursor: pointer; transition: background 0.2s ease; background: rgba(0, 120, 212, 0.05);"
              >
                <div
                  style="font-weight: 600; font-size: 14px; color: rgb(243, 244, 246); margin-bottom: 4px;"
                >
                  Demo Cari
                </div>
                <div
                  style="font-size: 12px; color: rgb(198, 198, 198); display: flex; gap: 12px;"
                >
                  <span>
                    VKN: 
                    1234567890
                  </span>
                  <span>
                    Mikro: 
                    CARI-001
                  </span>
                </div>
              </div>
            </div>
          </div>
        </div>
        <div
          class="shared-card"
        >
          <div
            class="shared-card-header"
          >
            <div
              class="shared-card-heading"
            >
              <div
                class="shared-card-title-wrap"
              >
                <span
                  class="shared-card-title"
                >
                  Demo Cari
                </span>
                <span
                  class="shared-card-subtitle"
                >
                  Cari Detay─▒
                </span>
              </div>
            </div>
          </div>
          <div
            class="shared-card-body has-header"
          >
            <div
              style="font-size: 13px; line-height: 1.8;"
            >
              <div>
                <span
                  style="color: rgb(198, 198, 198); font-weight: 500;"
                >
                  VKN:
                </span>
                 
                <span
                  style="color: rgb(243, 244, 246);"
                >
                  1234567890
                </span>
              </div>
              <div>
                <span
                  style="color: rgb(198, 198, 198); font-weight: 500;"
                >
                  Telefon:
                </span>
                 
                <span
                  style="color: rgb(243, 244, 246);"
                >
                  0212 000 00 00
                </span>
              </div>
              <div
                style="margin-top: 12px; padding-top: 12px; border-top: 1px solid rgb(51, 51, 51); display: flex; gap: 8px; flex-wrap: wrap;"
              >
                <span
                  style="display: inline-flex; align-items: center; gap: 4px; padding: 4px 12px; background: rgba(167, 139, 250, 0.15); border: 1px solid rgba(167, 139, 250, 0.35); font-size: 12px; font-weight: 600; color: rgb(0, 120, 212); transition: all .2s ease;"
                >
                  Mikro Kod: 
                  CARI-001
                </span>
              </div>
            </div>
            <div
              style="margin-top: 20px; padding-top: 20px; border-top: 1px solid rgb(51, 51, 51);"
            >
              <h4
                style="font-size: 14px; font-weight: 600; color: rgb(243, 244, 246); margin-bottom: 12px;"
              >
                Ki┼şiler (
                0
                )
              </h4>
              <div
                style="font-size: 12px; color: rgb(198, 198, 198);"
              >
                Hen├╝z ki┼şi eklenmemi┼ş
              </div>
            </div>
          </div>
        </div>
      </div>
    </div>
  </body>
</html>
 ÔØ» Proxy.waitForWrapper node_modules/@testing-library/dom/dist/wait-for.js:163:27
 ÔØ» src/features/CRM/AccountsTab.test.tsx:284:11
    282|     fireEvent.click(screen.getAllByText("Demo Cari")[0]);
    283| 
    284|     await waitFor(() => {
       |           ^
    285|       expect(screen.getByRole("button", { name: "+ Yeni Yetkili" })).tÔÇĞ
    286|     });

ÔÄ»ÔÄ»ÔÄ»ÔÄ»ÔÄ»ÔÄ»ÔÄ»ÔÄ»ÔÄ»ÔÄ»ÔÄ»ÔÄ»ÔÄ»ÔÄ»ÔÄ»ÔÄ»ÔÄ»ÔÄ»ÔÄ»ÔÄ»ÔÄ»ÔÄ»ÔÄ»[7/38]ÔÄ»

 FAIL  src/features/CRM/AccountsTab.test.tsx > AccountsTab > yetkili modalinda ad veya soyad eksiginde servis cagrisi yapmaz
TestingLibraryElementError: Unable to find role="button" and name "+ Yeni Yetkili"

Ignored nodes: comments, script, style
<body>
  <div>
    <div
      style="display: grid; grid-template-columns: 1fr 1fr; gap: 20px;"
    >
      <div
        class="shared-card"
      >
        <div
          class="shared-card-header"
        >
          <div
            class="shared-card-heading"
          >
            <div
              class="shared-card-title-wrap"
            >
              <span
                class="shared-card-title"
              >
                Cari Hesaplar
              </span>
              <span
                class="shared-card-subtitle"
              >
                1 aktif hesap
              </span>
            </div>
          </div>
          <div
            class="shared-card-actions"
          >
            <button
              aria-disabled="false"
              style="font-family: \"Segoe UI\", system-ui, sans-serif; font-weight: 600; border-radius: 0; border: 1px solid transparent; cursor: pointer; display: inline-flex; align-items: center; justify-content: center; gap: 8px; transition: all .15s ease; opacity: 1; width: auto; white-space: nowrap; position: relative; transform: translateY(0); letter-spacing: 0.01em; padding: 8px 12px; font-size: 11px; min-height: 40px; min-width: 40px; background: linear-gradient(135deg, #0078D4, #005A9E); color: rgb(255, 255, 255); box-shadow: 0 2px 10px rgba(0,0,0,0.35);"
              type="button"
            >
              + Yeni Cari
            </button>
          </div>
        </div>
        <div
          class="shared-card-body has-header"
        >
          <div
            style="max-height: 600px; overflow-y: auto;"
          >
            <div
              style="padding: 12px; border-bottom: 1px solid rgb(51, 51, 51); cursor: pointer; transition: background 0.2s ease; background: rgba(0, 120, 212, 0.05);"
            >
              <div
                style="font-weight: 600; font-size: 14px; color: rgb(243, 244, 246); margin-bottom: 4px;"
              >
                Demo Cari
              </div>
              <div
                style="font-size: 12px; color: rgb(198, 198, 198); display: flex; gap: 12px;"
              >
                <span>
                  VKN: 
                  1234567890
                </span>
                <span>
                  Mikro: 
                  CARI-001
                </span>
              </div>
            </div>
          </div>
        </div>
      </div>
      <div
        class="shared-card"
      >
        <div
          class="shared-card-header"
        >
          <div
            class="shared-card-heading"
          >
            <div
              class="shared-card-title-wrap"
            >
              <span
                class="shared-card-title"
              >
                Demo Cari
              </span>
              <span
                class="shared-card-subtitle"
              >
                Cari Detay─▒
              </span>
            </div>
          </div>
        </div>
        <div
          class="shared-card-body has-header"
        >
          <div
            style="font-size: 13px; line-height: 1.8;"
          >
            <div>
              <span
                style="color: rgb(198, 198, 198); font-weight: 500;"
              >
                VKN:
              </span>
               
              <span
                style="color: rgb(243, 244, 246);"
              >
                1234567890
              </span>
            </div>
            <div>
              <span
                style="color: rgb(198, 198, 198); font-weight: 500;"
              >
                Telefon:
              </span>
               
              <span
                style="color: rgb(243, 244, 246);"
              >
                0212 000 00 00
              </span>
            </div>
            <div
              style="margin-top: 12px; padding-top: 12px; border-top: 1px solid rgb(51, 51, 51); display: flex; gap: 8px; flex-wrap: wrap;"
            >
              <span
                style="display: inline-flex; align-items: center; gap: 4px; padding: 4px 12px; background: rgba(167, 139, 250, 0.15); border: 1px solid rgba(167, 139, 250, 0.35); font-size: 12px; font-weight: 600; color: rgb(0, 120, 212); transition: all .2s ease;"
              >
                Mikro Kod: 
                CARI-001
              </span>
            </div>
          </div>
          <div
            style="margin-top: 20px; padding-top: 20px; border-top: 1px solid rgb(51, 51, 51);"
          >
            <h4
              style="font-size: 14px; font-weight: 600; color: rgb(243, 244, 246); margin-bottom: 12px;"
            >
              Ki┼şiler (
              0
              )
            </h4>
            <div
              style="font-size: 12px; color: rgb(198, 198, 198);"
            >
              Hen├╝z ki┼şi eklenmemi┼ş
            </div>
          </div>
        </div>
      </div>
    </div>
  </div>
</body>

Ignored nodes: comments, script, style
<html
  data-ui-theme="dark"
  style="--bg-main: #121212; --bg-surface: #1E1E1E; --bg-elevated: #242424; --bg-card: #1E1E1E; --bg-card-hover: #242424; --bg-overlay: rgba(18,18,18,0.95); --bg-subtle: #242424; --primary: #0078D4; --primary-hover: #005A9E; --primary-rgb: 0,120,212; --primary-glow: rgba(0,120,212,0.20); --accent: #005A9E; --accent-hover: #005A9E; --accent-glow: rgba(0,90,158,0.24); --success: #10B981; --warning: #F59E0B; --danger: #EF4444; --danger-hover: #EF4444; --text-main: #F3F4F6; --text-muted: #C6C6C6; --text-dim: #C6C6C6; --border: #333333; --border-highlight: #A0A0A0; --titlebar-bg: #0078D4; --titlebar-text: #FFFFFF; --titlebar-close: #E81123; --radius-sm: 0px; --radius-md: 0px; --radius-lg: 0px; --radius-xl: 0px; --shadow-card: 0 1px 2px rgba(0,0,0,0.3); --shadow-elevated: 0 2px 4px rgba(0,0,0,0.4); --shadow-glow: 0 4px 8px rgba(0,0,0,0.5); --font-heading: \"Segoe UI\", system-ui, sans-serif; --font-body: \"Segoe UI\", system-ui, sans-serif; --font-mono: \"JetBrains Mono\", \"Cascadia Code\", Consolas, monospace;"
>
  <head />
  <body>
    <div>
      <div
        style="display: grid; grid-template-columns: 1fr 1fr; gap: 20px;"
      >
        <div
          class="shared-card"
        >
          <div
            class="shared-card-header"
          >
            <div
              class="shared-card-heading"
            >
              <div
                class="shared-card-title-wrap"
              >
                <span
                  class="shared-card-title"
                >
                  Cari Hesaplar
                </span>
                <span
                  class="shared-card-subtitle"
                >
                  1 aktif hesap
                </span>
              </div>
            </div>
            <div
              class="shared-card-actions"
            >
              <button
                aria-disabled="false"
                style="font-family: \"Segoe UI\", system-ui, sans-serif; font-weight: 600; border-radius: 0; border: 1px solid transparent; cursor: pointer; display: inline-flex; align-items: center; justify-content: center; gap: 8px; transition: all .15s ease; opacity: 1; width: auto; white-space: nowrap; position: relative; transform: translateY(0); letter-spacing: 0.01em; padding: 8px 12px; font-size: 11px; min-height: 40px; min-width: 40px; background: linear-gradient(135deg, #0078D4, #005A9E); color: rgb(255, 255, 255); box-shadow: 0 2px 10px rgba(0,0,0,0.35);"
                type="button"
              >
                + Yeni Cari
              </button>
            </div>
          </div>
          <div
            class="shared-card-body has-header"
          >
            <div
              style="max-height: 600px; overflow-y: auto;"
            >
              <div
                style="padding: 12px; border-bottom: 1px solid rgb(51, 51, 51); cursor: pointer; transition: background 0.2s ease; background: rgba(0, 120, 212, 0.05);"
              >
                <div
                  style="font-weight: 600; font-size: 14px; color: rgb(243, 244, 246); margin-bottom: 4px;"
                >
                  Demo Cari
                </div>
                <div
                  style="font-size: 12px; color: rgb(198, 198, 198); display: flex; gap: 12px;"
                >
                  <span>
                    VKN: 
                    1234567890
                  </span>
                  <span>
                    Mikro: 
                    CARI-001
                  </span>
                </div>
              </div>
            </div>
          </div>
        </div>
        <div
          class="shared-card"
        >
          <div
            class="shared-card-header"
          >
            <div
              class="shared-card-heading"
            >
              <div
                class="shared-card-title-wrap"
              >
                <span
                  class="shared-card-title"
                >
                  Demo Cari
                </span>
                <span
                  class="shared-card-subtitle"
                >
                  Cari Detay─▒
                </span>
              </div>
            </div>
          </div>
          <div
            class="shared-card-body has-header"
          >
            <div
              style="font-size: 13px; line-height: 1.8;"
            >
              <div>
                <span
                  style="color: rgb(198, 198, 198); font-weight: 500;"
                >
                  VKN:
                </span>
                 
                <span
                  style="color: rgb(243, 244, 246);"
                >
                  1234567890
                </span>
              </div>
              <div>
                <span
                  style="color: rgb(198, 198, 198); font-weight: 500;"
                >
                  Telefon:
                </span>
                 
                <span
                  style="color: rgb(243, 244, 246);"
                >
                  0212 000 00 00
                </span>
              </div>
              <div
                style="margin-top: 12px; padding-top: 12px; border-top: 1px solid rgb(51, 51, 51); display: flex; gap: 8px; flex-wrap: wrap;"
              >
                <span
                  style="display: inline-flex; align-items: center; gap: 4px; padding: 4px 12px; background: rgba(167, 139, 250, 0.15); border: 1px solid rgba(167, 139, 250, 0.35); font-size: 12px; font-weight: 600; color: rgb(0, 120, 212); transition: all .2s ease;"
                >
                  Mikro Kod: 
                  CARI-001
                </span>
              </div>
            </div>
            <div
              style="margin-top: 20px; padding-top: 20px; border-top: 1px solid rgb(51, 51, 51);"
            >
              <h4
                style="font-size: 14px; font-weight: 600; color: rgb(243, 244, 246); margin-bottom: 12px;"
              >
                Ki┼şiler (
                0
                )
              </h4>
              <div
                style="font-size: 12px; color: rgb(198, 198, 198);"
              >
                Hen├╝z ki┼şi eklenmemi┼ş
              </div>
            </div>
          </div>
        </div>
      </div>
    </div>
  </body>
</html>
 ÔØ» Proxy.waitForWrapper node_modules/@testing-library/dom/dist/wait-for.js:163:27
 ÔØ» src/features/CRM/AccountsTab.test.tsx:336:11
    334|     fireEvent.click(screen.getAllByText("Demo Cari")[0]);
    335| 
    336|     await waitFor(() => {
       |           ^
    337|       expect(screen.getByRole("button", { name: "+ Yeni Yetkili" })).tÔÇĞ
    338|     });

ÔÄ»ÔÄ»ÔÄ»ÔÄ»ÔÄ»ÔÄ»ÔÄ»ÔÄ»ÔÄ»ÔÄ»ÔÄ»ÔÄ»ÔÄ»ÔÄ»ÔÄ»ÔÄ»ÔÄ»ÔÄ»ÔÄ»ÔÄ»ÔÄ»ÔÄ»ÔÄ»[8/38]ÔÄ»

 FAIL  src/features/CRM/QuotesTab.test.tsx > QuotesTab > teklif tekrar yuzeyini kapatip kullaniciyi bagimsiz Teklif Fisi mod├╝l├╝ne yonlendirir
TestingLibraryElementError: Unable to find an element with the text: Teklif Yuzeyi Tekillestirildi. This could be because the text is broken up by multiple elements. In this case, you can provide a function for your text matcher to make your matcher more flexible.

Ignored nodes: comments, script, style
<body>
  <div>
    <div
      class="shared-card"
    >
      <div
        class="shared-card-header"
      >
        <div
          class="shared-card-heading"
        >
          <div
            class="shared-card-title-wrap"
          >
            <span
              class="shared-card-title"
            >
              Teklifler
            </span>
          </div>
        </div>
      </div>
      <div
        class="shared-card-body has-header"
      >
        <div
          style="padding: 20px;"
        >
          Y├╝kleniyor...
        </div>
      </div>
    </div>
  </div>
</body>
 ÔØ» Object.getElementError node_modules/@testing-library/dom/dist/config.js:37:19
 ÔØ» node_modules/@testing-library/dom/dist/query-helpers.js:76:38
 ÔØ» node_modules/@testing-library/dom/dist/query-helpers.js:52:17
 ÔØ» node_modules/@testing-library/dom/dist/query-helpers.js:95:19
 ÔØ» src/features/CRM/QuotesTab.test.tsx:24:19
     22|     render(<QuotesTab />);
     23| 
     24|     expect(screen.getByText("Teklif Yuzeyi Tekillestirildi")).toBeInThÔÇĞ
       |                   ^
     25|     expect(screen.getByText("M├╝kerrer teklif y├╝zeyi kapatildi")).toBeIÔÇĞ
     26|     expect(screen.queryByText("+ Yeni Teklif")).not.toBeInTheDocument(ÔÇĞ

ÔÄ»ÔÄ»ÔÄ»ÔÄ»ÔÄ»ÔÄ»ÔÄ»ÔÄ»ÔÄ»ÔÄ»ÔÄ»ÔÄ»ÔÄ»ÔÄ»ÔÄ»ÔÄ»ÔÄ»ÔÄ»ÔÄ»ÔÄ»ÔÄ»ÔÄ»ÔÄ»[9/38]ÔÄ»

 FAIL  src/features/CRM/TeklifFisiPage.test.tsx > TeklifFisiPage > teklif detayinda Siparise Donustur butonu render edilir ve converting state yukler
TypeError: Cannot read properties of undefined (reading 'mockResolvedValue')
 ÔØ» src/features/CRM/TeklifFisiPage.test.tsx:743:45
    741| 
    742|   it("teklif detayinda Siparise Donustur butonu render edilir ve conveÔÇĞ
    743|     vi.mocked(crmService.convertQuoteToOrder).mockResolvedValue({
       |                                             ^
    744|       ok: true,
    745|       message: "Siparis olusturuldu.",

ÔÄ»ÔÄ»ÔÄ»ÔÄ»ÔÄ»ÔÄ»ÔÄ»ÔÄ»ÔÄ»ÔÄ»ÔÄ»ÔÄ»ÔÄ»ÔÄ»ÔÄ»ÔÄ»ÔÄ»ÔÄ»ÔÄ»ÔÄ»ÔÄ»ÔÄ»[10/38]ÔÄ»

 FAIL  src/features/Integration/IntegrationHealth.test.tsx > IntegrationHealth > read-only entegrasyon hatasini ve hata kodunu gorunur kilir
AssertionError: expected 'margin-top: 4px; padding: 8px; borderÔÇĞ' to contain 'color: rgb(243, 244, 246)'

Expected: "color: rgb(243, 244, 246)"
Received: "margin-top: 4px; padding: 8px; border-radius: 0; background: rgb(239, 68, 68); color: rgb(239, 68, 68); font-size: 11px;"

 ÔØ» src/features/Integration/IntegrationHealth.test.tsx:78:53
     76|     const inlineError = screen.getByText("Mikro push akisi read-only mÔÇĞ
     77|     expect(inlineError).toBeInTheDocument();
     78|     expect(inlineError.getAttribute("style") ?? "").toContain(`color: ÔÇĞ
       |                                                     ^
     79|     expect(inlineError.getAttribute("style") ?? "").toContain(`border:ÔÇĞ
     80| 

ÔÄ»ÔÄ»ÔÄ»ÔÄ»ÔÄ»ÔÄ»ÔÄ»ÔÄ»ÔÄ»ÔÄ»ÔÄ»ÔÄ»ÔÄ»ÔÄ»ÔÄ»ÔÄ»ÔÄ»ÔÄ»ÔÄ»ÔÄ»ÔÄ»ÔÄ»[11/38]ÔÄ»

 FAIL  src/features/Integrations/OCRStatsPage.test.tsx > OCRStatsPage > backend summary payloadini normalize edip fallback sayilarini kullanmaz
TestingLibraryElementError: Unable to find an element with the text: 5 basarili. This could be because the text is broken up by multiple elements. In this case, you can provide a function for your text matcher to make your matcher more flexible.

Ignored nodes: comments, script, style
<body>
  <div>
    <div
      style="padding: 24px; max-width: 1320px; margin: 0px auto;"
    >
      <div
        style="margin-bottom: 24px;"
      >
        <h1
          style="margin: 0px; font-size: 24px; font-weight: 600; color: rgb(243, 244, 246);"
        >
          OCR ─░statistikleri
        </h1>
        <p
          style="margin: 8px 0px 0px; color: rgb(198, 198, 198); font-size: 14px;"
        >
          OCR servisleri kullan─▒m istatistikleri ve performans metrikleri
        </p>
      </div>
      <div
        style="display: grid; grid-template-columns: repeat(auto-fit, minmax(200px, 1fr)); gap: 16px; margin-bottom: 24px;"
      >
        <div
          class="shared-card"
        >
          <div
            class="shared-card-body is-standalone"
          >
            <div
              style="font-size: 13px; color: rgb(198, 198, 198); margin-bottom: 4px;"
            >
              Toplam ─░┼şlem
            </div>
            <div
              style="font-size: 28px; font-weight: 700; color: rgb(243, 244, 246);"
            >
              7
            </div>
            <div
              style="font-size: 12px; color: rgb(16, 185, 129); margin-top: 4px;"
            >
              +
              3
               son 24s
            </div>
          </div>
        </div>
        <div
          class="shared-card"
        >
          <div
            class="shared-card-body is-standalone"
          >
            <div
              style="font-size: 13px; color: rgb(198, 198, 198); margin-bottom: 4px;"
            >
              Ba┼şar─▒ Oran─▒
            </div>
            <div
              style="font-size: 28px; font-weight: 700; color: rgb(243, 244, 246);"
            >
              %71
            </div>
            <div
              style="font-size: 12px; color: rgb(16, 185, 129); margin-top: 4px;"
            >
              5
               ba┼şar─▒l─▒
            </div>
          </div>
        </div>
        <div
          class="shared-card"
        >
          <div
            class="shared-card-body is-standalone"
          >
            <div
              style="font-size: 13px; color: rgb(198, 198, 198); margin-bottom: 4px;"
            >
              Ortalama G├╝ven
            </div>
            <div
              style="font-size: 28px; font-weight: 700; color: rgb(243, 244, 246);"
            >
              %81.5
            </div>
            <div
              style="font-size: 12px; color: rgb(198, 198, 198); margin-top: 4px;"
            >
              OCR kalite skoru
            </div>
          </div>
        </div>
        <div
          class="shared-card"
        >
          <div
            class="shared-card-body is-standalone"
          >
            <div
              style="font-size: 13px; color: rgb(198, 198, 198); margin-bottom: 4px;"
            >
              ─░┼şlenen Sayfa
            </div>
            <div
              style="font-size: 28px; font-weight: 700; color: rgb(243, 244, 246);"
            >
              12
            </div>
            <div
              style="font-size: 12px; color: rgb(198, 198, 198); margin-top: 4px;"
            >
              Toplam sayfa say─▒s─▒
            </div>
          </div>
        </div>
      </div>
      <div
        class="shared-card"
        style="margin-bottom: 24px;"
      >
        <div
          class="shared-card-body is-standalone"
        >
          <div
            style="display: flex; justify-content: space-between; align-items: center; margin-bottom: 16px;"
          >
            <h2
              style="margin: 0px; font-size: 18px; font-weight: 600; color: rgb(243, 244, 246);"
            >
              OCR Servisleri
            </h2>
            <button
              aria-disabled="false"
              style="font-family: \"Segoe UI\", system-ui, sans-serif; font-weight: 600; border-radius: 0; border: 1px solid rgba(var(--primary-rgb), 0.30); cursor: pointer; display: inline-flex; align-items: center; justify-content: center; gap: 8px; transition: all .15s ease; opacity: 1; width: auto; white-space: nowrap; position: relative; transform: translateY(0); letter-spacing: 0.01em; padding: 8px 12px; font-size: 11px; min-height: 40px; min-width: 40px; background: linear-gradient(135deg, rgba(var(--primary-rgb),0.12), rgba(var(--primary-rgb),0.08)); color: rgb(243, 244, 246); box-shadow: none;"
              type="button"
            >
              Yenile
            </button>
          </div>
          <div
            style="display: grid; gap: 12px;"
          >
            <div
              style="display: grid; grid-template-columns: auto 1fr auto auto auto auto; gap: 16px; align-items: center; padding: 16px; border-radius: 0; border: 1px solid rgb(51, 51, 51); background: transparent;"
            >
              <div
                style="color: rgb(198, 198, 198);"
              >
                <svg
                  class="lucide lucide-cloud "
                  fill="none"
                  height="20"
                  stroke="#0078D4"
           ...
 ÔØ» Object.getElementError node_modules/@testing-library/dom/dist/config.js:37:19
 ÔØ» node_modules/@testing-library/dom/dist/query-helpers.js:76:38
 ÔØ» node_modules/@testing-library/dom/dist/query-helpers.js:52:17
 ÔØ» node_modules/@testing-library/dom/dist/query-helpers.js:95:19
 ÔØ» src/features/Integrations/OCRStatsPage.test.tsx:169:19
    167|       await screen.findByText((_, element) => element?.textContent ===ÔÇĞ
    168|     ).toBeInTheDocument();
    169|     expect(screen.getByText("5 basarili")).toBeInTheDocument();
       |                   ^
    170|     expect(screen.getByText("%81.5")).toBeInTheDocument();
    171|     expect(screen.getByText("T├╝rk├ğe")).toBeInTheDocument();

ÔÄ»ÔÄ»ÔÄ»ÔÄ»ÔÄ»ÔÄ»ÔÄ»ÔÄ»ÔÄ»ÔÄ»ÔÄ»ÔÄ»ÔÄ»ÔÄ»ÔÄ»ÔÄ»ÔÄ»ÔÄ»ÔÄ»ÔÄ»ÔÄ»ÔÄ»[12/38]ÔÄ»

 FAIL  src/features/Integrations/OCRStatsPage.test.tsx > OCRStatsPage > riskli filtre ve telemetry sifirlama aksiyonunu ayni panelde uygular
TestingLibraryElementError: Unable to find an accessible element with the role "button" and name "Yalniz Riskli"

Here are the accessible roles:

  heading:

  Name "OCR ─░statistikleri":
  <h1
    style="margin: 0px; font-size: 24px; font-weight: 600; color: rgb(243, 244, 246);"
  />

  Name "OCR Servisleri":
  <h2
    style="margin: 0px; font-size: 18px; font-weight: 600; color: rgb(243, 244, 246);"
  />

  Name "Tespit Edilen Diller":
  <h3
    style="margin: 0px 0px 16px; font-size: 16px; font-weight: 600; color: rgb(243, 244, 246);"
  />

  --------------------------------------------------
  paragraph:

  Name "":
  <p
    style="margin: 8px 0px 0px; color: rgb(198, 198, 198); font-size: 14px;"
  />

  --------------------------------------------------
  button:

  Name "Yenile":
  <button
    aria-disabled="false"
    style="font-family: \"Segoe UI\", system-ui, sans-serif; font-weight: 600; border-radius: 0; border: 1px solid rgba(var(--primary-rgb), 0.30); cursor: pointer; display: inline-flex; align-items: center; justify-content: center; gap: 8px; transition: all .15s ease; opacity: 1; width: auto; white-space: nowrap; position: relative; transform: translateY(0); letter-spacing: 0.01em; padding: 8px 12px; font-size: 11px; min-height: 40px; min-width: 40px; background: linear-gradient(135deg, rgba(var(--primary-rgb),0.12), rgba(var(--primary-rgb),0.08)); color: rgb(243, 244, 246); box-shadow: none;"
    type="button"
  />

  --------------------------------------------------

Ignored nodes: comments, script, style
<body>
  <div>
    <div
      style="padding: 24px; max-width: 1320px; margin: 0px auto;"
    >
      <div
        style="margin-bottom: 24px;"
      >
        <h1
          style="margin: 0px; font-size: 24px; font-weight: 600; color: rgb(243, 244, 246);"
        >
          OCR ─░statistikleri
        </h1>
        <p
          style="margin: 8px 0px 0px; color: rgb(198, 198, 198); font-size: 14px;"
        >
          OCR servisleri kullan─▒m istatistikleri ve performans metrikleri
        </p>
      </div>
      <div
        style="display: grid; grid-template-columns: repeat(auto-fit, minmax(200px, 1fr)); gap: 16px; margin-bottom: 24px;"
      >
        <div
          class="shared-card"
        >
          <div
            class="shared-card-body is-standalone"
          >
            <div
              style="font-size: 13px; color: rgb(198, 198, 198); margin-bottom: 4px;"
            >
              Toplam ─░┼şlem
            </div>
            <div
              style="font-size: 28px; font-weight: 700; color: rgb(243, 244, 246);"
            >
              7
            </div>
            <div
              style="font-size: 12px; color: rgb(16, 185, 129); margin-top: 4px;"
            >
              +
              3
               son 24s
            </div>
          </div>
        </div>
        <div
          class="shared-card"
        >
          <div
            class="shared-card-body is-standalone"
          >
            <div
              style="font-size: 13px; color: rgb(198, 198, 198); margin-bottom: 4px;"
            >
              Ba┼şar─▒ Oran─▒
            </div>
            <div
              style="font-size: 28px; font-weight: 700; color: rgb(243, 244, 246);"
            >
              %71
            </div>
            <div
              style="font-size: 12px; color: rgb(16, 185, 129); margin-top: 4px;"
            >
              5
               ba┼şar─▒l─▒
            </div>
          </div>
        </div>
        <div
          class="shared-card"
        >
          <div
            class="shared-card-body is-standalone"
          >
            <div
              style="font-size: 13px; color: rgb(198, 198, 198); margin-bottom: 4px;"
            >
              Ortalama G├╝ven
            </div>
            <div
              style="font-size: 28px; font-weight: 700; color: rgb(243, 244, 246);"
            >
              %81.5
            </div>
            <div
              style="font-size: 12px; color: rgb(198, 198, 198); margin-top: 4px;"
            >
              OCR kalite skoru
            </div>
          </div>
        </div>
        <div
          class="shared-card"
        >
          <div
            class="shared-card-body is-standalone"
          >
            <div
              style="font-size: 13px; color: rgb(198, 198, 198); margin-bottom: 4px;"
            >
              ─░┼şlenen Sayfa
            </div>
            <div
              style="font-size: 28px; font-weight: 700; color: rgb(243, 244, 246);"
            >
              12
            </div>
            <div
              style="font-size: 12px; color: rgb(198, 198, 198); margin-top: 4px;"
            >
              Toplam sayfa say─▒s─▒
            </div>
          </div>
        </div>
      </div>
      <div
        class="shared-card"
        style="margin-bottom: 24px;"
      >
        <div
          class="shared-card-body is-standalone"
        >
          <div
            style="display: flex; justify-content: space-between; align-items: center; margin-bottom: 16px;"
          >
            <h2
              style="margin: 0px; font-size: 18px; font-weight: 600; color: rgb(243, 244, 246);"
            >
              OCR Servisleri
            </h2>
            <button
              aria-disabled="false"
              style="font-family: \"Segoe UI\", system-ui, sans-serif; font-weight: 600; border-radius: 0; border: 1px solid rgba(var(--primary-rgb), 0.30); cursor: pointer; display: inline-flex; align-items: center; justify-content: center; gap: 8px; transition: all .15s ease; opacity: 1; width: auto; white-space: nowrap; position: relative; transform: translateY(0); letter-spacing: 0.01em; padding: 8px 12px; font-size: 11px; min-height: 40px; min-width: 40px; background: linear-gradient(135deg, rgba(var(--primary-rgb),0.12), rgba(var(--primary-rgb),0.08)); color: rgb(243, 244, 246); box-shadow: none;"
              type="button"
            >
              Yenile
            </button>
          </div>
          <div
            style="display: grid; gap: 12px;"
          >
            <div
              style="display: grid; grid-template-columns: auto 1fr auto auto auto auto; gap: 16px; align-items: center; padding: 16px; border-radius: 0; border: 1px solid rgb(51, 51, 51); background: transparent;"
            >
              <div
                style="color: rgb(198, 198, 198);"
              >
                <svg
                  class="lucide lucide-cloud "
                  fill="none"
                  height="20"
                  stroke="#0078D4"
           ...
 ÔØ» Object.getElementError node_modules/@testing-library/dom/dist/config.js:37:19
 ÔØ» node_modules/@testing-library/dom/dist/query-helpers.js:76:38
 ÔØ» node_modules/@testing-library/dom/dist/query-helpers.js:52:17
 ÔØ» node_modules/@testing-library/dom/dist/query-helpers.js:95:19
 ÔØ» src/features/Integrations/OCRStatsPage.test.tsx:197:28
    195| 
    196|     expect((await screen.findAllByText("Email OCR")).length).toBeGreatÔÇĞ
    197|     fireEvent.click(screen.getByRole("button", { name: "Yalniz Riskli"ÔÇĞ
       |                            ^
    198| 
    199|     await waitFor(() => {

ÔÄ»ÔÄ»ÔÄ»ÔÄ»ÔÄ»ÔÄ»ÔÄ»ÔÄ»ÔÄ»ÔÄ»ÔÄ»ÔÄ»ÔÄ»ÔÄ»ÔÄ»ÔÄ»ÔÄ»ÔÄ»ÔÄ»ÔÄ»ÔÄ»ÔÄ»[13/38]ÔÄ»

 FAIL  src/features/Stock/StockCardComponent.test.tsx > StockCardComponent > stok detayinda barkod ve satis fiyat child tablolarini teknik panel ile birlikte gosterir
TestingLibraryElementError: Unable to find an element with the text: Genel Bilgiler. This could be because the text is broken up by multiple elements. In this case, you can provide a function for your text matcher to make your matcher more flexible.

Ignored nodes: comments, script, style
<body>
  <div>
    <div
      style="padding: 20px; min-height: 100vh; background-color: rgb(18, 18, 18);"
    >
      <div
        style="background-color: rgb(30, 30, 30); padding: 16px; border-radius: 0; margin-bottom: 24px; border: 1px solid rgb(51, 51, 51); display: flex; flex-direction: column; gap: 12px;"
      >
        <div
          style="display: flex; justify-content: flex-end;"
        >
          <button
            style="display: flex; align-items: center; gap: 8px; padding: 10px 20px; background-color: rgb(0, 120, 212); color: white; border-radius: 0; cursor: pointer; font-weight: 600; font-size: 14px; transition: all 0.2s;"
            type="button"
          >
            <svg
              class="lucide lucide-plus "
              fill="none"
              height="18"
              stroke="currentColor"
              stroke-linecap="round"
              stroke-linejoin="round"
              stroke-width="2"
              viewBox="0 0 24 24"
              width="18"
              xmlns="http://www.w3.org/2000/svg"
            >
              <path
                d="M5 12h14"
              />
              <path
                d="M12 5v14"
              />
            </svg>
             Yeni Stok Kart─▒
          </button>
        </div>
        <form
          style="display: flex; gap: 12px;"
        >
          <div
            style="flex: 1 1 0%; position: relative;"
          >
            <svg
              class="lucide lucide-search "
              fill="none"
              height="18"
              stroke="currentColor"
              stroke-linecap="round"
              stroke-linejoin="round"
              stroke-width="2"
              style="position: absolute; left: 12px; top: 12px; color: rgb(198, 198, 198);"
              viewBox="0 0 24 24"
              width="18"
              xmlns="http://www.w3.org/2000/svg"
            >
              <circle
                cx="11"
                cy="11"
                r="8"
              />
              <path
                d="m21 21-4.3-4.3"
              />
            </svg>
            <input
              placeholder="Stok kodu, ad─▒ veya rengi ara..."
              style="width: 100%; padding: 10px 12px 10px 40px; border: 1px solid rgb(51, 51, 51); border-radius: 6px; font-size: 14px;"
              type="text"
              value=""
            />
          </div>
          <button
            style="padding: 10px 16px; background-color: rgb(0, 120, 212); color: white; border-radius: 6px; cursor: pointer; font-weight: bold;"
            type="submit"
          >
            Ara
          </button>
          <button
            style="padding: 10px 16px; background-color: rgb(16, 185, 129); color: white; border-radius: 6px; cursor: pointer; font-weight: bold; opacity: 1;"
            type="button"
          >
            <svg
              class="lucide lucide-refresh-cw "
              fill="none"
              height="16"
              stroke="currentColor"
              stroke-linecap="round"
              stroke-linejoin="round"
              stroke-width="2"
              style="margin-right: 8px;"
              viewBox="0 0 24 24"
              width="16"
              xmlns="http://www.w3.org/2000/svg"
            >
              <path
                d="M3 12a9 9 0 0 1 9-9 9.75 9.75 0 0 1 6.74 2.74L21 8"
              />
              <path
                d="M21 3v5h-5"
              />
              <path
                d="M21 12a9 9 0 0 1-9 9 9.75 9.75 0 0 1-6.74-2.74L3 16"
              />
              <path
                d="M8 16H3v5"
              />
            </svg>
            Senkronize Et
          </button>
        </form>
      </div>
      <div
        style="margin-bottom: 24px; border-bottom: 1px solid rgb(51, 51, 51);"
      >
        <div
          style="display: flex; gap: 16px;"
        >
          <button
            style="padding: 12px 16px; background-color: transparent; color: rgb(243, 244, 246); cursor: pointer; font-weight: bold; border-bottom: transparent;"
            type="button"
          >
            T├╝m Stoklar (
            1
            )
          </button>
          <button
            style="padding: 12px 16px; background-color: transparent; color: rgb(243, 244, 246); cursor: pointer; font-weight: bold; border-bottom: transparent;"
            type="button"
          >
            D├╝┼ş├╝k Stok (
            0
            )
          </button>
          <button
            style="padding: 12px 16px; background-color: rgb(0, 120, 212); color: white; cursor: pointer; font-weight: bold; border-bottom: 2px solid rgb(0, 120, 212);"
            type="button"
          >
            Detay: 
            STK-001
          </button>
        </div>
      </div>
      <div
        style="max-width: 900px;"
      >
        <div
          style="background-color:...

Ignored nodes: comments, script, style
<html>
  <head />
  <body>
    <div>
      <div
        style="padding: 20px; min-height: 100vh; background-color: rgb(18, 18, 18);"
      >
        <div
          style="background-color: rgb(30, 30, 30); padding: 16px; border-radius: 0; margin-bottom: 24px; border: 1px solid rgb(51, 51, 51); display: flex; flex-direction: column; gap: 12px;"
        >
          <div
            style="display: flex; justify-content: flex-end;"
          >
            <button
              style="display: flex; align-items: center; gap: 8px; padding: 10px 20px; background-color: rgb(0, 120, 212); color: white; border-radius: 0; cursor: pointer; font-weight: 600; font-size: 14px; transition: all 0.2s;"
              type="button"
            >
              <svg
                class="lucide lucide-plus "
                fill="none"
                height="18"
                stroke="currentColor"
                stroke-linecap="round"
                stroke-linejoin="round"
                stroke-width="2"
                viewBox="0 0 24 24"
                width="18"
                xmlns="http://www.w3.org/2000/svg"
              >
                <path
                  d="M5 12h14"
                />
                <path
                  d="M12 5v14"
                />
              </svg>
               Yeni Stok Kart─▒
            </button>
          </div>
          <form
            style="display: flex; gap: 12px;"
          >
            <div
              style="flex: 1 1 0%; position: relative;"
            >
              <svg
                class="lucide lucide-search "
                fill="none"
                height="18"
                stroke="currentColor"
                stroke-linecap="round"
                stroke-linejoin="round"
                stroke-width="2"
                style="position: absolute; left: 12px; top: 12px; color: rgb(198, 198, 198);"
                viewBox="0 0 24 24"
                width="18"
                xmlns="http://www.w3.org/2000/svg"
              >
                <circle
                  cx="11"
                  cy="11"
                  r="8"
                />
                <path
                  d="m21 21-4.3-4.3"
                />
              </svg>
              <input
                placeholder="Stok kodu, ad─▒ veya rengi ara..."
                style="width: 100%; padding: 10px 12px 10px 40px; border: 1px solid rgb(51, 51, 51); border-radius: 6px; font-size: 14px;"
                type="text"
                value=""
              />
            </div>
            <button
              style="padding: 10px 16px; background-color: rgb(0, 120, 212); color: white; border-radius: 6px; cursor: pointer; font-weight: bold;"
              type="submit"
            >
              Ara
            </button>
            <button
              style="padding: 10px 16px; background-color: rgb(16, 185, 129); color: white; border-radius: 6px; cursor: pointer; font-weight: bold; opacity: 1;"
              type="button"
            >
              <svg
                class="lucide lucide-refresh-cw "
                fill="none"
                height="16"
                stroke="currentColor"
                stroke-linecap="round"
                stroke-linejoin="round"
                stroke-width="2"
                style="margin-right: 8px;"
                viewBox="0 0 24 24"
                width="16"
                xmlns="http://www.w3.org/2000/svg"
              >
                <path
                  d="M3 12a9 9 0 0 1 9-9 9.75 9.75 0 0 1 6.74 2.74L21 8"
                />
                <path
                  d="M21 3v5h-5"
                />
                <path
                  d="M21 12a9 9 0 0 1-9 9 9.75 9.75 0 0 1-6.74-2.74L3 16"
                />
                <path
                  d="M8 16H3v5"
                />
              </svg>
              Senkronize Et
            </button>
          </form>
        </div>
        <div
          style="margin-bottom: 24px; border-bottom: 1px solid rgb(51, 51, 51);"
        >
          <div
            style="display: flex; gap: 16px;"
          >
            <button
              style="padding: 12px 16px; background-color: transparent; color: rgb(243, 244, 246); cursor: pointer; font-weight: bold; border-bottom: transparent;"
              type="button"
            >
              T├╝m Stoklar (
              1
              )
            </button>
            <button
              style="padding: 12px 16px; background-color: transparent; color: rgb(243, 244, 246); cursor: pointer; font-weight: bold; border-bottom: transparent;"
              type="button"
            >
              D├╝┼ş├╝k Stok (
              0
              )
            </button>
            <button
              style="padding: 12px 16px; background-color: rgb(0, 120, 212); color: white; cursor: pointer; font-weight: bold; border-bottom: 2px solid rgb(0, 120, 212);"
              type="button"
         ...
 ÔØ» Proxy.waitForWrapper node_modules/@testing-library/dom/dist/wait-for.js:163:27
 ÔØ» src/features/Stock/StockCardComponent.test.tsx:106:11
    104|     fireEvent.click(screen.getByText("STK-001"));
    105| 
    106|     await waitFor(() => {
       |           ^
    107|       expect(screen.getByText("Genel Bilgiler")).toBeInTheDocument();
    108|       expect(screen.getByText("Ticari Bilgiler")).toBeInTheDocument();

ÔÄ»ÔÄ»ÔÄ»ÔÄ»ÔÄ»ÔÄ»ÔÄ»ÔÄ»ÔÄ»ÔÄ»ÔÄ»ÔÄ»ÔÄ»ÔÄ»ÔÄ»ÔÄ»ÔÄ»ÔÄ»ÔÄ»ÔÄ»ÔÄ»ÔÄ»[14/38]ÔÄ»

 FAIL  src/features/Stock/StockCardComponent.test.tsx > StockCardComponent > stok kartinda sifir fiyatlari gizlemez
TestingLibraryElementError: Unable to find an element with the text: /Ôé║0[,.]00/. This could be because the text is broken up by multiple elements. In this case, you can provide a function for your text matcher to make your matcher more flexible.

Ignored nodes: comments, script, style
<body>
  <div>
    <div
      style="padding: 20px; min-height: 100vh; background-color: rgb(18, 18, 18);"
    >
      <div
        style="background-color: rgb(30, 30, 30); padding: 16px; border-radius: 0; margin-bottom: 24px; border: 1px solid rgb(51, 51, 51); display: flex; flex-direction: column; gap: 12px;"
      >
        <div
          style="display: flex; justify-content: flex-end;"
        >
          <button
            style="display: flex; align-items: center; gap: 8px; padding: 10px 20px; background-color: rgb(0, 120, 212); color: white; border-radius: 0; cursor: pointer; font-weight: 600; font-size: 14px; transition: all 0.2s;"
            type="button"
          >
            <svg
              class="lucide lucide-plus "
              fill="none"
              height="18"
              stroke="currentColor"
              stroke-linecap="round"
              stroke-linejoin="round"
              stroke-width="2"
              viewBox="0 0 24 24"
              width="18"
              xmlns="http://www.w3.org/2000/svg"
            >
              <path
                d="M5 12h14"
              />
              <path
                d="M12 5v14"
              />
            </svg>
             Yeni Stok Kart─▒
          </button>
        </div>
        <form
          style="display: flex; gap: 12px;"
        >
          <div
            style="flex: 1 1 0%; position: relative;"
          >
            <svg
              class="lucide lucide-search "
              fill="none"
              height="18"
              stroke="currentColor"
              stroke-linecap="round"
              stroke-linejoin="round"
              stroke-width="2"
              style="position: absolute; left: 12px; top: 12px; color: rgb(198, 198, 198);"
              viewBox="0 0 24 24"
              width="18"
              xmlns="http://www.w3.org/2000/svg"
            >
              <circle
                cx="11"
                cy="11"
                r="8"
              />
              <path
                d="m21 21-4.3-4.3"
              />
            </svg>
            <input
              placeholder="Stok kodu, ad─▒ veya rengi ara..."
              style="width: 100%; padding: 10px 12px 10px 40px; border: 1px solid rgb(51, 51, 51); border-radius: 6px; font-size: 14px;"
              type="text"
              value=""
            />
          </div>
          <button
            style="padding: 10px 16px; background-color: rgb(0, 120, 212); color: white; border-radius: 6px; cursor: pointer; font-weight: bold;"
            type="submit"
          >
            Ara
          </button>
          <button
            style="padding: 10px 16px; background-color: rgb(16, 185, 129); color: white; border-radius: 6px; cursor: pointer; font-weight: bold; opacity: 1;"
            type="button"
          >
            <svg
              class="lucide lucide-refresh-cw "
              fill="none"
              height="16"
              stroke="currentColor"
              stroke-linecap="round"
              stroke-linejoin="round"
              stroke-width="2"
              style="margin-right: 8px;"
              viewBox="0 0 24 24"
              width="16"
              xmlns="http://www.w3.org/2000/svg"
            >
              <path
                d="M3 12a9 9 0 0 1 9-9 9.75 9.75 0 0 1 6.74 2.74L21 8"
              />
              <path
                d="M21 3v5h-5"
              />
              <path
                d="M21 12a9 9 0 0 1-9 9 9.75 9.75 0 0 1-6.74-2.74L3 16"
              />
              <path
                d="M8 16H3v5"
              />
            </svg>
            Senkronize Et
          </button>
        </form>
      </div>
      <div
        style="margin-bottom: 24px; border-bottom: 1px solid rgb(51, 51, 51);"
      >
        <div
          style="display: flex; gap: 16px;"
        >
          <button
            style="padding: 12px 16px; background-color: rgb(0, 120, 212); color: white; cursor: pointer; font-weight: bold; border-bottom: 2px solid rgb(0, 120, 212);"
            type="button"
          >
            T├╝m Stoklar (
            1
            )
          </button>
          <button
            style="padding: 12px 16px; background-color: transparent; color: rgb(243, 244, 246); cursor: pointer; font-weight: bold; border-bottom: transparent;"
            type="button"
          >
            D├╝┼ş├╝k Stok (
            0
            )
          </button>
        </div>
      </div>
      <div
        style="display: grid; grid-template-columns: repeat(auto-fill, minmax(300px, 1fr)); gap: 16px;"
      >
        <div
          style="background-color: rgb(30, 30, 30); padding: 16px; border-radius: 8px; border: 1px solid rgb(51, 51, 51); cursor: pointer; transition: all 0.2s; box-shadow: 0 1px 3px rgba(0,0,0,0.1);"
        >
          <div
            style="font-weight: bold; font-size: 14px; color: rgb(0, 120, 212); margin-bottom: 8px;"
          >
            STK-002
          </div>
          <div
            style="font-size: 13px; color: rgb(243, 244, 246); margin-bottom: 12px; line-height: 1.4;"
          >
            Ham MDF
          </div>
          <div
            style="font-size: 12px; color: rgb(198, 198, 198); margin-bottom: 8px; display: grid; gap: 2px;"
          >
            <div
              style="display: flex; align-items: center; gap: 6px;"
            >
              <svg
                aria-hidden="true"
                class="lucide lucide-palette "
                fill="none"
                height="12"
                stroke="currentColor"
                stroke-linecap="round"
                stroke-linejoin="round"
                stroke-width="2"
                viewBox="0 0 24 24"
                width="12"
                xmlns="http://www.w3.org/2000/svg"
              >
                <circle
                  cx="13.5"
                  cy="6.5"
                  r=".5"
                />
                <circle
                  cx="17.5"
                  cy="10.5"
                  r=".5"
                />
                <circle
                  cx="8.5"
                  cy="7.5"
                  r=".5"
                />
                <circle
                  cx="6.5"
                  cy="12.5"
                  r=".5"
                />
                <path
                  d="M12 2C6.5 2 2 6.5 2 12s4.5 10 10 10c.926 0 1.648-.746 1.648-1.688 0-.437-.18-.835-.437-1.125-.29-.289-.438-.652-.438-1.125a1.64 1.64 0 0 1 1.668-1.668h1.996c3.051 0 5.555-2.503 5.555-5.554C21.965 6.012 17.461 2 12 2z"
                />
              </svg>
               
              Ham
            </div>
            <div
              style="display: flex; align-items: center; gap: 6px;"
            >
              <svg
                aria-hidden="true"
                class="lucide lucide-ruler "
                fill="none"
                height="12"
                stroke="currentColor"
                stroke-linecap="round"
                stroke-linejoin="round"
                stroke-width="2"
                viewBox="0 0 24 24"
                width="12"
                xmlns="http://www.w3.org/2000/svg"
              >
                <path
                  d="M21.3 15.3a2.4 2.4 0 0 1 0 3.4l-2.6 2.6a2.4 2.4 0 0 1-3.4 0L2.7 8.7a2.41 2.41 0 0 1 0-3.4l2.6-2.6a2.41 2.41 0 0 1 3.4 0Z"
                />
                <path
                  d="m14.5 12.5 2-2"
                />
                <path
                  d="m11.5 9.5 2-2"
                />
                <path
                  d="m8.5 6.5 2-2"
                />
                <path
                  d="m17.5 15.5 2-2"
                />
              </svg>
               
              8 mm
            </div>
            <div
              style="display: flex; align-items: center; gap: 6px;"
            >
              <svg
                aria-hidden="true"
                class="lucide lucide-map-pin "
                fill="none"
                height="12"
                stroke="currentColor"
                stroke-linecap="round"
                stroke-linejoin="round"
                stroke-width="2"
                viewBox="0 0 24 24"
                width="12"
                xmlns="http://www.w3.org/2000/svg"
              >
                <path
                  d="M20 10c0 6-8 12-8 12s-8-6-8-12a8 8 0 0 1 16 0Z"
                />
                <circle
                  cx="12"
                  cy="10"
                  r="3"
                />
              </svg>
               
              B-01
            </div>
          </div>
          <div
            style="border-top: 1px solid rgb(51, 51, 51); padding-top: 12px; margin-top: 12px;"
          >
            <div
              style="display: flex; justify-content: space-between; margin-bottom: 6px;"
            >
              <span
                style="font-size: 11px; color: rgb(198, 198, 198);"
              >
                Toplam
              </span>
              <span
                style="font-weight: bold; color: rgb(243, 244, 246);"
              >
                20
                 
                ADET
              </span>
            </div>
            <div
              style="display: flex; justify-content: space-between; margin-bottom: 6px;"
            >
              <span
                style="font-size: 11px; color: rgb(198, 198, 198);"
              >
                Uygun
              </span>
              <span
                style="color: rgb(16, 185, 129);"
              >
                20
                 
                ADET
              </span>
            </div>
            0
          </div>
        </div>
      </div>
    </div>
  </div>
</body>

Ignored nodes: comments, script, style
<html>
  <head />
  <body>
    <div>
      <div
        style="padding: 20px; min-height: 100vh; background-color: rgb(18, 18, 18);"
      >
        <div
          style="background-color: rgb(30, 30, 30); padding: 16px; border-radius: 0; margin-bottom: 24px; border: 1px solid rgb(51, 51, 51); display: flex; flex-direction: column; gap: 12px;"
        >
          <div
            style="display: flex; justify-content: flex-end;"
          >
            <button
              style="display: flex; align-items: center; gap: 8px; padding: 10px 20px; background-color: rgb(0, 120, 212); color: white; border-radius: 0; cursor: pointer; font-weight: 600; font-size: 14px; transition: all 0.2s;"
              type="button"
            >
              <svg
                class="lucide lucide-plus "
                fill="none"
                height="18"
                stroke="currentColor"
                stroke-linecap="round"
                stroke-linejoin="round"
                stroke-width="2"
                viewBox="0 0 24 24"
                width="18"
                xmlns="http://www.w3.org/2000/svg"
              >
                <path
                  d="M5 12h14"
                />
                <path
                  d="M12 5v14"
                />
              </svg>
               Yeni Stok Kart─▒
            </button>
          </div>
          <form
            style="display: flex; gap: 12px;"
          >
            <div
              style="flex: 1 1 0%; position: relative;"
            >
              <svg
                class="lucide lucide-search "
                fill="none"
                height="18"
                stroke="currentColor"
                stroke-linecap="round"
                stroke-linejoin="round"
                stroke-width="2"
                style="position: absolute; left: 12px; top: 12px; color: rgb(198, 198, 198);"
                viewBox="0 0 24 24"
                width="18"
                xmlns="http://www.w3.org/2000/svg"
              >
                <circle
                  cx="11"
                  cy="11"
                  r="8"
                />
                <path
                  d="m21 21-4.3-4.3"
                />
              </svg>
              <input
                placeholder="Stok kodu, ad─▒ veya rengi ara..."
                style="width: 100%; padding: 10px 12px 10px 40px; border: 1px solid rgb(51, 51, 51); border-radius: 6px; font-size: 14px;"
                type="text"
                value=""
              />
            </div>
            <button
              style="padding: 10px 16px; background-color: rgb(0, 120, 212); color: white; border-radius: 6px; cursor: pointer; font-weight: bold;"
              type="submit"
            >
              Ara
            </button>
            <button
              style="padding: 10px 16px; background-color: rgb(16, 185, 129); color: white; border-radius: 6px; cursor: pointer; font-weight: bold; opacity: 1;"
              type="button"
            >
              <svg
                class="lucide lucide-refresh-cw "
                fill="none"
                height="16"
                stroke="currentColor"
                stroke-linecap="round"
                stroke-linejoin="round"
                stroke-width="2"
                style="margin-right: 8px;"
                viewBox="0 0 24 24"
                width="16"
                xmlns="http://www.w3.org/2000/svg"
              >
                <path
                  d="M3 12a9 9 0 0 1 9-9 9.75 9.75 0 0 1 6.74 2.74L21 8"
                />
                <path
                  d="M21 3v5h-5"
                />
                <path
                  d="M21 12a9 9 0 0 1-9 9 9.75 9.75 0 0 1-6.74-2.74L3 16"
                />
                <path
                  d="M8 16H3v5"
                />
              </svg>
              Senkronize Et
            </button>
          </form>
        </div>
        <div
          style="margin-bottom: 24px; border-bottom: 1px solid rgb(51, 51, 51);"
        >
          <div
            style="display: flex; gap: 16px;"
          >
            <button
              style="padding: 12px 16px; background-color: rgb(0, 120, 212); color: white; cursor: pointer; font-weight: bold; border-bottom: 2px solid rgb(0, 120, 212);"
              type="button"
            >
              T├╝m Stoklar (
              1
              )
            </button>
            <button
              style="padding: 12px 16px; background-color: transparent; color: rgb(243, 244, 246); cursor: pointer; font-weight: bold; border-bottom: transparent;"
              type="button"
            >
              D├╝┼ş├╝k Stok (
              0
              )
            </button>
          </div>
        </div>
        <div
          style="display: grid; grid-template-columns: repeat(auto-fill, minmax(300px, 1fr)); gap: 16px;"
        >
          <div
            style="background-color: rgb(30, 30, 30); padding: 16px; border-radius: 8px; border: 1px solid rgb(51, 51, 51); cursor: pointer; transition: all 0.2s; box-shadow: 0 1px 3px rgba(0,0,0,0.1);"
          >
            <div
              style="font-weight: bold; font-size: 14px; color: rgb(0, 120, 212); margin-bottom: 8px;"
            >
              STK-002
            </div>
            <div
              style="font-size: 13px; color: rgb(243, 244, 246); margin-bottom: 12px; line-height: 1.4;"
            >
              Ham MDF
            </div>
            <div
              style="font-size: 12px; color: rgb(198, 198, 198); margin-bottom: 8px; display: grid; gap: 2px;"
            >
              <div
                style="display: flex; align-items: center; gap: 6px;"
              >
                <svg
                  aria-hidden="true"
                  class="lucide lucide-palette "
                  fill="none"
                  height="12"
                  stroke="currentColor"
                  stroke-linecap="round"
                  stroke-linejoin="round"
                  stroke-width="2"
                  viewBox="0 0 24 24"
                  width="12"
                  xmlns="http://www.w3.org/2000/svg"
                >
                  <circle
                    cx="13.5"
                    cy="6.5"
                    r=".5"
                  />
                  <circle
                    cx="17.5"
                    cy="10.5"
                    r=".5"
                  />
                  <circle
                    cx="8.5"
                    cy="7.5"
                    r=".5"
                  />
                  <circle
                    cx="6.5"
                    cy="12.5"
                    r=".5"
                  />
                  <path
                    d="M12 2C6.5 2 2 6.5 2 12s4.5 10 10 10c.926 0 1.648-.746 1.648-1.688 0-.437-.18-.835-.437-1.125-.29-.289-.438-.652-.438-1.125a1.64 1.64 0 0 1 1.668-1.668h1.996c3.051 0 5.555-2.503 5.555-5.554C21.965 6.012 17.461 2 12 2z"
                  />
                </svg>
                 
                Ham
              </div>
              <div
                style="display: flex; align-items: center; gap: 6px;"
              >
                <svg
                  aria-hidden="true"
                  class="lucide lucide-ruler "
                  fill="none"
                  height="12"
                  stroke="currentColor"
                  stroke-linecap="round"
                  stroke-linejoin="round"
                  stroke-width="2"
                  viewBox="0 0 24 24"
                  width="12"
                  xmlns="http://www.w3.org/2000/svg"
                >
                  <path
                    d="M21.3 15.3a2.4 2.4 0 0 1 0 3.4l-2.6 2.6a2.4 2.4 0 0 1-3.4 0L2.7 8.7a2.41 2.41 0 0 1 0-3.4l2.6-2.6a2.41 2.41 0 0 1 3.4 0Z"
                  />
                  <path
                    d="m14.5 12.5 2-2"
                  />
                  <path
                    d="m11.5 9.5 2-2"
                  />
                  <path
                    d="m8.5 6.5 2-2"
                  />
                  <path
                    d="m17.5 15.5 2-2"
                  />
                </svg>
                 
                8 mm
              </div>
              <div
                style="display: flex; align-items: center; gap: 6px;"
              >
                <svg
                  aria-hidden="true"
                  class="lucide lucide-map-pin "
                  fill="none"
                  height="12"
                  stroke="currentColor"
                  stroke-linecap="round"
                  stroke-linejoin="round"
                  stroke-width="2"
                  viewBox="0 0 24 24"
                  width="12"
                  xmlns="http://www.w3.org/2000/svg"
                >
                  <path
                    d="M20 10c0 6-8 12-8 12s-8-6-8-12a8 8 0 0 1 16 0Z"
                  />
                  <circle
                    cx="12"
                    cy="10"
                    r="3"
                  />
                </svg>
                 
                B-01
              </div>
            </div>
            <div
              style="border-top: 1px solid rgb(51, 51, 51); padding-top: 12px; margin-top: 12px;"
            >
              <div
                style="display: flex; justify-content: space-between; margin-bottom: 6px;"
              >
                <span
                  style="font-size: 11px; color: rgb(198, 198, 198);"
                >
                  Toplam
                </span>
                <span
                  style="font-weight: bold; color: rgb(243, 244, 246);"
                >
                  20
                   
                  ADET
                </span>
              </div>
              <div
                style="display: flex; justify-content: space-between; margin-bottom: 6px;"
              >
                <span
                  style="font-size: 11px; color: rgb(198, 198, 198);"
                >
                  Uygun
                </span>
                <span
                  style="color: rgb(16, 185, 129);"
                >
                  20
                   
                  ADET
                </span>
              </div>
              0
            </div>
          </div>
        </div>
      </div>
    </div>
  </body>
</html>
 ÔØ» Proxy.waitForWrapper node_modules/@testing-library/dom/dist/wait-for.js:163:27
 ÔØ» src/features/Stock/StockCardComponent.test.tsx:188:11
    186|     render(<StockCardComponent />);
    187| 
    188|     await waitFor(() => {
       |           ^
    189|       expect(screen.getByText("STK-002")).toBeInTheDocument();
    190|       expect(screen.getAllByText(/Ôé║0[,.]00/).length).toBeGreaterThanOrÔÇĞ

ÔÄ»ÔÄ»ÔÄ»ÔÄ»ÔÄ»ÔÄ»ÔÄ»ÔÄ»ÔÄ»ÔÄ»ÔÄ»ÔÄ»ÔÄ»ÔÄ»ÔÄ»ÔÄ»ÔÄ»ÔÄ»ÔÄ»ÔÄ»ÔÄ»ÔÄ»[15/38]ÔÄ»

 FAIL  src/features/Stock/StockCardComponent.test.tsx > StockCardComponent > yeni stok olusturma akisi barkod ve satis fiyati child payloadini backend kontratina gore gonderir
TestingLibraryElementError: Found a label with the text of: Stok Kodu *, however no form control was found associated to that label. Make sure you're using the "for" attribute or "aria-labelledby" attribute correctly.

Ignored nodes: comments, script, style
<body>
  <div>
    <div
      style="padding: 20px; min-height: 100vh; background-color: rgb(18, 18, 18);"
    >
      <div
        style="background-color: rgb(30, 30, 30); padding: 16px; border-radius: 0; margin-bottom: 24px; border: 1px solid rgb(51, 51, 51); display: flex; flex-direction: column; gap: 12px;"
      >
        <div
          style="display: flex; justify-content: flex-end;"
        >
          <button
            style="display: flex; align-items: center; gap: 8px; padding: 10px 20px; background-color: rgb(0, 120, 212); color: white; border-radius: 0; cursor: pointer; font-weight: 600; font-size: 14px; transition: all 0.2s;"
            type="button"
          >
            <svg
              class="lucide lucide-plus "
              fill="none"
              height="18"
              stroke="currentColor"
              stroke-linecap="round"
              stroke-linejoin="round"
              stroke-width="2"
              viewBox="0 0 24 24"
              width="18"
              xmlns="http://www.w3.org/2000/svg"
            >
              <path
                d="M5 12h14"
              />
              <path
                d="M12 5v14"
              />
            </svg>
             Yeni Stok Kart─▒
          </button>
        </div>
        <form
          style="display: flex; gap: 12px;"
        >
          <div
            style="flex: 1 1 0%; position: relative;"
          >
            <svg
              class="lucide lucide-search "
              fill="none"
              height="18"
              stroke="currentColor"
              stroke-linecap="round"
              stroke-linejoin="round"
              stroke-width="2"
              style="position: absolute; left: 12px; top: 12px; color: rgb(198, 198, 198);"
              viewBox="0 0 24 24"
              width="18"
              xmlns="http://www.w3.org/2000/svg"
            >
              <circle
                cx="11"
                cy="11"
                r="8"
              />
              <path
                d="m21 21-4.3-4.3"
              />
            </svg>
            <input
              placeholder="Stok kodu, ad─▒ veya rengi ara..."
              style="width: 100%; padding: 10px 12px 10px 40px; border: 1px solid rgb(51, 51, 51); border-radius: 6px; font-size: 14px;"
              type="text"
              value=""
            />
          </div>
          <button
            style="padding: 10px 16px; background-color: rgb(0, 120, 212); color: white; border-radius: 6px; cursor: pointer; font-weight: bold;"
            type="submit"
          >
            Ara
          </button>
          <button
            style="padding: 10px 16px; background-color: rgb(16, 185, 129); color: white; border-radius: 6px; cursor: pointer; font-weight: bold; opacity: 1;"
            type="button"
          >
            <svg
              class="lucide lucide-refresh-cw "
              fill="none"
              height="16"
              stroke="currentColor"
              stroke-linecap="round"
              stroke-linejoin="round"
              stroke-width="2"
              style="margin-right: 8px;"
              viewBox="0 0 24 24"
              width="16"
              xmlns="http://www.w3.org/2000/svg"
            >
              <path
                d="M3 12a9 9 0 0 1 9-9 9.75 9.75 0 0 1 6.74 2.74L21 8"
              />
              <path
                d="M21 3v5h-5"
              />
              <path
                d="M21 12a9 9 0 0 1-9 9 9.75 9.75 0 0 1-6.74-2.74L3 16"
              />
              <path
                d="M8 16H3v5"
              />
            </svg>
            Senkronize Et
          </button>
        </form>
      </div>
      <div
        style="margin-bottom: 24px; border-bottom: 1px solid rgb(51, 51, 51);"
      >
        <div
          style="display: flex; gap: 16px;"
        >
          <button
            style="padding: 12px 16px; background-color: rgb(0, 120, 212); color: white; cursor: pointer; font-weight: bold; border-bottom: 2px solid rgb(0, 120, 212);"
            type="button"
          >
            T├╝m Stoklar (
            0
            )
          </button>
          <button
            style="padding: 12px 16px; background-color: transparent; color: rgb(243, 244, 246); cursor: pointer; font-weight: bold; border-bottom: transparent;"
            type="button"
          >
            D├╝┼ş├╝k Stok (
            0
            )
          </button>
        </div>
      </div>
      <div
        style="display: grid; grid-template-columns: repeat(auto-fill, minmax(300px, 1fr)); gap: 16px;"
      >
        <div
          style="grid-column: 1 / -1; text-align: center; padding: 40px; color: rgb(198, 198, 198);"
        >
          <svg
            class="lucide lucide-package "
            fill="none"
            height="48"
            stroke[3...
 ÔØ» Object.getElementError node_modules/@testing-library/dom/dist/config.js:37:19
 ÔØ» getAllByLabelText node_modules/@testing-library/dom/dist/queries/label-text.js:108:40
 ÔØ» node_modules/@testing-library/dom/dist/query-helpers.js:52:17
 ÔØ» node_modules/@testing-library/dom/dist/query-helpers.js:95:19
 ÔØ» src/features/Stock/StockCardComponent.test.tsx:255:29
    253|     fireEvent.click(screen.getAllByRole("button", { name: /Yeni Stok KÔÇĞ
    254| 
    255|     fireEvent.change(screen.getByLabelText("Stok Kodu *"), { target: {ÔÇĞ
       |                             ^
    256|     fireEvent.change(screen.getByLabelText("Stok Ad─▒ *"), { target: { ÔÇĞ
    257|     fireEvent.change(screen.getByLabelText("Birim *"), { target: { valÔÇĞ

ÔÄ»ÔÄ»ÔÄ»ÔÄ»ÔÄ»ÔÄ»ÔÄ»ÔÄ»ÔÄ»ÔÄ»ÔÄ»ÔÄ»ÔÄ»ÔÄ»ÔÄ»ÔÄ»ÔÄ»ÔÄ»ÔÄ»ÔÄ»ÔÄ»ÔÄ»[16/38]ÔÄ»

 FAIL  src/features/Stock/StockCardComponent.test.tsx > StockCardComponent > yeni stok olusturma akisi ana ve child alanlari trimlenmis payload ile gonderir
TestingLibraryElementError: Found a label with the text of: Stok Kodu *, however no form control was found associated to that label. Make sure you're using the "for" attribute or "aria-labelledby" attribute correctly.

Ignored nodes: comments, script, style
<body>
  <div>
    <div
      style="padding: 20px; min-height: 100vh; background-color: rgb(18, 18, 18);"
    >
      <div
        style="background-color: rgb(30, 30, 30); padding: 16px; border-radius: 0; margin-bottom: 24px; border: 1px solid rgb(51, 51, 51); display: flex; flex-direction: column; gap: 12px;"
      >
        <div
          style="display: flex; justify-content: flex-end;"
        >
          <button
            style="display: flex; align-items: center; gap: 8px; padding: 10px 20px; background-color: rgb(0, 120, 212); color: white; border-radius: 0; cursor: pointer; font-weight: 600; font-size: 14px; transition: all 0.2s;"
            type="button"
          >
            <svg
              class="lucide lucide-plus "
              fill="none"
              height="18"
              stroke="currentColor"
              stroke-linecap="round"
              stroke-linejoin="round"
              stroke-width="2"
              viewBox="0 0 24 24"
              width="18"
              xmlns="http://www.w3.org/2000/svg"
            >
              <path
                d="M5 12h14"
              />
              <path
                d="M12 5v14"
              />
            </svg>
             Yeni Stok Kart─▒
          </button>
        </div>
        <form
          style="display: flex; gap: 12px;"
        >
          <div
            style="flex: 1 1 0%; position: relative;"
          >
            <svg
              class="lucide lucide-search "
              fill="none"
              height="18"
              stroke="currentColor"
              stroke-linecap="round"
              stroke-linejoin="round"
              stroke-width="2"
              style="position: absolute; left: 12px; top: 12px; color: rgb(198, 198, 198);"
              viewBox="0 0 24 24"
              width="18"
              xmlns="http://www.w3.org/2000/svg"
            >
              <circle
                cx="11"
                cy="11"
                r="8"
              />
              <path
                d="m21 21-4.3-4.3"
              />
            </svg>
            <input
              placeholder="Stok kodu, ad─▒ veya rengi ara..."
              style="width: 100%; padding: 10px 12px 10px 40px; border: 1px solid rgb(51, 51, 51); border-radius: 6px; font-size: 14px;"
              type="text"
              value=""
            />
          </div>
          <button
            style="padding: 10px 16px; background-color: rgb(0, 120, 212); color: white; border-radius: 6px; cursor: pointer; font-weight: bold;"
            type="submit"
          >
            Ara
          </button>
          <button
            style="padding: 10px 16px; background-color: rgb(16, 185, 129); color: white; border-radius: 6px; cursor: pointer; font-weight: bold; opacity: 1;"
            type="button"
          >
            <svg
              class="lucide lucide-refresh-cw "
              fill="none"
              height="16"
              stroke="currentColor"
              stroke-linecap="round"
              stroke-linejoin="round"
              stroke-width="2"
              style="margin-right: 8px;"
              viewBox="0 0 24 24"
              width="16"
              xmlns="http://www.w3.org/2000/svg"
            >
              <path
                d="M3 12a9 9 0 0 1 9-9 9.75 9.75 0 0 1 6.74 2.74L21 8"
              />
              <path
                d="M21 3v5h-5"
              />
              <path
                d="M21 12a9 9 0 0 1-9 9 9.75 9.75 0 0 1-6.74-2.74L3 16"
              />
              <path
                d="M8 16H3v5"
              />
            </svg>
            Senkronize Et
          </button>
        </form>
      </div>
      <div
        style="margin-bottom: 24px; border-bottom: 1px solid rgb(51, 51, 51);"
      >
        <div
          style="display: flex; gap: 16px;"
        >
          <button
            style="padding: 12px 16px; background-color: rgb(0, 120, 212); color: white; cursor: pointer; font-weight: bold; border-bottom: 2px solid rgb(0, 120, 212);"
            type="button"
          >
            T├╝m Stoklar (
            0
            )
          </button>
          <button
            style="padding: 12px 16px; background-color: transparent; color: rgb(243, 244, 246); cursor: pointer; font-weight: bold; border-bottom: transparent;"
            type="button"
          >
            D├╝┼ş├╝k Stok (
            0
            )
          </button>
        </div>
      </div>
      <div
        style="display: grid; grid-template-columns: repeat(auto-fill, minmax(300px, 1fr)); gap: 16px;"
      >
        <div
          style="grid-column: 1 / -1; text-align: center; padding: 40px; color: rgb(198, 198, 198);"
        >
          <svg
            class="lucide lucide-package "
            fill="none"
            height="48"
            stroke[3...
 ÔØ» Object.getElementError node_modules/@testing-library/dom/dist/config.js:37:19
 ÔØ» getAllByLabelText node_modules/@testing-library/dom/dist/queries/label-text.js:108:40
 ÔØ» node_modules/@testing-library/dom/dist/query-helpers.js:52:17
 ÔØ» node_modules/@testing-library/dom/dist/query-helpers.js:95:19
 ÔØ» src/features/Stock/StockCardComponent.test.tsx:348:29
    346|     fireEvent.click(screen.getAllByRole("button", { name: /Yeni Stok KÔÇĞ
    347| 
    348|     fireEvent.change(screen.getByLabelText("Stok Kodu *"), { target: {ÔÇĞ
       |                             ^
    349|     fireEvent.change(screen.getByLabelText("Stok Ad─▒ *"), { target: { ÔÇĞ
    350|     fireEvent.change(screen.getByLabelText("Birim *"), { target: { valÔÇĞ

ÔÄ»ÔÄ»ÔÄ»ÔÄ»ÔÄ»ÔÄ»ÔÄ»ÔÄ»ÔÄ»ÔÄ»ÔÄ»ÔÄ»ÔÄ»ÔÄ»ÔÄ»ÔÄ»ÔÄ»ÔÄ»ÔÄ»ÔÄ»ÔÄ»ÔÄ»[17/38]ÔÄ»

 FAIL  src/features/Stock/StockCardComponent.test.tsx > StockCardComponent > yeni stok kartinda ayni barkod iki kez girildiginde create islemini durdurur
TestingLibraryElementError: Found a label with the text of: Stok Kodu *, however no form control was found associated to that label. Make sure you're using the "for" attribute or "aria-labelledby" attribute correctly.

Ignored nodes: comments, script, style
<body>
  <div>
    <div
      style="padding: 20px; min-height: 100vh; background-color: rgb(18, 18, 18);"
    >
      <div
        style="background-color: rgb(30, 30, 30); padding: 16px; border-radius: 0; margin-bottom: 24px; border: 1px solid rgb(51, 51, 51); display: flex; flex-direction: column; gap: 12px;"
      >
        <div
          style="display: flex; justify-content: flex-end;"
        >
          <button
            style="display: flex; align-items: center; gap: 8px; padding: 10px 20px; background-color: rgb(0, 120, 212); color: white; border-radius: 0; cursor: pointer; font-weight: 600; font-size: 14px; transition: all 0.2s;"
            type="button"
          >
            <svg
              class="lucide lucide-plus "
              fill="none"
              height="18"
              stroke="currentColor"
              stroke-linecap="round"
              stroke-linejoin="round"
              stroke-width="2"
              viewBox="0 0 24 24"
              width="18"
              xmlns="http://www.w3.org/2000/svg"
            >
              <path
                d="M5 12h14"
              />
              <path
                d="M12 5v14"
              />
            </svg>
             Yeni Stok Kart─▒
          </button>
        </div>
        <form
          style="display: flex; gap: 12px;"
        >
          <div
            style="flex: 1 1 0%; position: relative;"
          >
            <svg
              class="lucide lucide-search "
              fill="none"
              height="18"
              stroke="currentColor"
              stroke-linecap="round"
              stroke-linejoin="round"
              stroke-width="2"
              style="position: absolute; left: 12px; top: 12px; color: rgb(198, 198, 198);"
              viewBox="0 0 24 24"
              width="18"
              xmlns="http://www.w3.org/2000/svg"
            >
              <circle
                cx="11"
                cy="11"
                r="8"
              />
              <path
                d="m21 21-4.3-4.3"
              />
            </svg>
            <input
              placeholder="Stok kodu, ad─▒ veya rengi ara..."
              style="width: 100%; padding: 10px 12px 10px 40px; border: 1px solid rgb(51, 51, 51); border-radius: 6px; font-size: 14px;"
              type="text"
              value=""
            />
          </div>
          <button
            style="padding: 10px 16px; background-color: rgb(0, 120, 212); color: white; border-radius: 6px; cursor: pointer; font-weight: bold;"
            type="submit"
          >
            Ara
          </button>
          <button
            style="padding: 10px 16px; background-color: rgb(16, 185, 129); color: white; border-radius: 6px; cursor: pointer; font-weight: bold; opacity: 1;"
            type="button"
          >
            <svg
              class="lucide lucide-refresh-cw "
              fill="none"
              height="16"
              stroke="currentColor"
              stroke-linecap="round"
              stroke-linejoin="round"
              stroke-width="2"
              style="margin-right: 8px;"
              viewBox="0 0 24 24"
              width="16"
              xmlns="http://www.w3.org/2000/svg"
            >
              <path
                d="M3 12a9 9 0 0 1 9-9 9.75 9.75 0 0 1 6.74 2.74L21 8"
              />
              <path
                d="M21 3v5h-5"
              />
              <path
                d="M21 12a9 9 0 0 1-9 9 9.75 9.75 0 0 1-6.74-2.74L3 16"
              />
              <path
                d="M8 16H3v5"
              />
            </svg>
            Senkronize Et
          </button>
        </form>
      </div>
      <div
        style="margin-bottom: 24px; border-bottom: 1px solid rgb(51, 51, 51);"
      >
        <div
          style="display: flex; gap: 16px;"
        >
          <button
            style="padding: 12px 16px; background-color: rgb(0, 120, 212); color: white; cursor: pointer; font-weight: bold; border-bottom: 2px solid rgb(0, 120, 212);"
            type="button"
          >
            T├╝m Stoklar (
            1
            )
          </button>
          <button
            style="padding: 12px 16px; background-color: transparent; color: rgb(243, 244, 246); cursor: pointer; font-weight: bold; border-bottom: transparent;"
            type="button"
          >
            D├╝┼ş├╝k Stok (
            0
            )
          </button>
        </div>
      </div>
      <div
        style="display: grid; grid-template-columns: repeat(auto-fill, minmax(300px, 1fr)); gap: 16px;"
      >
        <div
          style="background-color: rgb(30, 30, 30); padding: 16px; border-radius: 8px; border: 1px solid rgb(51, 51, 51); cursor: pointer; transition: all 0.2s; box-shadow: 0 1px 3px rgba(0,0,0,0.1);"
        >
          <div
            style="font-weight: bold; font-size: 14px; color: ...
 ÔØ» Object.getElementError node_modules/@testing-library/dom/dist/config.js:37:19
 ÔØ» getAllByLabelText node_modules/@testing-library/dom/dist/queries/label-text.js:108:40
 ÔØ» node_modules/@testing-library/dom/dist/query-helpers.js:52:17
 ÔØ» node_modules/@testing-library/dom/dist/query-helpers.js:95:19
 ÔØ» src/features/Stock/StockCardComponent.test.tsx:395:29
    393|     fireEvent.click(screen.getAllByRole("button", { name: /Yeni Stok KÔÇĞ
    394| 
    395|     fireEvent.change(screen.getByLabelText("Stok Kodu *"), { target: {ÔÇĞ
       |                             ^
    396|     fireEvent.change(screen.getByLabelText("Stok Ad─▒ *"), { target: { ÔÇĞ
    397|     fireEvent.change(screen.getByLabelText("Barkod 1"), { target: { vaÔÇĞ

ÔÄ»ÔÄ»ÔÄ»ÔÄ»ÔÄ»ÔÄ»ÔÄ»ÔÄ»ÔÄ»ÔÄ»ÔÄ»ÔÄ»ÔÄ»ÔÄ»ÔÄ»ÔÄ»ÔÄ»ÔÄ»ÔÄ»ÔÄ»ÔÄ»ÔÄ»[18/38]ÔÄ»

 FAIL  src/features/Stock/StockCardComponent.test.tsx > StockCardComponent > yeni stok kartinda ayni fiyat tipi iki kez girildiginde create islemini durdurur
TestingLibraryElementError: Found a label with the text of: Stok Kodu *, however no form control was found associated to that label. Make sure you're using the "for" attribute or "aria-labelledby" attribute correctly.

Ignored nodes: comments, script, style
<body>
  <div>
    <div
      style="padding: 20px; min-height: 100vh; background-color: rgb(18, 18, 18);"
    >
      <div
        style="background-color: rgb(30, 30, 30); padding: 16px; border-radius: 0; margin-bottom: 24px; border: 1px solid rgb(51, 51, 51); display: flex; flex-direction: column; gap: 12px;"
      >
        <div
          style="display: flex; justify-content: flex-end;"
        >
          <button
            style="display: flex; align-items: center; gap: 8px; padding: 10px 20px; background-color: rgb(0, 120, 212); color: white; border-radius: 0; cursor: pointer; font-weight: 600; font-size: 14px; transition: all 0.2s;"
            type="button"
          >
            <svg
              class="lucide lucide-plus "
              fill="none"
              height="18"
              stroke="currentColor"
              stroke-linecap="round"
              stroke-linejoin="round"
              stroke-width="2"
              viewBox="0 0 24 24"
              width="18"
              xmlns="http://www.w3.org/2000/svg"
            >
              <path
                d="M5 12h14"
              />
              <path
                d="M12 5v14"
              />
            </svg>
             Yeni Stok Kart─▒
          </button>
        </div>
        <form
          style="display: flex; gap: 12px;"
        >
          <div
            style="flex: 1 1 0%; position: relative;"
          >
            <svg
              class="lucide lucide-search "
              fill="none"
              height="18"
              stroke="currentColor"
              stroke-linecap="round"
              stroke-linejoin="round"
              stroke-width="2"
              style="position: absolute; left: 12px; top: 12px; color: rgb(198, 198, 198);"
              viewBox="0 0 24 24"
              width="18"
              xmlns="http://www.w3.org/2000/svg"
            >
              <circle
                cx="11"
                cy="11"
                r="8"
              />
              <path
                d="m21 21-4.3-4.3"
              />
            </svg>
            <input
              placeholder="Stok kodu, ad─▒ veya rengi ara..."
              style="width: 100%; padding: 10px 12px 10px 40px; border: 1px solid rgb(51, 51, 51); border-radius: 6px; font-size: 14px;"
              type="text"
              value=""
            />
          </div>
          <button
            style="padding: 10px 16px; background-color: rgb(0, 120, 212); color: white; border-radius: 6px; cursor: pointer; font-weight: bold;"
            type="submit"
          >
            Ara
          </button>
          <button
            style="padding: 10px 16px; background-color: rgb(16, 185, 129); color: white; border-radius: 6px; cursor: pointer; font-weight: bold; opacity: 1;"
            type="button"
          >
            <svg
              class="lucide lucide-refresh-cw "
              fill="none"
              height="16"
              stroke="currentColor"
              stroke-linecap="round"
              stroke-linejoin="round"
              stroke-width="2"
              style="margin-right: 8px;"
              viewBox="0 0 24 24"
              width="16"
              xmlns="http://www.w3.org/2000/svg"
            >
              <path
                d="M3 12a9 9 0 0 1 9-9 9.75 9.75 0 0 1 6.74 2.74L21 8"
              />
              <path
                d="M21 3v5h-5"
              />
              <path
                d="M21 12a9 9 0 0 1-9 9 9.75 9.75 0 0 1-6.74-2.74L3 16"
              />
              <path
                d="M8 16H3v5"
              />
            </svg>
            Senkronize Et
          </button>
        </form>
      </div>
      <div
        style="margin-bottom: 24px; border-bottom: 1px solid rgb(51, 51, 51);"
      >
        <div
          style="display: flex; gap: 16px;"
        >
          <button
            style="padding: 12px 16px; background-color: rgb(0, 120, 212); color: white; cursor: pointer; font-weight: bold; border-bottom: 2px solid rgb(0, 120, 212);"
            type="button"
          >
            T├╝m Stoklar (
            1
            )
          </button>
          <button
            style="padding: 12px 16px; background-color: transparent; color: rgb(243, 244, 246); cursor: pointer; font-weight: bold; border-bottom: transparent;"
            type="button"
          >
            D├╝┼ş├╝k Stok (
            0
            )
          </button>
        </div>
      </div>
      <div
        style="display: grid; grid-template-columns: repeat(auto-fill, minmax(300px, 1fr)); gap: 16px;"
      >
        <div
          style="background-color: rgb(30, 30, 30); padding: 16px; border-radius: 8px; border: 1px solid rgb(51, 51, 51); cursor: pointer; transition: all 0.2s; box-shadow: 0 1px 3px rgba(0,0,0,0.1);"
        >
          <div
            style="font-weight: bold; font-size: 14px; color: ...
 ÔØ» Object.getElementError node_modules/@testing-library/dom/dist/config.js:37:19
 ÔØ» getAllByLabelText node_modules/@testing-library/dom/dist/queries/label-text.js:108:40
 ÔØ» node_modules/@testing-library/dom/dist/query-helpers.js:52:17
 ÔØ» node_modules/@testing-library/dom/dist/query-helpers.js:95:19
 ÔØ» src/features/Stock/StockCardComponent.test.tsx:422:29
    420|     fireEvent.click(screen.getAllByRole("button", { name: /Yeni Stok KÔÇĞ
    421| 
    422|     fireEvent.change(screen.getByLabelText("Stok Kodu *"), { target: {ÔÇĞ
       |                             ^
    423|     fireEvent.change(screen.getByLabelText("Stok Ad─▒ *"), { target: { ÔÇĞ
    424|     fireEvent.change(screen.getByLabelText("Fiyat Tipi"), { target: { ÔÇĞ

ÔÄ»ÔÄ»ÔÄ»ÔÄ»ÔÄ»ÔÄ»ÔÄ»ÔÄ»ÔÄ»ÔÄ»ÔÄ»ÔÄ»ÔÄ»ÔÄ»ÔÄ»ÔÄ»ÔÄ»ÔÄ»ÔÄ»ÔÄ»ÔÄ»ÔÄ»[19/38]ÔÄ»

 FAIL  src/features/Stock/StockCardComponent.test.tsx > StockCardComponent > yeni stok kartinda eksik satis fiyati satiri oldugunda create islemini durdurur
TestingLibraryElementError: Found a label with the text of: Stok Kodu *, however no form control was found associated to that label. Make sure you're using the "for" attribute or "aria-labelledby" attribute correctly.

Ignored nodes: comments, script, style
<body>
  <div>
    <div
      style="padding: 20px; min-height: 100vh; background-color: rgb(18, 18, 18);"
    >
      <div
        style="background-color: rgb(30, 30, 30); padding: 16px; border-radius: 0; margin-bottom: 24px; border: 1px solid rgb(51, 51, 51); display: flex; flex-direction: column; gap: 12px;"
      >
        <div
          style="display: flex; justify-content: flex-end;"
        >
          <button
            style="display: flex; align-items: center; gap: 8px; padding: 10px 20px; background-color: rgb(0, 120, 212); color: white; border-radius: 0; cursor: pointer; font-weight: 600; font-size: 14px; transition: all 0.2s;"
            type="button"
          >
            <svg
              class="lucide lucide-plus "
              fill="none"
              height="18"
              stroke="currentColor"
              stroke-linecap="round"
              stroke-linejoin="round"
              stroke-width="2"
              viewBox="0 0 24 24"
              width="18"
              xmlns="http://www.w3.org/2000/svg"
            >
              <path
                d="M5 12h14"
              />
              <path
                d="M12 5v14"
              />
            </svg>
             Yeni Stok Kart─▒
          </button>
        </div>
        <form
          style="display: flex; gap: 12px;"
        >
          <div
            style="flex: 1 1 0%; position: relative;"
          >
            <svg
              class="lucide lucide-search "
              fill="none"
              height="18"
              stroke="currentColor"
              stroke-linecap="round"
              stroke-linejoin="round"
              stroke-width="2"
              style="position: absolute; left: 12px; top: 12px; color: rgb(198, 198, 198);"
              viewBox="0 0 24 24"
              width="18"
              xmlns="http://www.w3.org/2000/svg"
            >
              <circle
                cx="11"
                cy="11"
                r="8"
              />
              <path
                d="m21 21-4.3-4.3"
              />
            </svg>
            <input
              placeholder="Stok kodu, ad─▒ veya rengi ara..."
              style="width: 100%; padding: 10px 12px 10px 40px; border: 1px solid rgb(51, 51, 51); border-radius: 6px; font-size: 14px;"
              type="text"
              value=""
            />
          </div>
          <button
            style="padding: 10px 16px; background-color: rgb(0, 120, 212); color: white; border-radius: 6px; cursor: pointer; font-weight: bold;"
            type="submit"
          >
            Ara
          </button>
          <button
            style="padding: 10px 16px; background-color: rgb(16, 185, 129); color: white; border-radius: 6px; cursor: pointer; font-weight: bold; opacity: 1;"
            type="button"
          >
            <svg
              class="lucide lucide-refresh-cw "
              fill="none"
              height="16"
              stroke="currentColor"
              stroke-linecap="round"
              stroke-linejoin="round"
              stroke-width="2"
              style="margin-right: 8px;"
              viewBox="0 0 24 24"
              width="16"
              xmlns="http://www.w3.org/2000/svg"
            >
              <path
                d="M3 12a9 9 0 0 1 9-9 9.75 9.75 0 0 1 6.74 2.74L21 8"
              />
              <path
                d="M21 3v5h-5"
              />
              <path
                d="M21 12a9 9 0 0 1-9 9 9.75 9.75 0 0 1-6.74-2.74L3 16"
              />
              <path
                d="M8 16H3v5"
              />
            </svg>
            Senkronize Et
          </button>
        </form>
      </div>
      <div
        style="margin-bottom: 24px; border-bottom: 1px solid rgb(51, 51, 51);"
      >
        <div
          style="display: flex; gap: 16px;"
        >
          <button
            style="padding: 12px 16px; background-color: rgb(0, 120, 212); color: white; cursor: pointer; font-weight: bold; border-bottom: 2px solid rgb(0, 120, 212);"
            type="button"
          >
            T├╝m Stoklar (
            1
            )
          </button>
          <button
            style="padding: 12px 16px; background-color: transparent; color: rgb(243, 244, 246); cursor: pointer; font-weight: bold; border-bottom: transparent;"
            type="button"
          >
            D├╝┼ş├╝k Stok (
            0
            )
          </button>
        </div>
      </div>
      <div
        style="display: grid; grid-template-columns: repeat(auto-fill, minmax(300px, 1fr)); gap: 16px;"
      >
        <div
          style="background-color: rgb(30, 30, 30); padding: 16px; border-radius: 8px; border: 1px solid rgb(51, 51, 51); cursor: pointer; transition: all 0.2s; box-shadow: 0 1px 3px rgba(0,0,0,0.1);"
        >
          <div
            style="font-weight: bold; font-size: 14px; color: ...
 ÔØ» Object.getElementError node_modules/@testing-library/dom/dist/config.js:37:19
 ÔØ» getAllByLabelText node_modules/@testing-library/dom/dist/queries/label-text.js:108:40
 ÔØ» node_modules/@testing-library/dom/dist/query-helpers.js:52:17
 ÔØ» node_modules/@testing-library/dom/dist/query-helpers.js:95:19
 ÔØ» src/features/Stock/StockCardComponent.test.tsx:454:29
    452|     fireEvent.click(screen.getAllByRole("button", { name: /Yeni Stok KÔÇĞ
    453| 
    454|     fireEvent.change(screen.getByLabelText("Stok Kodu *"), { target: {ÔÇĞ
       |                             ^
    455|     fireEvent.change(screen.getByLabelText("Stok Ad─▒ *"), { target: { ÔÇĞ
    456|     fireEvent.change(screen.getByLabelText("Fiyat Tipi"), { target: { ÔÇĞ

ÔÄ»ÔÄ»ÔÄ»ÔÄ»ÔÄ»ÔÄ»ÔÄ»ÔÄ»ÔÄ»ÔÄ»ÔÄ»ÔÄ»ÔÄ»ÔÄ»ÔÄ»ÔÄ»ÔÄ»ÔÄ»ÔÄ»ÔÄ»ÔÄ»ÔÄ»[20/38]ÔÄ»

 FAIL  src/features/Stock/StockCardComponent.test.tsx > StockCardComponent > barkod ve satis fiyat alt gridleri bos kayit durumunda bos durum mesaji gosterir
TestingLibraryElementError: Unable to find role="region" and name "Barkod Alt Gridi"

Ignored nodes: comments, script, style
<body>
  <div>
    <div
      style="padding: 20px; min-height: 100vh; background-color: rgb(18, 18, 18);"
    >
      <div
        style="background-color: rgb(30, 30, 30); padding: 16px; border-radius: 0; margin-bottom: 24px; border: 1px solid rgb(51, 51, 51); display: flex; flex-direction: column; gap: 12px;"
      >
        <div
          style="display: flex; justify-content: flex-end;"
        >
          <button
            style="display: flex; align-items: center; gap: 8px; padding: 10px 20px; background-color: rgb(0, 120, 212); color: white; border-radius: 0; cursor: pointer; font-weight: 600; font-size: 14px; transition: all 0.2s;"
            type="button"
          >
            <svg
              class="lucide lucide-plus "
              fill="none"
              height="18"
              stroke="currentColor"
              stroke-linecap="round"
              stroke-linejoin="round"
              stroke-width="2"
              viewBox="0 0 24 24"
              width="18"
              xmlns="http://www.w3.org/2000/svg"
            >
              <path
                d="M5 12h14"
              />
              <path
                d="M12 5v14"
              />
            </svg>
             Yeni Stok Kart─▒
          </button>
        </div>
        <form
          style="display: flex; gap: 12px;"
        >
          <div
            style="flex: 1 1 0%; position: relative;"
          >
            <svg
              class="lucide lucide-search "
              fill="none"
              height="18"
              stroke="currentColor"
              stroke-linecap="round"
              stroke-linejoin="round"
              stroke-width="2"
              style="position: absolute; left: 12px; top: 12px; color: rgb(198, 198, 198);"
              viewBox="0 0 24 24"
              width="18"
              xmlns="http://www.w3.org/2000/svg"
            >
              <circle
                cx="11"
                cy="11"
                r="8"
              />
              <path
                d="m21 21-4.3-4.3"
              />
            </svg>
            <input
              placeholder="Stok kodu, ad─▒ veya rengi ara..."
              style="width: 100%; padding: 10px 12px 10px 40px; border: 1px solid rgb(51, 51, 51); border-radius: 6px; font-size: 14px;"
              type="text"
              value=""
            />
          </div>
          <button
            style="padding: 10px 16px; background-color: rgb(0, 120, 212); color: white; border-radius: 6px; cursor: pointer; font-weight: bold;"
            type="submit"
          >
            Ara
          </button>
          <button
            style="padding: 10px 16px; background-color: rgb(16, 185, 129); color: white; border-radius: 6px; cursor: pointer; font-weight: bold; opacity: 1;"
            type="button"
          >
            <svg
              class="lucide lucide-refresh-cw "
              fill="none"
              height="16"
              stroke="currentColor"
              stroke-linecap="round"
              stroke-linejoin="round"
              stroke-width="2"
              style="margin-right: 8px;"
              viewBox="0 0 24 24"
              width="16"
              xmlns="http://www.w3.org/2000/svg"
            >
              <path
                d="M3 12a9 9 0 0 1 9-9 9.75 9.75 0 0 1 6.74 2.74L21 8"
              />
              <path
                d="M21 3v5h-5"
              />
              <path
                d="M21 12a9 9 0 0 1-9 9 9.75 9.75 0 0 1-6.74-2.74L3 16"
              />
              <path
                d="M8 16H3v5"
              />
            </svg>
            Senkronize Et
          </button>
        </form>
      </div>
      <div
        style="margin-bottom: 24px; border-bottom: 1px solid rgb(51, 51, 51);"
      >
        <div
          style="display: flex; gap: 16px;"
        >
          <button
            style="padding: 12px 16px; background-color: transparent; color: rgb(243, 244, 246); cursor: pointer; font-weight: bold; border-bottom: transparent;"
            type="button"
          >
            T├╝m Stoklar (
            1
            )
          </button>
          <button
            style="padding: 12px 16px; background-color: transparent; color: rgb(243, 244, 246); cursor: pointer; font-weight: bold; border-bottom: transparent;"
            type="button"
          >
            D├╝┼ş├╝k Stok (
            0
            )
          </button>
          <button
            style="padding: 12px 16px; background-color: rgb(0, 120, 212); color: white; cursor: pointer; font-weight: bold; border-bottom: 2px solid rgb(0, 120, 212);"
            type="button"
          >
            Detay: 
            STK-EMPTY
          </button>
        </div>
      </div>
      <div
        style="max-width: 900px;"
      >
        <div
          style="background-color: rgb(30, 30, 30); padding: 20px; border-radius: 8px; margin-bottom: 20px;"
        >
          <div
            style="font-size: 20px; font-weight: bold; color: rgb(243, 244, 246); margin-bottom: 8px;"
          >
            STK-EMPTY
          </div>
          <div
            style="font-size: 16px; color: rgb(198, 198, 198); margin-bottom: 12px;"
          >
            Bos Alt Grid
          </div>
          <div
            style="display: flex; gap: 20px; font-size: 14px; flex-wrap: wrap;"
          />
        </div>
        <div
          style="display: grid; grid-template-columns: repeat(auto-fit, minmax(200px, 1fr)); gap: 16px; margin-bottom: 20px;"
        >
          <div
            style="background-color: rgb(30, 30, 30); padding: 16px; border-radius: 8px; border: 1px solid rgb(51, 51, 51);"
          >
            <div
              style="font-size: 12px; color: rgb(198, 198, 198); margin-bottom: 8px;"
            >
              Toplam Miktar
            </div>
            <div
              style="font-size: 24px; font-weight: bold; color: rgb(0, 120, 212);"
            >
               
              ADET
            </div>
          </div>
          <div
            style="background-color: rgb(30, 30, 30); padding: 16px; border-radius: 8px; border: 1px solid rgb(51, 51, 51);"
          >
            <div
              style="font-size: 12px; color: rgb(198, 198, 198); margin-bottom: 8px;"
            >
              Uygun Miktar
            </div>
            <div
              style="font-size: 24px; font-weight: bold; color: rgb(239, 68, 68);"
            >
               
              ADET
            </div>
          </div>
          <div
            style="background-color: rgb(30, 30, 30); padding: 16px; border-radius: 8px; border: 1px solid rgb(51, 51, 51);"
          >
            <div
              style="font-size: 12px; color: rgb(198, 198, 198); margin-bottom: 8px;"
            >
              Rezerve Miktar
            </div>
            <div
              style="font-size: 24px; font-weight: bold; color: rgb(245, 158, 11);"
            >
               
              ADET
            </div>
          </div>
          0
        </div>
        <div
          style="background-color: rgb(30, 30, 30); padding: 20px; border-radius: 8px; border: 1px solid rgb(51, 51, 51);"
        >
          <h3
            style="font-size: 16px; font-weight: bold; color: rgb(243, 244, 246); margin-bottom: 16px; display: flex; align-items: center; gap: 8px;"
          >
            <svg
              class="lucide lucide-calendar "
              fill="none"
              height="18"
              stroke="currentColor"
              stroke-linecap="round"
              stroke-linejoin="round"
              stroke-width="2"
              viewBox="0 0 24 24"
              width="18"
              xmlns="http://www.w3.org/2000/svg"
            >
              <rect
                height="18"
                rx="2"
                ry="2"
                width="18"
                x="3"
                y="4"
              />
              <line
                x1="16"
                x2="16"
                y1="2"
                y2="6"
              />
              <line
                x1="8"
                x2="8"
                y1="2"
                y2="6"
              />
              <line
                x1="3"
                x2="21"
                y1="10"
                y2="10"
              />
            </svg>
             Son Hareketler
          </h3>
          <div
            style="text-align: center; padding: 20px; color: rgb(198, 198, 198);"
          >
            Hareket kayd─▒ bulunmamaktad─▒r
          </div>
        </div>
      </div>
    </div>
  </div>
</body>

Ignored nodes: comments, script, style
<html>
  <head />
  <body>
    <div>
      <div
        style="padding: 20px; min-height: 100vh; background-color: rgb(18, 18, 18);"
      >
        <div
          style="background-color: rgb(30, 30, 30); padding: 16px; border-radius: 0; margin-bottom: 24px; border: 1px solid rgb(51, 51, 51); display: flex; flex-direction: column; gap: 12px;"
        >
          <div
            style="display: flex; justify-content: flex-end;"
          >
            <button
              style="display: flex; align-items: center; gap: 8px; padding: 10px 20px; background-color: rgb(0, 120, 212); color: white; border-radius: 0; cursor: pointer; font-weight: 600; font-size: 14px; transition: all 0.2s;"
              type="button"
            >
              <svg
                class="lucide lucide-plus "
                fill="none"
                height="18"
                stroke="currentColor"
                stroke-linecap="round"
                stroke-linejoin="round"
                stroke-width="2"
                viewBox="0 0 24 24"
                width="18"
                xmlns="http://www.w3.org/2000/svg"
              >
                <path
                  d="M5 12h14"
                />
                <path
                  d="M12 5v14"
                />
              </svg>
               Yeni Stok Kart─▒
            </button>
          </div>
          <form
            style="display: flex; gap: 12px;"
          >
            <div
              style="flex: 1 1 0%; position: relative;"
            >
              <svg
                class="lucide lucide-search "
                fill="none"
                height="18"
                stroke="currentColor"
                stroke-linecap="round"
                stroke-linejoin="round"
                stroke-width="2"
                style="position: absolute; left: 12px; top: 12px; color: rgb(198, 198, 198);"
                viewBox="0 0 24 24"
                width="18"
                xmlns="http://www.w3.org/2000/svg"
              >
                <circle
                  cx="11"
                  cy="11"
                  r="8"
                />
                <path
                  d="m21 21-4.3-4.3"
                />
              </svg>
              <input
                placeholder="Stok kodu, ad─▒ veya rengi ara..."
                style="width: 100%; padding: 10px 12px 10px 40px; border: 1px solid rgb(51, 51, 51); border-radius: 6px; font-size: 14px;"
                type="text"
                value=""
              />
            </div>
            <button
              style="padding: 10px 16px; background-color: rgb(0, 120, 212); color: white; border-radius: 6px; cursor: pointer; font-weight: bold;"
              type="submit"
            >
              Ara
            </button>
            <button
              style="padding: 10px 16px; background-color: rgb(16, 185, 129); color: white; border-radius: 6px; cursor: pointer; font-weight: bold; opacity: 1;"
              type="button"
            >
              <svg
                class="lucide lucide-refresh-cw "
                fill="none"
                height="16"
                stroke="currentColor"
                stroke-linecap="round"
                stroke-linejoin="round"
                stroke-width="2"
                style="margin-right: 8px;"
                viewBox="0 0 24 24"
                width="16"
                xmlns="http://www.w3.org/2000/svg"
              >
                <path
                  d="M3 12a9 9 0 0 1 9-9 9.75 9.75 0 0 1 6.74 2.74L21 8"
                />
                <path
                  d="M21 3v5h-5"
                />
                <path
                  d="M21 12a9 9 0 0 1-9 9 9.75 9.75 0 0 1-6.74-2.74L3 16"
                />
                <path
                  d="M8 16H3v5"
                />
              </svg>
              Senkronize Et
            </button>
          </form>
        </div>
        <div
          style="margin-bottom: 24px; border-bottom: 1px solid rgb(51, 51, 51);"
        >
          <div
            style="display: flex; gap: 16px;"
          >
            <button
              style="padding: 12px 16px; background-color: transparent; color: rgb(243, 244, 246); cursor: pointer; font-weight: bold; border-bottom: transparent;"
              type="button"
            >
              T├╝m Stoklar (
              1
              )
            </button>
            <button
              style="padding: 12px 16px; background-color: transparent; color: rgb(243, 244, 246); cursor: pointer; font-weight: bold; border-bottom: transparent;"
              type="button"
            >
              D├╝┼ş├╝k Stok (
              0
              )
            </button>
            <button
              style="padding: 12px 16px; background-color: rgb(0, 120, 212); color: white; cursor: pointer; font-weight: bold; border-bottom: 2px solid rgb(0, 120, 212);"
              type="button"
            >
              Detay: 
              STK-EMPTY
            </button>
          </div>
        </div>
        <div
          style="max-width: 900px;"
        >
          <div
            style="background-color: rgb(30, 30, 30); padding: 20px; border-radius: 8px; margin-bottom: 20px;"
          >
            <div
              style="font-size: 20px; font-weight: bold; color: rgb(243, 244, 246); margin-bottom: 8px;"
            >
              STK-EMPTY
            </div>
            <div
              style="font-size: 16px; color: rgb(198, 198, 198); margin-bottom: 12px;"
            >
              Bos Alt Grid
            </div>
            <div
              style="display: flex; gap: 20px; font-size: 14px; flex-wrap: wrap;"
            />
          </div>
          <div
            style="display: grid; grid-template-columns: repeat(auto-fit, minmax(200px, 1fr)); gap: 16px; margin-bottom: 20px;"
          >
            <div
              style="background-color: rgb(30, 30, 30); padding: 16px; border-radius: 8px; border: 1px solid rgb(51, 51, 51);"
            >
              <div
                style="font-size: 12px; color: rgb(198, 198, 198); margin-bottom: 8px;"
              >
                Toplam Miktar
              </div>
              <div
                style="font-size: 24px; font-weight: bold; color: rgb(0, 120, 212);"
              >
                 
                ADET
              </div>
            </div>
            <div
              style="background-color: rgb(30, 30, 30); padding: 16px; border-radius: 8px; border: 1px solid rgb(51, 51, 51);"
            >
              <div
                style="font-size: 12px; color: rgb(198, 198, 198); margin-bottom: 8px;"
              >
                Uygun Miktar
              </div>
              <div
                style="font-size: 24px; font-weight: bold; color: rgb(239, 68, 68);"
              >
                 
                ADET
              </div>
            </div>
            <div
              style="background-color: rgb(30, 30, 30); padding: 16px; border-radius: 8px; border: 1px solid rgb(51, 51, 51);"
            >
              <div
                style="font-size: 12px; color: rgb(198, 198, 198); margin-bottom: 8px;"
              >
                Rezerve Miktar
              </div>
              <div
                style="font-size: 24px; font-weight: bold; color: rgb(245, 158, 11);"
              >
                 
                ADET
              </div>
            </div>
            0
          </div>
          <div
            style="background-color: rgb(30, 30, 30); padding: 20px; border-radius: 8px; border: 1px solid rgb(51, 51, 51);"
          >
            <h3
              style="font-size: 16px; font-weight: bold; color: rgb(243, 244, 246); margin-bottom: 16px; display: flex; align-items: center; gap: 8px;"
            >
              <svg
                class="lucide lucide-calendar "
                fill="none"
                height="18"
                stroke="currentColor"
                stroke-linecap="round"
                stroke-linejoin="round"
                stroke-width="2"
                viewBox="0 0 24 24"
                width="18"
                xmlns="http://www.w3.org/2000/svg"
              >
                <rect
                  height="18"
                  rx="2"
                  ry="2"
                  width="18"
                  x="3"
                  y="4"
                />
                <line
                  x1="16"
                  x2="16"
                  y1="2"
                  y2="6"
                />
                <line
                  x1="8"
                  x2="8"
                  y1="2"
                  y2="6"
                />
                <line
                  x1="3"
                  x2="21"
                  y1="10"
                  y2="10"
                />
              </svg>
               Son Hareketler
            </h3>
            <div
              style="text-align: center; padding: 20px; color: rgb(198, 198, 198);"
            >
              Hareket kayd─▒ bulunmamaktad─▒r
            </div>
          </div>
        </div>
      </div>
    </div>
  </body>
</html>
 ÔØ» Proxy.waitForWrapper node_modules/@testing-library/dom/dist/wait-for.js:163:27
 ÔØ» src/features/Stock/StockCardComponent.test.tsx:486:11
    484|     fireEvent.click(screen.getByText("STK-EMPTY"));
    485| 
    486|     await waitFor(() => {
       |           ^
    487|       expect(screen.getByRole("region", { name: "Barkod Alt Gridi" }))ÔÇĞ
    488|       expect(screen.getByText("Barkod kayd─▒ yok")).toBeInTheDocument();

ÔÄ»ÔÄ»ÔÄ»ÔÄ»ÔÄ»ÔÄ»ÔÄ»ÔÄ»ÔÄ»ÔÄ»ÔÄ»ÔÄ»ÔÄ»ÔÄ»ÔÄ»ÔÄ»ÔÄ»ÔÄ»ÔÄ»ÔÄ»ÔÄ»ÔÄ»[21/38]ÔÄ»


 FAIL  src/components/Layout/__tests__/SpotlightSearch.test.tsx > SpotlightSearch > hizli erisim sonucunda siparis teklif stok cari sirasini korur
 FAIL  src/components/Layout/__tests__/SpotlightSearch.test.tsx > SpotlightSearch > siparisler sonucunu liste rotasina yonlendirir
 FAIL  src/components/Layout/__tests__/SpotlightSearch.test.tsx > SpotlightSearch > teklif fisini bagimsiz modul rotasina yonlendirir
 FAIL  src/components/Layout/__tests__/SpotlightSearch.test.tsx > SpotlightSearch > workflow ve optiplan job kayitlarini ortak katalogdan aratir
 FAIL  src/components/Layout/__tests__/SpotlightSearch.test.tsx > SpotlightSearch > yeni siparis aksiyonunu order-editor rotasina baglar
Error: Element type is invalid: expected a string (for built-in components) or a class/function (for composite components) but got: undefined. You likely forgot to export your component from the file it's defined in, or you might have mixed up default and named imports.
 ÔØ» createFiberFromTypeAndProps node_modules/react-dom/cjs/react-dom.development.js:28478:17
 ÔØ» createFiberFromElement node_modules/react-dom/cjs/react-dom.development.js:28504:15
 ÔØ» reconcileSingleElement node_modules/react-dom/cjs/react-dom.development.js:13986:23
 ÔØ» reconcileChildFibers node_modules/react-dom/cjs/react-dom.development.js:14044:35
 ÔØ» reconcileChildren node_modules/react-dom/cjs/react-dom.development.js:19186:28
 ÔØ» updateHostComponent node_modules/react-dom/cjs/react-dom.development.js:19953:3
 ÔØ» beginWork node_modules/react-dom/cjs/react-dom.development.js:21657:14
 ÔØ» beginWork$1 node_modules/react-dom/cjs/react-dom.development.js:27465:14
 ÔØ» performUnitOfWork node_modules/react-dom/cjs/react-dom.development.js:26599:12
 ÔØ» workLoopSync node_modules/react-dom/cjs/react-dom.development.js:26505:5

ÔÄ»ÔÄ»ÔÄ»ÔÄ»ÔÄ»ÔÄ»ÔÄ»ÔÄ»ÔÄ»ÔÄ»ÔÄ»ÔÄ»ÔÄ»ÔÄ»ÔÄ»ÔÄ»ÔÄ»ÔÄ»ÔÄ»ÔÄ»ÔÄ»ÔÄ»[22/38]ÔÄ»

[2m Test Files [22m [1m[31m9 failed[39m[22m[2m | [22m[1m[32m50 passed[39m[22m[90m (59)[39m
[2m      Tests [22m [1m[31m37 failed[39m[22m[2m | [22m[1m[32m348 passed[39m[22m[90m (385)[39m
[2m   Start at [22m 01:34:06
[2m   Duration [22m 10.03s[2m (transform 10.95s, setup 15.00s, collect 39.21s, tests 31.48s, environment 90.06s, prepare 20.17s)[22m

